
===========================================================================
 report_power
============================================================================
======================= min_ff_n40C_1v95 Corner ===================================

Group                    Internal    Switching      Leakage        Total
                            Power        Power        Power        Power (Watts)
------------------------------------------------------------------------
Sequential           1.166860e-03 4.479598e-05 8.418579e-09 1.211664e-03  43.4%
Combinational        2.975093e-04 3.469236e-04 3.834299e-08 6.444712e-04  23.1%
Clock                4.641300e-04 4.704761e-04 9.585176e-09 9.346157e-04  33.5%
Macro                0.000000e+00 0.000000e+00 0.000000e+00 0.000000e+00   0.0%
Pad                  0.000000e+00 0.000000e+00 0.000000e+00 0.000000e+00   0.0%
------------------------------------------------------------------------
Total                1.928499e-03 8.621959e-04 5.634703e-08 2.790751e-03 100.0%
                            69.1%        30.9%         0.0%

