Clock: clk
Sources: clk 
Generated: no
Virtual: no
Propagated: no
Period: 1000.000000

===========================================================================
report_clock_properties
============================================================================
Clock                   Period          Waveform
----------------------------------------------------
clk                 1000.000000    0.000000500.000000

===========================================================================
report_clock_latency
============================================================================
Clock clk
rise -> rise
    min     max
0.000000 0.000000 source latency
14.358134         network latency _44197_/CLK
        14.358134 network latency _44197_/CLK
---------------
14.358134 14.358134 latency
        0.000000 skew

fall -> fall
    min     max
0.000000 0.000000 source latency
6.953087         network latency _44197_/CLK
        6.953087 network latency _44197_/CLK
---------------
6.953087 6.953087 latency
        0.000000 skew



===========================================================================
report_clock_min_period
============================================================================
clk period_min = 165.59 fmax = 6.04
