
===========================================================================
 report_power
============================================================================
======================= nom_tt_025C_1v80 Corner ===================================

Group                    Internal    Switching      Leakage        Total
                            Power        Power        Power        Power (Watts)
------------------------------------------------------------------------
Sequential           2.807589e-03 8.401651e-06 2.419515e-08 2.816015e-03   0.0%
Combinational        1.231030e+04 1.084365e+04 8.513231e-08 2.315396e+04 100.0%
Clock                0.000000e+00 0.000000e+00 0.000000e+00 0.000000e+00   0.0%
Macro                0.000000e+00 0.000000e+00 0.000000e+00 0.000000e+00   0.0%
Pad                  0.000000e+00 0.000000e+00 0.000000e+00 0.000000e+00   0.0%
------------------------------------------------------------------------
Total                1.231030e+04 1.084365e+04 1.093258e-07 2.315396e+04 100.0%
                            53.2%        46.8%         0.0%

