Clock: clk
Sources: clk 
Generated: no
Virtual: yes
Propagated: no
Period: 25.000000

===========================================================================
report_clock_properties
============================================================================
Clock                   Period          Waveform
----------------------------------------------------
clk                  25.000000    0.000000 12.500000

===========================================================================
report_clock_latency
============================================================================
Clock clk
rise -> rise
    min     max
0.000000 0.000000 source latency
0.543142         network latency _30435_/CLK
        0.758111 network latency _30405_/CLK
---------------
0.543142 0.758111 latency
        0.214969 skew

fall -> fall
    min     max
0.000000 0.000000 source latency
0.455983         network latency _30435_/CLK
        0.655780 network latency _30405_/CLK
---------------
0.455983 0.655780 latency
        0.199798 skew



===========================================================================
report_clock_min_period
============================================================================
clk period_min = 148.04 fmax = 6.75
