
===========================================================================
Violator List
============================================================================
[setup reg-reg] _30428_/Q -> _30453_/D : -123.043541
[setup reg-reg] _30428_/Q -> _30454_/D : -120.872543
[setup reg-reg] _30428_/Q -> _30455_/D : -118.005028
[setup reg-reg] _30428_/Q -> _30456_/D : -115.070992
[setup reg-reg] _30428_/Q -> _30457_/D : -112.797791
[setup reg-reg] _30428_/Q -> _30458_/D : -109.912621
[setup reg-reg] _30428_/Q -> _30459_/D : -106.618591
[setup reg-reg] _30428_/Q -> _30460_/D : -103.815399
[setup reg-reg] _30428_/Q -> _30461_/D : -101.292450
[setup reg-reg] _30428_/Q -> _30462_/D : -98.447060
[setup reg-reg] _30428_/Q -> _30463_/D : -96.099396
[setup reg-reg] _30428_/Q -> _30464_/D : -93.933357
[setup reg-reg] _30428_/Q -> _30465_/D : -91.631523
[setup reg-reg] _30428_/Q -> _30466_/D : -89.190666
[setup reg-reg] _30428_/Q -> _30467_/D : -86.450058
[setup reg-reg] _30428_/Q -> _30468_/D : -83.923882
[setup reg-reg] _30428_/Q -> _30469_/D : -81.444374
[setup reg-reg] _30428_/Q -> _30470_/D : -79.323349
[setup reg-reg] _30428_/Q -> _30471_/D : -76.535645
[setup reg-reg] _30428_/Q -> _30472_/D : -73.961250
[setup reg-reg] _30428_/Q -> _30473_/D : -71.064957
[setup reg-reg] _30428_/Q -> _30474_/D : -68.686943
[setup reg-reg] _30428_/Q -> _30475_/D : -66.347809
[setup reg-reg] _30428_/Q -> _30476_/D : -63.458176
[setup reg-reg] _30428_/Q -> _30477_/D : -60.982872
[setup reg-reg] _30428_/Q -> _30478_/D : -58.543629
[setup reg-reg] _30428_/Q -> _30479_/D : -56.181953
[setup reg-reg] _30428_/Q -> _30480_/D : -53.777000
[setup reg-reg] _30428_/Q -> _30481_/D : -51.524044
[setup reg-reg] _30428_/Q -> _30482_/D : -48.583519
[setup reg-reg] _30428_/Q -> _30483_/D : -45.840546
[setup reg-reg] _30428_/Q -> _30484_/D : -43.726597
[setup reg-reg] _30428_/Q -> _30485_/D : -41.667343
[setup reg-reg] _30428_/Q -> _30486_/D : -39.194637
[setup reg-reg] _30428_/Q -> _30487_/D : -36.098049
[setup reg-reg] _30428_/Q -> _30488_/D : -33.253300
[setup reg-reg] _30428_/Q -> _30489_/D : -30.553886
[setup reg-reg] _30428_/Q -> _30490_/D : -28.068598
[setup reg-reg] _30428_/Q -> _30491_/D : -25.912325
[setup reg-reg] _30428_/Q -> _30492_/D : -23.666658
[setup reg-reg] _30428_/Q -> _30493_/D : -21.778351
[setup reg-reg] _30428_/Q -> _30494_/D : -19.456797
[setup reg-reg] _30428_/Q -> _30495_/D : -17.243277
[setup reg-reg] _30428_/Q -> _30496_/D : -15.081318
[setup reg-reg] _30428_/Q -> _30497_/D : -12.844780
[setup reg-reg] _30428_/Q -> _30498_/D : -10.525117
[setup reg-reg] _30428_/Q -> _30499_/D : -7.802001
[setup reg-reg] _30428_/Q -> _30500_/D : -5.234405
[setup reg-reg] _30428_/Q -> _30501_/D : -2.246846
[setup reg-reg] _30428_/Q -> _30502_/D : -0.236863
Writing metric timing__hold_vio__count__corner:nom_tt_025C_1v80: 0
Writing metric timing__hold_r2r__ws__corner:nom_tt_025C_1v80: 0.313893
Writing metric timing__hold_r2r_vio__count__corner:nom_tt_025C_1v80: 0
Writing metric timing__setup_vio__count__corner:nom_tt_025C_1v80: 50
Writing metric timing__setup_r2r__ws__corner:nom_tt_025C_1v80: -123.043541
Writing metric timing__setup_r2r_vio__count__corner:nom_tt_025C_1v80: 50
