Clock: clk
Sources: clk 
Generated: no
Virtual: yes
Propagated: no
Period: 25.000000

===========================================================================
report_clock_properties
============================================================================
Clock                   Period          Waveform
----------------------------------------------------
clk                  25.000000    0.000000 12.500000

===========================================================================
report_clock_latency
============================================================================
Clock clk
rise -> rise
    min     max
0.000000 0.000000 source latency
0.532550         network latency _30435_/CLK
        0.738695 network latency _30352_/CLK
---------------
0.532550 0.738695 latency
        0.206145 skew

fall -> fall
    min     max
0.000000 0.000000 source latency
0.448693         network latency _30435_/CLK
        0.641221 network latency _30352_/CLK
---------------
0.448693 0.641221 latency
        0.192529 skew



===========================================================================
report_clock_min_period
============================================================================
clk period_min = 157.93 fmax = 6.33
