
===========================================================================
Violator List
============================================================================
[setup reg-reg] _30430_/Q -> _30453_/D : -132.933746
[setup reg-reg] _30430_/Q -> _30454_/D : -130.523819
[setup reg-reg] _30430_/Q -> _30455_/D : -127.260963
[setup reg-reg] _30430_/Q -> _30456_/D : -124.044678
[setup reg-reg] _30430_/Q -> _30457_/D : -121.653870
[setup reg-reg] _30430_/Q -> _30458_/D : -118.253799
[setup reg-reg] _30430_/Q -> _30459_/D : -115.228394
[setup reg-reg] _30430_/Q -> _30460_/D : -112.194221
[setup reg-reg] _30430_/Q -> _30461_/D : -109.375549
[setup reg-reg] _30430_/Q -> _30462_/D : -106.325371
[setup reg-reg] _30430_/Q -> _30463_/D : -103.594261
[setup reg-reg] _30430_/Q -> _30464_/D : -101.439079
[setup reg-reg] _30430_/Q -> _30465_/D : -98.930550
[setup reg-reg] _30430_/Q -> _30466_/D : -96.518959
[setup reg-reg] _30430_/Q -> _30467_/D : -93.414093
[setup reg-reg] _30430_/Q -> _30468_/D : -90.775330
[setup reg-reg] _30430_/Q -> _30469_/D : -88.379852
[setup reg-reg] _30430_/Q -> _30470_/D : -86.126450
[setup reg-reg] _30430_/Q -> _30471_/D : -83.178391
[setup reg-reg] _30430_/Q -> _30472_/D : -80.317909
[setup reg-reg] _30430_/Q -> _30473_/D : -77.404152
[setup reg-reg] _30430_/Q -> _30474_/D : -74.763748
[setup reg-reg] _30430_/Q -> _30475_/D : -72.451500
[setup reg-reg] _30430_/Q -> _30476_/D : -69.364258
[setup reg-reg] _30430_/Q -> _30477_/D : -66.725151
[setup reg-reg] _30430_/Q -> _30478_/D : -64.081055
[setup reg-reg] _30430_/Q -> _30479_/D : -61.531715
[setup reg-reg] _30430_/Q -> _30480_/D : -58.895103
[setup reg-reg] _30430_/Q -> _30481_/D : -56.149101
[setup reg-reg] _30430_/Q -> _30482_/D : -53.513771
[setup reg-reg] _30430_/Q -> _30483_/D : -50.584126
[setup reg-reg] _30430_/Q -> _30484_/D : -48.407906
[setup reg-reg] _30430_/Q -> _30485_/D : -46.241676
[setup reg-reg] _30430_/Q -> _30486_/D : -43.396568
[setup reg-reg] _30430_/Q -> _30487_/D : -40.342941
[setup reg-reg] _30430_/Q -> _30488_/D : -37.245049
[setup reg-reg] _30430_/Q -> _30489_/D : -34.504555
[setup reg-reg] _30430_/Q -> _30490_/D : -31.936811
[setup reg-reg] _30430_/Q -> _30491_/D : -29.489464
[setup reg-reg] _30430_/Q -> _30492_/D : -26.531748
[setup reg-reg] _30430_/Q -> _30493_/D : -24.503538
[setup reg-reg] _30430_/Q -> _30494_/D : -22.070118
[setup reg-reg] _30430_/Q -> _30495_/D : -19.875572
[setup reg-reg] _30430_/Q -> _30496_/D : -17.449154
[setup reg-reg] _30430_/Q -> _30497_/D : -14.978307
[setup reg-reg] _30430_/Q -> _30498_/D : -12.606304
[setup reg-reg] _30430_/Q -> _30499_/D : -9.623826
[setup reg-reg] _30430_/Q -> _30500_/D : -7.061544
[setup reg-reg] _30430_/Q -> _30501_/D : -3.835094
[setup reg-reg] _30430_/Q -> _30502_/D : -1.881244
Writing metric timing__hold_vio__count__corner:nom_tt_025C_1v80: 0
Writing metric timing__hold_r2r__ws__corner:nom_tt_025C_1v80: 0.080983
Writing metric timing__hold_r2r_vio__count__corner:nom_tt_025C_1v80: 0
Writing metric timing__setup_vio__count__corner:nom_tt_025C_1v80: 50
Writing metric timing__setup_r2r__ws__corner:nom_tt_025C_1v80: -132.933746
Writing metric timing__setup_r2r_vio__count__corner:nom_tt_025C_1v80: 50
