Reading OpenROAD database at '/home/niko_tambornini/EE531/my_designs/FPU_32_Bit/runs/RUN_2026-03-13_16-57-15/24-openroad-ioplacement/FPU_32_controller.odb'…
Reading library file at '/home/niko_tambornini/.ciel/ciel/sky130/versions/0fe599b2afb6708d281543108caf8310912f54af/sky130A/libs.ref/sky130_fd_sc_hd/lib/sky130_fd_sc_hd__tt_025C_1v80.lib'…
Reading design constraints file at '/nix/store/svkrfkkpaij5qb9xjbcwfymcd4s8hczv-python3-3.11.9-env/lib/python3.11/site-packages/librelane/scripts/base.sdc'…
[INFO] Using clock clk…
[INFO] Setting output delay to: 200
[INFO] Setting input delay to: 200
[INFO] Setting load to: 0.033442
[INFO] Setting clock uncertainty to: 0.25
[INFO] Setting clock transition to: 0.1499999999999999944488848768742172978818416595458984375
[INFO] Setting timing derate to: 5%
[INFO] Setting RC values…
[INFO] Setting signal min routing layer to: met1 and clock min routing layer to met1. 
[INFO] Setting signal max routing layer to: met5 and clock max routing layer to met5. 
+ global_placement -density 0.619888 -timing_driven -routability_driven -pad_right 0 -pad_left 0 -init_wirelength_coef 0.25
[INFO GPL-0002] DBU: 1000
[INFO GPL-0003] SiteSize: (  0.460  2.720 ) um
[INFO GPL-0004] CoreBBox: (  5.520 10.880 ) ( 725.880 728.960 ) um
[INFO GPL-0006] NumInstances:             32750
[INFO GPL-0007] NumPlaceInstances:        24907
[INFO GPL-0008] NumFixedInstances:         7843
[INFO GPL-0009] NumDummyInstances:            0
[INFO GPL-0010] NumNets:                  25009
[INFO GPL-0011] NumPins:                  90904
[INFO GPL-0012] DieBBox:  (  0.000  0.000 ) ( 731.835 742.555 ) um
[INFO GPL-0013] CoreBBox: (  5.520 10.880 ) ( 725.880 728.960 ) um
[INFO GPL-0016] CoreArea:            517276.109 um^2
[INFO GPL-0017] NonPlaceInstsArea:    11134.429 um^2
[INFO GPL-0018] PlaceInstsArea:      259772.893 um^2
[INFO GPL-0019] Util:                    51.324 %
[INFO GPL-0020] StdInstsArea:        259772.893 um^2
[INFO GPL-0021] MacroInstsArea:           0.000 um^2
[InitialPlace]  Iter: 1 CG residual: 0.00942982 HPWL: 678506123
[InitialPlace]  Iter: 2 CG residual: 0.00316024 HPWL: 280657571
[InitialPlace]  Iter: 3 CG residual: 0.00552560 HPWL: 279515737
[InitialPlace]  Iter: 4 CG residual: 0.00392003 HPWL: 279648587
[InitialPlace]  Iter: 5 CG residual: 0.00240888 HPWL: 277955434
[InitialPlace]  Iter: 6 CG residual: 0.00214741 HPWL: 277672711
[InitialPlace]  Iter: 7 CG residual: 0.00651332 HPWL: 276461958
[InitialPlace]  Iter: 8 CG residual: 0.00264873 HPWL: 279147231
[InitialPlace]  Iter: 9 CG residual: 0.00217392 HPWL: 277030985
[InitialPlace]  Iter: 10 CG residual: 0.00207476 HPWL: 276795982
[InitialPlace]  Iter: 11 CG residual: 0.00261657 HPWL: 275719598
[InitialPlace]  Iter: 12 CG residual: 0.00335701 HPWL: 275645918
[InitialPlace]  Iter: 13 CG residual: 0.00538218 HPWL: 274686523
[InitialPlace]  Iter: 14 CG residual: 0.00894384 HPWL: 274672386
[InitialPlace]  Iter: 15 CG residual: 0.00880017 HPWL: 273906032
[InitialPlace]  Iter: 16 CG residual: 0.00870271 HPWL: 273810318
[InitialPlace]  Iter: 17 CG residual: 0.00990446 HPWL: 272952849
[InitialPlace]  Iter: 18 CG residual: 0.00936062 HPWL: 272918195
[InitialPlace]  Iter: 19 CG residual: 0.00863354 HPWL: 272043626
[InitialPlace]  Iter: 20 CG residual: 0.00936650 HPWL: 272253088
[INFO GPL-0031] FillerInit:NumGCells:     30289
[INFO GPL-0032] FillerInit:NumGNets:      25009
[INFO GPL-0033] FillerInit:NumGPins:      90904
[INFO GPL-0023] TargetDensity:            0.620
[INFO GPL-0024] AvrgPlaceInstArea:       10.430 um^2
[INFO GPL-0025] IdealBinArea:            16.825 um^2
[INFO GPL-0026] IdealBinCnt:              30744
[INFO GPL-0027] TotalBinArea:        517276.109 um^2
[INFO GPL-0028] BinCnt:       128    128
[INFO GPL-0029] BinSize: (  5.628  5.610 )
[INFO GPL-0030] NumBins: 16384
[NesterovSolve] Iter:    1 overflow: 0.993 HPWL: 99460814
[NesterovSolve] Iter:   10 overflow: 0.973 HPWL: 137480793
[NesterovSolve] Iter:   20 overflow: 0.965 HPWL: 146273305
[NesterovSolve] Iter:   30 overflow: 0.960 HPWL: 149017535
[NesterovSolve] Iter:   40 overflow: 0.957 HPWL: 150676157
[NesterovSolve] Iter:   50 overflow: 0.954 HPWL: 152124599
[NesterovSolve] Iter:   60 overflow: 0.953 HPWL: 153003502
[NesterovSolve] Iter:   70 overflow: 0.952 HPWL: 153410704
[NesterovSolve] Iter:   80 overflow: 0.952 HPWL: 153779820
[NesterovSolve] Iter:   90 overflow: 0.950 HPWL: 154540190
[NesterovSolve] Iter:  100 overflow: 0.950 HPWL: 155198895
[NesterovSolve] Iter:  110 overflow: 0.949 HPWL: 155730343
[NesterovSolve] Iter:  120 overflow: 0.949 HPWL: 156014884
[NesterovSolve] Iter:  130 overflow: 0.948 HPWL: 156029209
[NesterovSolve] Iter:  140 overflow: 0.948 HPWL: 155987319
[NesterovSolve] Iter:  150 overflow: 0.948 HPWL: 156444823
[NesterovSolve] Iter:  160 overflow: 0.948 HPWL: 158158977
[NesterovSolve] Iter:  170 overflow: 0.948 HPWL: 161727577
[NesterovSolve] Iter:  180 overflow: 0.945 HPWL: 167233559
[NesterovSolve] Iter:  190 overflow: 0.939 HPWL: 174853451
[NesterovSolve] Iter:  200 overflow: 0.929 HPWL: 185454846
[NesterovSolve] Iter:  210 overflow: 0.916 HPWL: 200940390
[NesterovSolve] Iter:  220 overflow: 0.896 HPWL: 223088987
[NesterovSolve] Iter:  230 overflow: 0.869 HPWL: 263753120
[NesterovSolve] Iter:  240 overflow: 0.840 HPWL: 299057029
[NesterovSolve] Iter:  250 overflow: 0.810 HPWL: 328661384
[INFO GPL-0100] Timing-driven: executing resizer for reweighting nets.
[INFO GPL-0101] Timing-driven: worst slack 7.8e-07
[INFO GPL-0103] Timing-driven: weighted 2500 nets.
[NesterovSolve] Iter:  260 overflow: 0.776 HPWL: 354459161
[NesterovSolve] Iter:  270 overflow: 0.739 HPWL: 378361944
[NesterovSolve] Iter:  280 overflow: 0.704 HPWL: 400563214
[NesterovSolve] Iter:  290 overflow: 0.662 HPWL: 433401695
[INFO GPL-0100] Timing-driven: executing resizer for reweighting nets.
[INFO GPL-0101] Timing-driven: worst slack 7.79e-07
[INFO GPL-0103] Timing-driven: weighted 2499 nets.
[NesterovSolve] Iter:  300 overflow: 0.624 HPWL: 444341779
[NesterovSolve] Snapshot saved at iter = 306
[NesterovSolve] Iter:  310 overflow: 0.586 HPWL: 457537362
[NesterovSolve] Iter:  320 overflow: 0.547 HPWL: 457697004
[NesterovSolve] Iter:  330 overflow: 0.501 HPWL: 486950714
[INFO GPL-0100] Timing-driven: executing resizer for reweighting nets.
[INFO GPL-0101] Timing-driven: worst slack 7.78e-07
[INFO GPL-0103] Timing-driven: weighted 2500 nets.
[NesterovSolve] Iter:  340 overflow: 0.466 HPWL: 480807877
[NesterovSolve] Iter:  350 overflow: 0.420 HPWL: 494965395
[NesterovSolve] Iter:  360 overflow: 0.384 HPWL: 487825847
[NesterovSolve] Iter:  370 overflow: 0.352 HPWL: 490535487
[NesterovSolve] Iter:  380 overflow: 0.324 HPWL: 488384665
[NesterovSolve] Iter:  390 overflow: 0.299 HPWL: 486656191
[INFO GPL-0075] Routability numCall: 1 inflationIterCnt: 1 bloatIterCnt: 0
[INFO GPL-0036] TileBBox: (    0    0 ) ( 6900 6900 ) DBU
[INFO GPL-0038] TileCnt:     106  107
[INFO GPL-0040] NumTiles: 11342
[INFO GPL-0081] TotalRouteOverflow: 1.7949684858322144
[INFO GPL-0082] OverflowTileCnt: 21
[INFO GPL-0083] 0.5%RC: 1.001614370889831
[INFO GPL-0084] 1.0%RC: 0.9486876605895528
[INFO GPL-0085] 2.0%RC: 0.9008508308868576
[INFO GPL-0086] 5.0%RC: 0.8392275492070427
[INFO GPL-0087] FinalRC: 0.975151
[INFO GPL-0077] FinalRC lower than targetRC(1.01), routability not needed.
[INFO GPL-0100] Timing-driven: executing resizer for reweighting nets.
[INFO GPL-0101] Timing-driven: worst slack 7.77e-07
[INFO GPL-0103] Timing-driven: weighted 2500 nets.
[NesterovSolve] Iter:  400 overflow: 0.270 HPWL: 485594498
[NesterovSolve] Iter:  410 overflow: 0.246 HPWL: 484830184
[NesterovSolve] Iter:  420 overflow: 0.220 HPWL: 484895246
[INFO GPL-0100] Timing-driven: executing resizer for reweighting nets.
[INFO GPL-0101] Timing-driven: worst slack 7.77e-07
[INFO GPL-0103] Timing-driven: weighted 2500 nets.
[NesterovSolve] Iter:  430 overflow: 0.195 HPWL: 485497329
[NesterovSolve] Iter:  440 overflow: 0.170 HPWL: 486722273
[NesterovSolve] Iter:  450 overflow: 0.146 HPWL: 487980593
[INFO GPL-0100] Timing-driven: executing resizer for reweighting nets.
[INFO GPL-0101] Timing-driven: worst slack 7.76e-07
[INFO GPL-0103] Timing-driven: weighted 2500 nets.
[NesterovSolve] Iter:  460 overflow: 0.125 HPWL: 489554767
[NesterovSolve] Iter:  470 overflow: 0.106 HPWL: 491385884
[NesterovSolve] Finished with Overflow: 0.099451
[INFO] Setting RC values…
Setting global connections for newly added cells…
[INFO] Setting global connections...
Updating metrics…
Cell type report:                       Count       Area
  Fill cell                               528    1981.90
  Tap cell                               7315    9152.53
  Buffer                                   46     172.67
  Inverter                               1536    5765.53
  Sequential cell                        2511   57108.52
  Multi-Input combinational cell        20814  196726.18
  Total                                 32750  270907.32
Writing OpenROAD database to '/home/niko_tambornini/EE531/my_designs/FPU_32_Bit/runs/RUN_2026-03-13_16-57-15/27-openroad-globalplacement/FPU_32_controller.odb'…
Writing netlist to '/home/niko_tambornini/EE531/my_designs/FPU_32_Bit/runs/RUN_2026-03-13_16-57-15/27-openroad-globalplacement/FPU_32_controller.nl.v'…
Writing powered netlist to '/home/niko_tambornini/EE531/my_designs/FPU_32_Bit/runs/RUN_2026-03-13_16-57-15/27-openroad-globalplacement/FPU_32_controller.pnl.v'…
Writing layout to '/home/niko_tambornini/EE531/my_designs/FPU_32_Bit/runs/RUN_2026-03-13_16-57-15/27-openroad-globalplacement/FPU_32_controller.def'…
Writing timing constraints to '/home/niko_tambornini/EE531/my_designs/FPU_32_Bit/runs/RUN_2026-03-13_16-57-15/27-openroad-globalplacement/FPU_32_controller.sdc'…
