143. Printing statistics.

=== FP32_Div ===

   Number of wires:              15388
   Number of wire bits:          15475
   Number of public wires:         249
   Number of public wire bits:     336
   Number of ports:                 10
   Number of port bits:             97
   Number of memories:               0
   Number of memory bits:            0
   Number of processes:              0
   Number of cells:              15410
     sky130_fd_sc_hd__a2111o_2      68
     sky130_fd_sc_hd__a2111oi_2     14
     sky130_fd_sc_hd__a211o_2      220
     sky130_fd_sc_hd__a211oi_2      59
     sky130_fd_sc_hd__a21bo_2       98
     sky130_fd_sc_hd__a21boi_2      77
     sky130_fd_sc_hd__a21o_2       655
     sky130_fd_sc_hd__a21oi_2      871
     sky130_fd_sc_hd__a221o_2       49
     sky130_fd_sc_hd__a221oi_2      17
     sky130_fd_sc_hd__a22o_2       102
     sky130_fd_sc_hd__a22oi_2       34
     sky130_fd_sc_hd__a2bb2o_2      49
     sky130_fd_sc_hd__a311o_2       53
     sky130_fd_sc_hd__a311oi_2      27
     sky130_fd_sc_hd__a31o_2       232
     sky130_fd_sc_hd__a31oi_2       65
     sky130_fd_sc_hd__a32o_2        17
     sky130_fd_sc_hd__a32oi_2       12
     sky130_fd_sc_hd__a41o_2        26
     sky130_fd_sc_hd__a41oi_2        1
     sky130_fd_sc_hd__and2_2       860
     sky130_fd_sc_hd__and2b_2      206
     sky130_fd_sc_hd__and3_2       673
     sky130_fd_sc_hd__and3b_2       52
     sky130_fd_sc_hd__and4_2       240
     sky130_fd_sc_hd__and4b_2       76
     sky130_fd_sc_hd__and4bb_2      61
     sky130_fd_sc_hd__buf_1         46
     sky130_fd_sc_hd__dfxtp_2      271
     sky130_fd_sc_hd__inv_2        689
     sky130_fd_sc_hd__mux2_1      1058
     sky130_fd_sc_hd__nand2_2     1246
     sky130_fd_sc_hd__nand2b_2     161
     sky130_fd_sc_hd__nand3_2      137
     sky130_fd_sc_hd__nand3b_2      25
     sky130_fd_sc_hd__nand4_2       70
     sky130_fd_sc_hd__nand4b_2       8
     sky130_fd_sc_hd__nor2_2      1531
     sky130_fd_sc_hd__nor3_2        68
     sky130_fd_sc_hd__nor3b_2       17
     sky130_fd_sc_hd__nor4_2        37
     sky130_fd_sc_hd__nor4b_2       17
     sky130_fd_sc_hd__o2111a_2      28
     sky130_fd_sc_hd__o2111ai_2     10
     sky130_fd_sc_hd__o211a_2       97
     sky130_fd_sc_hd__o211ai_2      54
     sky130_fd_sc_hd__o21a_2       263
     sky130_fd_sc_hd__o21ai_2      261
     sky130_fd_sc_hd__o21ba_2      143
     sky130_fd_sc_hd__o21bai_2      67
     sky130_fd_sc_hd__o221a_2       54
     sky130_fd_sc_hd__o221ai_2      10
     sky130_fd_sc_hd__o22a_2        97
     sky130_fd_sc_hd__o22ai_2       13
     sky130_fd_sc_hd__o2bb2a_2      70
     sky130_fd_sc_hd__o2bb2ai_2      2
     sky130_fd_sc_hd__o311a_2       56
     sky130_fd_sc_hd__o311ai_2      21
     sky130_fd_sc_hd__o31a_2       183
     sky130_fd_sc_hd__o31ai_2       36
     sky130_fd_sc_hd__o32a_2        32
     sky130_fd_sc_hd__o32ai_2        1
     sky130_fd_sc_hd__o41a_2        21
     sky130_fd_sc_hd__o41ai_2        1
     sky130_fd_sc_hd__or2_2        930
     sky130_fd_sc_hd__or3_2        314
     sky130_fd_sc_hd__or3b_2       101
     sky130_fd_sc_hd__or4_2        288
     sky130_fd_sc_hd__or4b_2       116
     sky130_fd_sc_hd__or4bb_2       30
     sky130_fd_sc_hd__xnor2_2     1474
     sky130_fd_sc_hd__xor2_2       342

   Chip area for module '\FP32_Div': 146097.619200
     of which used for sequential elements: 5764.278400 (3.95%)

