                                                                       Cells by Function                                                                        
┏━━━━━━━━━━━━━━━━━━━━━━━━━━━━━━━━━━━━━━━━━━━━━━━━━━━━━━━━━━━━━━━━━━━━━━━━━━━━━━━━━━━━━━━━━━━━━━━━━━━━━━━━━━━━━━━━━━━━━━━━━━━━━━━━━┳━━━━━━━━━━━━━━━━━━━━━━━━━━━━┓
┃ Cell Function                                                                                                                   ┃ Count                      ┃
┡━━━━━━━━━━━━━━━━━━━━━━━━━━━━━━━━━━━━━━━━━━━━━━━━━━━━━━━━━━━━━━━━━━━━━━━━━━━━━━━━━━━━━━━━━━━━━━━━━━━━━━━━━━━━━━━━━━━━━━━━━━━━━━━━━╇━━━━━━━━━━━━━━━━━━━━━━━━━━━━┩
│ sky130_ef_sc_hd__decap                                                                                                          │ 835                        │
│ sky130_fd_sc_hd__a2111o                                                                                                         │ 3                          │
│ sky130_fd_sc_hd__a211o                                                                                                          │ 16                         │
│ sky130_fd_sc_hd__a211oi                                                                                                         │ 3                          │
│ sky130_fd_sc_hd__a21bo                                                                                                          │ 8                          │
│ sky130_fd_sc_hd__a21boi                                                                                                         │ 7                          │
│ sky130_fd_sc_hd__a21o                                                                                                           │ 51                         │
│ sky130_fd_sc_hd__a21oi                                                                                                          │ 68                         │
│ sky130_fd_sc_hd__a221o                                                                                                          │ 15                         │
│ sky130_fd_sc_hd__a22o                                                                                                           │ 72                         │
│ sky130_fd_sc_hd__a22oi                                                                                                          │ 6                          │
│ sky130_fd_sc_hd__a2bb2o                                                                                                         │ 45                         │
│ sky130_fd_sc_hd__a311o                                                                                                          │ 4                          │
│ sky130_fd_sc_hd__a31o                                                                                                           │ 71                         │
│ sky130_fd_sc_hd__a31oi                                                                                                          │ 3                          │
│ sky130_fd_sc_hd__a32o                                                                                                           │ 5                          │
│ sky130_fd_sc_hd__and2                                                                                                           │ 67                         │
│ sky130_fd_sc_hd__and2b                                                                                                          │ 63                         │
│ sky130_fd_sc_hd__and3                                                                                                           │ 42                         │
│ sky130_fd_sc_hd__and3b                                                                                                          │ 10                         │
│ sky130_fd_sc_hd__and4                                                                                                           │ 9                          │
│ sky130_fd_sc_hd__and4b                                                                                                          │ 5                          │
│ sky130_fd_sc_hd__and4bb                                                                                                         │ 5                          │
│ sky130_fd_sc_hd__buf                                                                                                            │ 172                        │
│ sky130_fd_sc_hd__bufinv                                                                                                         │ 1                          │
│ sky130_fd_sc_hd__clkbuf                                                                                                         │ 126                        │
│ sky130_fd_sc_hd__clkinv                                                                                                         │ 8                          │
│ sky130_fd_sc_hd__clkinvlp                                                                                                       │ 3                          │
│ sky130_fd_sc_hd__decap                                                                                                          │ 1263                       │
│ sky130_fd_sc_hd__dfxtp                                                                                                          │ 312                        │
│ sky130_fd_sc_hd__dlygate4sd3                                                                                                    │ 116                        │
│ sky130_fd_sc_hd__dlymetal6s2s                                                                                                   │ 11                         │
│ sky130_fd_sc_hd__fill                                                                                                           │ 1053                       │
│ sky130_fd_sc_hd__inv                                                                                                            │ 149                        │
│ sky130_fd_sc_hd__mux2                                                                                                           │ 368                        │
│ sky130_fd_sc_hd__mux4                                                                                                           │ 4                          │
│ sky130_fd_sc_hd__nand2                                                                                                          │ 111                        │
│ sky130_fd_sc_hd__nand2b                                                                                                         │ 31                         │
│ sky130_fd_sc_hd__nand3                                                                                                          │ 5                          │
│ sky130_fd_sc_hd__nand3b                                                                                                         │ 3                          │
│ sky130_fd_sc_hd__nand4                                                                                                          │ 2                          │
│ sky130_fd_sc_hd__nor2                                                                                                           │ 126                        │
│ sky130_fd_sc_hd__nor3                                                                                                           │ 20                         │
│ sky130_fd_sc_hd__nor3b                                                                                                          │ 2                          │
│ sky130_fd_sc_hd__nor4                                                                                                           │ 8                          │
│ sky130_fd_sc_hd__o2111a                                                                                                         │ 3                          │
│ sky130_fd_sc_hd__o2111ai                                                                                                        │ 1                          │
│ sky130_fd_sc_hd__o211a                                                                                                          │ 13                         │
│ sky130_fd_sc_hd__o211ai                                                                                                         │ 1                          │
│ sky130_fd_sc_hd__o21a                                                                                                           │ 41                         │
│ sky130_fd_sc_hd__o21ai                                                                                                          │ 41                         │
│ sky130_fd_sc_hd__o21ba                                                                                                          │ 3                          │
│ sky130_fd_sc_hd__o21bai                                                                                                         │ 1                          │
│ sky130_fd_sc_hd__o221a                                                                                                          │ 16                         │
│ sky130_fd_sc_hd__o22a                                                                                                           │ 36                         │
│ sky130_fd_sc_hd__o2bb2a                                                                                                         │ 12                         │
│ sky130_fd_sc_hd__o311a                                                                                                          │ 6                          │
│ sky130_fd_sc_hd__o31a                                                                                                           │ 12                         │
│ sky130_fd_sc_hd__o31ai                                                                                                          │ 6                          │
│ sky130_fd_sc_hd__o32a                                                                                                           │ 4                          │
│ sky130_fd_sc_hd__o41a                                                                                                           │ 5                          │
│ sky130_fd_sc_hd__or2                                                                                                            │ 94                         │
│ sky130_fd_sc_hd__or3                                                                                                            │ 48                         │
│ sky130_fd_sc_hd__or3b                                                                                                           │ 14                         │
│ sky130_fd_sc_hd__or4                                                                                                            │ 87                         │
│ sky130_fd_sc_hd__or4b                                                                                                           │ 22                         │
│ sky130_fd_sc_hd__or4bb                                                                                                          │ 4                          │
│ sky130_fd_sc_hd__tapvpwrvgnd                                                                                                    │ 656                        │
│ sky130_fd_sc_hd__xnor2                                                                                                          │ 44                         │
│ sky130_fd_sc_hd__xor2                                                                                                           │ 19                         │
└─────────────────────────────────────────────────────────────────────────────────────────────────────────────────────────────────┴────────────────────────────┘
