Clock: clk
Sources: clk 
Generated: no
Virtual: yes
Propagated: no
Period: 25.000000

===========================================================================
report_clock_properties
============================================================================
Clock                   Period          Waveform
----------------------------------------------------
clk                  25.000000    0.000000 12.500000

===========================================================================
report_clock_latency
============================================================================
Clock clk
rise -> rise
    min     max
0.000000 0.000000 source latency
0.713577         network latency _30435_/CLK
        0.973260 network latency _30402_/CLK
---------------
0.713577 0.973260 latency
        0.259683 skew

fall -> fall
    min     max
0.000000 0.000000 source latency
0.570092         network latency _30435_/CLK
        0.805787 network latency _30402_/CLK
---------------
0.570092 0.805787 latency
        0.235695 skew



===========================================================================
report_clock_min_period
============================================================================
clk period_min = 155.12 fmax = 6.45
