Clock: clk
Sources: clk 
Generated: no
Virtual: no
Propagated: no
Period: 1000.000000

===========================================================================
report_clock_properties
============================================================================
Clock                   Period          Waveform
----------------------------------------------------
clk                 1000.000000    0.000000500.000000

===========================================================================
report_clock_latency
============================================================================
Clock clk
rise -> rise
    min     max
0.000000 0.000000 source latency
11.477467         network latency _44197_/CLK
        11.477467 network latency _44197_/CLK
---------------
11.477467 11.477467 latency
        0.000000 skew

fall -> fall
    min     max
0.000000 0.000000 source latency
4.893195         network latency _44197_/CLK
        4.893195 network latency _44197_/CLK
---------------
4.893195 4.893195 latency
        0.000000 skew



===========================================================================
report_clock_min_period
============================================================================
clk period_min = 100.18 fmax = 9.98
