
===========================================================================
 report_power
============================================================================
======================= nom_ff_n40C_1v95 Corner ===================================

Group                    Internal    Switching      Leakage        Total
                            Power        Power        Power        Power (Watts)
------------------------------------------------------------------------
Sequential           3.211325e-03 1.007021e-05 5.145638e-08 3.221447e-03   0.0%
Combinational        1.383806e+04 1.289420e+04 2.189289e-07 2.673226e+04 100.0%
Clock                0.000000e+00 0.000000e+00 0.000000e+00 0.000000e+00   0.0%
Macro                0.000000e+00 0.000000e+00 0.000000e+00 0.000000e+00   0.0%
Pad                  0.000000e+00 0.000000e+00 0.000000e+00 0.000000e+00   0.0%
------------------------------------------------------------------------
Total                1.383806e+04 1.289420e+04 2.703850e-07 2.673226e+04 100.0%
                            51.8%        48.2%         0.0%

