
===========================================================================
report_checks -unconstrained
===========================================================================
======================= nom_tt_025C_1v80 Corner ===================================

Startpoint: control[0] (input port clocked by clk)
Endpoint: _4677_ (rising edge-triggered flip-flop clocked by clk)
Path Group: clk
Path Type: max

Fanout         Cap        Slew       Delay        Time   Description
---------------------------------------------------------------------------------------------
                                  0.000000    0.000000   clock clk (rise edge)
                                  0.000000    0.000000   clock network delay (propagated)
                                  5.000000    5.000000 v input external delay
     1    0.003649    0.010603    0.005882    5.005882 v control[0] (in)
                                                         control[0] (net)
                      0.010608    0.000000    5.005882 v input1/A (sky130_fd_sc_hd__buf_1)
     5    0.016672    0.101547    0.133512    5.139394 v input1/X (sky130_fd_sc_hd__buf_1)
                                                         net1 (net)
                      0.101548    0.000497    5.139891 v fanout766/A (sky130_fd_sc_hd__buf_2)
    10    0.035206    0.091580    0.206399    5.346291 v fanout766/X (sky130_fd_sc_hd__buf_2)
                                                         net766 (net)
                      0.091684    0.002768    5.349059 v _2219_/B (sky130_fd_sc_hd__or4b_2)
     4    0.017993    0.153682    0.730327    6.079386 v _2219_/X (sky130_fd_sc_hd__or4b_2)
                                                         _0626_ (net)
                      0.153776    0.000882    6.080267 v fanout525/A (sky130_fd_sc_hd__buf_2)
    10    0.031950    0.085195    0.223946    6.304214 v fanout525/X (sky130_fd_sc_hd__buf_2)
                                                         net525 (net)
                      0.085204    0.000897    6.305110 v _2961_/S (sky130_fd_sc_hd__mux2_1)
     6    0.015831    0.114190    0.393195    6.698305 v _2961_/X (sky130_fd_sc_hd__mux2_1)
                                                         _1143_ (net)
                      0.114190    0.000380    6.698685 v _2962_/B (sky130_fd_sc_hd__and2_1)
     2    0.006453    0.050050    0.199133    6.897818 v _2962_/X (sky130_fd_sc_hd__and2_1)
                                                         _1144_ (net)
                      0.050050    0.000105    6.897923 v fanout267/A (sky130_fd_sc_hd__clkbuf_2)
    10    0.027499    0.108542    0.171684    7.069607 v fanout267/X (sky130_fd_sc_hd__clkbuf_2)
                                                         net267 (net)
                      0.108549    0.000934    7.070541 v _3281_/C (sky130_fd_sc_hd__and3b_1)
     2    0.006570    0.053097    0.220132    7.290673 v _3281_/X (sky130_fd_sc_hd__and3b_1)
                                                         _1367_ (net)
                      0.053097    0.000118    7.290791 v _3285_/B (sky130_fd_sc_hd__or3b_1)
     1    0.008164    0.096631    0.387318    7.678109 v _3285_/X (sky130_fd_sc_hd__or3b_1)
                                                         _1371_ (net)
                      0.096632    0.000500    7.678609 v fanout156/A (sky130_fd_sc_hd__clkbuf_4)
     8    0.062398    0.127824    0.244789    7.923398 v fanout156/X (sky130_fd_sc_hd__clkbuf_4)
                                                         net156 (net)
                      0.127919    0.001580    7.924978 v fanout154/A (sky130_fd_sc_hd__buf_4)
    10    0.064811    0.091271    0.231190    8.156168 v fanout154/X (sky130_fd_sc_hd__buf_4)
                                                         net154 (net)
                      0.092474    0.008286    8.164454 v _3319_/A2 (sky130_fd_sc_hd__o22a_1)
     1    0.003385    0.045686    0.211843    8.376297 v _3319_/X (sky130_fd_sc_hd__o22a_1)
                                                         _0208_ (net)
                      0.045686    0.000091    8.376389 v _4677_/D (sky130_fd_sc_hd__dfxtp_1)
                                              8.376389   data arrival time

                                 25.000000   25.000000   clock clk (rise edge)
                                  0.000000   25.000000   clock source latency
     1    0.029396    0.137685    0.095696   25.095695 ^ clk (in)
                                                         clk (net)
                      0.137712    0.000000   25.095695 ^ clkbuf_0_clk/A (sky130_fd_sc_hd__clkbuf_16)
     8    0.108351    0.123236    0.219588   25.315283 ^ clkbuf_0_clk/X (sky130_fd_sc_hd__clkbuf_16)
                                                         clknet_0_clk (net)
                      0.124885    0.011278   25.326561 ^ clkbuf_3_2__f_clk/A (sky130_fd_sc_hd__clkbuf_16)
     8    0.059278    0.077381    0.184771   25.511332 ^ clkbuf_3_2__f_clk/X (sky130_fd_sc_hd__clkbuf_16)
                                                         clknet_3_2__leaf_clk (net)
                      0.077417    0.001556   25.512888 ^ clkbuf_leaf_46_clk/A (sky130_fd_sc_hd__clkbuf_8)
     8    0.025543    0.059420    0.151013   25.663902 ^ clkbuf_leaf_46_clk/X (sky130_fd_sc_hd__clkbuf_8)
                                                         clknet_leaf_46_clk (net)
                      0.059422    0.000448   25.664351 ^ _4677_/CLK (sky130_fd_sc_hd__dfxtp_1)
                                 -0.250000   25.414351   clock uncertainty
                                  0.000000   25.414351   clock reconvergence pessimism
                                 -0.107462   25.306889   library setup time
                                             25.306889   data required time
---------------------------------------------------------------------------------------------
                                             25.306889   data required time
                                             -8.376389   data arrival time
---------------------------------------------------------------------------------------------
                                             16.930500   slack (MET)




===========================================================================
report_checks --slack_max -0.01
============================================================================
======================= nom_tt_025C_1v80 Corner ===================================

No paths found.


===========================================================================
 report_check_types -max_slew -max_cap -max_fanout -violators
============================================================================
======================= nom_tt_025C_1v80 Corner ===================================

max fanout

Pin                                   Limit Fanout  Slack
---------------------------------------------------------
fanout401/X                              10     17     -7 (VIOLATED)
fanout508/X                              10     17     -7 (VIOLATED)
clkbuf_leaf_0_clk/X                      10     16     -6 (VIOLATED)
clkbuf_leaf_2_clk/X                      10     16     -6 (VIOLATED)
clkbuf_leaf_57_clk/X                     10     15     -5 (VIOLATED)
clkbuf_leaf_40_clk/X                     10     14     -4 (VIOLATED)
clkbuf_leaf_60_clk/X                     10     14     -4 (VIOLATED)
clkbuf_leaf_62_clk/X                     10     14     -4 (VIOLATED)
fanout299/X                              10     14     -4 (VIOLATED)
fanout350/X                              10     14     -4 (VIOLATED)
fanout542/X                              10     14     -4 (VIOLATED)
clkbuf_leaf_41_clk/X                     10     13     -3 (VIOLATED)
clkbuf_leaf_54_clk/X                     10     13     -3 (VIOLATED)
clkbuf_leaf_58_clk/X                     10     13     -3 (VIOLATED)
clkbuf_leaf_15_clk/X                     10     12     -2 (VIOLATED)
clkbuf_leaf_17_clk/X                     10     12     -2 (VIOLATED)
clkbuf_leaf_33_clk/X                     10     12     -2 (VIOLATED)
clkbuf_leaf_38_clk/X                     10     12     -2 (VIOLATED)
fanout164/X                              10     12     -2 (VIOLATED)
fanout178/X                              10     12     -2 (VIOLATED)
fanout279/X                              10     12     -2 (VIOLATED)
fanout419/X                              10     12     -2 (VIOLATED)
fanout435/X                              10     12     -2 (VIOLATED)
fanout483/X                              10     12     -2 (VIOLATED)
clkbuf_leaf_13_clk/X                     10     11        (VIOLATED)
clkbuf_leaf_16_clk/X                     10     11        (VIOLATED)
clkbuf_leaf_18_clk/X                     10     11        (VIOLATED)
clkbuf_leaf_19_clk/X                     10     11        (VIOLATED)
clkbuf_leaf_20_clk/X                     10     11        (VIOLATED)
clkbuf_leaf_21_clk/X                     10     11        (VIOLATED)
clkbuf_leaf_23_clk/X                     10     11        (VIOLATED)
clkbuf_leaf_25_clk/X                     10     11        (VIOLATED)
clkbuf_leaf_26_clk/X                     10     11        (VIOLATED)
clkbuf_leaf_32_clk/X                     10     11        (VIOLATED)
clkbuf_leaf_3_clk/X                      10     11        (VIOLATED)
clkbuf_leaf_43_clk/X                     10     11        (VIOLATED)
clkbuf_leaf_4_clk/X                      10     11        (VIOLATED)
clkbuf_leaf_55_clk/X                     10     11        (VIOLATED)
clkbuf_leaf_56_clk/X                     10     11        (VIOLATED)
clkbuf_leaf_59_clk/X                     10     11        (VIOLATED)
clkbuf_leaf_8_clk/X                      10     11        (VIOLATED)
clkbuf_leaf_9_clk/X                      10     11        (VIOLATED)
fanout174/X                              10     11        (VIOLATED)
fanout176/X                              10     11        (VIOLATED)
fanout186/X                              10     11        (VIOLATED)
fanout188/X                              10     11        (VIOLATED)
fanout190/X                              10     11        (VIOLATED)
fanout233/X                              10     11        (VIOLATED)
fanout245/X                              10     11        (VIOLATED)
fanout249/X                              10     11        (VIOLATED)
fanout257/X                              10     11        (VIOLATED)
fanout261/X                              10     11        (VIOLATED)
fanout330/X                              10     11        (VIOLATED)
fanout351/X                              10     11        (VIOLATED)
fanout368/X                              10     11        (VIOLATED)
fanout373/X                              10     11        (VIOLATED)
fanout376/X                              10     11        (VIOLATED)
fanout491/X                              10     11        (VIOLATED)



===========================================================================
report_parasitic_annotation -report_unannotated
============================================================================
Found 61 unannotated drivers.
 value[0]
 value[1]
 value[2]
 value[3]
 clkload0/Y
 clkload1/Y
 clkload10/Y
 clkload11/X
 clkload12/Y
 clkload13/Y
 clkload14/X
 clkload15/Y
 clkload16/Y
 clkload17/Y
 clkload18/Y
 clkload19/Y
 clkload2/Y
 clkload20/X
 clkload21/Y
 clkload22/X
 clkload23/Y
 clkload24/Y
 clkload25/Y
 clkload26/Y
 clkload27/Y
 clkload28/X
 clkload29/Y
 clkload3/X
 clkload30/X
 clkload31/Y
 clkload32/X
 clkload33/X
 clkload34/Y
 clkload35/Y
 clkload36/Y
 clkload37/X
 clkload38/Y
 clkload39/X
 clkload4/X
 clkload40/X
 clkload41/X
 clkload42/X
 clkload43/X
 clkload44/X
 clkload45/Y
 clkload46/Y
 clkload47/Y
 clkload48/Y
 clkload49/Y
 clkload5/Y
 clkload50/Y
 clkload51/X
 clkload52/Y
 clkload53/Y
 clkload54/Y
 clkload55/Y
 clkload56/X
 clkload6/X
 clkload7/Y
 clkload8/Y
 clkload9/X
Found 0 partially unannotated drivers.

===========================================================================
max slew violation count 0
Writing metric design__max_slew_violation__count__corner:nom_tt_025C_1v80: 0
max fanout violation count 58
Writing metric design__max_fanout_violation__count__corner:nom_tt_025C_1v80: 58
max cap violation count 0
Writing metric design__max_cap_violation__count__corner:nom_tt_025C_1v80: 0
============================================================================

===========================================================================
check_setup -verbose -unconstrained_endpoints -multiple_clock -no_clock -no_input_delay -loops -generated_clocks
===========================================================================
