
===========================================================================
 report_power
============================================================================
======================= nom_ss_100C_1v60 Corner ===================================

Group                    Internal    Switching      Leakage        Total
                            Power        Power        Power        Power (Watts)
------------------------------------------------------------------------
Sequential           7.818502e-04 3.002563e-05 8.287175e-06 8.201630e-04  41.9%
Combinational        2.197200e-04 2.440034e-04 1.828915e-05 4.820125e-04  24.7%
Clock                3.338480e-04 3.178758e-04 1.304879e-06 6.530287e-04  33.4%
Macro                0.000000e+00 0.000000e+00 0.000000e+00 0.000000e+00   0.0%
Pad                  0.000000e+00 0.000000e+00 0.000000e+00 0.000000e+00   0.0%
------------------------------------------------------------------------
Total                1.335418e-03 5.919056e-04 2.788121e-05 1.955204e-03 100.0%
                            68.3%        30.3%         1.4%

