Clock: clk
Sources: clk 
Generated: no
Virtual: yes
Propagated: no
Period: 25.000000

===========================================================================
report_clock_properties
============================================================================
Clock                   Period          Waveform
----------------------------------------------------
clk                  25.000000    0.000000 12.500000

===========================================================================
report_clock_latency
============================================================================
Clock clk
rise -> rise
    min     max
0.000000 0.000000 source latency
1.128659         network latency _30435_/CLK
        1.540781 network latency _30402_/CLK
---------------
1.128659 1.540781 latency
        0.412122 skew

fall -> fall
    min     max
0.000000 0.000000 source latency
0.951804         network latency _30435_/CLK
        1.327772 network latency _30402_/CLK
---------------
0.951804 1.327772 latency
        0.375968 skew



===========================================================================
report_clock_min_period
============================================================================
clk period_min = 291.26 fmax = 3.43
