
===========================================================================
report_checks -unconstrained
===========================================================================
======================= max_ss_100C_1v60 Corner ===================================

Startpoint: _4104_ (rising edge-triggered flip-flop clocked by clk)
Endpoint: _4062_ (rising edge-triggered flip-flop clocked by clk)
Path Group: clk
Path Type: max

Fanout         Cap        Slew       Delay        Time   Description
---------------------------------------------------------------------------------------------
                                  0.000000    0.000000   clock clk (rise edge)
                                  0.000000    0.000000   clock source latency
     1    0.028597    0.210318    0.145816    0.145816 ^ clk (in)
                                                         clk (net)
                      0.210385    0.000000    0.145816 ^ clkbuf_0_clk/A (sky130_fd_sc_hd__clkbuf_16)
     4    0.081725    0.151055    0.357137    0.502952 ^ clkbuf_0_clk/X (sky130_fd_sc_hd__clkbuf_16)
                                                         clknet_0_clk (net)
                      0.151547    0.006165    0.509117 ^ clkbuf_2_0__f_clk/A (sky130_fd_sc_hd__clkbuf_16)
     9    0.080222    0.148366    0.329792    0.838910 ^ clkbuf_2_0__f_clk/X (sky130_fd_sc_hd__clkbuf_16)
                                                         clknet_2_0__leaf_clk (net)
                      0.148521    0.004331    0.843241 ^ clkbuf_leaf_26_clk/A (sky130_fd_sc_hd__clkbuf_8)
    25    0.067488    0.196384    0.362148    1.205389 ^ clkbuf_leaf_26_clk/X (sky130_fd_sc_hd__clkbuf_8)
                                                         clknet_leaf_26_clk (net)
                      0.196431    0.003023    1.208412 ^ _4104_/CLK (sky130_fd_sc_hd__dfxtp_1)
     5    0.014990    0.144772    0.717810    1.926222 v _4104_/Q (sky130_fd_sc_hd__dfxtp_1)
                                                         mantisaBshift[0] (net)
                      0.144773    0.000735    1.926957 v _2962_/A (sky130_fd_sc_hd__or4_2)
     5    0.014467    0.299842    1.735771    3.662728 v _2962_/X (sky130_fd_sc_hd__or4_2)
                                                         _0893_ (net)
                      0.299842    0.000743    3.663470 v _2973_/D (sky130_fd_sc_hd__or4_2)
     5    0.014045    0.296082    1.524625    5.188096 v _2973_/X (sky130_fd_sc_hd__or4_2)
                                                         _0901_ (net)
                      0.296082    0.000744    5.188839 v _2984_/D (sky130_fd_sc_hd__or4_2)
     5    0.014388    0.299271    1.527480    6.716319 v _2984_/X (sky130_fd_sc_hd__or4_2)
                                                         _0909_ (net)
                      0.299271    0.000946    6.717265 v _2995_/D (sky130_fd_sc_hd__or4_2)
     5    0.014107    0.296858    1.525277    8.242542 v _2995_/X (sky130_fd_sc_hd__or4_2)
                                                         _0917_ (net)
                      0.296858    0.000799    8.243341 v _3032_/D (sky130_fd_sc_hd__or4_2)
     6    0.017453    0.319539    1.565979    9.809320 v _3032_/X (sky130_fd_sc_hd__or4_2)
                                                         _0950_ (net)
                      0.319539    0.001333    9.810654 v _3047_/C (sky130_fd_sc_hd__or4_2)
     5    0.014390    0.300768    1.687418   11.498073 v _3047_/X (sky130_fd_sc_hd__or4_2)
                                                         _0961_ (net)
                      0.300768    0.001058   11.499130 v _3058_/D (sky130_fd_sc_hd__or4_2)
     5    0.012110    0.281645    1.500696   12.999825 v _3058_/X (sky130_fd_sc_hd__or4_2)
                                                         _0969_ (net)
                      0.281645    0.000909   13.000734 v _3082_/D (sky130_fd_sc_hd__or4_2)
     5    0.013719    0.293846    1.513865   14.514599 v _3082_/X (sky130_fd_sc_hd__or4_2)
                                                         _0989_ (net)
                      0.293846    0.000679   14.515278 v _3093_/D (sky130_fd_sc_hd__or4_2)
     5    0.012845    0.287133    1.507459   16.022738 v _3093_/X (sky130_fd_sc_hd__or4_2)
                                                         _0997_ (net)
                      0.287133    0.000627   16.023365 v _3104_/D (sky130_fd_sc_hd__or4_4)
     7    0.021690    0.212266    1.011998   17.035362 v _3104_/X (sky130_fd_sc_hd__or4_4)
                                                         _1005_ (net)
                      0.212274    0.001636   17.036999 v _3153_/A1 (sky130_fd_sc_hd__o32a_1)
     2    0.007766    0.166416    0.754874   17.791872 v _3153_/X (sky130_fd_sc_hd__o32a_1)
                                                         _1045_ (net)
                      0.166416    0.000529   17.792400 v _3162_/A2 (sky130_fd_sc_hd__o21ai_1)
     2    0.005779    0.245959    0.295588   18.087988 ^ _3162_/Y (sky130_fd_sc_hd__o21ai_1)
                                                         _1053_ (net)
                      0.245959    0.000364   18.088352 ^ _3171_/A2 (sky130_fd_sc_hd__a21o_1)
     2    0.005522    0.097106    0.306043   18.394396 ^ _3171_/X (sky130_fd_sc_hd__a21o_1)
                                                         _1061_ (net)
                      0.097106    0.000341   18.394737 ^ _3181_/A2 (sky130_fd_sc_hd__a21o_1)
     2    0.006428    0.108196    0.258160   18.652897 ^ _3181_/X (sky130_fd_sc_hd__a21o_1)
                                                         _1070_ (net)
                      0.108196    0.000322   18.653217 ^ _3205_/A2 (sky130_fd_sc_hd__a21o_1)
     2    0.006083    0.103921    0.259083   18.912302 ^ _3205_/X (sky130_fd_sc_hd__a21o_1)
                                                         _1092_ (net)
                      0.103921    0.000396   18.912697 ^ _3216_/A2 (sky130_fd_sc_hd__a21o_1)
     2    0.006182    0.106824    0.258334   19.171032 ^ _3216_/X (sky130_fd_sc_hd__a21o_1)
                                                         _1102_ (net)
                      0.106825    0.000529   19.171560 ^ _3225_/A2 (sky130_fd_sc_hd__a21o_1)
     2    0.006335    0.107056    0.261034   19.432594 ^ _3225_/X (sky130_fd_sc_hd__a21o_1)
                                                         _1110_ (net)
                      0.107056    0.000306   19.432899 ^ _3235_/A2 (sky130_fd_sc_hd__a21o_1)
     2    0.006876    0.113759    0.266304   19.699205 ^ _3235_/X (sky130_fd_sc_hd__a21o_1)
                                                         _1119_ (net)
                      0.113759    0.000396   19.699600 ^ _3244_/A2 (sky130_fd_sc_hd__a21o_1)
     4    0.014391    0.207750    0.341148   20.040749 ^ _3244_/X (sky130_fd_sc_hd__a21o_1)
                                                         _1127_ (net)
                      0.207750    0.000830   20.041578 ^ _3291_/A1 (sky130_fd_sc_hd__a21o_1)
     2    0.007008    0.115447    0.299856   20.341434 ^ _3291_/X (sky130_fd_sc_hd__a21o_1)
                                                         _1170_ (net)
                      0.115447    0.000412   20.341846 ^ _3348_/D_N (sky130_fd_sc_hd__or4bb_1)
     2    0.008356    0.235421    1.042379   21.384224 v _3348_/X (sky130_fd_sc_hd__or4bb_1)
                                                         _1222_ (net)
                      0.235421    0.000412   21.384638 v _3392_/A1 (sky130_fd_sc_hd__a211o_1)
     2    0.007337    0.125373    0.600258   21.984894 v _3392_/X (sky130_fd_sc_hd__a211o_1)
                                                         _1262_ (net)
                      0.125373    0.000446   21.985340 v _3402_/A1 (sky130_fd_sc_hd__a21o_1)
     2    0.006893    0.091938    0.342757   22.328096 v _3402_/X (sky130_fd_sc_hd__a21o_1)
                                                         _1271_ (net)
                      0.091938    0.000430   22.328527 v _3411_/A1 (sky130_fd_sc_hd__a21o_1)
     2    0.007752    0.098646    0.334749   22.663277 v _3411_/X (sky130_fd_sc_hd__a21o_1)
                                                         _1279_ (net)
                      0.098646    0.000446   22.663723 v _3414_/A3 (sky130_fd_sc_hd__a32o_1)
     1    0.006055    0.098378    0.496980   23.160702 v _3414_/X (sky130_fd_sc_hd__a32o_1)
                                                         _1282_ (net)
                      0.098378    0.000462   23.161165 v _3415_/B (sky130_fd_sc_hd__xor2_1)
     1    0.002920    0.099436    0.274017   23.435181 v _3415_/X (sky130_fd_sc_hd__xor2_1)
                                                         _1283_ (net)
                      0.099440    0.000217   23.435398 v _3416_/A1 (sky130_fd_sc_hd__mux2_1)
     1    0.002106    0.103560    0.648704   24.084103 v _3416_/X (sky130_fd_sc_hd__mux2_1)
                                                         _0173_ (net)
                      0.103560    0.000147   24.084249 v _4062_/D (sky130_fd_sc_hd__dfxtp_1)
                                             24.084249   data arrival time

                                 25.000000   25.000000   clock clk (rise edge)
                                  0.000000   25.000000   clock source latency
     1    0.028597    0.210318    0.145816   25.145815 ^ clk (in)
                                                         clk (net)
                      0.210385    0.000000   25.145815 ^ clkbuf_0_clk/A (sky130_fd_sc_hd__clkbuf_16)
     4    0.081725    0.151055    0.357137   25.502951 ^ clkbuf_0_clk/X (sky130_fd_sc_hd__clkbuf_16)
                                                         clknet_0_clk (net)
                      0.151668    0.007020   25.509972 ^ clkbuf_2_1__f_clk/A (sky130_fd_sc_hd__clkbuf_16)
    10    0.091979    0.164792    0.342375   25.852346 ^ clkbuf_2_1__f_clk/X (sky130_fd_sc_hd__clkbuf_16)
                                                         clknet_2_1__leaf_clk (net)
                      0.164912    0.004057   25.856403 ^ clkbuf_leaf_11_clk/A (sky130_fd_sc_hd__clkbuf_8)
    10    0.055439    0.166981    0.348390   26.204794 ^ clkbuf_leaf_11_clk/X (sky130_fd_sc_hd__clkbuf_8)
                                                         clknet_leaf_11_clk (net)
                      0.167038    0.002933   26.207727 ^ _4062_/CLK (sky130_fd_sc_hd__dfxtp_1)
                                 -0.250000   25.957727   clock uncertainty
                                  0.000000   25.957727   clock reconvergence pessimism
                                 -0.256769   25.700958   library setup time
                                             25.700958   data required time
---------------------------------------------------------------------------------------------
                                             25.700958   data required time
                                            -24.084249   data arrival time
---------------------------------------------------------------------------------------------
                                              1.616709   slack (MET)




===========================================================================
report_checks --slack_max -0.01
============================================================================
======================= max_ss_100C_1v60 Corner ===================================

No paths found.


===========================================================================
 report_check_types -max_slew -max_cap -max_fanout -violators
============================================================================
======================= max_ss_100C_1v60 Corner ===================================

max slew

Pin                                        Limit        Slew       Slack
------------------------------------------------------------------------
fanout110/A                             0.750000    0.918335   -0.168335 (VIOLATED)
_2748_/B1                               0.750000    0.918333   -0.168333 (VIOLATED)
fanout108/A                             0.750000    0.918320   -0.168320 (VIOLATED)
_2672_/Y                                0.750000    0.918315   -0.168315 (VIOLATED)
_3555_/B                                0.750000    0.895840   -0.145840 (VIOLATED)
_3583_/A2                               0.750000    0.895838   -0.145838 (VIOLATED)
_3537_/A2_N                             0.750000    0.895835   -0.145835 (VIOLATED)
_3515_/A2                               0.750000    0.895835   -0.145835 (VIOLATED)
_3572_/A2                               0.750000    0.895821   -0.145821 (VIOLATED)
_3197_/A3                               0.750000    0.895820   -0.145820 (VIOLATED)
_3549_/A2                               0.750000    0.895820   -0.145820 (VIOLATED)
_3454_/C                                0.750000    0.895819   -0.145819 (VIOLATED)
_3526_/A2                               0.750000    0.895817   -0.145817 (VIOLATED)
_3015_/Y                                0.750000    0.895811   -0.145811 (VIOLATED)
_2019_/C                                0.750000    0.831146   -0.081146 (VIOLATED)
_2099_/C                                0.750000    0.831146   -0.081146 (VIOLATED)
_2018_/Y                                0.750000    0.831136   -0.081136 (VIOLATED)
_3125_/B1                               0.750000    0.821453   -0.071453 (VIOLATED)
_3122_/Y                                0.750000    0.821447   -0.071447 (VIOLATED)
_2488_/A                                0.750000    0.819981   -0.069981 (VIOLATED)
_2551_/B                                0.750000    0.819979   -0.069979 (VIOLATED)
_2451_/B                                0.750000    0.819973   -0.069973 (VIOLATED)
_2457_/A3                               0.750000    0.819966   -0.069966 (VIOLATED)
_2404_/Y                                0.750000    0.819958   -0.069958 (VIOLATED)
_2902_/A1                               0.750000    0.814431   -0.064431 (VIOLATED)
_3560_/C1                               0.750000    0.814431   -0.064432 (VIOLATED)
_2800_/A                                0.750000    0.814429   -0.064429 (VIOLATED)
_3583_/B2                               0.750000    0.814420   -0.064420 (VIOLATED)
_3515_/B2                               0.750000    0.814419   -0.064419 (VIOLATED)
_2846_/A                                0.750000    0.814417   -0.064417 (VIOLATED)
_3572_/B2                               0.750000    0.814412   -0.064412 (VIOLATED)
_3549_/B2                               0.750000    0.814412   -0.064412 (VIOLATED)
_2689_/Y                                0.750000    0.814405   -0.064405 (VIOLATED)
_3463_/A2                               0.750000    0.805162   -0.055162 (VIOLATED)
_2628_/Y                                0.750000    0.805161   -0.055161 (VIOLATED)
_2632_/B                                0.750000    0.805161   -0.055161 (VIOLATED)
_2633_/D_N                              0.750000    0.805161   -0.055161 (VIOLATED)
_2820_/B1                               0.750000    0.805161   -0.055161 (VIOLATED)
_2387_/C                                0.750000    0.775888   -0.025888 (VIOLATED)
_2592_/A3                               0.750000    0.775888   -0.025888 (VIOLATED)
_2595_/A3                               0.750000    0.775885   -0.025885 (VIOLATED)
_2537_/A3                               0.750000    0.775884   -0.025884 (VIOLATED)
_2444_/C                                0.750000    0.775883   -0.025883 (VIOLATED)
_2383_/Y                                0.750000    0.775877   -0.025877 (VIOLATED)
_4157_/D                                0.750000    0.756274   -0.006274 (VIOLATED)
_3845_/Y                                0.750000    0.756271   -0.006271 (VIOLATED)
_3529_/B1                               0.750000    0.750046   -0.000046 (VIOLATED)
_3526_/Y                                0.750000    0.750044   -0.000044 (VIOLATED)

max fanout

Pin                                   Limit Fanout  Slack
---------------------------------------------------------
clkbuf_leaf_26_clk/X                     10     25    -15 (VIOLATED)
clkbuf_leaf_6_clk/X                      10     25    -15 (VIOLATED)
clkbuf_leaf_24_clk/X                     10     19     -9 (VIOLATED)
clkbuf_leaf_16_clk/X                     10     17     -7 (VIOLATED)
clkbuf_leaf_9_clk/X                      10     16     -6 (VIOLATED)
clkbuf_leaf_17_clk/X                     10     15     -5 (VIOLATED)
clkbuf_leaf_8_clk/X                      10     15     -5 (VIOLATED)
clkbuf_leaf_14_clk/X                     10     14     -4 (VIOLATED)
clkbuf_leaf_20_clk/X                     10     14     -4 (VIOLATED)
clkbuf_leaf_29_clk/X                     10     14     -4 (VIOLATED)
clkbuf_leaf_2_clk/X                      10     14     -4 (VIOLATED)
clkbuf_leaf_15_clk/X                     10     13     -3 (VIOLATED)
clkbuf_leaf_21_clk/X                     10     13     -3 (VIOLATED)
clkbuf_leaf_12_clk/X                     10     12     -2 (VIOLATED)
clkbuf_leaf_1_clk/X                      10     12     -2 (VIOLATED)
clkbuf_leaf_25_clk/X                     10     11        (VIOLATED)



===========================================================================
report_parasitic_annotation -report_unannotated
============================================================================
Found 27 unannotated drivers.
 clkload0/Y
 clkload1/Y
 clkload10/Y
 clkload11/Y
 clkload12/Y
 clkload13/Y
 clkload14/Y
 clkload15/Y
 clkload16/Y
 clkload17/Y
 clkload18/Y
 clkload19/Y
 clkload2/Y
 clkload20/Y
 clkload21/X
 clkload22/X
 clkload23/Y
 clkload24/Y
 clkload25/Y
 clkload26/Y
 clkload3/Y
 clkload4/Y
 clkload5/Y
 clkload6/Y
 clkload7/Y
 clkload8/Y
 clkload9/Y
Found 0 partially unannotated drivers.

===========================================================================
max slew violation count 48
max fanout violation count 16
max cap violation count 0
============================================================================

===========================================================================
check_setup -verbose -unconstrained_endpoints -multiple_clock -no_clock -no_input_delay -loops -generated_clocks
===========================================================================
