Clock: clk
Sources: clk 
Generated: no
Virtual: yes
Propagated: no
Period: 50.000000

===========================================================================
report_clock_properties
============================================================================
Clock                   Period          Waveform
----------------------------------------------------
clk                  50.000000    0.000000 25.000000

===========================================================================
report_clock_latency
============================================================================
Clock clk
rise -> rise
    min     max
0.000000 0.000000 source latency
0.501678         network latency _29490_/CLK
        0.704342 network latency _29447_/CLK
---------------
0.501678 0.704342 latency
        0.202664 skew

fall -> fall
    min     max
0.000000 0.000000 source latency
0.430017         network latency _29490_/CLK
        0.620092 network latency _29447_/CLK
---------------
0.430017 0.620092 latency
        0.190076 skew



===========================================================================
report_clock_min_period
============================================================================
clk period_min = 146.80 fmax = 6.81
