Clock: clk
Sources: clk 
Generated: no
Virtual: yes
Propagated: no
Period: 25.000000

===========================================================================
report_clock_properties
============================================================================
Clock                   Period          Waveform
----------------------------------------------------
clk                  25.000000    0.000000 12.500000

===========================================================================
report_clock_latency
============================================================================
Clock clk
rise -> rise
    min     max
0.000000 0.000000 source latency
1.211778         network latency _30435_/CLK
        1.658627 network latency _30402_/CLK
---------------
1.211778 1.658627 latency
        0.446849 skew

fall -> fall
    min     max
0.000000 0.000000 source latency
1.011399         network latency _30435_/CLK
        1.417165 network latency _30402_/CLK
---------------
1.011399 1.417165 latency
        0.405766 skew



===========================================================================
report_clock_min_period
============================================================================
clk period_min = 298.64 fmax = 3.35
