Clock: clk
Sources: clk 
Generated: no
Virtual: no
Propagated: no
Period: 25.000000

===========================================================================
report_clock_properties
============================================================================
Clock                   Period          Waveform
----------------------------------------------------
clk                  25.000000    0.000000 12.500000

===========================================================================
report_clock_latency
============================================================================
Clock clk
rise -> rise
    min     max
0.000000 0.000000 source latency
1.423532         network latency _3854_/CLK
        1.423532 network latency _3854_/CLK
---------------
1.423532 1.423532 latency
        0.000000 skew

fall -> fall
    min     max
0.000000 0.000000 source latency
0.604182         network latency _3854_/CLK
        0.604182 network latency _3854_/CLK
---------------
0.604182 0.604182 latency
        0.000000 skew



===========================================================================
report_clock_min_period
============================================================================
clk period_min = 6.31 fmax = 158.44
