[INFO PSM-0040] All shapes on net VPWR are connected.
########## IR report #################
Net              : VPWR
Corner           : nom_tt_025C_1v80
Supply voltage   : 1.80e+00 V
Worstcase voltage: -1.34e+01 V
Average voltage  : 5.48e-01 V
Average IR drop  : 1.25e+00 V
Worstcase IR drop: 1.52e+01 V
Percentage drop  : 845.50 %
######################################
[INFO PSM-0040] All shapes on net VGND are connected.
########## IR report #################
Net              : VGND
Corner           : nom_tt_025C_1v80
Supply voltage   : 0.00e+00 V
Worstcase voltage: 1.53e+01 V
Average voltage  : 1.30e+00 V
Average IR drop  : 1.30e+00 V
Worstcase IR drop: 1.53e+01 V
Percentage drop  : 852.68 %
######################################
