
===========================================================================
report_checks -unconstrained
===========================================================================
======================= min_tt_025C_1v80 Corner ===================================

Startpoint: reset (input port clocked by clk)
Endpoint: _44479_ (recovery check against rising-edge clock clk)
Path Group: asynchronous
Path Type: max

Fanout         Cap        Slew       Delay        Time   Description
---------------------------------------------------------------------------------------------
                                  0.000000    0.000000   clock clk (rise edge)
                                  0.000000    0.000000   clock network delay (propagated)
                                200.000000  200.000000 v input external delay
     1    0.002483    0.007899    0.003880  200.003876 v reset (in)
                                                         reset (net)
                      0.007899    0.000000  200.003876 v input101/A (sky130_fd_sc_hd__buf_2)
     3    0.047342    0.115398    0.183960  200.187836 v input101/X (sky130_fd_sc_hd__buf_2)
                                                         net101 (net)
                      0.115400    0.000412  200.188248 v fanout2075/A (sky130_fd_sc_hd__clkbuf_4)
     7    0.072031    0.145233    0.266354  200.454605 v fanout2075/X (sky130_fd_sc_hd__clkbuf_4)
                                                         net2075 (net)
                      0.145596    0.005315  200.459915 v fanout2074/A (sky130_fd_sc_hd__clkbuf_4)
     7    0.044494    0.098000    0.243332  200.703247 v fanout2074/X (sky130_fd_sc_hd__clkbuf_4)
                                                         net2074 (net)
                      0.098000    0.000284  200.703537 v fanout2063/A (sky130_fd_sc_hd__buf_4)
    10    0.060849    0.085508    0.218733  200.922256 v fanout2063/X (sky130_fd_sc_hd__buf_4)
                                                         net2063 (net)
                      0.085510    0.000654  200.922913 v fanout2062/A (sky130_fd_sc_hd__clkbuf_4)
     8    0.048658    0.105802    0.221831  201.144745 v fanout2062/X (sky130_fd_sc_hd__clkbuf_4)
                                                         net2062 (net)
                      0.105802    0.000142  201.144897 v fanout2061/A (sky130_fd_sc_hd__buf_4)
    10    0.056501    0.080882    0.218705  201.363602 v fanout2061/X (sky130_fd_sc_hd__buf_4)
                                                         net2061 (net)
                      0.080912    0.001478  201.365082 v _43658_/A (sky130_fd_sc_hd__inv_2)
     1    0.004545    0.035623    0.060240  201.425308 ^ _43658_/Y (sky130_fd_sc_hd__inv_2)
                                                         _00321_ (net)
                      0.035623    0.000043  201.425354 ^ _44479_/RESET_B (sky130_fd_sc_hd__dfrtp_1)
                                            201.425354   data arrival time

                               1000.000000 1000.000000   clock clk (rise edge)
                                  0.000000 1000.000000   clock source latency
     2    0.107677    0.488399    0.344926 1000.344971 ^ clk (in)
                                                         clk (net)
                      0.490260    0.000000 1000.344971 ^ clkbuf_0_clk/A (sky130_fd_sc_hd__clkbuf_16)
     4    0.160221    0.175325    0.340037 1000.684998 ^ clkbuf_0_clk/X (sky130_fd_sc_hd__clkbuf_16)
                                                         clknet_0_clk (net)
                      0.176819    0.012847 1000.697815 ^ clkbuf_2_1_0_clk/A (sky130_fd_sc_hd__clkbuf_8)
     8    0.163399    0.280529    0.344357 1001.042175 ^ clkbuf_2_1_0_clk/X (sky130_fd_sc_hd__clkbuf_8)
                                                         clknet_2_1_0_clk (net)
                      0.281126    0.010573 1001.052795 ^ clkbuf_5_11__f_clk/A (sky130_fd_sc_hd__clkbuf_16)
    13    0.106373    0.121424    0.267733 1001.320496 ^ clkbuf_5_11__f_clk/X (sky130_fd_sc_hd__clkbuf_16)
                                                         clknet_5_11__leaf_clk (net)
                      0.121504    0.002842 1001.323364 ^ clkbuf_leaf_157_clk/A (sky130_fd_sc_hd__clkbuf_8)
    10    0.028211    0.063653    0.170758 1001.494080 ^ clkbuf_leaf_157_clk/X (sky130_fd_sc_hd__clkbuf_8)
                                                         clknet_leaf_157_clk (net)
                      0.063654    0.000341 1001.494446 ^ _44479_/CLK (sky130_fd_sc_hd__dfrtp_1)
                                 -0.250000 1001.244446   clock uncertainty
                                  0.000000 1001.244446   clock reconvergence pessimism
                                  0.238472 1001.482971   library recovery time
                                           1001.482971   data required time
---------------------------------------------------------------------------------------------
                                           1001.482971   data required time
                                           -201.425354   data arrival time
---------------------------------------------------------------------------------------------
                                            800.057617   slack (MET)


Startpoint: reset (input port clocked by clk)
Endpoint: _44200_ (rising edge-triggered flip-flop clocked by clk)
Path Group: clk
Path Type: max

Fanout         Cap        Slew       Delay        Time   Description
---------------------------------------------------------------------------------------------
                                  0.000000    0.000000   clock clk (rise edge)
                                  0.000000    0.000000   clock network delay (propagated)
                                200.000000  200.000000 v input external delay
     1    0.002483    0.007899    0.003880  200.003876 v reset (in)
                                                         reset (net)
                      0.007899    0.000000  200.003876 v input101/A (sky130_fd_sc_hd__buf_2)
     3    0.047342    0.115398    0.183960  200.187836 v input101/X (sky130_fd_sc_hd__buf_2)
                                                         net101 (net)
                      0.115897    0.006182  200.194016 v fanout2097/A (sky130_fd_sc_hd__clkbuf_4)
     5    0.051513    0.107561    0.239808  200.433823 v fanout2097/X (sky130_fd_sc_hd__clkbuf_4)
                                                         net2097 (net)
                      0.107596    0.001918  200.435745 v fanout2082/A (sky130_fd_sc_hd__clkbuf_2)
     5    0.032279    0.125525    0.210576  200.646317 v fanout2082/X (sky130_fd_sc_hd__clkbuf_2)
                                                         net2082 (net)
                      0.125525    0.000242  200.646561 v fanout2079/A (sky130_fd_sc_hd__buf_4)
    10    0.050581    0.077802    0.222073  200.868637 v fanout2079/X (sky130_fd_sc_hd__buf_4)
                                                         net2079 (net)
                      0.077811    0.000810  200.869446 v fanout2078/A (sky130_fd_sc_hd__buf_4)
    10    0.052715    0.080140    0.202974  201.072418 v fanout2078/X (sky130_fd_sc_hd__buf_4)
                                                         net2078 (net)
                      0.080145    0.000639  201.073059 v _21825_/A (sky130_fd_sc_hd__inv_2)
     3    0.041371    0.190432    0.175845  201.248901 ^ _21825_/Y (sky130_fd_sc_hd__inv_2)
                                                         _00071_ (net)
                      0.190434    0.000497  201.249405 ^ fanout2014/A (sky130_fd_sc_hd__clkbuf_4)
     5    0.116364    0.345992    0.396895  201.646286 ^ fanout2014/X (sky130_fd_sc_hd__clkbuf_4)
                                                         net2014 (net)
                      0.346052    0.003823  201.650116 ^ fanout2009/A (sky130_fd_sc_hd__clkbuf_2)
     5    0.037461    0.206301    0.297831  201.947952 ^ fanout2009/X (sky130_fd_sc_hd__clkbuf_2)
                                                         net2009 (net)
                      0.206301    0.000213  201.948166 ^ fanout2004/A (sky130_fd_sc_hd__clkbuf_2)
    10    0.031841    0.176803    0.248463  202.196625 ^ fanout2004/X (sky130_fd_sc_hd__clkbuf_2)
                                                         net2004 (net)
                      0.176803    0.000441  202.197067 ^ _25820_/A (sky130_fd_sc_hd__and2_2)
     6    0.027310    0.149239    0.260059  202.457123 ^ _25820_/X (sky130_fd_sc_hd__and2_2)
                                                         _21623_ (net)
                      0.149239    0.000284  202.457413 ^ _25821_/B (sky130_fd_sc_hd__nand2_1)
     3    0.008603    0.075925    0.108088  202.565491 v _25821_/Y (sky130_fd_sc_hd__nand2_1)
                                                         _21624_ (net)
                      0.075925    0.000057  202.565552 v _25822_/B (sky130_fd_sc_hd__or3b_4)
     6    0.049598    0.132645    0.478778  203.044327 v _25822_/X (sky130_fd_sc_hd__or3b_4)
                                                         _21625_ (net)
                      0.132711    0.001663  203.045990 v _25824_/A (sky130_fd_sc_hd__nor2_4)
     6    0.110259    0.662613    0.569131  203.615128 ^ _25824_/Y (sky130_fd_sc_hd__nor2_4)
                                                         _21627_ (net)
                      0.662613    0.000455  203.615570 ^ fanout876/A (sky130_fd_sc_hd__buf_4)
    10    0.104526    0.289036    0.416847  204.032425 ^ fanout876/X (sky130_fd_sc_hd__buf_4)
                                                         net876 (net)
                      0.289036    0.000796  204.033218 ^ _25828_/B1 (sky130_fd_sc_hd__a21o_4)
     6    0.116535    0.316033    0.339028  204.372253 ^ _25828_/X (sky130_fd_sc_hd__a21o_4)
                                                         _21631_ (net)
                      0.316043    0.001521  204.373764 ^ fanout776/A (sky130_fd_sc_hd__buf_4)
    10    0.094996    0.262577    0.345125  204.718887 ^ fanout776/X (sky130_fd_sc_hd__buf_4)
                                                         net776 (net)
                      0.262579    0.000554  204.719452 ^ _25836_/A_N (sky130_fd_sc_hd__and3b_4)
     6    0.101459    0.142747    0.357346  205.076797 v _25836_/X (sky130_fd_sc_hd__and3b_4)
                                                         _21639_ (net)
                      0.142858    0.003610  205.080399 v fanout712/A (sky130_fd_sc_hd__buf_2)
     7    0.063972    0.150132    0.270987  205.351395 v fanout712/X (sky130_fd_sc_hd__buf_2)
                                                         net712 (net)
                      0.150517    0.005713  205.357101 v _25846_/A2 (sky130_fd_sc_hd__a22o_1)
     1    0.005142    0.050769    0.277836  205.634933 v _25846_/X (sky130_fd_sc_hd__a22o_1)
                                                         _21646_ (net)
                      0.050769    0.000085  205.635025 v _25847_/A1 (sky130_fd_sc_hd__mux2_1)
     1    0.002246    0.051937    0.283777  205.918808 v _25847_/X (sky130_fd_sc_hd__mux2_1)
                                                         _00813_ (net)
                      0.051937    0.000014  205.918808 v _44200_/D (sky130_fd_sc_hd__dfxtp_1)
                                            205.918808   data arrival time

                               1000.000000 1000.000000   clock clk (rise edge)
                                  0.000000 1000.000000   clock source latency
     2    0.107677    0.488399    0.344926 1000.344971 ^ clk (in)
                                                         clk (net)
                      0.490260    0.000000 1000.344971 ^ clkbuf_0_clk/A (sky130_fd_sc_hd__clkbuf_16)
     4    0.160221    0.175325    0.340037 1000.684998 ^ clkbuf_0_clk/X (sky130_fd_sc_hd__clkbuf_16)
                                                         clknet_0_clk (net)
                      0.175919    0.008185 1000.693176 ^ clkbuf_2_3_0_clk/A (sky130_fd_sc_hd__clkbuf_8)
     8    0.165602    0.285577    0.345153 1001.038330 ^ clkbuf_2_3_0_clk/X (sky130_fd_sc_hd__clkbuf_8)
                                                         clknet_2_3_0_clk (net)
                      0.285636    0.003411 1001.041748 ^ clkbuf_5_30__f_clk/A (sky130_fd_sc_hd__clkbuf_16)
     7    0.060669    0.081276    0.234877 1001.276611 ^ clkbuf_5_30__f_clk/X (sky130_fd_sc_hd__clkbuf_16)
                                                         clknet_5_30__leaf_clk (net)
                      0.081291    0.001137 1001.277771 ^ clkbuf_leaf_53_clk/A (sky130_fd_sc_hd__clkbuf_8)
    12    0.037745    0.078405    0.167347 1001.445129 ^ clkbuf_leaf_53_clk/X (sky130_fd_sc_hd__clkbuf_8)
                                                         clknet_leaf_53_clk (net)
                      0.078406    0.000455 1001.445557 ^ _44200_/CLK (sky130_fd_sc_hd__dfxtp_1)
                                 -0.250000 1001.195557   clock uncertainty
                                  0.000000 1001.195557   clock reconvergence pessimism
                                 -0.105766 1001.089844   library setup time
                                           1001.089844   data required time
---------------------------------------------------------------------------------------------
                                           1001.089844   data required time
                                           -205.918808   data arrival time
---------------------------------------------------------------------------------------------
                                            795.171021   slack (MET)




===========================================================================
report_checks --slack_max -0.01
============================================================================
======================= min_tt_025C_1v80 Corner ===================================

No paths found.


===========================================================================
 report_check_types -max_slew -max_cap -max_fanout -violators
============================================================================
======================= min_tt_025C_1v80 Corner ===================================

max slew

Pin                                        Limit        Slew       Slack
------------------------------------------------------------------------
ANTENNA_55/DIODE                        0.750000    0.957575   -0.207575 (VIOLATED)
fanout722/A                             0.750000    0.957575   -0.207575 (VIOLATED)
_42277_/Y                               0.750000    0.957559   -0.207559 (VIOLATED)
fanout721/A                             0.750000    0.957559   -0.207559 (VIOLATED)
max_cap725/A                            0.750000    0.957559   -0.207559 (VIOLATED)
ANTENNA_13/DIODE                        0.750000    0.938837   -0.188837 (VIOLATED)
fanout864/A                             0.750000    0.938837   -0.188837 (VIOLATED)
ANTENNA_14/DIODE                        0.750000    0.938716   -0.188716 (VIOLATED)
fanout866/A                             0.750000    0.938716   -0.188716 (VIOLATED)
fanout865/A                             0.750000    0.938691   -0.188691 (VIOLATED)
_26421_/Y                               0.750000    0.938601   -0.188601 (VIOLATED)
fanout863/A                             0.750000    0.938601   -0.188601 (VIOLATED)
fanout707/A                             0.750000    0.905482   -0.155482 (VIOLATED)
_26568_/C1                              0.750000    0.905464   -0.155464 (VIOLATED)
_26520_/C1                              0.750000    0.905448   -0.155448 (VIOLATED)
ANTENNA_19/DIODE                        0.750000    0.905425   -0.155425 (VIOLATED)
fanout706/A                             0.750000    0.905423   -0.155423 (VIOLATED)
ANTENNA_18/DIODE                        0.750000    0.905423   -0.155423 (VIOLATED)
ANTENNA_20/DIODE                        0.750000    0.905423   -0.155423 (VIOLATED)
ANTENNA_338/DIODE                       0.750000    0.905406   -0.155406 (VIOLATED)
fanout708/A                             0.750000    0.905405   -0.155405 (VIOLATED)
_26506_/Y                               0.750000    0.905400   -0.155400 (VIOLATED)
fanout947/A                             0.750000    0.891507   -0.141507 (VIOLATED)
ANTENNA_16/DIODE                        0.750000    0.891459   -0.141459 (VIOLATED)
fanout949/A                             0.750000    0.891459   -0.141459 (VIOLATED)
fanout948/A                             0.750000    0.891317   -0.141317 (VIOLATED)
fanout946/A                             0.750000    0.891079   -0.141079 (VIOLATED)
_26450_/Y                               0.750000    0.891073   -0.141073 (VIOLATED)
fanout577/A                             0.750000    0.882078   -0.132078 (VIOLATED)
ANTENNA_76/DIODE                        0.750000    0.881801   -0.131801 (VIOLATED)
fanout576/A                             0.750000    0.881801   -0.131801 (VIOLATED)
ANTENNA_75/DIODE                        0.750000    0.881747   -0.131747 (VIOLATED)
fanout575/A                             0.750000    0.881747   -0.131747 (VIOLATED)
fanout574/A                             0.750000    0.881746   -0.131746 (VIOLATED)
ANTENNA_74/DIODE                        0.750000    0.881746   -0.131746 (VIOLATED)
_42675_/Y                               0.750000    0.881715   -0.131715 (VIOLATED)
fanout670/A                             0.750000    0.859755   -0.109755 (VIOLATED)
ANTENNA_70/DIODE                        0.750000    0.859755   -0.109755 (VIOLATED)
fanout668/A                             0.750000    0.859718   -0.109718 (VIOLATED)
_42477_/Y                               0.750000    0.859717   -0.109717 (VIOLATED)
max_cap672/A                            0.750000    0.859717   -0.109717 (VIOLATED)
ANTENNA_67/DIODE                        0.750000    0.855148   -0.105148 (VIOLATED)
fanout593/A                             0.750000    0.855148   -0.105148 (VIOLATED)
ANTENNA_345/DIODE                       0.750000    0.855127   -0.105127 (VIOLATED)
ANTENNA_347/DIODE                       0.750000    0.855127   -0.105127 (VIOLATED)
fanout592/A                             0.750000    0.855127   -0.105127 (VIOLATED)
ANTENNA_346/DIODE                       0.750000    0.855127   -0.105127 (VIOLATED)
fanout591/A                             0.750000    0.855099   -0.105099 (VIOLATED)
ANTENNA_66/DIODE                        0.750000    0.855099   -0.105099 (VIOLATED)
ANTENNA_65/DIODE                        0.750000    0.855095   -0.105095 (VIOLATED)
fanout590/A                             0.750000    0.855095   -0.105095 (VIOLATED)
_42475_/Y                               0.750000    0.855091   -0.105091 (VIOLATED)
ANTENNA_337/DIODE                       0.750000    0.839537   -0.089537 (VIOLATED)
fanout857/A                             0.750000    0.839537   -0.089537 (VIOLATED)
fanout858/A                             0.750000    0.839316   -0.089316 (VIOLATED)
ANTENNA_15/DIODE                        0.750000    0.839315   -0.089315 (VIOLATED)
fanout856/A                             0.750000    0.839233   -0.089233 (VIOLATED)
fanout855/A                             0.750000    0.839101   -0.089101 (VIOLATED)
_26441_/Y                               0.750000    0.839098   -0.089098 (VIOLATED)
fanout611/A                             0.750000    0.820361   -0.070362 (VIOLATED)
fanout613/A                             0.750000    0.820338   -0.070338 (VIOLATED)
ANTENNA_54/DIODE                        0.750000    0.819942   -0.069942 (VIOLATED)
fanout612/A                             0.750000    0.819942   -0.069942 (VIOLATED)
_42275_/Y                               0.750000    0.819895   -0.069895 (VIOLATED)
fanout610/A                             0.750000    0.819895   -0.069895 (VIOLATED)
ANTENNA_357/DIODE                       0.750000    0.803442   -0.053442 (VIOLATED)
fanout967/A                             0.750000    0.803442   -0.053442 (VIOLATED)
fanout965/A                             0.750000    0.803426   -0.053426 (VIOLATED)
ANTENNA_420/DIODE                       0.750000    0.803426   -0.053426 (VIOLATED)
ANTENNA_419/DIODE                       0.750000    0.803424   -0.053424 (VIOLATED)
fanout966/A                             0.750000    0.803269   -0.053270 (VIOLATED)
fanout964/A                             0.750000    0.803267   -0.053267 (VIOLATED)
_25944_/Y                               0.750000    0.803264   -0.053264 (VIOLATED)
fanout628/A                             0.750000    0.802737   -0.052737 (VIOLATED)
ANTENNA_27/DIODE                        0.750000    0.802717   -0.052717 (VIOLATED)
fanout629/A                             0.750000    0.802717   -0.052717 (VIOLATED)
ANTENNA_26/DIODE                        0.750000    0.802717   -0.052717 (VIOLATED)
ANTENNA_28/DIODE                        0.750000    0.802717   -0.052717 (VIOLATED)
fanout627/A                             0.750000    0.802707   -0.052707 (VIOLATED)
fanout626/A                             0.750000    0.802548   -0.052548 (VIOLATED)
_27769_/Y                               0.750000    0.802543   -0.052543 (VIOLATED)
fanout872/A                             0.750000    0.785708   -0.035708 (VIOLATED)
ANTENNA_335/DIODE                       0.750000    0.785708   -0.035708 (VIOLATED)
fanout874/A                             0.750000    0.785470   -0.035470 (VIOLATED)
fanout873/A                             0.750000    0.785217   -0.035217 (VIOLATED)
fanout871/A                             0.750000    0.785132   -0.035132 (VIOLATED)
_26398_/Y                               0.750000    0.785130   -0.035130 (VIOLATED)
fanout1861/A                            0.750000    0.777447   -0.027447 (VIOLATED)
ANTENNA_139/DIODE                       0.750000    0.777446   -0.027446 (VIOLATED)
_26145_/A0                              0.750000    0.776999   -0.026999 (VIOLATED)
_44878_/Q                               0.750000    0.776999   -0.026999 (VIOLATED)
ANTENNA_73/DIODE                        0.750000    0.763665   -0.013665 (VIOLATED)
fanout790/A                             0.750000    0.763665   -0.013665 (VIOLATED)
ANTENNA_71/DIODE                        0.750000    0.763664   -0.013664 (VIOLATED)
ANTENNA_72/DIODE                        0.750000    0.763663   -0.013663 (VIOLATED)
fanout791/A                             0.750000    0.763651   -0.013651 (VIOLATED)
ANTENNA_349/DIODE                       0.750000    0.763651   -0.013651 (VIOLATED)
fanout789/A                             0.750000    0.763551   -0.013551 (VIOLATED)
fanout788/A                             0.750000    0.763548   -0.013548 (VIOLATED)
ANTENNA_348/DIODE                       0.750000    0.763548   -0.013548 (VIOLATED)
_42479_/X                               0.750000    0.763545   -0.013545 (VIOLATED)
fanout1899/A                            0.750000    0.756268   -0.006268 (VIOLATED)
ANTENNA_136/DIODE                       0.750000    0.756268   -0.006268 (VIOLATED)
ANTENNA_135/DIODE                       0.750000    0.756267   -0.006267 (VIOLATED)
fanout1898/A                            0.750000    0.756267   -0.006267 (VIOLATED)
_26107_/A0                              0.750000    0.756049   -0.006049 (VIOLATED)
_44859_/Q                               0.750000    0.756049   -0.006049 (VIOLATED)

max fanout

Pin                                   Limit Fanout  Slack
---------------------------------------------------------
clkbuf_leaf_217_clk/X                    10     23    -13 (VIOLATED)
clkbuf_leaf_227_clk/X                    10     23    -13 (VIOLATED)
clkbuf_leaf_223_clk/X                    10     22    -12 (VIOLATED)
clkbuf_leaf_234_clk/X                    10     22    -12 (VIOLATED)
clkbuf_leaf_180_clk/X                    10     21    -11 (VIOLATED)
clkbuf_leaf_181_clk/X                    10     21    -11 (VIOLATED)
clkbuf_leaf_188_clk/X                    10     21    -11 (VIOLATED)
clkbuf_leaf_200_clk/X                    10     21    -11 (VIOLATED)
clkbuf_leaf_177_clk/X                    10     20    -10 (VIOLATED)
clkbuf_leaf_184_clk/X                    10     20    -10 (VIOLATED)
clkbuf_leaf_201_clk/X                    10     20    -10 (VIOLATED)
clkbuf_leaf_230_clk/X                    10     20    -10 (VIOLATED)
clkbuf_leaf_173_clk/X                    10     18     -8 (VIOLATED)
clkbuf_leaf_179_clk/X                    10     18     -8 (VIOLATED)
clkbuf_leaf_183_clk/X                    10     18     -8 (VIOLATED)
clkbuf_leaf_186_clk/X                    10     18     -8 (VIOLATED)
clkbuf_leaf_189_clk/X                    10     18     -8 (VIOLATED)
clkbuf_leaf_203_clk/X                    10     18     -8 (VIOLATED)
clkbuf_leaf_218_clk/X                    10     18     -8 (VIOLATED)
clkbuf_leaf_233_clk/X                    10     18     -8 (VIOLATED)
clkbuf_leaf_205_clk/X                    10     17     -7 (VIOLATED)
clkbuf_leaf_21_clk/X                     10     17     -7 (VIOLATED)
clkbuf_leaf_88_clk/X                     10     17     -7 (VIOLATED)
clkbuf_5_0__f_clk/X                      10     16     -6 (VIOLATED)
clkbuf_leaf_206_clk/X                    10     16     -6 (VIOLATED)
clkbuf_leaf_229_clk/X                    10     16     -6 (VIOLATED)
clkbuf_leaf_241_clk/X                    10     16     -6 (VIOLATED)
clkbuf_leaf_244_clk/X                    10     16     -6 (VIOLATED)
clkbuf_leaf_14_clk/X                     10     15     -5 (VIOLATED)
clkbuf_leaf_187_clk/X                    10     15     -5 (VIOLATED)
clkbuf_leaf_18_clk/X                     10     15     -5 (VIOLATED)
clkbuf_leaf_192_clk/X                    10     15     -5 (VIOLATED)
clkbuf_leaf_232_clk/X                    10     15     -5 (VIOLATED)
clkbuf_leaf_23_clk/X                     10     15     -5 (VIOLATED)
clkbuf_leaf_245_clk/X                    10     15     -5 (VIOLATED)
clkbuf_leaf_24_clk/X                     10     15     -5 (VIOLATED)
clkbuf_leaf_4_clk/X                      10     15     -5 (VIOLATED)
clkbuf_leaf_93_clk/X                     10     15     -5 (VIOLATED)
clkbuf_leaf_99_clk/X                     10     15     -5 (VIOLATED)
fanout769/X                              10     15     -5 (VIOLATED)
clkbuf_leaf_110_clk/X                    10     14     -4 (VIOLATED)
clkbuf_leaf_172_clk/X                    10     14     -4 (VIOLATED)
clkbuf_leaf_17_clk/X                     10     14     -4 (VIOLATED)
clkbuf_leaf_191_clk/X                    10     14     -4 (VIOLATED)
clkbuf_leaf_197_clk/X                    10     14     -4 (VIOLATED)
clkbuf_leaf_202_clk/X                    10     14     -4 (VIOLATED)
clkbuf_leaf_207_clk/X                    10     14     -4 (VIOLATED)
clkbuf_leaf_216_clk/X                    10     14     -4 (VIOLATED)
clkbuf_leaf_228_clk/X                    10     14     -4 (VIOLATED)
clkbuf_leaf_231_clk/X                    10     14     -4 (VIOLATED)
clkbuf_leaf_246_clk/X                    10     14     -4 (VIOLATED)
clkbuf_leaf_254_clk/X                    10     14     -4 (VIOLATED)
clkbuf_leaf_94_clk/X                     10     14     -4 (VIOLATED)
clkbuf_5_10__f_clk/X                     10     13     -3 (VIOLATED)
clkbuf_5_11__f_clk/X                     10     13     -3 (VIOLATED)
clkbuf_5_8__f_clk/X                      10     13     -3 (VIOLATED)
clkbuf_leaf_176_clk/X                    10     13     -3 (VIOLATED)
clkbuf_leaf_185_clk/X                    10     13     -3 (VIOLATED)
clkbuf_leaf_199_clk/X                    10     13     -3 (VIOLATED)
clkbuf_leaf_1_clk/X                      10     13     -3 (VIOLATED)
clkbuf_leaf_219_clk/X                    10     13     -3 (VIOLATED)
clkbuf_leaf_224_clk/X                    10     13     -3 (VIOLATED)
clkbuf_leaf_237_clk/X                    10     13     -3 (VIOLATED)
clkbuf_leaf_243_clk/X                    10     13     -3 (VIOLATED)
clkbuf_leaf_27_clk/X                     10     13     -3 (VIOLATED)
clkbuf_leaf_42_clk/X                     10     13     -3 (VIOLATED)
clkbuf_leaf_44_clk/X                     10     13     -3 (VIOLATED)
clkbuf_leaf_57_clk/X                     10     13     -3 (VIOLATED)
clkbuf_leaf_74_clk/X                     10     13     -3 (VIOLATED)
clkbuf_leaf_75_clk/X                     10     13     -3 (VIOLATED)
clkbuf_leaf_77_clk/X                     10     13     -3 (VIOLATED)
clkbuf_leaf_90_clk/X                     10     13     -3 (VIOLATED)
clkbuf_leaf_96_clk/X                     10     13     -3 (VIOLATED)
fanout1465/X                             10     13     -3 (VIOLATED)
fanout1753/X                             10     13     -3 (VIOLATED)
fanout626/X                              10     13     -3 (VIOLATED)
fanout695/X                              10     13     -3 (VIOLATED)
clkbuf_leaf_105_clk/X                    10     12     -2 (VIOLATED)
clkbuf_leaf_10_clk/X                     10     12     -2 (VIOLATED)
clkbuf_leaf_111_clk/X                    10     12     -2 (VIOLATED)
clkbuf_leaf_122_clk/X                    10     12     -2 (VIOLATED)
clkbuf_leaf_127_clk/X                    10     12     -2 (VIOLATED)
clkbuf_leaf_12_clk/X                     10     12     -2 (VIOLATED)
clkbuf_leaf_130_clk/X                    10     12     -2 (VIOLATED)
clkbuf_leaf_158_clk/X                    10     12     -2 (VIOLATED)
clkbuf_leaf_160_clk/X                    10     12     -2 (VIOLATED)
clkbuf_leaf_16_clk/X                     10     12     -2 (VIOLATED)
clkbuf_leaf_170_clk/X                    10     12     -2 (VIOLATED)
clkbuf_leaf_175_clk/X                    10     12     -2 (VIOLATED)
clkbuf_leaf_196_clk/X                    10     12     -2 (VIOLATED)
clkbuf_leaf_19_clk/X                     10     12     -2 (VIOLATED)
clkbuf_leaf_22_clk/X                     10     12     -2 (VIOLATED)
clkbuf_leaf_242_clk/X                    10     12     -2 (VIOLATED)
clkbuf_leaf_260_clk/X                    10     12     -2 (VIOLATED)
clkbuf_leaf_45_clk/X                     10     12     -2 (VIOLATED)
clkbuf_leaf_49_clk/X                     10     12     -2 (VIOLATED)
clkbuf_leaf_53_clk/X                     10     12     -2 (VIOLATED)
clkbuf_leaf_6_clk/X                      10     12     -2 (VIOLATED)
clkbuf_leaf_85_clk/X                     10     12     -2 (VIOLATED)
clkbuf_leaf_91_clk/X                     10     12     -2 (VIOLATED)
clkbuf_leaf_92_clk/X                     10     12     -2 (VIOLATED)
clkbuf_leaf_97_clk/X                     10     12     -2 (VIOLATED)
fanout1037/X                             10     12     -2 (VIOLATED)
fanout1209/X                             10     12     -2 (VIOLATED)
fanout1475/X                             10     12     -2 (VIOLATED)
fanout1669/X                             10     12     -2 (VIOLATED)
fanout1676/X                             10     12     -2 (VIOLATED)
fanout1692/X                             10     12     -2 (VIOLATED)
fanout1693/X                             10     12     -2 (VIOLATED)
fanout1696/X                             10     12     -2 (VIOLATED)
fanout1700/X                             10     12     -2 (VIOLATED)
fanout1710/X                             10     12     -2 (VIOLATED)
fanout1725/X                             10     12     -2 (VIOLATED)
fanout1741/X                             10     12     -2 (VIOLATED)
fanout1756/X                             10     12     -2 (VIOLATED)
fanout1762/X                             10     12     -2 (VIOLATED)
clkbuf_5_12__f_clk/X                     10     11        (VIOLATED)
clkbuf_5_6__f_clk/X                      10     11        (VIOLATED)
clkbuf_5_7__f_clk/X                      10     11        (VIOLATED)
clkbuf_5_9__f_clk/X                      10     11        (VIOLATED)
clkbuf_leaf_103_clk/X                    10     11        (VIOLATED)
clkbuf_leaf_106_clk/X                    10     11        (VIOLATED)
clkbuf_leaf_112_clk/X                    10     11        (VIOLATED)
clkbuf_leaf_116_clk/X                    10     11        (VIOLATED)
clkbuf_leaf_123_clk/X                    10     11        (VIOLATED)
clkbuf_leaf_131_clk/X                    10     11        (VIOLATED)
clkbuf_leaf_142_clk/X                    10     11        (VIOLATED)
clkbuf_leaf_146_clk/X                    10     11        (VIOLATED)
clkbuf_leaf_149_clk/X                    10     11        (VIOLATED)
clkbuf_leaf_155_clk/X                    10     11        (VIOLATED)
clkbuf_leaf_178_clk/X                    10     11        (VIOLATED)
clkbuf_leaf_195_clk/X                    10     11        (VIOLATED)
clkbuf_leaf_20_clk/X                     10     11        (VIOLATED)
clkbuf_leaf_220_clk/X                    10     11        (VIOLATED)
clkbuf_leaf_256_clk/X                    10     11        (VIOLATED)
clkbuf_leaf_257_clk/X                    10     11        (VIOLATED)
clkbuf_leaf_25_clk/X                     10     11        (VIOLATED)
clkbuf_leaf_28_clk/X                     10     11        (VIOLATED)
clkbuf_leaf_30_clk/X                     10     11        (VIOLATED)
clkbuf_leaf_32_clk/X                     10     11        (VIOLATED)
clkbuf_leaf_33_clk/X                     10     11        (VIOLATED)
clkbuf_leaf_34_clk/X                     10     11        (VIOLATED)
clkbuf_leaf_36_clk/X                     10     11        (VIOLATED)
clkbuf_leaf_47_clk/X                     10     11        (VIOLATED)
clkbuf_leaf_63_clk/X                     10     11        (VIOLATED)
clkbuf_leaf_65_clk/X                     10     11        (VIOLATED)
clkbuf_leaf_66_clk/X                     10     11        (VIOLATED)
clkbuf_leaf_68_clk/X                     10     11        (VIOLATED)
clkbuf_leaf_78_clk/X                     10     11        (VIOLATED)
clkbuf_leaf_79_clk/X                     10     11        (VIOLATED)
clkbuf_leaf_82_clk/X                     10     11        (VIOLATED)
clkbuf_leaf_84_clk/X                     10     11        (VIOLATED)
clkbuf_leaf_98_clk/X                     10     11        (VIOLATED)
fanout1148/X                             10     11        (VIOLATED)
fanout1382/X                             10     11        (VIOLATED)
fanout1384/X                             10     11        (VIOLATED)
fanout1423/X                             10     11        (VIOLATED)
fanout1434/X                             10     11        (VIOLATED)
fanout1482/X                             10     11        (VIOLATED)
fanout1500/X                             10     11        (VIOLATED)
fanout1509/X                             10     11        (VIOLATED)
fanout1516/X                             10     11        (VIOLATED)
fanout1644/X                             10     11        (VIOLATED)
fanout1649/X                             10     11        (VIOLATED)
fanout1660/X                             10     11        (VIOLATED)
fanout1665/X                             10     11        (VIOLATED)
fanout1666/X                             10     11        (VIOLATED)
fanout1672/X                             10     11        (VIOLATED)
fanout1679/X                             10     11        (VIOLATED)
fanout1682/X                             10     11        (VIOLATED)
fanout1686/X                             10     11        (VIOLATED)
fanout1689/X                             10     11        (VIOLATED)
fanout1695/X                             10     11        (VIOLATED)
fanout1707/X                             10     11        (VIOLATED)
fanout1728/X                             10     11        (VIOLATED)
fanout1732/X                             10     11        (VIOLATED)
fanout1735/X                             10     11        (VIOLATED)
fanout1738/X                             10     11        (VIOLATED)
fanout1743/X                             10     11        (VIOLATED)
fanout1744/X                             10     11        (VIOLATED)
fanout1759/X                             10     11        (VIOLATED)
fanout1763/X                             10     11        (VIOLATED)
fanout1765/X                             10     11        (VIOLATED)
fanout1768/X                             10     11        (VIOLATED)
fanout321/X                              10     11        (VIOLATED)
fanout547/X                              10     11        (VIOLATED)
fanout560/X                              10     11        (VIOLATED)
fanout574/X                              10     11        (VIOLATED)
fanout628/X                              10     11        (VIOLATED)
fanout647/X                              10     11        (VIOLATED)
fanout660/X                              10     11        (VIOLATED)
fanout736/X                              10     11        (VIOLATED)
fanout770/X                              10     11        (VIOLATED)
fanout780/X                              10     11        (VIOLATED)
fanout802/X                              10     11        (VIOLATED)
fanout828/X                              10     11        (VIOLATED)
fanout859/X                              10     11        (VIOLATED)
fanout865/X                              10     11        (VIOLATED)
fanout891/X                              10     11        (VIOLATED)

max capacitance

Pin                                        Limit         Cap       Slack
------------------------------------------------------------------------
fanout1434/X                            0.200000    0.206785   -0.006785 (VIOLATED)



===========================================================================
report_parasitic_annotation -report_unannotated
============================================================================
Found 245 unannotated drivers.
 clkload0/Y
 clkload1/Y
 clkload10/Y
 clkload100/Y
 clkload101/Y
 clkload102/Y
 clkload103/Y
 clkload104/Y
 clkload105/Y
 clkload106/Y
 clkload107/Y
 clkload108/Y
 clkload109/Y
 clkload11/Y
 clkload110/Y
 clkload111/Y
 clkload112/Y
 clkload113/X
 clkload114/Y
 clkload115/Y
 clkload116/Y
 clkload117/Y
 clkload118/Y
 clkload119/Y
 clkload12/Y
 clkload120/Y
 clkload121/Y
 clkload122/Y
 clkload123/Y
 clkload124/X
 clkload125/Y
 clkload126/Y
 clkload127/X
 clkload128/X
 clkload129/X
 clkload13/Y
 clkload130/X
 clkload131/Y
 clkload132/X
 clkload133/Y
 clkload134/Y
 clkload135/Y
 clkload136/Y
 clkload137/Y
 clkload138/Y
 clkload139/Y
 clkload14/Y
 clkload140/Y
 clkload141/Y
 clkload142/Y
 clkload143/Y
 clkload144/Y
 clkload145/Y
 clkload146/Y
 clkload147/Y
 clkload148/Y
 clkload149/X
 clkload15/Y
 clkload150/Y
 clkload151/Y
 clkload152/X
 clkload153/X
 clkload154/X
 clkload155/Y
 clkload156/Y
 clkload157/X
 clkload158/Y
 clkload159/Y
 clkload16/Y
 clkload160/Y
 clkload161/X
 clkload162/Y
 clkload163/Y
 clkload164/Y
 clkload165/X
 clkload166/X
 clkload167/Y
 clkload168/Y
 clkload169/Y
 clkload17/X
 clkload170/X
 clkload171/Y
 clkload172/Y
 clkload173/Y
 clkload174/Y
 clkload175/X
 clkload176/Y
 clkload177/Y
 clkload178/Y
 clkload179/Y
 clkload18/Y
 clkload180/Y
 clkload181/Y
 clkload182/X
 clkload183/Y
 clkload184/Y
 clkload185/X
 clkload186/Y
 clkload187/Y
 clkload188/Y
 clkload189/Y
 clkload19/Y
 clkload190/Y
 clkload191/Y
 clkload192/Y
 clkload193/Y
 clkload194/Y
 clkload195/X
 clkload196/Y
 clkload197/Y
 clkload198/Y
 clkload199/X
 clkload2/Y
 clkload20/Y
 clkload200/Y
 clkload201/X
 clkload202/Y
 clkload203/Y
 clkload204/Y
 clkload205/X
 clkload206/Y
 clkload207/X
 clkload208/Y
 clkload209/X
 clkload21/Y
 clkload210/Y
 clkload211/X
 clkload212/Y
 clkload213/X
 clkload214/Y
 clkload215/X
 clkload216/Y
 clkload217/X
 clkload218/Y
 clkload219/Y
 clkload22/Y
 clkload220/Y
 clkload221/Y
 clkload222/Y
 clkload223/Y
 clkload224/Y
 clkload225/Y
 clkload226/Y
 clkload227/Y
 clkload228/Y
 clkload229/X
 clkload23/X
 clkload230/X
 clkload231/Y
 clkload232/Y
 clkload233/X
 clkload234/X
 clkload235/Y
 clkload236/X
 clkload237/Y
 clkload238/Y
 clkload239/Y
 clkload24/Y
 clkload240/Y
 clkload241/Y
 clkload242/Y
 clkload243/Y
 clkload244/Y
 clkload25/Y
 clkload26/Y
 clkload27/Y
 clkload28/X
 clkload29/Y
 clkload3/Y
 clkload30/Y
 clkload31/Y
 clkload32/Y
 clkload33/Y
 clkload34/Y
 clkload35/Y
 clkload36/Y
 clkload37/Y
 clkload38/Y
 clkload39/Y
 clkload4/Y
 clkload40/Y
 clkload41/Y
 clkload42/X
 clkload43/X
 clkload44/Y
 clkload45/Y
 clkload46/Y
 clkload47/Y
 clkload48/Y
 clkload49/Y
 clkload5/Y
 clkload50/Y
 clkload51/Y
 clkload52/Y
 clkload53/Y
 clkload54/Y
 clkload55/Y
 clkload56/Y
 clkload57/X
 clkload58/Y
 clkload59/Y
 clkload6/Y
 clkload60/Y
 clkload61/Y
 clkload62/Y
 clkload63/Y
 clkload64/Y
 clkload65/Y
 clkload66/Y
 clkload67/Y
 clkload68/Y
 clkload69/Y
 clkload7/Y
 clkload70/Y
 clkload71/Y
 clkload72/Y
 clkload73/Y
 clkload74/Y
 clkload75/Y
 clkload76/Y
 clkload77/Y
 clkload78/X
 clkload79/Y
 clkload8/X
 clkload80/Y
 clkload81/Y
 clkload82/Y
 clkload83/Y
 clkload84/X
 clkload85/Y
 clkload86/Y
 clkload87/Y
 clkload88/Y
 clkload89/Y
 clkload9/X
 clkload90/Y
 clkload91/Y
 clkload92/Y
 clkload93/Y
 clkload94/Y
 clkload95/Y
 clkload96/Y
 clkload97/Y
 clkload98/Y
 clkload99/Y
Found 0 partially unannotated drivers.

===========================================================================
max slew violation count 107
max fanout violation count 199
max cap violation count 1
============================================================================

===========================================================================
check_setup -verbose -unconstrained_endpoints -multiple_clock -no_clock -no_input_delay -loops -generated_clocks
===========================================================================
