Clock: clk
Sources: clk 
Generated: no
Virtual: yes
Propagated: no
Period: 1000.000000

===========================================================================
report_clock_properties
============================================================================
Clock                   Period          Waveform
----------------------------------------------------
clk                 1000.000000    0.000000500.000000

===========================================================================
report_clock_latency
============================================================================
Clock clk
rise -> rise
    min     max
0.000000 0.000000 source latency
1.277054         network latency _46285_/CLK
        1.557526 network latency _46167_/CLK
---------------
1.277054 1.557526 latency
        0.280472 skew

fall -> fall
    min     max
0.000000 0.000000 source latency
1.001467         network latency _46285_/CLK
        1.249134 network latency _46167_/CLK
---------------
1.001467 1.249134 latency
        0.247667 skew



===========================================================================
report_clock_min_period
============================================================================
clk period_min = 169.91 fmax = 5.89
