Clock: clk
Sources: clk 
Generated: no
Virtual: yes
Propagated: no
Period: 50.000000

===========================================================================
report_clock_properties
============================================================================
Clock                   Period          Waveform
----------------------------------------------------
clk                  50.000000    0.000000 25.000000

===========================================================================
report_clock_latency
============================================================================
Clock clk
rise -> rise
    min     max
0.000000 0.000000 source latency
0.968249         network latency _29490_/CLK
        1.335636 network latency _29432_/CLK
---------------
0.968249 1.335636 latency
        0.367386 skew

fall -> fall
    min     max
0.000000 0.000000 source latency
0.842416         network latency _29490_/CLK
        1.185635 network latency _29535_/CLK
---------------
0.842416 1.185635 latency
        0.343219 skew



===========================================================================
report_clock_min_period
============================================================================
clk period_min = 288.33 fmax = 3.47
