Clock: clk
Sources: clk 
Generated: no
Virtual: yes
Propagated: no
Period: 50.000000

===========================================================================
report_clock_properties
============================================================================
Clock                   Period          Waveform
----------------------------------------------------
clk                  50.000000    0.000000 25.000000

===========================================================================
report_clock_latency
============================================================================
Clock clk
rise -> rise
    min     max
0.000000 0.000000 source latency
1.061403         network latency _29490_/CLK
        1.448075 network latency _29547_/CLK
---------------
1.061403 1.448075 latency
        0.386672 skew

fall -> fall
    min     max
0.000000 0.000000 source latency
0.909120         network latency _29490_/CLK
        1.268276 network latency _29547_/CLK
---------------
0.909120 1.268276 latency
        0.359156 skew



===========================================================================
report_clock_min_period
============================================================================
clk period_min = 296.11 fmax = 3.38
