                                                                       Cells by Function                                                                        
┏━━━━━━━━━━━━━━━━━━━━━━━━━━━━━━━━━━━━━━━━━━━━━━━━━━━━━━━━━━━━━━━━━━━━━━━━━━━━━━━━━━━━━━━━━━━━━━━━━━━━━━━━━━━━━━━━━━━━━━━━━━━━━━━━━┳━━━━━━━━━━━━━━━━━━━━━━━━━━━━┓
┃ Cell Function                                                                                                                   ┃ Count                      ┃
┡━━━━━━━━━━━━━━━━━━━━━━━━━━━━━━━━━━━━━━━━━━━━━━━━━━━━━━━━━━━━━━━━━━━━━━━━━━━━━━━━━━━━━━━━━━━━━━━━━━━━━━━━━━━━━━━━━━━━━━━━━━━━━━━━━╇━━━━━━━━━━━━━━━━━━━━━━━━━━━━┩
│ sky130_ef_sc_hd__decap                                                                                                          │ 9841                       │
│ sky130_fd_sc_hd__a2111o                                                                                                         │ 59                         │
│ sky130_fd_sc_hd__a2111oi                                                                                                        │ 17                         │
│ sky130_fd_sc_hd__a211o                                                                                                          │ 682                        │
│ sky130_fd_sc_hd__a211oi                                                                                                         │ 66                         │
│ sky130_fd_sc_hd__a21bo                                                                                                          │ 201                        │
│ sky130_fd_sc_hd__a21boi                                                                                                         │ 135                        │
│ sky130_fd_sc_hd__a21o                                                                                                           │ 847                        │
│ sky130_fd_sc_hd__a21oi                                                                                                          │ 837                        │
│ sky130_fd_sc_hd__a221o                                                                                                          │ 238                        │
│ sky130_fd_sc_hd__a221oi                                                                                                         │ 17                         │
│ sky130_fd_sc_hd__a22o                                                                                                           │ 1177                       │
│ sky130_fd_sc_hd__a22oi                                                                                                          │ 36                         │
│ sky130_fd_sc_hd__a2bb2o                                                                                                         │ 85                         │
│ sky130_fd_sc_hd__a2bb2oi                                                                                                        │ 3                          │
│ sky130_fd_sc_hd__a311o                                                                                                          │ 75                         │
│ sky130_fd_sc_hd__a311oi                                                                                                         │ 22                         │
│ sky130_fd_sc_hd__a31o                                                                                                           │ 355                        │
│ sky130_fd_sc_hd__a31oi                                                                                                          │ 52                         │
│ sky130_fd_sc_hd__a32o                                                                                                           │ 31                         │
│ sky130_fd_sc_hd__a32oi                                                                                                          │ 8                          │
│ sky130_fd_sc_hd__a41o                                                                                                           │ 27                         │
│ sky130_fd_sc_hd__a41oi                                                                                                          │ 8                          │
│ sky130_fd_sc_hd__and2                                                                                                           │ 1827                       │
│ sky130_fd_sc_hd__and2b                                                                                                          │ 314                        │
│ sky130_fd_sc_hd__and3                                                                                                           │ 599                        │
│ sky130_fd_sc_hd__and3b                                                                                                          │ 64                         │
│ sky130_fd_sc_hd__and4                                                                                                           │ 192                        │
│ sky130_fd_sc_hd__and4b                                                                                                          │ 61                         │
│ sky130_fd_sc_hd__and4bb                                                                                                         │ 49                         │
│ sky130_fd_sc_hd__buf                                                                                                            │ 1039                       │
│ sky130_fd_sc_hd__bufinv                                                                                                         │ 26                         │
│ sky130_fd_sc_hd__clkbuf                                                                                                         │ 1418                       │
│ sky130_fd_sc_hd__clkinv                                                                                                         │ 58                         │
│ sky130_fd_sc_hd__clkinvlp                                                                                                       │ 18                         │
│ sky130_fd_sc_hd__decap                                                                                                          │ 13467                      │
│ sky130_fd_sc_hd__dfrtp                                                                                                          │ 739                        │
│ sky130_fd_sc_hd__dfxtp                                                                                                          │ 1772                       │
│ sky130_fd_sc_hd__diode                                                                                                          │ 429                        │
│ sky130_fd_sc_hd__dlygate4sd3                                                                                                    │ 1278                       │
│ sky130_fd_sc_hd__dlymetal6s2s                                                                                                   │ 47                         │
│ sky130_fd_sc_hd__fill                                                                                                           │ 11745                      │
│ sky130_fd_sc_hd__inv                                                                                                            │ 1635                       │
│ sky130_fd_sc_hd__mux2                                                                                                           │ 1649                       │
│ sky130_fd_sc_hd__mux4                                                                                                           │ 49                         │
│ sky130_fd_sc_hd__nand2                                                                                                          │ 1867                       │
│ sky130_fd_sc_hd__nand2b                                                                                                         │ 230                        │
│ sky130_fd_sc_hd__nand3                                                                                                          │ 198                        │
│ sky130_fd_sc_hd__nand3b                                                                                                         │ 33                         │
│ sky130_fd_sc_hd__nand4                                                                                                          │ 44                         │
│ sky130_fd_sc_hd__nand4b                                                                                                         │ 5                          │
│ sky130_fd_sc_hd__nor2                                                                                                           │ 1852                       │
│ sky130_fd_sc_hd__nor3                                                                                                           │ 74                         │
│ sky130_fd_sc_hd__nor3b                                                                                                          │ 14                         │
│ sky130_fd_sc_hd__nor4                                                                                                           │ 35                         │
│ sky130_fd_sc_hd__nor4b                                                                                                          │ 12                         │
│ sky130_fd_sc_hd__o2111a                                                                                                         │ 25                         │
│ sky130_fd_sc_hd__o2111ai                                                                                                        │ 14                         │
│ sky130_fd_sc_hd__o211a                                                                                                          │ 190                        │
│ sky130_fd_sc_hd__o211ai                                                                                                         │ 50                         │
│ sky130_fd_sc_hd__o21a                                                                                                           │ 831                        │
│ sky130_fd_sc_hd__o21ai                                                                                                          │ 339                        │
│ sky130_fd_sc_hd__o21ba                                                                                                          │ 134                        │
│ sky130_fd_sc_hd__o21bai                                                                                                         │ 62                         │
│ sky130_fd_sc_hd__o221a                                                                                                          │ 57                         │
│ sky130_fd_sc_hd__o221ai                                                                                                         │ 11                         │
│ sky130_fd_sc_hd__o22a                                                                                                           │ 183                        │
│ sky130_fd_sc_hd__o22ai                                                                                                          │ 19                         │
│ sky130_fd_sc_hd__o2bb2a                                                                                                         │ 83                         │
│ sky130_fd_sc_hd__o2bb2ai                                                                                                        │ 3                          │
│ sky130_fd_sc_hd__o311a                                                                                                          │ 52                         │
│ sky130_fd_sc_hd__o311ai                                                                                                         │ 20                         │
│ sky130_fd_sc_hd__o31a                                                                                                           │ 147                        │
│ sky130_fd_sc_hd__o31ai                                                                                                          │ 35                         │
│ sky130_fd_sc_hd__o32a                                                                                                           │ 42                         │
│ sky130_fd_sc_hd__o41a                                                                                                           │ 18                         │
│ sky130_fd_sc_hd__o41ai                                                                                                          │ 6                          │
│ sky130_fd_sc_hd__or2                                                                                                            │ 1315                       │
│ sky130_fd_sc_hd__or3                                                                                                            │ 347                        │
│ sky130_fd_sc_hd__or3b                                                                                                           │ 117                        │
│ sky130_fd_sc_hd__or4                                                                                                            │ 298                        │
│ sky130_fd_sc_hd__or4b                                                                                                           │ 97                         │
│ sky130_fd_sc_hd__or4bb                                                                                                          │ 27                         │
│ sky130_fd_sc_hd__tapvpwrvgnd                                                                                                    │ 7315                       │
│ sky130_fd_sc_hd__xnor2                                                                                                          │ 1628                       │
│ sky130_fd_sc_hd__xor2                                                                                                           │ 518                        │
└─────────────────────────────────────────────────────────────────────────────────────────────────────────────────────────────────┴────────────────────────────┘
