                                                                        Cells by Master                                                                         
┏━━━━━━━━━━━━━━━━━━━━━━━━━━━━━━━━━━━━━━━━━━━━━━━━━━━━━━━━━━━━━━━━━━━━━━━━━━━━━━━━━━━━━━━━━━━━━━━━━━━━━━━━━━━━━━━━━━━━━━━━━━━━━━━━━━┳━━━━━━━━━━━━━━━━━━━━━━━━━━━┓
┃ Cell                                                                                                                             ┃ Count                     ┃
┡━━━━━━━━━━━━━━━━━━━━━━━━━━━━━━━━━━━━━━━━━━━━━━━━━━━━━━━━━━━━━━━━━━━━━━━━━━━━━━━━━━━━━━━━━━━━━━━━━━━━━━━━━━━━━━━━━━━━━━━━━━━━━━━━━━╇━━━━━━━━━━━━━━━━━━━━━━━━━━━┩
│ sky130_ef_sc_hd__decap_12                                                                                                        │ 9841                      │
│ sky130_fd_sc_hd__a2111o_1                                                                                                        │ 44                        │
│ sky130_fd_sc_hd__a2111o_2                                                                                                        │ 9                         │
│ sky130_fd_sc_hd__a2111o_4                                                                                                        │ 6                         │
│ sky130_fd_sc_hd__a2111oi_1                                                                                                       │ 10                        │
│ sky130_fd_sc_hd__a2111oi_2                                                                                                       │ 6                         │
│ sky130_fd_sc_hd__a2111oi_4                                                                                                       │ 1                         │
│ sky130_fd_sc_hd__a211o_1                                                                                                         │ 669                       │
│ sky130_fd_sc_hd__a211o_2                                                                                                         │ 12                        │
│ sky130_fd_sc_hd__a211o_4                                                                                                         │ 1                         │
│ sky130_fd_sc_hd__a211oi_1                                                                                                        │ 36                        │
│ sky130_fd_sc_hd__a211oi_2                                                                                                        │ 19                        │
│ sky130_fd_sc_hd__a211oi_4                                                                                                        │ 11                        │
│ sky130_fd_sc_hd__a21bo_1                                                                                                         │ 201                       │
│ sky130_fd_sc_hd__a21boi_1                                                                                                        │ 127                       │
│ sky130_fd_sc_hd__a21boi_2                                                                                                        │ 8                         │
│ sky130_fd_sc_hd__a21o_1                                                                                                          │ 834                       │
│ sky130_fd_sc_hd__a21o_2                                                                                                          │ 11                        │
│ sky130_fd_sc_hd__a21o_4                                                                                                          │ 2                         │
│ sky130_fd_sc_hd__a21oi_1                                                                                                         │ 736                       │
│ sky130_fd_sc_hd__a21oi_2                                                                                                         │ 87                        │
│ sky130_fd_sc_hd__a21oi_4                                                                                                         │ 14                        │
│ sky130_fd_sc_hd__a221o_1                                                                                                         │ 232                       │
│ sky130_fd_sc_hd__a221o_2                                                                                                         │ 4                         │
│ sky130_fd_sc_hd__a221o_4                                                                                                         │ 2                         │
│ sky130_fd_sc_hd__a221oi_1                                                                                                        │ 4                         │
│ sky130_fd_sc_hd__a221oi_2                                                                                                        │ 7                         │
│ sky130_fd_sc_hd__a221oi_4                                                                                                        │ 6                         │
│ sky130_fd_sc_hd__a22o_1                                                                                                          │ 1176                      │
│ sky130_fd_sc_hd__a22o_2                                                                                                          │ 1                         │
│ sky130_fd_sc_hd__a22oi_1                                                                                                         │ 27                        │
│ sky130_fd_sc_hd__a22oi_2                                                                                                         │ 8                         │
│ sky130_fd_sc_hd__a22oi_4                                                                                                         │ 1                         │
│ sky130_fd_sc_hd__a2bb2o_1                                                                                                        │ 79                        │
│ sky130_fd_sc_hd__a2bb2o_2                                                                                                        │ 6                         │
│ sky130_fd_sc_hd__a2bb2oi_1                                                                                                       │ 3                         │
│ sky130_fd_sc_hd__a311o_1                                                                                                         │ 72                        │
│ sky130_fd_sc_hd__a311o_2                                                                                                         │ 3                         │
│ sky130_fd_sc_hd__a311oi_1                                                                                                        │ 7                         │
│ sky130_fd_sc_hd__a311oi_2                                                                                                        │ 10                        │
│ sky130_fd_sc_hd__a311oi_4                                                                                                        │ 5                         │
│ sky130_fd_sc_hd__a31o_1                                                                                                          │ 347                       │
│ sky130_fd_sc_hd__a31o_2                                                                                                          │ 6                         │
│ sky130_fd_sc_hd__a31o_4                                                                                                          │ 2                         │
│ sky130_fd_sc_hd__a31oi_1                                                                                                         │ 19                        │
│ sky130_fd_sc_hd__a31oi_2                                                                                                         │ 27                        │
│ sky130_fd_sc_hd__a31oi_4                                                                                                         │ 6                         │
│ sky130_fd_sc_hd__a32o_1                                                                                                          │ 30                        │
│ sky130_fd_sc_hd__a32o_2                                                                                                          │ 1                         │
│ sky130_fd_sc_hd__a32oi_2                                                                                                         │ 3                         │
│ sky130_fd_sc_hd__a32oi_4                                                                                                         │ 5                         │
│ sky130_fd_sc_hd__a41o_1                                                                                                          │ 21                        │
│ sky130_fd_sc_hd__a41o_2                                                                                                          │ 6                         │
│ sky130_fd_sc_hd__a41oi_1                                                                                                         │ 1                         │
│ sky130_fd_sc_hd__a41oi_2                                                                                                         │ 1                         │
│ sky130_fd_sc_hd__a41oi_4                                                                                                         │ 6                         │
│ sky130_fd_sc_hd__and2_1                                                                                                          │ 1803                      │
│ sky130_fd_sc_hd__and2_2                                                                                                          │ 21                        │
│ sky130_fd_sc_hd__and2_4                                                                                                          │ 3                         │
│ sky130_fd_sc_hd__and2b_1                                                                                                         │ 305                       │
│ sky130_fd_sc_hd__and2b_2                                                                                                         │ 8                         │
│ sky130_fd_sc_hd__and2b_4                                                                                                         │ 1                         │
│ sky130_fd_sc_hd__and3_1                                                                                                          │ 574                       │
│ sky130_fd_sc_hd__and3_2                                                                                                          │ 22                        │
│ sky130_fd_sc_hd__and3_4                                                                                                          │ 3                         │
│ sky130_fd_sc_hd__and3b_1                                                                                                         │ 52                        │
│ sky130_fd_sc_hd__and3b_2                                                                                                         │ 9                         │
│ sky130_fd_sc_hd__and3b_4                                                                                                         │ 3                         │
│ sky130_fd_sc_hd__and4_1                                                                                                          │ 165                       │
│ sky130_fd_sc_hd__and4_2                                                                                                          │ 23                        │
│ sky130_fd_sc_hd__and4_4                                                                                                          │ 4                         │
│ sky130_fd_sc_hd__and4b_1                                                                                                         │ 54                        │
│ sky130_fd_sc_hd__and4b_2                                                                                                         │ 5                         │
│ sky130_fd_sc_hd__and4b_4                                                                                                         │ 2                         │
│ sky130_fd_sc_hd__and4bb_1                                                                                                        │ 40                        │
│ sky130_fd_sc_hd__and4bb_2                                                                                                        │ 8                         │
│ sky130_fd_sc_hd__and4bb_4                                                                                                        │ 1                         │
│ sky130_fd_sc_hd__buf_1                                                                                                           │ 49                        │
│ sky130_fd_sc_hd__buf_2                                                                                                           │ 591                       │
│ sky130_fd_sc_hd__buf_4                                                                                                           │ 384                       │
│ sky130_fd_sc_hd__buf_6                                                                                                           │ 12                        │
│ sky130_fd_sc_hd__buf_8                                                                                                           │ 3                         │
│ sky130_fd_sc_hd__bufinv_16                                                                                                       │ 26                        │
│ sky130_fd_sc_hd__clkbuf_1                                                                                                        │ 95                        │
│ sky130_fd_sc_hd__clkbuf_16                                                                                                       │ 33                        │
│ sky130_fd_sc_hd__clkbuf_2                                                                                                        │ 315                       │
│ sky130_fd_sc_hd__clkbuf_4                                                                                                        │ 663                       │
│ sky130_fd_sc_hd__clkbuf_8                                                                                                        │ 312                       │
│ sky130_fd_sc_hd__clkinv_2                                                                                                        │ 22                        │
│ sky130_fd_sc_hd__clkinv_4                                                                                                        │ 16                        │
│ sky130_fd_sc_hd__clkinv_8                                                                                                        │ 20                        │
│ sky130_fd_sc_hd__clkinvlp_4                                                                                                      │ 18                        │
│ sky130_fd_sc_hd__decap_3                                                                                                         │ 3496                      │
│ sky130_fd_sc_hd__decap_4                                                                                                         │ 3484                      │
│ sky130_fd_sc_hd__decap_6                                                                                                         │ 3278                      │
│ sky130_fd_sc_hd__decap_8                                                                                                         │ 3209                      │
│ sky130_fd_sc_hd__dfrtp_1                                                                                                         │ 716                       │
│ sky130_fd_sc_hd__dfrtp_2                                                                                                         │ 11                        │
│ sky130_fd_sc_hd__dfrtp_4                                                                                                         │ 12                        │
│ sky130_fd_sc_hd__dfxtp_1                                                                                                         │ 1647                      │
│ sky130_fd_sc_hd__dfxtp_2                                                                                                         │ 95                        │
│ sky130_fd_sc_hd__dfxtp_4                                                                                                         │ 30                        │
│ sky130_fd_sc_hd__diode_2                                                                                                         │ 429                       │
│ sky130_fd_sc_hd__dlygate4sd3_1                                                                                                   │ 1278                      │
│ sky130_fd_sc_hd__dlymetal6s2s_1                                                                                                  │ 47                        │
│ sky130_fd_sc_hd__fill_1                                                                                                          │ 7899                      │
│ sky130_fd_sc_hd__fill_2                                                                                                          │ 3846                      │
│ sky130_fd_sc_hd__inv_12                                                                                                          │ 24                        │
│ sky130_fd_sc_hd__inv_16                                                                                                          │ 8                         │
│ sky130_fd_sc_hd__inv_2                                                                                                           │ 1534                      │
│ sky130_fd_sc_hd__inv_4                                                                                                           │ 1                         │
│ sky130_fd_sc_hd__inv_6                                                                                                           │ 37                        │
│ sky130_fd_sc_hd__inv_8                                                                                                           │ 31                        │
│ sky130_fd_sc_hd__mux2_1                                                                                                          │ 1482                      │
│ sky130_fd_sc_hd__mux2_2                                                                                                          │ 166                       │
│ sky130_fd_sc_hd__mux2_4                                                                                                          │ 1                         │
│ sky130_fd_sc_hd__mux4_1                                                                                                          │ 49                        │
│ sky130_fd_sc_hd__nand2_1                                                                                                         │ 1824                      │
│ sky130_fd_sc_hd__nand2_2                                                                                                         │ 36                        │
│ sky130_fd_sc_hd__nand2_4                                                                                                         │ 7                         │
│ sky130_fd_sc_hd__nand2b_1                                                                                                        │ 226                       │
│ sky130_fd_sc_hd__nand2b_2                                                                                                        │ 2                         │
│ sky130_fd_sc_hd__nand2b_4                                                                                                        │ 2                         │
│ sky130_fd_sc_hd__nand3_1                                                                                                         │ 190                       │
│ sky130_fd_sc_hd__nand3_2                                                                                                         │ 6                         │
│ sky130_fd_sc_hd__nand3_4                                                                                                         │ 2                         │
│ sky130_fd_sc_hd__nand3b_1                                                                                                        │ 27                        │
│ sky130_fd_sc_hd__nand3b_2                                                                                                        │ 2                         │
│ sky130_fd_sc_hd__nand3b_4                                                                                                        │ 4                         │
│ sky130_fd_sc_hd__nand4_1                                                                                                         │ 27                        │
│ sky130_fd_sc_hd__nand4_2                                                                                                         │ 15                        │
│ sky130_fd_sc_hd__nand4_4                                                                                                         │ 2                         │
│ sky130_fd_sc_hd__nand4b_1                                                                                                        │ 4                         │
│ sky130_fd_sc_hd__nand4b_2                                                                                                        │ 1                         │
│ sky130_fd_sc_hd__nor2_1                                                                                                          │ 1773                      │
│ sky130_fd_sc_hd__nor2_2                                                                                                          │ 55                        │
│ sky130_fd_sc_hd__nor2_4                                                                                                          │ 24                        │
│ sky130_fd_sc_hd__nor3_1                                                                                                          │ 64                        │
│ sky130_fd_sc_hd__nor3_2                                                                                                          │ 9                         │
│ sky130_fd_sc_hd__nor3_4                                                                                                          │ 1                         │
│ sky130_fd_sc_hd__nor3b_1                                                                                                         │ 12                        │
│ sky130_fd_sc_hd__nor3b_2                                                                                                         │ 2                         │
│ sky130_fd_sc_hd__nor4_1                                                                                                          │ 33                        │
│ sky130_fd_sc_hd__nor4_2                                                                                                          │ 2                         │
│ sky130_fd_sc_hd__nor4b_1                                                                                                         │ 11                        │
│ sky130_fd_sc_hd__nor4b_2                                                                                                         │ 1                         │
│ sky130_fd_sc_hd__o2111a_1                                                                                                        │ 21                        │
│ sky130_fd_sc_hd__o2111a_2                                                                                                        │ 3                         │
│ sky130_fd_sc_hd__o2111a_4                                                                                                        │ 1                         │
│ sky130_fd_sc_hd__o2111ai_1                                                                                                       │ 1                         │
│ sky130_fd_sc_hd__o2111ai_2                                                                                                       │ 4                         │
│ sky130_fd_sc_hd__o2111ai_4                                                                                                       │ 9                         │
│ sky130_fd_sc_hd__o211a_1                                                                                                         │ 181                       │
│ sky130_fd_sc_hd__o211a_2                                                                                                         │ 5                         │
│ sky130_fd_sc_hd__o211a_4                                                                                                         │ 4                         │
│ sky130_fd_sc_hd__o211ai_1                                                                                                        │ 30                        │
│ sky130_fd_sc_hd__o211ai_2                                                                                                        │ 17                        │
│ sky130_fd_sc_hd__o211ai_4                                                                                                        │ 3                         │
│ sky130_fd_sc_hd__o21a_1                                                                                                          │ 823                       │
│ sky130_fd_sc_hd__o21a_2                                                                                                          │ 6                         │
│ sky130_fd_sc_hd__o21a_4                                                                                                          │ 2                         │
│ sky130_fd_sc_hd__o21ai_1                                                                                                         │ 310                       │
│ sky130_fd_sc_hd__o21ai_2                                                                                                         │ 26                        │
│ sky130_fd_sc_hd__o21ai_4                                                                                                         │ 3                         │
│ sky130_fd_sc_hd__o21ba_1                                                                                                         │ 133                       │
│ sky130_fd_sc_hd__o21ba_2                                                                                                         │ 1                         │
│ sky130_fd_sc_hd__o21bai_1                                                                                                        │ 53                        │
│ sky130_fd_sc_hd__o21bai_2                                                                                                        │ 7                         │
│ sky130_fd_sc_hd__o21bai_4                                                                                                        │ 2                         │
│ sky130_fd_sc_hd__o221a_1                                                                                                         │ 53                        │
│ sky130_fd_sc_hd__o221a_2                                                                                                         │ 4                         │
│ sky130_fd_sc_hd__o221ai_1                                                                                                        │ 2                         │
│ sky130_fd_sc_hd__o221ai_2                                                                                                        │ 2                         │
│ sky130_fd_sc_hd__o221ai_4                                                                                                        │ 7                         │
│ sky130_fd_sc_hd__o22a_1                                                                                                          │ 173                       │
│ sky130_fd_sc_hd__o22a_2                                                                                                          │ 10                        │
│ sky130_fd_sc_hd__o22ai_1                                                                                                         │ 13                        │
│ sky130_fd_sc_hd__o22ai_2                                                                                                         │ 4                         │
│ sky130_fd_sc_hd__o22ai_4                                                                                                         │ 2                         │
│ sky130_fd_sc_hd__o2bb2a_1                                                                                                        │ 75                        │
│ sky130_fd_sc_hd__o2bb2a_2                                                                                                        │ 8                         │
│ sky130_fd_sc_hd__o2bb2ai_1                                                                                                       │ 3                         │
│ sky130_fd_sc_hd__o311a_1                                                                                                         │ 51                        │
│ sky130_fd_sc_hd__o311a_2                                                                                                         │ 1                         │
│ sky130_fd_sc_hd__o311ai_1                                                                                                        │ 3                         │
│ sky130_fd_sc_hd__o311ai_2                                                                                                        │ 10                        │
│ sky130_fd_sc_hd__o311ai_4                                                                                                        │ 7                         │
│ sky130_fd_sc_hd__o31a_1                                                                                                          │ 137                       │
│ sky130_fd_sc_hd__o31a_2                                                                                                          │ 9                         │
│ sky130_fd_sc_hd__o31a_4                                                                                                          │ 1                         │
│ sky130_fd_sc_hd__o31ai_1                                                                                                         │ 21                        │
│ sky130_fd_sc_hd__o31ai_2                                                                                                         │ 8                         │
│ sky130_fd_sc_hd__o31ai_4                                                                                                         │ 6                         │
│ sky130_fd_sc_hd__o32a_1                                                                                                          │ 39                        │
│ sky130_fd_sc_hd__o32a_2                                                                                                          │ 3                         │
│ sky130_fd_sc_hd__o41a_1                                                                                                          │ 17                        │
│ sky130_fd_sc_hd__o41a_2                                                                                                          │ 1                         │
│ sky130_fd_sc_hd__o41ai_1                                                                                                         │ 1                         │
│ sky130_fd_sc_hd__o41ai_2                                                                                                         │ 3                         │
│ sky130_fd_sc_hd__o41ai_4                                                                                                         │ 2                         │
│ sky130_fd_sc_hd__or2_1                                                                                                           │ 1264                      │
│ sky130_fd_sc_hd__or2_2                                                                                                           │ 38                        │
│ sky130_fd_sc_hd__or2_4                                                                                                           │ 13                        │
│ sky130_fd_sc_hd__or3_1                                                                                                           │ 293                       │
│ sky130_fd_sc_hd__or3_2                                                                                                           │ 36                        │
│ sky130_fd_sc_hd__or3_4                                                                                                           │ 18                        │
│ sky130_fd_sc_hd__or3b_1                                                                                                          │ 104                       │
│ sky130_fd_sc_hd__or3b_2                                                                                                          │ 11                        │
│ sky130_fd_sc_hd__or3b_4                                                                                                          │ 2                         │
│ sky130_fd_sc_hd__or4_1                                                                                                           │ 260                       │
│ sky130_fd_sc_hd__or4_2                                                                                                           │ 33                        │
│ sky130_fd_sc_hd__or4_4                                                                                                           │ 5                         │
│ sky130_fd_sc_hd__or4b_1                                                                                                          │ 82                        │
│ sky130_fd_sc_hd__or4b_2                                                                                                          │ 10                        │
│ sky130_fd_sc_hd__or4b_4                                                                                                          │ 5                         │
│ sky130_fd_sc_hd__or4bb_1                                                                                                         │ 19                        │
│ sky130_fd_sc_hd__or4bb_2                                                                                                         │ 7                         │
│ sky130_fd_sc_hd__or4bb_4                                                                                                         │ 1                         │
│ sky130_fd_sc_hd__tapvpwrvgnd_1                                                                                                   │ 7315                      │
│ sky130_fd_sc_hd__xnor2_1                                                                                                         │ 1396                      │
│ sky130_fd_sc_hd__xnor2_2                                                                                                         │ 192                       │
│ sky130_fd_sc_hd__xnor2_4                                                                                                         │ 40                        │
│ sky130_fd_sc_hd__xor2_1                                                                                                          │ 448                       │
│ sky130_fd_sc_hd__xor2_2                                                                                                          │ 51                        │
│ sky130_fd_sc_hd__xor2_4                                                                                                          │ 19                        │
└──────────────────────────────────────────────────────────────────────────────────────────────────────────────────────────────────┴───────────────────────────┘
