Clock: clk
Sources: clk 
Generated: no
Virtual: yes
Propagated: no
Period: 1000.000000

===========================================================================
report_clock_properties
============================================================================
Clock                   Period          Waveform
----------------------------------------------------
clk                 1000.000000    0.000000500.000000

===========================================================================
report_clock_latency
============================================================================
Clock clk
rise -> rise
    min     max
0.000000 0.000000 source latency
1.358821         network latency _46285_/CLK
        1.648001 network latency _46167_/CLK
---------------
1.358821 1.648001 latency
        0.289180 skew

fall -> fall
    min     max
0.000000 0.000000 source latency
1.061665         network latency _46285_/CLK
        1.317062 network latency _46167_/CLK
---------------
1.061665 1.317062 latency
        0.255397 skew



===========================================================================
report_clock_min_period
============================================================================
clk period_min = 173.05 fmax = 5.78
