Reading OpenROAD database at '/home/niko_tambornini/EE531/my_designs/FPU_32_Bit/runs/RUN_2026-03-12_00-49-12/20-openroad-generatepdn/FP32_Div.odb'…
Reading library file at '/home/niko_tambornini/.ciel/ciel/sky130/versions/0fe599b2afb6708d281543108caf8310912f54af/sky130A/libs.ref/sky130_fd_sc_hd/lib/sky130_fd_sc_hd__tt_025C_1v80.lib'…
Reading design constraints file at '/nix/store/svkrfkkpaij5qb9xjbcwfymcd4s8hczv-python3-3.11.9-env/lib/python3.11/site-packages/librelane/scripts/base.sdc'…
[INFO] Using clock clk…
[INFO] Setting output delay to: 5
[INFO] Setting input delay to: 5
[INFO] Setting load to: 0.033442
[INFO] Setting clock uncertainty to: 0.25
[INFO] Setting clock transition to: 0.1499999999999999944488848768742172978818416595458984375
[INFO] Setting timing derate to: 5%
+ global_placement -density 0.619519 -skip_io -pad_right 0 -pad_left 0 -init_wirelength_coef 0.25
[INFO GPL-0002] DBU: 1000
[INFO GPL-0003] SiteSize: (  0.460  2.720 ) um
[INFO GPL-0004] CoreBBox: (  5.520 10.880 ) ( 546.020 549.440 ) um
[INFO GPL-0006] NumInstances:             19906
[INFO GPL-0007] NumPlaceInstances:        15410
[INFO GPL-0008] NumFixedInstances:         4496
[INFO GPL-0009] NumDummyInstances:            0
[INFO GPL-0010] NumNets:                  15475
[INFO GPL-0011] NumPins:                  56441
[INFO GPL-0012] DieBBox:  (  0.000  0.000 ) ( 551.590 562.310 ) um
[INFO GPL-0013] CoreBBox: (  5.520 10.880 ) ( 546.020 549.440 ) um
[INFO GPL-0016] CoreArea:            291091.680 um^2
[INFO GPL-0017] NonPlaceInstsArea:     6616.346 um^2
[INFO GPL-0018] PlaceInstsArea:      146097.619 um^2
[INFO GPL-0019] Util:                    51.357 %
[INFO GPL-0020] StdInstsArea:        146097.619 um^2
[INFO GPL-0021] MacroInstsArea:           0.000 um^2
[INFO GPL-0031] FillerInit:NumGCells:     18645
[INFO GPL-0032] FillerInit:NumGNets:      15475
[INFO GPL-0033] FillerInit:NumGPins:      56441
[INFO GPL-0023] TargetDensity:            0.620
[INFO GPL-0024] AvrgPlaceInstArea:        9.481 um^2
[INFO GPL-0025] IdealBinArea:            15.303 um^2
[INFO GPL-0026] IdealBinCnt:              19021
[INFO GPL-0027] TotalBinArea:        291091.680 um^2
[INFO GPL-0028] BinCnt:       128    128
[INFO GPL-0029] BinSize: (  4.223  4.208 )
[INFO GPL-0030] NumBins: 16384
[NesterovSolve] Iter:    1 overflow: 0.999 HPWL: 35139463
[NesterovSolve] Iter:   10 overflow: 0.999 HPWL: 25063291
[NesterovSolve] Iter:   20 overflow: 0.999 HPWL: 24847474
[NesterovSolve] Iter:   30 overflow: 0.999 HPWL: 24751157
[NesterovSolve] Iter:   40 overflow: 0.999 HPWL: 24716825
[NesterovSolve] Iter:   50 overflow: 0.999 HPWL: 24707883
[NesterovSolve] Iter:   60 overflow: 0.998 HPWL: 24704083
[NesterovSolve] Iter:   70 overflow: 0.998 HPWL: 24700854
[NesterovSolve] Iter:   80 overflow: 0.998 HPWL: 24708171
[NesterovSolve] Iter:   90 overflow: 0.998 HPWL: 24746196
[NesterovSolve] Iter:  100 overflow: 0.998 HPWL: 24879603
[NesterovSolve] Iter:  110 overflow: 0.998 HPWL: 25287532
[NesterovSolve] Iter:  120 overflow: 0.997 HPWL: 26261001
[NesterovSolve] Iter:  130 overflow: 0.996 HPWL: 28231463
[NesterovSolve] Iter:  140 overflow: 0.993 HPWL: 31879345
[NesterovSolve] Iter:  150 overflow: 0.991 HPWL: 37301668
[NesterovSolve] Iter:  160 overflow: 0.987 HPWL: 44037926
[NesterovSolve] Iter:  170 overflow: 0.982 HPWL: 51814613
[NesterovSolve] Iter:  180 overflow: 0.976 HPWL: 60811374
[NesterovSolve] Iter:  190 overflow: 0.966 HPWL: 71588963
[NesterovSolve] Iter:  200 overflow: 0.953 HPWL: 85221786
[NesterovSolve] Iter:  210 overflow: 0.934 HPWL: 102164053
[NesterovSolve] Iter:  220 overflow: 0.909 HPWL: 121299193
[NesterovSolve] Iter:  230 overflow: 0.879 HPWL: 141164161
[NesterovSolve] Iter:  240 overflow: 0.846 HPWL: 160312588
[NesterovSolve] Iter:  250 overflow: 0.810 HPWL: 179077146
[NesterovSolve] Iter:  260 overflow: 0.770 HPWL: 197759807
[NesterovSolve] Iter:  270 overflow: 0.728 HPWL: 216220542
[NesterovSolve] Iter:  280 overflow: 0.678 HPWL: 233206925
[NesterovSolve] Iter:  290 overflow: 0.641 HPWL: 245751125
[NesterovSolve] Iter:  300 overflow: 0.606 HPWL: 255595487
[NesterovSolve] Iter:  310 overflow: 0.565 HPWL: 268997161
[NesterovSolve] Iter:  320 overflow: 0.522 HPWL: 282507453
[NesterovSolve] Iter:  330 overflow: 0.484 HPWL: 291715353
[NesterovSolve] Iter:  340 overflow: 0.452 HPWL: 297786380
[NesterovSolve] Iter:  350 overflow: 0.422 HPWL: 296010519
[NesterovSolve] Iter:  360 overflow: 0.388 HPWL: 298649669
[NesterovSolve] Iter:  370 overflow: 0.353 HPWL: 299023652
[NesterovSolve] Iter:  380 overflow: 0.325 HPWL: 299384978
[NesterovSolve] Iter:  390 overflow: 0.296 HPWL: 299382036
[NesterovSolve] Iter:  400 overflow: 0.269 HPWL: 299200594
[NesterovSolve] Iter:  410 overflow: 0.240 HPWL: 299839077
[NesterovSolve] Iter:  420 overflow: 0.213 HPWL: 300468319
[NesterovSolve] Iter:  430 overflow: 0.185 HPWL: 301381159
[NesterovSolve] Iter:  440 overflow: 0.160 HPWL: 302693222
[NesterovSolve] Iter:  450 overflow: 0.139 HPWL: 303916788
[NesterovSolve] Iter:  460 overflow: 0.119 HPWL: 304731133
[NesterovSolve] Iter:  470 overflow: 0.101 HPWL: 305970128
[NesterovSolve] Finished with Overflow: 0.099863
[INFO] Setting RC values…
Setting global connections for newly added cells…
[INFO] Setting global connections...
Updating metrics…
Cell type report:                       Count       Area
  Fill cell                               396    1486.43
  Tap cell                               4100    5129.92
  Buffer                                   46     172.67
  Inverter                                689    2586.23
  Sequential cell                         271    5764.28
  Multi-Input combinational cell        14404  137574.44
  Total                                 19906  152713.96
Writing OpenROAD database to '/home/niko_tambornini/EE531/my_designs/FPU_32_Bit/runs/RUN_2026-03-12_00-49-12/23-openroad-globalplacementskipio/FP32_Div.odb'…
Writing netlist to '/home/niko_tambornini/EE531/my_designs/FPU_32_Bit/runs/RUN_2026-03-12_00-49-12/23-openroad-globalplacementskipio/FP32_Div.nl.v'…
Writing powered netlist to '/home/niko_tambornini/EE531/my_designs/FPU_32_Bit/runs/RUN_2026-03-12_00-49-12/23-openroad-globalplacementskipio/FP32_Div.pnl.v'…
Writing layout to '/home/niko_tambornini/EE531/my_designs/FPU_32_Bit/runs/RUN_2026-03-12_00-49-12/23-openroad-globalplacementskipio/FP32_Div.def'…
Writing timing constraints to '/home/niko_tambornini/EE531/my_designs/FPU_32_Bit/runs/RUN_2026-03-12_00-49-12/23-openroad-globalplacementskipio/FP32_Div.sdc'…
