Clock: clk
Sources: clk 
Generated: no
Virtual: no
Propagated: no
Period: 25.000000

===========================================================================
report_clock_properties
============================================================================
Clock                   Period          Waveform
----------------------------------------------------
clk                  25.000000    0.000000 12.500000

===========================================================================
report_clock_latency
============================================================================
Clock clk
rise -> rise
    min     max
0.000000 0.000000 source latency
1.236116         network latency _30278_/CLK
        1.236116 network latency _30278_/CLK
---------------
1.236116 1.236116 latency
        0.000000 skew

fall -> fall
    min     max
0.000000 0.000000 source latency
0.525019         network latency _30278_/CLK
        0.525019 network latency _30278_/CLK
---------------
0.525019 0.525019 latency
        0.000000 skew



===========================================================================
report_clock_min_period
============================================================================
clk period_min = 102.35 fmax = 9.77
