
===========================================================================
 report_power
============================================================================
======================= nom_ff_n40C_1v95 Corner ===================================

Group                    Internal    Switching      Leakage        Total
                            Power        Power        Power        Power (Watts)
------------------------------------------------------------------------
Sequential           6.509922e-04 1.816526e-04 4.762900e-09 8.326496e-04   0.0%
Combinational        8.451865e+01 7.946142e+01 1.411915e-07 1.639801e+02 100.0%
Clock                0.000000e+00 0.000000e+00 0.000000e+00 0.000000e+00   0.0%
Macro                0.000000e+00 0.000000e+00 0.000000e+00 0.000000e+00   0.0%
Pad                  0.000000e+00 0.000000e+00 0.000000e+00 0.000000e+00   0.0%
------------------------------------------------------------------------
Total                8.451875e+01 7.946142e+01 1.459541e-07 1.639802e+02 100.0%
                            51.5%        48.5%         0.0%

