
===========================================================================
Violator List
============================================================================
[hold reg-reg] _30545_/Q -> _30334_/D : -0.024497
[hold reg-reg] _30390_/Q -> _30441_/D : -0.024497
[hold reg-reg] _30441_/Q -> _30517_/D : -0.024497
[hold reg-reg] _30517_/Q -> _30545_/D : -0.024497
[hold reg-reg] _30392_/Q -> _30443_/D : -0.019179
[hold reg-reg] _30393_/Q -> _30444_/D : -0.018489
[hold reg-reg] _30391_/Q -> _30442_/D : -0.018366
[hold reg-reg] _30443_/Q -> _30519_/D : -0.004734
[hold reg-reg] _30519_/Q -> _30547_/D : -0.004734
[hold reg-reg] _30444_/Q -> _30520_/D : -0.004461
[hold reg-reg] _30520_/Q -> _30548_/D : -0.004461
[hold reg-reg] _30442_/Q -> _30518_/D : -0.004123
[hold reg-reg] _30518_/Q -> _30546_/D : -0.004123
[setup reg-reg] _30420_/Q -> _30453_/D : -77.353752
[setup reg-reg] _30420_/Q -> _30454_/D : -76.029007
[setup reg-reg] _30420_/Q -> _30455_/D : -74.109329
[setup reg-reg] _30420_/Q -> _30456_/D : -72.026863
[setup reg-reg] _30420_/Q -> _30457_/D : -70.537468
[setup reg-reg] _30420_/Q -> _30458_/D : -68.421844
[setup reg-reg] _30420_/Q -> _30459_/D : -66.369400
[setup reg-reg] _30420_/Q -> _30460_/D : -64.617195
[setup reg-reg] _30420_/Q -> _30461_/D : -62.946728
[setup reg-reg] _30420_/Q -> _30462_/D : -61.269135
[setup reg-reg] _30420_/Q -> _30463_/D : -59.556904
[setup reg-reg] _30420_/Q -> _30464_/D : -58.091511
[setup reg-reg] _30420_/Q -> _30465_/D : -56.581215
[setup reg-reg] _30420_/Q -> _30466_/D : -54.757408
[setup reg-reg] _30420_/Q -> _30467_/D : -52.967468
[setup reg-reg] _30420_/Q -> _30468_/D : -51.279785
[setup reg-reg] _30420_/Q -> _30469_/D : -49.592693
[setup reg-reg] _30420_/Q -> _30470_/D : -48.292484
[setup reg-reg] _30420_/Q -> _30471_/D : -46.320431
[setup reg-reg] _30420_/Q -> _30472_/D : -44.477730
[setup reg-reg] _30420_/Q -> _30473_/D : -42.603214
[setup reg-reg] _30420_/Q -> _30474_/D : -40.934235
[setup reg-reg] _30420_/Q -> _30475_/D : -39.359337
[setup reg-reg] _30420_/Q -> _30476_/D : -37.575546
[setup reg-reg] _30420_/Q -> _30477_/D : -35.974880
[setup reg-reg] _30420_/Q -> _30478_/D : -34.483604
[setup reg-reg] _30420_/Q -> _30479_/D : -32.755878
[setup reg-reg] _30420_/Q -> _30480_/D : -31.241371
[setup reg-reg] _30420_/Q -> _30481_/D : -29.469915
[setup reg-reg] _30420_/Q -> _30482_/D : -27.545765
[setup reg-reg] _30420_/Q -> _30483_/D : -25.829456
[setup reg-reg] _30420_/Q -> _30484_/D : -24.437092
[setup reg-reg] _30420_/Q -> _30485_/D : -22.842520
[setup reg-reg] _30420_/Q -> _30486_/D : -21.167728
[setup reg-reg] _30420_/Q -> _30487_/D : -19.155617
[setup reg-reg] _30420_/Q -> _30488_/D : -17.101448
[setup reg-reg] _30420_/Q -> _30489_/D : -15.578876
[setup reg-reg] _30420_/Q -> _30490_/D : -13.932224
[setup reg-reg] _30420_/Q -> _30491_/D : -12.570388
[setup reg-reg] _30420_/Q -> _30492_/D : -10.951093
[setup reg-reg] _30420_/Q -> _30493_/D : -9.569787
[setup reg-reg] _30420_/Q -> _30494_/D : -8.106051
[setup reg-reg] _30420_/Q -> _30495_/D : -6.353750
[setup reg-reg] _30420_/Q -> _30496_/D : -4.584416
[setup reg-reg] _30420_/Q -> _30497_/D : -2.727381
[setup reg-reg] _30420_/Q -> _30498_/D : -0.709351
