┏━━━━━━━┳━━━━━━━━━┳━━━━━━━━━━┳━━━━━━━━━━━━━━━━━━━━━━━━━━━━━━━━━━━━━┳━━━━━━━━━━━━━━┳━━━━━━━┓
┃ P / R ┃ Partial ┃ Required ┃ Net                                 ┃ Pin          ┃ Layer ┃
┡━━━━━━━╇━━━━━━━━━╇━━━━━━━━━━╇━━━━━━━━━━━━━━━━━━━━━━━━━━━━━━━━━━━━━╇━━━━━━━━━━━━━━╇━━━━━━━┩
│ 3.44  │ 1376.94 │ 400.00   │ add_mantisa[19\]                    │ _26062_/A1   │ met3  │
│ 3.41  │ 1365.69 │ 400.00   │ _21638_                             │ fanout657/A  │ met3  │
│ 3.21  │ 1284.75 │ 400.00   │ divider_instance.mantisaBshift[16\] │ fanout1445/A │ met3  │
│ 3.11  │ 1244.06 │ 400.00   │ reorder_buf_instance.value2[0\]     │ fanout1855/A │ met3  │
│ 2.97  │ 1189.58 │ 400.00   │ _17727_                             │ fanout561/A  │ met3  │
│ 2.94  │ 1177.70 │ 400.00   │ _16552_                             │ _41233_/B1   │ met3  │
│ 2.90  │ 1159.56 │ 400.00   │ net7                                │ _27630_/A    │ met3  │
│ 2.83  │ 1133.41 │ 400.00   │ reorder_buf_instance.value2[3\]     │ fanout1849/A │ met3  │
│ 2.49  │ 994.81  │ 400.00   │ net1553                             │ _31802_/A    │ met3  │
│ 2.28  │ 910.54  │ 400.00   │ reorder_buf_instance.value0[12\]    │ fanout1959/A │ met3  │
│ 2.02  │ 806.14  │ 400.00   │ net1767                             │ _22311_/B    │ met1  │
│ 1.91  │ 763.64  │ 400.00   │ _18373_                             │ _39460_/A1   │ met2  │
│ 1.87  │ 749.86  │ 400.00   │ net891                              │ fanout890/A  │ met3  │
│ 1.87  │ 747.64  │ 400.00   │ net601                              │ fanout598/A  │ met3  │
│ 1.86  │ 743.53  │ 400.00   │ _21638_                             │ fanout656/A  │ met3  │
│ 1.73  │ 691.04  │ 400.00   │ net744                              │ fanout743/A  │ met3  │
│ 1.66  │ 663.47  │ 400.00   │ reorder_buf_instance.value0[9\]     │ fanout1965/A │ met4  │
│ 1.62  │ 648.57  │ 400.00   │ _03655_                             │ _39637_/A    │ met3  │
│ 1.62  │ 648.37  │ 400.00   │ add_mantisa[9\]                     │ _26042_/A1   │ met3  │
│ 1.60  │ 641.50  │ 400.00   │ _18380_                             │ fanout1226/A │ met2  │
│ 1.59  │ 634.14  │ 400.00   │ net1055                             │ fanout1050/A │ met3  │
│ 1.58  │ 633.39  │ 400.00   │ reorder_buf_instance.value1[29\]    │ _26145_/A0   │ met1  │
│ 1.57  │ 629.07  │ 400.00   │ net900                              │ _27763_/A2   │ met3  │
│ 1.53  │ 613.38  │ 400.00   │ _02730_                             │ fanout862/A  │ met3  │
│ 1.52  │ 609.25  │ 400.00   │ net1762                             │ _22343_/B    │ met1  │
│ 1.52  │ 607.87  │ 400.00   │ net1632                             │ _39047_/A    │ met3  │
│ 1.42  │ 569.97  │ 400.00   │ _04567_                             │ _39703_/A1   │ met2  │
│ 1.41  │ 563.72  │ 400.00   │ net850                              │ _26950_/A2   │ met3  │
│ 1.39  │ 554.56  │ 400.00   │ net1112                             │ fanout1107/A │ met4  │
│ 1.39  │ 554.56  │ 400.00   │ net1112                             │ fanout1109/A │ met4  │
│ 1.39  │ 554.56  │ 400.00   │ net1112                             │ fanout1110/A │ met4  │
│ 1.39  │ 554.56  │ 400.00   │ net1112                             │ fanout1111/A │ met4  │
│ 1.38  │ 552.79  │ 400.00   │ _17726_                             │ fanout563/A  │ met3  │
│ 1.29  │ 516.06  │ 400.00   │ net1474                             │ _27883_/A1   │ met2  │
│ 1.27  │ 508.04  │ 400.00   │ net1169                             │ _33795_/A    │ met2  │
│ 1.27  │ 508.04  │ 400.00   │ net1169                             │ _33797_/A    │ met2  │
│ 1.26  │ 502.97  │ 400.00   │ net1748                             │ _22473_/B    │ met1  │
│ 1.25  │ 499.78  │ 400.00   │ _17725_                             │ fanout566/A  │ met3  │
│ 1.25  │ 499.72  │ 400.00   │ reorder_buf_instance.value0[17\]    │ fanout1948/A │ met3  │
│ 1.25  │ 498.20  │ 400.00   │ net641                              │ fanout640/A  │ met3  │
│ 1.24  │ 495.85  │ 400.00   │ reorder_buf_instance.value0[16\]    │ fanout1950/A │ met3  │
│ 1.23  │ 491.86  │ 400.00   │ net1721                             │ _22684_/B    │ met2  │
│ 1.22  │ 488.76  │ 400.00   │ net1752                             │ _22438_/B    │ met2  │
│ 1.22  │ 488.76  │ 400.00   │ net1752                             │ _22444_/B    │ met2  │
│ 1.20  │ 481.76  │ 400.00   │ net823                              │ _26980_/B1   │ met3  │
│ 1.20  │ 481.76  │ 400.00   │ net823                              │ _26986_/B1   │ met3  │
│ 1.20  │ 481.42  │ 400.00   │ net829                              │ _26871_/B    │ met1  │
│ 1.20  │ 481.29  │ 400.00   │ add_mantisa[12\]                    │ _26279_/A1   │ met2  │
│ 1.19  │ 474.97  │ 400.00   │ net1779                             │ _22235_/B    │ met1  │
│ 1.19  │ 474.11  │ 400.00   │ net1138                             │ fanout1134/A │ met3  │
│ 1.19  │ 474.11  │ 400.00   │ net1138                             │ fanout1136/A │ met3  │
│ 1.17  │ 466.08  │ 400.00   │ multiplier_instance.PPG.B[0\]       │ _22764_/B    │ met1  │
│ 1.16  │ 464.44  │ 400.00   │ mult_mantisa[16\]                   │ _26119_/A1   │ met3  │
│ 1.16  │ 462.40  │ 400.00   │ add_mantisa[8\]                     │ _26040_/A1   │ met2  │
│ 1.16  │ 462.40  │ 400.00   │ add_mantisa[8\]                     │ _26275_/A1   │ met2  │
│ 1.15  │ 459.67  │ 400.00   │ net950                              │ _41219_/A1   │ met3  │
│ 1.13  │ 452.23  │ 400.00   │ _17727_                             │ fanout558/A  │ met3  │
│ 1.10  │ 438.08  │ 400.00   │ _08853_                             │ _33207_/C    │ met1  │
│ 1.09  │ 437.07  │ 400.00   │ _18388_                             │ fanout1175/A │ met2  │
│ 1.09  │ 435.42  │ 400.00   │ net350                              │ _39693_/A1   │ met2  │
│ 1.09  │ 434.28  │ 400.00   │ net1639                             │ _39047_/B    │ met1  │
│ 1.08  │ 431.75  │ 400.00   │ _02701_                             │ fanout874/A  │ met2  │
│ 1.08  │ 431.58  │ 400.00   │ net1471                             │ fanout1468/A │ met3  │
│ 1.08  │ 430.86  │ 400.00   │ net339                              │ _39690_/A1   │ met2  │
│ 1.07  │ 427.11  │ 400.00   │ net1679                             │ _22587_/A    │ met1  │
│ 1.06  │ 425.20  │ 400.00   │ net895                              │ _26784_/A2   │ met3  │
│ 1.06  │ 425.20  │ 400.00   │ net895                              │ fanout894/A  │ met3  │
│ 1.06  │ 422.30  │ 400.00   │ net605                              │ _42434_/C1   │ met3  │
│ 1.05  │ 420.75  │ 400.00   │ _02795_                             │ fanout840/A  │ met3  │
│ 1.05  │ 420.75  │ 400.00   │ _02795_                             │ fanout842/A  │ met3  │
│ 1.05  │ 418.33  │ 400.00   │ _02793_                             │ fanout703/A  │ met3  │
│ 1.04  │ 416.47  │ 400.00   │ net1399                             │ _29983_/A    │ met1  │
│ 1.03  │ 413.67  │ 400.00   │ net710                              │ _25897_/A2   │ met3  │
│ 1.02  │ 407.76  │ 400.00   │ net1770                             │ _22304_/B    │ met2  │
│ 1.02  │ 407.76  │ 400.00   │ net1770                             │ _22305_/B    │ met2  │
│ 1.02  │ 407.50  │ 400.00   │ add_mantisa[13\]                    │ _26050_/A1   │ met3  │
│ 1.01  │ 403.17  │ 400.00   │ net1672                             │ _22637_/A    │ met1  │
└───────┴─────────┴──────────┴─────────────────────────────────────┴──────────────┴───────┘
