Reading technology LEF file at '/home/niko_tambornini/.ciel/ciel/sky130/versions/0fe599b2afb6708d281543108caf8310912f54af/sky130A/libs.ref/sky130_fd_sc_hd/techlef/sky130_fd_sc_hd__max.tlef'…
[INFO ODB-0227] LEF file: /home/niko_tambornini/.ciel/ciel/sky130/versions/0fe599b2afb6708d281543108caf8310912f54af/sky130A/libs.ref/sky130_fd_sc_hd/techlef/sky130_fd_sc_hd__max.tlef, created 14 layers, 25 vias
Reading cell LEF file at '/home/niko_tambornini/.ciel/ciel/sky130/versions/0fe599b2afb6708d281543108caf8310912f54af/sky130A/libs.ref/sky130_fd_sc_hd/lef/sky130_fd_sc_hd.lef'…
[WARNING ODB-0220] WARNING (LEFPARS-2008): NOWIREEXTENSIONATPIN statement is obsolete in version 5.6 or later.
The NOWIREEXTENSIONATPIN statement will be ignored. See file /home/niko_tambornini/.ciel/ciel/sky130/versions/0fe599b2afb6708d281543108caf8310912f54af/sky130A/libs.ref/sky130_fd_sc_hd/lef/sky130_fd_sc_hd.lef at line 2.

[INFO ODB-0227] LEF file: /home/niko_tambornini/.ciel/ciel/sky130/versions/0fe599b2afb6708d281543108caf8310912f54af/sky130A/libs.ref/sky130_fd_sc_hd/lef/sky130_fd_sc_hd.lef, created 437 library cells
Reading cell LEF file at '/home/niko_tambornini/.ciel/ciel/sky130/versions/0fe599b2afb6708d281543108caf8310912f54af/sky130A/libs.ref/sky130_fd_sc_hd/lef/sky130_ef_sc_hd.lef'…
[WARNING ODB-0220] WARNING (LEFPARS-2008): NOWIREEXTENSIONATPIN statement is obsolete in version 5.6 or later.
The NOWIREEXTENSIONATPIN statement will be ignored. See file /home/niko_tambornini/.ciel/ciel/sky130/versions/0fe599b2afb6708d281543108caf8310912f54af/sky130A/libs.ref/sky130_fd_sc_hd/lef/sky130_ef_sc_hd.lef at line 2.

[INFO ODB-0227] LEF file: /home/niko_tambornini/.ciel/ciel/sky130/versions/0fe599b2afb6708d281543108caf8310912f54af/sky130A/libs.ref/sky130_fd_sc_hd/lef/sky130_ef_sc_hd.lef, created 4 library cells
[INFO ODB-0127] Reading DEF file: /home/niko_tambornini/EE531/my_designs/FPU_32_Bit/runs/RUN_2026-03-12_00-49-12/52-odb-cellfrequencytables/FP32_Div.def
[INFO ODB-0128] Design: FP32_Div
[INFO ODB-0130]     Created 99 pins.
[INFO ODB-0131]     Created 42413 components and 220583 component-terminals.
[INFO ODB-0132]     Created 2 special nets and 161452 connections.
[INFO ODB-0133]     Created 16712 nets and 59093 connections.
[INFO ODB-0134] Finished DEF file: /home/niko_tambornini/EE531/my_designs/FPU_32_Bit/runs/RUN_2026-03-12_00-49-12/52-odb-cellfrequencytables/FP32_Div.def
Using RCX ruleset '/home/niko_tambornini/.ciel/ciel/sky130/versions/0fe599b2afb6708d281543108caf8310912f54af/sky130A/libs.tech/openlane/rules.openrcx.sky130A.max.calibre'…
[INFO RCX-0431] Defined process_corner CURRENT_CORNER with ext_model_index 0
[INFO RCX-0029] Defined extraction corner CURRENT_CORNER
[INFO RCX-0435] Reading extraction model file /home/niko_tambornini/.ciel/ciel/sky130/versions/0fe599b2afb6708d281543108caf8310912f54af/sky130A/libs.tech/openlane/rules.openrcx.sky130A.max.calibre ...
[INFO RCX-0436] RC segment generation FP32_Div (max_merge_res 50.0) ...
[INFO RCX-0040] Final 89156 rc segments
[INFO RCX-0439] Coupling Cap extraction FP32_Div ...
[INFO RCX-0440] Coupling threshhold is 0.1000 fF, coupling capacitance less than 0.1000 fF will be grounded.
[INFO RCX-0442] 50% of 126676 wires extracted
[INFO RCX-0442] 100% of 126676 wires extracted
[INFO RCX-0045] Extract 16712 nets, 105866 rsegs, 105866 caps, 162640 ccs
Setting global connections for newly added cells…
[INFO] Setting global connections...
Updating metrics…
Cell type report:                       Count       Area
  Fill cell                             21512  152665.17
  Tap cell                               4100    5129.92
  Antenna cell                            116     290.28
  Standard cell                         16685  133006.31
  Total                                 42413  291091.68
Writing extracted parasitics to '/home/niko_tambornini/EE531/my_designs/FPU_32_Bit/runs/RUN_2026-03-12_00-49-12/53-openroad-rcx/max/FP32_Div.max.spef'…
[INFO RCX-0443] 16712 nets finished
