Clock: clk
Sources: clk 
Generated: no
Virtual: yes
Propagated: no
Period: 25.000000

===========================================================================
report_clock_properties
============================================================================
Clock                   Period          Waveform
----------------------------------------------------
clk                  25.000000    0.000000 12.500000

===========================================================================
report_clock_latency
============================================================================
Clock clk
rise -> rise
    min     max
0.000000 0.000000 source latency
0.532550         network latency _30435_/CLK
        0.738157 network latency _30402_/CLK
---------------
0.532550 0.738157 latency
        0.205607 skew

fall -> fall
    min     max
0.000000 0.000000 source latency
0.448693         network latency _30435_/CLK
        0.640813 network latency _30402_/CLK
---------------
0.448693 0.640813 latency
        0.192120 skew



===========================================================================
report_clock_min_period
============================================================================
clk period_min = 145.13 fmax = 6.89
