
===========================================================================
 report_power
============================================================================
======================= nom_tt_025C_1v80 Corner ===================================

Group                    Internal    Switching      Leakage        Total
                            Power        Power        Power        Power (Watts)
------------------------------------------------------------------------
Sequential           5.491008e-04 9.550856e-05 2.255901e-09 6.446116e-04   0.0%
Combinational        6.095570e+01 7.175414e+01 5.458632e-08 1.327098e+02 100.0%
Clock                2.610920e-04 2.140115e-04 1.873697e-09 4.751054e-04   0.0%
Macro                0.000000e+00 0.000000e+00 0.000000e+00 0.000000e+00   0.0%
Pad                  0.000000e+00 0.000000e+00 0.000000e+00 0.000000e+00   0.0%
------------------------------------------------------------------------
Total                6.095629e+01 7.175439e+01 5.871590e-08 1.327107e+02 100.0%
                            45.9%        54.1%         0.0%
Writing metric power__internal__total: 60.9562873840332
Writing metric power__switching__total: 71.75439453125
Writing metric power__leakage__total: 5.871589792150189e-8
Writing metric power__total: 132.71067810058594

