
===========================================================================
Violator List
============================================================================
[setup reg-reg] _30428_/Q -> _30453_/D : -120.131378
[setup reg-reg] _30428_/Q -> _30454_/D : -118.001526
[setup reg-reg] _30428_/Q -> _30455_/D : -115.178185
[setup reg-reg] _30428_/Q -> _30456_/D : -112.335449
[setup reg-reg] _30428_/Q -> _30457_/D : -110.072693
[setup reg-reg] _30428_/Q -> _30458_/D : -107.250221
[setup reg-reg] _30428_/Q -> _30459_/D : -103.997475
[setup reg-reg] _30428_/Q -> _30460_/D : -101.236931
[setup reg-reg] _30428_/Q -> _30461_/D : -98.770477
[setup reg-reg] _30428_/Q -> _30462_/D : -95.961349
[setup reg-reg] _30428_/Q -> _30463_/D : -93.676567
[setup reg-reg] _30428_/Q -> _30464_/D : -91.553871
[setup reg-reg] _30428_/Q -> _30465_/D : -89.283844
[setup reg-reg] _30428_/Q -> _30466_/D : -86.890915
[setup reg-reg] _30428_/Q -> _30467_/D : -84.219902
[setup reg-reg] _30428_/Q -> _30468_/D : -81.739700
[setup reg-reg] _30428_/Q -> _30469_/D : -79.300163
[setup reg-reg] _30428_/Q -> _30470_/D : -77.229301
[setup reg-reg] _30428_/Q -> _30471_/D : -74.473869
[setup reg-reg] _30428_/Q -> _30472_/D : -71.871429
[setup reg-reg] _30428_/Q -> _30473_/D : -69.092934
[setup reg-reg] _30428_/Q -> _30474_/D : -66.708336
[setup reg-reg] _30428_/Q -> _30475_/D : -64.496765
[setup reg-reg] _30428_/Q -> _30476_/D : -61.657227
[setup reg-reg] _30428_/Q -> _30477_/D : -59.222069
[setup reg-reg] _30428_/Q -> _30478_/D : -56.854626
[setup reg-reg] _30428_/Q -> _30479_/D : -54.558193
[setup reg-reg] _30428_/Q -> _30480_/D : -52.181503
[setup reg-reg] _30428_/Q -> _30481_/D : -49.967525
[setup reg-reg] _30428_/Q -> _30482_/D : -47.092731
[setup reg-reg] _30428_/Q -> _30483_/D : -44.375072
[setup reg-reg] _30428_/Q -> _30484_/D : -42.305649
[setup reg-reg] _30428_/Q -> _30485_/D : -40.278240
[setup reg-reg] _30428_/Q -> _30486_/D : -37.850273
[setup reg-reg] _30428_/Q -> _30487_/D : -34.828625
[setup reg-reg] _30428_/Q -> _30488_/D : -32.034325
[setup reg-reg] _30428_/Q -> _30489_/D : -29.387564
[setup reg-reg] _30428_/Q -> _30490_/D : -26.997612
[setup reg-reg] _30428_/Q -> _30491_/D : -24.913568
[setup reg-reg] _30428_/Q -> _30492_/D : -22.646832
[setup reg-reg] _30428_/Q -> _30493_/D : -20.840115
[setup reg-reg] _30428_/Q -> _30494_/D : -18.604151
[setup reg-reg] _30428_/Q -> _30495_/D : -16.431665
[setup reg-reg] _30428_/Q -> _30496_/D : -14.300703
[setup reg-reg] _30428_/Q -> _30497_/D : -12.104375
[setup reg-reg] _30428_/Q -> _30498_/D : -9.825975
[setup reg-reg] _30428_/Q -> _30499_/D : -7.139116
[setup reg-reg] _30428_/Q -> _30500_/D : -4.631467
[setup reg-reg] _30428_/Q -> _30501_/D : -1.692872
Writing metric timing__hold_vio__count__corner:nom_tt_025C_1v80: 0
Writing metric timing__hold_r2r__ws__corner:nom_tt_025C_1v80: 0.301145
Writing metric timing__hold_r2r_vio__count__corner:nom_tt_025C_1v80: 0
Writing metric timing__setup_vio__count__corner:nom_tt_025C_1v80: 49
Writing metric timing__setup_r2r__ws__corner:nom_tt_025C_1v80: -120.131378
Writing metric timing__setup_r2r_vio__count__corner:nom_tt_025C_1v80: 49
