
===========================================================================
 report_power
============================================================================
======================= nom_tt_025C_1v80 Corner ===================================

Group                    Internal    Switching      Leakage        Total
                            Power        Power        Power        Power (Watts)
------------------------------------------------------------------------
Sequential           2.784745e-04 6.597030e-05 2.250303e-09 3.444470e-04   0.0%
Combinational        3.696496e+01 5.360246e+01 5.447781e-08 9.056741e+01 100.0%
Clock                1.304182e-04 1.306823e-04 2.764135e-08 2.611282e-04   0.0%
Macro                0.000000e+00 0.000000e+00 0.000000e+00 0.000000e+00   0.0%
Pad                  0.000000e+00 0.000000e+00 0.000000e+00 0.000000e+00   0.0%
------------------------------------------------------------------------
Total                3.696503e+01 5.360264e+01 8.436832e-08 9.056767e+01 100.0%
                            40.8%        59.2%         0.0%

