                                                                     Buffers by Cell Master                                                                     
┏━━━━━━━━━━━━━━━━━━━━━━━━━━━━━━━━━━━━━━━━━━━━━━━━━━━━━━━━━━━━━━━━━━━━━━━━━━━━━━━━━━━━━━━━━━━━━━━━━━━━━━━━━━━━━━━━━━━━━━━━━━━━━━━━━━┳━━━━━━━━━━━━━━━━━━━━━━━━━━━┓
┃ Buffer                                                                                                                           ┃ Count                     ┃
┡━━━━━━━━━━━━━━━━━━━━━━━━━━━━━━━━━━━━━━━━━━━━━━━━━━━━━━━━━━━━━━━━━━━━━━━━━━━━━━━━━━━━━━━━━━━━━━━━━━━━━━━━━━━━━━━━━━━━━━━━━━━━━━━━━━╇━━━━━━━━━━━━━━━━━━━━━━━━━━━┩
│ sky130_fd_sc_hd__buf_1                                                                                                           │ 67                        │
│ sky130_fd_sc_hd__buf_12                                                                                                          │ 15                        │
│ sky130_fd_sc_hd__buf_2                                                                                                           │ 147                       │
│ sky130_fd_sc_hd__buf_4                                                                                                           │ 165                       │
│ sky130_fd_sc_hd__buf_6                                                                                                           │ 87                        │
│ sky130_fd_sc_hd__buf_8                                                                                                           │ 66                        │
│ sky130_fd_sc_hd__clkbuf_1                                                                                                        │ 160                       │
│ sky130_fd_sc_hd__clkbuf_16                                                                                                       │ 5                         │
│ sky130_fd_sc_hd__clkbuf_2                                                                                                        │ 88                        │
│ sky130_fd_sc_hd__clkbuf_4                                                                                                        │ 212                       │
│ sky130_fd_sc_hd__clkbuf_8                                                                                                        │ 85                        │
│ sky130_fd_sc_hd__dlygate4sd1_1                                                                                                   │ 28                        │
│ sky130_fd_sc_hd__dlygate4sd3_1                                                                                                   │ 135                       │
│ sky130_fd_sc_hd__dlymetal6s2s_1                                                                                                  │ 24                        │
│ sky130_fd_sc_hd__dlymetal6s4s_1                                                                                                  │ 3                         │
└──────────────────────────────────────────────────────────────────────────────────────────────────────────────────────────────────┴───────────────────────────┘
