                                                                       Cells by Function                                                                        
┏━━━━━━━━━━━━━━━━━━━━━━━━━━━━━━━━━━━━━━━━━━━━━━━━━━━━━━━━━━━━━━━━━━━━━━━━━━━━━━━━━━━━━━━━━━━━━━━━━━━━━━━━━━━━━━━━━━━━━━━━━━━━━━━━━┳━━━━━━━━━━━━━━━━━━━━━━━━━━━━┓
┃ Cell Function                                                                                                                   ┃ Count                      ┃
┡━━━━━━━━━━━━━━━━━━━━━━━━━━━━━━━━━━━━━━━━━━━━━━━━━━━━━━━━━━━━━━━━━━━━━━━━━━━━━━━━━━━━━━━━━━━━━━━━━━━━━━━━━━━━━━━━━━━━━━━━━━━━━━━━━╇━━━━━━━━━━━━━━━━━━━━━━━━━━━━┩
│ sky130_ef_sc_hd__decap                                                                                                          │ 5546                       │
│ sky130_fd_sc_hd__a2111o                                                                                                         │ 69                         │
│ sky130_fd_sc_hd__a2111oi                                                                                                        │ 14                         │
│ sky130_fd_sc_hd__a211o                                                                                                          │ 221                        │
│ sky130_fd_sc_hd__a211oi                                                                                                         │ 59                         │
│ sky130_fd_sc_hd__a21bo                                                                                                          │ 98                         │
│ sky130_fd_sc_hd__a21boi                                                                                                         │ 77                         │
│ sky130_fd_sc_hd__a21o                                                                                                           │ 656                        │
│ sky130_fd_sc_hd__a21oi                                                                                                          │ 872                        │
│ sky130_fd_sc_hd__a221o                                                                                                          │ 49                         │
│ sky130_fd_sc_hd__a221oi                                                                                                         │ 17                         │
│ sky130_fd_sc_hd__a22o                                                                                                           │ 102                        │
│ sky130_fd_sc_hd__a22oi                                                                                                          │ 34                         │
│ sky130_fd_sc_hd__a2bb2o                                                                                                         │ 49                         │
│ sky130_fd_sc_hd__a311o                                                                                                          │ 53                         │
│ sky130_fd_sc_hd__a311oi                                                                                                         │ 27                         │
│ sky130_fd_sc_hd__a31o                                                                                                           │ 232                        │
│ sky130_fd_sc_hd__a31oi                                                                                                          │ 66                         │
│ sky130_fd_sc_hd__a32o                                                                                                           │ 17                         │
│ sky130_fd_sc_hd__a32oi                                                                                                          │ 12                         │
│ sky130_fd_sc_hd__a41o                                                                                                           │ 27                         │
│ sky130_fd_sc_hd__a41oi                                                                                                          │ 1                          │
│ sky130_fd_sc_hd__and2                                                                                                           │ 860                        │
│ sky130_fd_sc_hd__and2b                                                                                                          │ 206                        │
│ sky130_fd_sc_hd__and3                                                                                                           │ 673                        │
│ sky130_fd_sc_hd__and3b                                                                                                          │ 52                         │
│ sky130_fd_sc_hd__and4                                                                                                           │ 240                        │
│ sky130_fd_sc_hd__and4b                                                                                                          │ 77                         │
│ sky130_fd_sc_hd__and4bb                                                                                                         │ 61                         │
│ sky130_fd_sc_hd__buf                                                                                                            │ 547                        │
│ sky130_fd_sc_hd__bufinv                                                                                                         │ 3                          │
│ sky130_fd_sc_hd__clkbuf                                                                                                         │ 550                        │
│ sky130_fd_sc_hd__clkinv                                                                                                         │ 7                          │
│ sky130_fd_sc_hd__decap                                                                                                          │ 8820                       │
│ sky130_fd_sc_hd__dfxtp                                                                                                          │ 271                        │
│ sky130_fd_sc_hd__diode                                                                                                          │ 116                        │
│ sky130_fd_sc_hd__dlygate4sd1                                                                                                    │ 28                         │
│ sky130_fd_sc_hd__dlygate4sd3                                                                                                    │ 135                        │
│ sky130_fd_sc_hd__dlymetal6s2s                                                                                                   │ 24                         │
│ sky130_fd_sc_hd__dlymetal6s4s                                                                                                   │ 3                          │
│ sky130_fd_sc_hd__fill                                                                                                           │ 7146                       │
│ sky130_fd_sc_hd__inv                                                                                                            │ 705                        │
│ sky130_fd_sc_hd__mux2                                                                                                           │ 1058                       │
│ sky130_fd_sc_hd__nand2                                                                                                          │ 1246                       │
│ sky130_fd_sc_hd__nand2b                                                                                                         │ 161                        │
│ sky130_fd_sc_hd__nand3                                                                                                          │ 137                        │
│ sky130_fd_sc_hd__nand3b                                                                                                         │ 25                         │
│ sky130_fd_sc_hd__nand4                                                                                                          │ 70                         │
│ sky130_fd_sc_hd__nand4b                                                                                                         │ 8                          │
│ sky130_fd_sc_hd__nor2                                                                                                           │ 1531                       │
│ sky130_fd_sc_hd__nor3                                                                                                           │ 68                         │
│ sky130_fd_sc_hd__nor3b                                                                                                          │ 17                         │
│ sky130_fd_sc_hd__nor4                                                                                                           │ 37                         │
│ sky130_fd_sc_hd__nor4b                                                                                                          │ 17                         │
│ sky130_fd_sc_hd__o2111a                                                                                                         │ 28                         │
│ sky130_fd_sc_hd__o2111ai                                                                                                        │ 10                         │
│ sky130_fd_sc_hd__o211a                                                                                                          │ 97                         │
│ sky130_fd_sc_hd__o211ai                                                                                                         │ 54                         │
│ sky130_fd_sc_hd__o21a                                                                                                           │ 263                        │
│ sky130_fd_sc_hd__o21ai                                                                                                          │ 261                        │
│ sky130_fd_sc_hd__o21ba                                                                                                          │ 143                        │
│ sky130_fd_sc_hd__o21bai                                                                                                         │ 67                         │
│ sky130_fd_sc_hd__o221a                                                                                                          │ 54                         │
│ sky130_fd_sc_hd__o221ai                                                                                                         │ 10                         │
│ sky130_fd_sc_hd__o22a                                                                                                           │ 97                         │
│ sky130_fd_sc_hd__o22ai                                                                                                          │ 13                         │
│ sky130_fd_sc_hd__o2bb2a                                                                                                         │ 70                         │
│ sky130_fd_sc_hd__o2bb2ai                                                                                                        │ 2                          │
│ sky130_fd_sc_hd__o311a                                                                                                          │ 56                         │
│ sky130_fd_sc_hd__o311ai                                                                                                         │ 21                         │
│ sky130_fd_sc_hd__o31a                                                                                                           │ 183                        │
│ sky130_fd_sc_hd__o31ai                                                                                                          │ 36                         │
│ sky130_fd_sc_hd__o32a                                                                                                           │ 32                         │
│ sky130_fd_sc_hd__o32ai                                                                                                          │ 1                          │
│ sky130_fd_sc_hd__o41a                                                                                                           │ 21                         │
│ sky130_fd_sc_hd__o41ai                                                                                                          │ 1                          │
│ sky130_fd_sc_hd__or2                                                                                                            │ 930                        │
│ sky130_fd_sc_hd__or3                                                                                                            │ 314                        │
│ sky130_fd_sc_hd__or3b                                                                                                           │ 101                        │
│ sky130_fd_sc_hd__or4                                                                                                            │ 288                        │
│ sky130_fd_sc_hd__or4b                                                                                                           │ 117                        │
│ sky130_fd_sc_hd__or4bb                                                                                                          │ 30                         │
│ sky130_fd_sc_hd__tapvpwrvgnd                                                                                                    │ 4100                       │
│ sky130_fd_sc_hd__xnor2                                                                                                          │ 1474                       │
│ sky130_fd_sc_hd__xor2                                                                                                           │ 342                        │
└─────────────────────────────────────────────────────────────────────────────────────────────────────────────────────────────────┴────────────────────────────┘
