Clock: clk
Sources: clk 
Generated: no
Virtual: yes
Propagated: no
Period: 50.000000

===========================================================================
report_clock_properties
============================================================================
Clock                   Period          Waveform
----------------------------------------------------
clk                  50.000000    0.000000 25.000000

===========================================================================
report_clock_latency
============================================================================
Clock clk
rise -> rise
    min     max
0.000000 0.000000 source latency
0.490075         network latency _29490_/CLK
        0.681764 network latency _29580_/CLK
---------------
0.490075 0.681764 latency
        0.191689 skew

fall -> fall
    min     max
0.000000 0.000000 source latency
0.420737         network latency _29490_/CLK
        0.602423 network latency _29580_/CLK
---------------
0.420737 0.602423 latency
        0.181686 skew



===========================================================================
report_clock_min_period
============================================================================
clk period_min = 157.70 fmax = 6.34
