┏━━━━━━━┳━━━━━━━━━┳━━━━━━━━━━┳━━━━━━━━━━━━━━━━━━━━┳━━━━━━━━━━━━━┳━━━━━━━┓
┃ P / R ┃ Partial ┃ Required ┃ Net                ┃ Pin         ┃ Layer ┃
┡━━━━━━━╇━━━━━━━━━╇━━━━━━━━━━╇━━━━━━━━━━━━━━━━━━━━╇━━━━━━━━━━━━━╇━━━━━━━┩
│ 3.08  │ 1231.00 │ 400.00   │ mantisaresult[22\] │ _15321_/A   │ met1  │
│ 2.87  │ 1147.96 │ 400.00   │ mantisaBshift[10\] │ fanout801/A │ met3  │
│ 2.09  │ 835.72  │ 400.00   │ net670             │ _21787_/B1  │ met3  │
│ 2.07  │ 828.73  │ 400.00   │ net635             │ fanout630/A │ met3  │
│ 1.41  │ 562.23  │ 400.00   │ mantisaBshift[20\] │ fanout722/A │ met3  │
│ 1.34  │ 537.11  │ 400.00   │ net479             │ _22426_/A   │ met1  │
│ 1.27  │ 508.00  │ 400.00   │ net819             │ fanout812/A │ met3  │
│ 1.26  │ 503.86  │ 400.00   │ mantisaAshift[40\] │ _16093_/A1  │ met1  │
│ 1.22  │ 487.81  │ 400.00   │ mantisaBshift[13\] │ fanout782/A │ met2  │
│ 1.20  │ 480.31  │ 400.00   │ _10335_            │ _25819_/A   │ met3  │
│ 1.19  │ 476.24  │ 400.00   │ mantisaBshift[21\] │ fanout711/A │ met3  │
│ 1.19  │ 476.24  │ 400.00   │ mantisaBshift[21\] │ fanout712/A │ met3  │
│ 1.17  │ 469.29  │ 400.00   │ mantisaresult[30\] │ _15322_/B   │ met3  │
│ 1.17  │ 469.29  │ 400.00   │ mantisaresult[30\] │ _15486_/C_N │ met3  │
│ 1.17  │ 469.29  │ 400.00   │ mantisaresult[30\] │ _15537_/A   │ met3  │
│ 1.12  │ 446.56  │ 400.00   │ net596             │ _21487_/A   │ met1  │
│ 1.09  │ 436.31  │ 400.00   │ net747             │ _29983_/B2  │ met1  │
│ 1.09  │ 434.78  │ 400.00   │ net808             │ fanout806/A │ met3  │
│ 1.09  │ 434.78  │ 400.00   │ net808             │ fanout807/A │ met3  │
│ 1.08  │ 432.14  │ 400.00   │ mantisaresult[28\] │ _15323_/B   │ met2  │
│ 1.08  │ 432.14  │ 400.00   │ mantisaresult[28\] │ _15447_/C   │ met2  │
│ 1.07  │ 429.69  │ 400.00   │ net746             │ fanout745/A │ met2  │
│ 1.04  │ 417.20  │ 400.00   │ net885             │ _17389_/A   │ met2  │
│ 1.04  │ 414.57  │ 400.00   │ net483             │ _28833_/A   │ met2  │
│ 1.04  │ 414.57  │ 400.00   │ net483             │ _30125_/B   │ met2  │
│ 1.03  │ 411.42  │ 400.00   │ _14960_            │ _24441_/B   │ met2  │
│ 1.02  │ 406.75  │ 400.00   │ net832             │ _18390_/A   │ met1  │
│ 1.01  │ 402.31  │ 400.00   │ net170             │ _27310_/D   │ met1  │
└───────┴─────────┴──────────┴────────────────────┴─────────────┴───────┘
