Clock: clk
Sources: clk 
Generated: no
Virtual: no
Propagated: no
Period: 25.000000

===========================================================================
report_clock_properties
============================================================================
Clock                   Period          Waveform
----------------------------------------------------
clk                  25.000000    0.000000 12.500000

===========================================================================
report_clock_latency
============================================================================
Clock clk
rise -> rise
    min     max
0.000000 0.000000 source latency
2.320438         network latency _30278_/CLK
        2.320438 network latency _30278_/CLK
---------------
2.320438 2.320438 latency
        0.000000 skew

fall -> fall
    min     max
0.000000 0.000000 source latency
1.304848         network latency _30278_/CLK
        1.304848 network latency _30278_/CLK
---------------
1.304848 1.304848 latency
        0.000000 skew



===========================================================================
report_clock_min_period
============================================================================
clk period_min = 366.42 fmax = 2.73
