Clock: clk
Sources: clk 
Generated: no
Virtual: yes
Propagated: no
Period: 1000.000000

===========================================================================
report_clock_properties
============================================================================
Clock                   Period          Waveform
----------------------------------------------------
clk                 1000.000000    0.000000500.000000

===========================================================================
report_clock_latency
============================================================================
Clock clk
rise -> rise
    min     max
0.000000 0.000000 source latency
0.927992         network latency _46285_/CLK
        1.167437 network latency _44944_/CLK
---------------
0.927992 1.167437 latency
        0.239445 skew

fall -> fall
    min     max
0.000000 0.000000 source latency
0.759258         network latency _46285_/CLK
        0.973046 network latency _44944_/CLK
---------------
0.759258 0.973046 latency
        0.213788 skew



===========================================================================
report_clock_min_period
============================================================================
clk period_min = 157.31 fmax = 6.36
