Clock: clk
Sources: clk 
Generated: no
Virtual: no
Propagated: no
Period: 1000.000000

===========================================================================
report_clock_properties
============================================================================
Clock                   Period          Waveform
----------------------------------------------------
clk                 1000.000000    0.000000500.000000

===========================================================================
report_clock_latency
============================================================================
Clock clk
rise -> rise
    min     max
0.000000 0.000000 source latency
21.587446         network latency _44197_/CLK
        21.587446 network latency _44197_/CLK
---------------
21.587446 21.587446 latency
        0.000000 skew

fall -> fall
    min     max
0.000000 0.000000 source latency
12.054784         network latency _44197_/CLK
        12.054784 network latency _44197_/CLK
---------------
12.054784 12.054784 latency
        0.000000 skew



===========================================================================
report_clock_min_period
============================================================================
clk period_min = 348.84 fmax = 2.87
