Clock: clk
Sources: clk 
Generated: no
Virtual: yes
Propagated: no
Period: 1000.000000

===========================================================================
report_clock_properties
============================================================================
Clock                   Period          Waveform
----------------------------------------------------
clk                 1000.000000    0.000000500.000000

===========================================================================
report_clock_latency
============================================================================
Clock clk
rise -> rise
    min     max
0.000000 0.000000 source latency
19.339670         network latency _44545_/CLK
        19.844393 network latency _45838_/CLK
---------------
19.339670 19.844393 latency
        0.504723 skew

fall -> fall
    min     max
0.000000 0.000000 source latency
9.448229         network latency _44545_/CLK
        9.916107 network latency _45838_/CLK
---------------
9.448229 9.916107 latency
        0.467878 skew



===========================================================================
report_clock_min_period
============================================================================
clk period_min = 180.09 fmax = 5.55
