Clock: clk
Sources: clk 
Generated: no
Virtual: yes
Propagated: no
Period: 25.000000

===========================================================================
report_clock_properties
============================================================================
Clock                   Period          Waveform
----------------------------------------------------
clk                  25.000000    0.000000 12.500000

===========================================================================
report_clock_latency
============================================================================
Clock clk
rise -> rise
    min     max
0.000000 0.000000 source latency
0.480450         network latency _30435_/CLK
        0.648693 network latency _30402_/CLK
---------------
0.480450 0.648693 latency
        0.168243 skew

fall -> fall
    min     max
0.000000 0.000000 source latency
0.385171         network latency _30435_/CLK
        0.541090 network latency _30402_/CLK
---------------
0.385171 0.541090 latency
        0.155919 skew



===========================================================================
report_clock_min_period
============================================================================
clk period_min = 96.13 fmax = 10.40
