
===========================================================================
 report_power
============================================================================
======================= nom_ff_n40C_1v95 Corner ===================================

Group                    Internal    Switching      Leakage        Total
                            Power        Power        Power        Power (Watts)
------------------------------------------------------------------------
Sequential           6.342676e-04 1.971805e-04 4.147114e-09 8.314523e-04   0.0%
Combinational        6.795013e+01 1.068330e+02 1.103953e-07 1.747831e+02 100.0%
Clock                2.753614e-04 3.179216e-04 3.625380e-08 5.933192e-04   0.0%
Macro                0.000000e+00 0.000000e+00 0.000000e+00 0.000000e+00   0.0%
Pad                  0.000000e+00 0.000000e+00 0.000000e+00 0.000000e+00   0.0%
------------------------------------------------------------------------
Total                6.795060e+01 1.068335e+02 1.507937e-07 1.747841e+02 100.0%
                            38.9%        61.1%         0.0%

