
===========================================================================
 report_power
============================================================================
======================= nom_tt_025C_1v80 Corner ===================================

Group                    Internal    Switching      Leakage        Total
                            Power        Power        Power        Power (Watts)
------------------------------------------------------------------------
Sequential           6.797329e-04 2.085123e-04 2.647121e-09 8.882479e-04  39.8%
Combinational        8.352436e-04 5.097838e-04 6.753667e-09 1.345034e-03  60.2%
Clock                0.000000e+00 0.000000e+00 0.000000e+00 0.000000e+00   0.0%
Macro                0.000000e+00 0.000000e+00 0.000000e+00 0.000000e+00   0.0%
Pad                  0.000000e+00 0.000000e+00 0.000000e+00 0.000000e+00   0.0%
------------------------------------------------------------------------
Total                1.514976e-03 7.182956e-04 9.400793e-09 2.233281e-03 100.0%
                            67.8%        32.2%         0.0%

