Clock: clk
Sources: clk 
Generated: no
Virtual: yes
Propagated: no
Period: 1000.000000

===========================================================================
report_clock_properties
============================================================================
Clock                   Period          Waveform
----------------------------------------------------
clk                 1000.000000    0.000000500.000000

===========================================================================
report_clock_latency
============================================================================
Clock clk
rise -> rise
    min     max
0.000000 0.000000 source latency
2.516658         network latency _46285_/CLK
        3.009079 network latency _45308_/CLK
---------------
2.516658 3.009079 latency
        0.492421 skew

fall -> fall
    min     max
0.000000 0.000000 source latency
2.008164         network latency _46285_/CLK
        2.447280 network latency _45308_/CLK
---------------
2.008164 2.447280 latency
        0.439115 skew



===========================================================================
report_clock_min_period
============================================================================
clk period_min = 356.31 fmax = 2.81
