
===========================================================================
 report_power
============================================================================
======================= max_ss_100C_1v60 Corner ===================================

Group                    Internal    Switching      Leakage        Total
                            Power        Power        Power        Power (Watts)
------------------------------------------------------------------------
Sequential           2.105624e-03 1.226093e-05 3.850304e-05 2.156388e-03   0.0%
Combinational        8.004651e+03 1.129335e+04 1.147022e-04 1.929800e+04 100.0%
Clock                2.895658e-05 3.772491e-05 5.923947e-06 7.260543e-05   0.0%
Macro                0.000000e+00 0.000000e+00 0.000000e+00 0.000000e+00   0.0%
Pad                  0.000000e+00 0.000000e+00 0.000000e+00 0.000000e+00   0.0%
------------------------------------------------------------------------
Total                8.004651e+03 1.129335e+04 1.591332e-04 1.929800e+04 100.0%
                            41.5%        58.5%         0.0%

