Clock: clk
Sources: clk 
Generated: no
Virtual: yes
Propagated: no
Period: 1000.000000

===========================================================================
report_clock_properties
============================================================================
Clock                   Period          Waveform
----------------------------------------------------
clk                 1000.000000    0.000000500.000000

===========================================================================
report_clock_latency
============================================================================
Clock clk
rise -> rise
    min     max
0.000000 0.000000 source latency
1.435117         network latency _46285_/CLK
        1.734650 network latency _46167_/CLK
---------------
1.435117 1.734650 latency
        0.299533 skew

fall -> fall
    min     max
0.000000 0.000000 source latency
1.118792         network latency _46285_/CLK
        1.383398 network latency _46167_/CLK
---------------
1.118792 1.383398 latency
        0.264606 skew



===========================================================================
report_clock_min_period
============================================================================
clk period_min = 176.39 fmax = 5.67
