
===========================================================================
 report_power
============================================================================
======================= max_tt_025C_1v80 Corner ===================================

Group                    Internal    Switching      Leakage        Total
                            Power        Power        Power        Power (Watts)
------------------------------------------------------------------------
Sequential           2.815811e-03 1.562961e-05 2.485424e-08 2.831466e-03   0.0%
Combinational        1.006896e+04 1.442083e+04 9.350170e-08 2.448979e+04 100.0%
Clock                5.254244e-05 4.897725e-05 4.745138e-08 1.015671e-04   0.0%
Macro                0.000000e+00 0.000000e+00 0.000000e+00 0.000000e+00   0.0%
Pad                  0.000000e+00 0.000000e+00 0.000000e+00 0.000000e+00   0.0%
------------------------------------------------------------------------
Total                1.006896e+04 1.442083e+04 1.658041e-07 2.448979e+04 100.0%
                            41.1%        58.9%         0.0%

