
===========================================================================
report_checks -unconstrained
===========================================================================
======================= nom_ff_n40C_1v95 Corner ===================================

Startpoint: reset (input port clocked by clk)
Endpoint: _44479_ (recovery check against rising-edge clock clk)
Path Group: asynchronous
Path Type: max

Fanout         Cap        Slew       Delay        Time   Description
---------------------------------------------------------------------------------------------
                                  0.000000    0.000000   clock clk (rise edge)
                                  0.000000    0.000000   clock network delay (propagated)
                                200.000000  200.000000 v input external delay
     1    0.002627    0.004469    0.002132  200.002121 v reset (in)
                                                         reset (net)
                      0.004469    0.000000  200.002121 v input101/A (sky130_fd_sc_hd__buf_2)
     3    0.051996    0.088255    0.125326  200.127457 v input101/X (sky130_fd_sc_hd__buf_2)
                                                         net101 (net)
                      0.088272    0.001052  200.128510 v fanout2075/A (sky130_fd_sc_hd__clkbuf_4)
     7    0.079645    0.112231    0.188805  200.317307 v fanout2075/X (sky130_fd_sc_hd__clkbuf_4)
                                                         net2075 (net)
                      0.113170    0.008328  200.325638 v fanout2074/A (sky130_fd_sc_hd__clkbuf_4)
     7    0.047762    0.073271    0.171141  200.496780 v fanout2074/X (sky130_fd_sc_hd__clkbuf_4)
                                                         net2074 (net)
                      0.073276    0.000739  200.497513 v fanout2063/A (sky130_fd_sc_hd__buf_4)
    10    0.063496    0.067312    0.149029  200.646545 v fanout2063/X (sky130_fd_sc_hd__buf_4)
                                                         net2063 (net)
                      0.067339    0.001293  200.647842 v fanout2062/A (sky130_fd_sc_hd__clkbuf_4)
     8    0.050820    0.077865    0.153690  200.801529 v fanout2062/X (sky130_fd_sc_hd__clkbuf_4)
                                                         net2062 (net)
                      0.077867    0.000568  200.802094 v fanout2061/A (sky130_fd_sc_hd__buf_4)
    10    0.058142    0.062806    0.147224  200.949326 v fanout2061/X (sky130_fd_sc_hd__buf_4)
                                                         net2061 (net)
                      0.062955    0.002686  200.952011 v _43658_/A (sky130_fd_sc_hd__inv_2)
     1    0.004662    0.027708    0.044125  200.996140 ^ _43658_/Y (sky130_fd_sc_hd__inv_2)
                                                         _00321_ (net)
                      0.027708    0.000099  200.996231 ^ _44479_/RESET_B (sky130_fd_sc_hd__dfrtp_1)
                                            200.996231   data arrival time

                               1000.000000 1000.000000   clock clk (rise edge)
                                  0.000000 1000.000000   clock source latency
     2    0.117685    0.398990    0.286263 1000.286316 ^ clk (in)
                                                         clk (net)
                      0.403042    0.000000 1000.286316 ^ clkbuf_0_clk/A (sky130_fd_sc_hd__clkbuf_16)
     4    0.177533    0.149171    0.216119 1000.502380 ^ clkbuf_0_clk/X (sky130_fd_sc_hd__clkbuf_16)
                                                         clknet_0_clk (net)
                      0.152852    0.018531 1000.520935 ^ clkbuf_2_1_0_clk/A (sky130_fd_sc_hd__clkbuf_8)
     8    0.173459    0.227879    0.247610 1000.768555 ^ clkbuf_2_1_0_clk/X (sky130_fd_sc_hd__clkbuf_8)
                                                         clknet_2_1_0_clk (net)
                      0.229636    0.016144 1000.784668 ^ clkbuf_5_11__f_clk/A (sky130_fd_sc_hd__clkbuf_16)
    13    0.112971    0.100544    0.175305 1000.960022 ^ clkbuf_5_11__f_clk/X (sky130_fd_sc_hd__clkbuf_16)
                                                         clknet_5_11__leaf_clk (net)
                      0.100906    0.004775 1000.964783 ^ clkbuf_leaf_157_clk/A (sky130_fd_sc_hd__clkbuf_8)
    10    0.029972    0.049654    0.116756 1001.081543 ^ clkbuf_leaf_157_clk/X (sky130_fd_sc_hd__clkbuf_8)
                                                         clknet_leaf_157_clk (net)
                      0.049669    0.000796 1001.082336 ^ _44479_/CLK (sky130_fd_sc_hd__dfrtp_1)
                                 -0.250000 1000.832336   clock uncertainty
                                  0.000000 1000.832336   clock reconvergence pessimism
                                  0.147066 1000.979431   library recovery time
                                           1000.979431   data required time
---------------------------------------------------------------------------------------------
                                           1000.979431   data required time
                                           -200.996231   data arrival time
---------------------------------------------------------------------------------------------
                                            799.983215   slack (MET)


Startpoint: reset (input port clocked by clk)
Endpoint: _44209_ (rising edge-triggered flip-flop clocked by clk)
Path Group: clk
Path Type: max

Fanout         Cap        Slew       Delay        Time   Description
---------------------------------------------------------------------------------------------
                                  0.000000    0.000000   clock clk (rise edge)
                                  0.000000    0.000000   clock network delay (propagated)
                                200.000000  200.000000 v input external delay
     1    0.002627    0.004469    0.002132  200.002121 v reset (in)
                                                         reset (net)
                      0.004469    0.000000  200.002121 v input101/A (sky130_fd_sc_hd__buf_2)
     3    0.051996    0.088255    0.125326  200.127457 v input101/X (sky130_fd_sc_hd__buf_2)
                                                         net101 (net)
                      0.089560    0.008612  200.136063 v fanout2097/A (sky130_fd_sc_hd__clkbuf_4)
     5    0.056584    0.085232    0.168882  200.304947 v fanout2097/X (sky130_fd_sc_hd__clkbuf_4)
                                                         net2097 (net)
                      0.085447    0.003254  200.308197 v fanout2082/A (sky130_fd_sc_hd__clkbuf_2)
     5    0.034533    0.092344    0.149086  200.457291 v fanout2082/X (sky130_fd_sc_hd__clkbuf_2)
                                                         net2082 (net)
                      0.092348    0.000725  200.458008 v fanout2079/A (sky130_fd_sc_hd__buf_4)
    10    0.051765    0.056992    0.149853  200.607864 v fanout2079/X (sky130_fd_sc_hd__buf_4)
                                                         net2079 (net)
                      0.057046    0.001577  200.609436 v fanout2078/A (sky130_fd_sc_hd__buf_4)
    10    0.053867    0.058660    0.136353  200.745789 v fanout2078/X (sky130_fd_sc_hd__buf_4)
                                                         net2078 (net)
                      0.058689    0.001208  200.746994 v _21825_/A (sky130_fd_sc_hd__inv_2)
     3    0.045069    0.155539    0.136509  200.883514 ^ _21825_/Y (sky130_fd_sc_hd__inv_2)
                                                         _00071_ (net)
                      0.155548    0.001023  200.884537 ^ fanout2014/A (sky130_fd_sc_hd__clkbuf_4)
     5    0.128599    0.291331    0.291109  201.175644 ^ fanout2014/X (sky130_fd_sc_hd__clkbuf_4)
                                                         net2014 (net)
                      0.291596    0.007361  201.182999 ^ fanout2009/A (sky130_fd_sc_hd__clkbuf_2)
     5    0.041219    0.173448    0.200799  201.383804 ^ fanout2009/X (sky130_fd_sc_hd__clkbuf_2)
                                                         net2009 (net)
                      0.173452    0.000711  201.384521 ^ fanout2004/A (sky130_fd_sc_hd__clkbuf_2)
    10    0.034756    0.147423    0.173600  201.558121 ^ fanout2004/X (sky130_fd_sc_hd__clkbuf_2)
                                                         net2004 (net)
                      0.147432    0.000924  201.559036 ^ _25820_/A (sky130_fd_sc_hd__and2_2)
     6    0.028159    0.113771    0.170544  201.729584 ^ _25820_/X (sky130_fd_sc_hd__and2_2)
                                                         _21623_ (net)
                      0.113773    0.000696  201.730286 ^ _25821_/B (sky130_fd_sc_hd__nand2_1)
     3    0.008869    0.054679    0.064034  201.794312 v _25821_/Y (sky130_fd_sc_hd__nand2_1)
                                                         _21624_ (net)
                      0.054679    0.000156  201.794464 v _25822_/B (sky130_fd_sc_hd__or3b_4)
     6    0.050717    0.099055    0.296481  202.090958 v _25822_/X (sky130_fd_sc_hd__or3b_4)
                                                         _21625_ (net)
                      0.099178    0.003098  202.094055 v _25824_/A (sky130_fd_sc_hd__nor2_4)
     6    0.123558    0.540081    0.441275  202.535324 ^ _25824_/Y (sky130_fd_sc_hd__nor2_4)
                                                         _21627_ (net)
                      0.540089    0.001819  202.537140 ^ fanout876/A (sky130_fd_sc_hd__buf_4)
    10    0.115582    0.240030    0.250807  202.787949 ^ fanout876/X (sky130_fd_sc_hd__buf_4)
                                                         net876 (net)
                      0.240060    0.002245  202.790192 ^ _25828_/B1 (sky130_fd_sc_hd__a21o_4)
     6    0.130197    0.266281    0.229122  203.019318 ^ _25828_/X (sky130_fd_sc_hd__a21o_4)
                                                         _21631_ (net)
                      0.266342    0.003354  203.022675 ^ fanout776/A (sky130_fd_sc_hd__buf_4)
    10    0.105615    0.219668    0.234834  203.257507 ^ fanout776/X (sky130_fd_sc_hd__buf_4)
                                                         net776 (net)
                      0.219696    0.002117  203.259628 ^ _25834_/B1 (sky130_fd_sc_hd__a21o_1)
     2    0.006699    0.051445    0.068255  203.327881 ^ _25834_/X (sky130_fd_sc_hd__a21o_1)
                                                         _21637_ (net)
                      0.051445    0.000142  203.328018 ^ _25835_/B (sky130_fd_sc_hd__or2_4)
     5    0.126728    0.287028    0.259703  203.587723 ^ _25835_/X (sky130_fd_sc_hd__or2_4)
                                                         _21638_ (net)
                      0.287249    0.006608  203.594330 ^ fanout657/A (sky130_fd_sc_hd__buf_2)
     5    0.056864    0.208545    0.230386  203.824722 ^ fanout657/X (sky130_fd_sc_hd__buf_2)
                                                         net657 (net)
                      0.208650    0.003865  203.828583 ^ _25874_/S (sky130_fd_sc_hd__mux2_1)
     1    0.002692    0.037463    0.191648  204.020233 v _25874_/X (sky130_fd_sc_hd__mux2_1)
                                                         _00822_ (net)
                      0.037463    0.000085  204.020309 v _44209_/D (sky130_fd_sc_hd__dfxtp_1)
                                            204.020309   data arrival time

                               1000.000000 1000.000000   clock clk (rise edge)
                                  0.000000 1000.000000   clock source latency
     2    0.117685    0.398990    0.286263 1000.286316 ^ clk (in)
                                                         clk (net)
                      0.403042    0.000000 1000.286316 ^ clkbuf_0_clk/A (sky130_fd_sc_hd__clkbuf_16)
     4    0.177533    0.149171    0.216119 1000.502380 ^ clkbuf_0_clk/X (sky130_fd_sc_hd__clkbuf_16)
                                                         clknet_0_clk (net)
                      0.150941    0.012847 1000.515259 ^ clkbuf_2_3_0_clk/A (sky130_fd_sc_hd__clkbuf_8)
     8    0.178673    0.234628    0.250452 1000.765686 ^ clkbuf_2_3_0_clk/X (sky130_fd_sc_hd__clkbuf_8)
                                                         clknet_2_3_0_clk (net)
                      0.234879    0.006366 1000.772095 ^ clkbuf_5_30__f_clk/A (sky130_fd_sc_hd__clkbuf_16)
     7    0.063458    0.065218    0.149726 1000.921814 ^ clkbuf_5_30__f_clk/X (sky130_fd_sc_hd__clkbuf_16)
                                                         clknet_5_30__leaf_clk (net)
                      0.065313    0.002160 1000.923950 ^ clkbuf_leaf_53_clk/A (sky130_fd_sc_hd__clkbuf_8)
    12    0.040272    0.061655    0.116074 1001.040039 ^ clkbuf_leaf_53_clk/X (sky130_fd_sc_hd__clkbuf_8)
                                                         clknet_leaf_53_clk (net)
                      0.061656    0.000455 1001.040466 ^ _44209_/CLK (sky130_fd_sc_hd__dfxtp_1)
                                 -0.250000 1000.790466   clock uncertainty
                                  0.000000 1000.790466   clock reconvergence pessimism
                                 -0.069098 1000.721375   library setup time
                                           1000.721375   data required time
---------------------------------------------------------------------------------------------
                                           1000.721375   data required time
                                           -204.020309   data arrival time
---------------------------------------------------------------------------------------------
                                            796.701050   slack (MET)




===========================================================================
report_checks --slack_max -0.01
============================================================================
======================= nom_ff_n40C_1v95 Corner ===================================

No paths found.


===========================================================================
 report_check_types -max_slew -max_cap -max_fanout -violators
============================================================================
======================= nom_ff_n40C_1v95 Corner ===================================

max slew

Pin                                        Limit        Slew       Slack
------------------------------------------------------------------------
fanout722/A                             0.750000    0.769244   -0.019244 (VIOLATED)
ANTENNA_55/DIODE                        0.750000    0.769243   -0.019243 (VIOLATED)
max_cap725/A                            0.750000    0.769181   -0.019181 (VIOLATED)
fanout721/A                             0.750000    0.769181   -0.019181 (VIOLATED)
_42277_/Y                               0.750000    0.769179   -0.019179 (VIOLATED)
ANTENNA_13/DIODE                        0.750000    0.755651   -0.005651 (VIOLATED)
fanout864/A                             0.750000    0.755650   -0.005650 (VIOLATED)
ANTENNA_14/DIODE                        0.750000    0.755143   -0.005143 (VIOLATED)
fanout866/A                             0.750000    0.755141   -0.005142 (VIOLATED)
fanout865/A                             0.750000    0.755045   -0.005045 (VIOLATED)
fanout863/A                             0.750000    0.754680   -0.004680 (VIOLATED)
_26421_/Y                               0.750000    0.754666   -0.004666 (VIOLATED)

max fanout

Pin                                   Limit Fanout  Slack
---------------------------------------------------------
clkbuf_leaf_217_clk/X                    10     23    -13 (VIOLATED)
clkbuf_leaf_227_clk/X                    10     23    -13 (VIOLATED)
clkbuf_leaf_223_clk/X                    10     22    -12 (VIOLATED)
clkbuf_leaf_234_clk/X                    10     22    -12 (VIOLATED)
clkbuf_leaf_180_clk/X                    10     21    -11 (VIOLATED)
clkbuf_leaf_181_clk/X                    10     21    -11 (VIOLATED)
clkbuf_leaf_188_clk/X                    10     21    -11 (VIOLATED)
clkbuf_leaf_200_clk/X                    10     21    -11 (VIOLATED)
clkbuf_leaf_177_clk/X                    10     20    -10 (VIOLATED)
clkbuf_leaf_184_clk/X                    10     20    -10 (VIOLATED)
clkbuf_leaf_201_clk/X                    10     20    -10 (VIOLATED)
clkbuf_leaf_230_clk/X                    10     20    -10 (VIOLATED)
clkbuf_leaf_173_clk/X                    10     18     -8 (VIOLATED)
clkbuf_leaf_179_clk/X                    10     18     -8 (VIOLATED)
clkbuf_leaf_183_clk/X                    10     18     -8 (VIOLATED)
clkbuf_leaf_186_clk/X                    10     18     -8 (VIOLATED)
clkbuf_leaf_189_clk/X                    10     18     -8 (VIOLATED)
clkbuf_leaf_203_clk/X                    10     18     -8 (VIOLATED)
clkbuf_leaf_218_clk/X                    10     18     -8 (VIOLATED)
clkbuf_leaf_233_clk/X                    10     18     -8 (VIOLATED)
clkbuf_leaf_205_clk/X                    10     17     -7 (VIOLATED)
clkbuf_leaf_21_clk/X                     10     17     -7 (VIOLATED)
clkbuf_leaf_88_clk/X                     10     17     -7 (VIOLATED)
clkbuf_5_0__f_clk/X                      10     16     -6 (VIOLATED)
clkbuf_leaf_206_clk/X                    10     16     -6 (VIOLATED)
clkbuf_leaf_229_clk/X                    10     16     -6 (VIOLATED)
clkbuf_leaf_241_clk/X                    10     16     -6 (VIOLATED)
clkbuf_leaf_244_clk/X                    10     16     -6 (VIOLATED)
clkbuf_leaf_14_clk/X                     10     15     -5 (VIOLATED)
clkbuf_leaf_187_clk/X                    10     15     -5 (VIOLATED)
clkbuf_leaf_18_clk/X                     10     15     -5 (VIOLATED)
clkbuf_leaf_192_clk/X                    10     15     -5 (VIOLATED)
clkbuf_leaf_232_clk/X                    10     15     -5 (VIOLATED)
clkbuf_leaf_23_clk/X                     10     15     -5 (VIOLATED)
clkbuf_leaf_245_clk/X                    10     15     -5 (VIOLATED)
clkbuf_leaf_24_clk/X                     10     15     -5 (VIOLATED)
clkbuf_leaf_4_clk/X                      10     15     -5 (VIOLATED)
clkbuf_leaf_93_clk/X                     10     15     -5 (VIOLATED)
clkbuf_leaf_99_clk/X                     10     15     -5 (VIOLATED)
fanout769/X                              10     15     -5 (VIOLATED)
clkbuf_leaf_110_clk/X                    10     14     -4 (VIOLATED)
clkbuf_leaf_172_clk/X                    10     14     -4 (VIOLATED)
clkbuf_leaf_17_clk/X                     10     14     -4 (VIOLATED)
clkbuf_leaf_191_clk/X                    10     14     -4 (VIOLATED)
clkbuf_leaf_197_clk/X                    10     14     -4 (VIOLATED)
clkbuf_leaf_202_clk/X                    10     14     -4 (VIOLATED)
clkbuf_leaf_207_clk/X                    10     14     -4 (VIOLATED)
clkbuf_leaf_216_clk/X                    10     14     -4 (VIOLATED)
clkbuf_leaf_228_clk/X                    10     14     -4 (VIOLATED)
clkbuf_leaf_231_clk/X                    10     14     -4 (VIOLATED)
clkbuf_leaf_246_clk/X                    10     14     -4 (VIOLATED)
clkbuf_leaf_254_clk/X                    10     14     -4 (VIOLATED)
clkbuf_leaf_94_clk/X                     10     14     -4 (VIOLATED)
clkbuf_5_10__f_clk/X                     10     13     -3 (VIOLATED)
clkbuf_5_11__f_clk/X                     10     13     -3 (VIOLATED)
clkbuf_5_8__f_clk/X                      10     13     -3 (VIOLATED)
clkbuf_leaf_176_clk/X                    10     13     -3 (VIOLATED)
clkbuf_leaf_185_clk/X                    10     13     -3 (VIOLATED)
clkbuf_leaf_199_clk/X                    10     13     -3 (VIOLATED)
clkbuf_leaf_1_clk/X                      10     13     -3 (VIOLATED)
clkbuf_leaf_219_clk/X                    10     13     -3 (VIOLATED)
clkbuf_leaf_224_clk/X                    10     13     -3 (VIOLATED)
clkbuf_leaf_237_clk/X                    10     13     -3 (VIOLATED)
clkbuf_leaf_243_clk/X                    10     13     -3 (VIOLATED)
clkbuf_leaf_27_clk/X                     10     13     -3 (VIOLATED)
clkbuf_leaf_42_clk/X                     10     13     -3 (VIOLATED)
clkbuf_leaf_44_clk/X                     10     13     -3 (VIOLATED)
clkbuf_leaf_57_clk/X                     10     13     -3 (VIOLATED)
clkbuf_leaf_74_clk/X                     10     13     -3 (VIOLATED)
clkbuf_leaf_75_clk/X                     10     13     -3 (VIOLATED)
clkbuf_leaf_77_clk/X                     10     13     -3 (VIOLATED)
clkbuf_leaf_90_clk/X                     10     13     -3 (VIOLATED)
clkbuf_leaf_96_clk/X                     10     13     -3 (VIOLATED)
fanout1465/X                             10     13     -3 (VIOLATED)
fanout1753/X                             10     13     -3 (VIOLATED)
fanout626/X                              10     13     -3 (VIOLATED)
fanout695/X                              10     13     -3 (VIOLATED)
clkbuf_leaf_105_clk/X                    10     12     -2 (VIOLATED)
clkbuf_leaf_10_clk/X                     10     12     -2 (VIOLATED)
clkbuf_leaf_111_clk/X                    10     12     -2 (VIOLATED)
clkbuf_leaf_122_clk/X                    10     12     -2 (VIOLATED)
clkbuf_leaf_127_clk/X                    10     12     -2 (VIOLATED)
clkbuf_leaf_12_clk/X                     10     12     -2 (VIOLATED)
clkbuf_leaf_130_clk/X                    10     12     -2 (VIOLATED)
clkbuf_leaf_158_clk/X                    10     12     -2 (VIOLATED)
clkbuf_leaf_160_clk/X                    10     12     -2 (VIOLATED)
clkbuf_leaf_16_clk/X                     10     12     -2 (VIOLATED)
clkbuf_leaf_170_clk/X                    10     12     -2 (VIOLATED)
clkbuf_leaf_175_clk/X                    10     12     -2 (VIOLATED)
clkbuf_leaf_196_clk/X                    10     12     -2 (VIOLATED)
clkbuf_leaf_19_clk/X                     10     12     -2 (VIOLATED)
clkbuf_leaf_22_clk/X                     10     12     -2 (VIOLATED)
clkbuf_leaf_242_clk/X                    10     12     -2 (VIOLATED)
clkbuf_leaf_260_clk/X                    10     12     -2 (VIOLATED)
clkbuf_leaf_45_clk/X                     10     12     -2 (VIOLATED)
clkbuf_leaf_49_clk/X                     10     12     -2 (VIOLATED)
clkbuf_leaf_53_clk/X                     10     12     -2 (VIOLATED)
clkbuf_leaf_6_clk/X                      10     12     -2 (VIOLATED)
clkbuf_leaf_85_clk/X                     10     12     -2 (VIOLATED)
clkbuf_leaf_91_clk/X                     10     12     -2 (VIOLATED)
clkbuf_leaf_92_clk/X                     10     12     -2 (VIOLATED)
clkbuf_leaf_97_clk/X                     10     12     -2 (VIOLATED)
fanout1037/X                             10     12     -2 (VIOLATED)
fanout1209/X                             10     12     -2 (VIOLATED)
fanout1475/X                             10     12     -2 (VIOLATED)
fanout1669/X                             10     12     -2 (VIOLATED)
fanout1676/X                             10     12     -2 (VIOLATED)
fanout1692/X                             10     12     -2 (VIOLATED)
fanout1693/X                             10     12     -2 (VIOLATED)
fanout1696/X                             10     12     -2 (VIOLATED)
fanout1700/X                             10     12     -2 (VIOLATED)
fanout1710/X                             10     12     -2 (VIOLATED)
fanout1725/X                             10     12     -2 (VIOLATED)
fanout1741/X                             10     12     -2 (VIOLATED)
fanout1756/X                             10     12     -2 (VIOLATED)
fanout1762/X                             10     12     -2 (VIOLATED)
clkbuf_5_12__f_clk/X                     10     11        (VIOLATED)
clkbuf_5_6__f_clk/X                      10     11        (VIOLATED)
clkbuf_5_7__f_clk/X                      10     11        (VIOLATED)
clkbuf_5_9__f_clk/X                      10     11        (VIOLATED)
clkbuf_leaf_103_clk/X                    10     11        (VIOLATED)
clkbuf_leaf_106_clk/X                    10     11        (VIOLATED)
clkbuf_leaf_112_clk/X                    10     11        (VIOLATED)
clkbuf_leaf_116_clk/X                    10     11        (VIOLATED)
clkbuf_leaf_123_clk/X                    10     11        (VIOLATED)
clkbuf_leaf_131_clk/X                    10     11        (VIOLATED)
clkbuf_leaf_142_clk/X                    10     11        (VIOLATED)
clkbuf_leaf_146_clk/X                    10     11        (VIOLATED)
clkbuf_leaf_149_clk/X                    10     11        (VIOLATED)
clkbuf_leaf_155_clk/X                    10     11        (VIOLATED)
clkbuf_leaf_178_clk/X                    10     11        (VIOLATED)
clkbuf_leaf_195_clk/X                    10     11        (VIOLATED)
clkbuf_leaf_20_clk/X                     10     11        (VIOLATED)
clkbuf_leaf_220_clk/X                    10     11        (VIOLATED)
clkbuf_leaf_256_clk/X                    10     11        (VIOLATED)
clkbuf_leaf_257_clk/X                    10     11        (VIOLATED)
clkbuf_leaf_25_clk/X                     10     11        (VIOLATED)
clkbuf_leaf_28_clk/X                     10     11        (VIOLATED)
clkbuf_leaf_30_clk/X                     10     11        (VIOLATED)
clkbuf_leaf_32_clk/X                     10     11        (VIOLATED)
clkbuf_leaf_33_clk/X                     10     11        (VIOLATED)
clkbuf_leaf_34_clk/X                     10     11        (VIOLATED)
clkbuf_leaf_36_clk/X                     10     11        (VIOLATED)
clkbuf_leaf_47_clk/X                     10     11        (VIOLATED)
clkbuf_leaf_63_clk/X                     10     11        (VIOLATED)
clkbuf_leaf_65_clk/X                     10     11        (VIOLATED)
clkbuf_leaf_66_clk/X                     10     11        (VIOLATED)
clkbuf_leaf_68_clk/X                     10     11        (VIOLATED)
clkbuf_leaf_78_clk/X                     10     11        (VIOLATED)
clkbuf_leaf_79_clk/X                     10     11        (VIOLATED)
clkbuf_leaf_82_clk/X                     10     11        (VIOLATED)
clkbuf_leaf_84_clk/X                     10     11        (VIOLATED)
clkbuf_leaf_98_clk/X                     10     11        (VIOLATED)
fanout1148/X                             10     11        (VIOLATED)
fanout1382/X                             10     11        (VIOLATED)
fanout1384/X                             10     11        (VIOLATED)
fanout1423/X                             10     11        (VIOLATED)
fanout1434/X                             10     11        (VIOLATED)
fanout1482/X                             10     11        (VIOLATED)
fanout1500/X                             10     11        (VIOLATED)
fanout1509/X                             10     11        (VIOLATED)
fanout1516/X                             10     11        (VIOLATED)
fanout1644/X                             10     11        (VIOLATED)
fanout1649/X                             10     11        (VIOLATED)
fanout1660/X                             10     11        (VIOLATED)
fanout1665/X                             10     11        (VIOLATED)
fanout1666/X                             10     11        (VIOLATED)
fanout1672/X                             10     11        (VIOLATED)
fanout1679/X                             10     11        (VIOLATED)
fanout1682/X                             10     11        (VIOLATED)
fanout1686/X                             10     11        (VIOLATED)
fanout1689/X                             10     11        (VIOLATED)
fanout1695/X                             10     11        (VIOLATED)
fanout1707/X                             10     11        (VIOLATED)
fanout1728/X                             10     11        (VIOLATED)
fanout1732/X                             10     11        (VIOLATED)
fanout1735/X                             10     11        (VIOLATED)
fanout1738/X                             10     11        (VIOLATED)
fanout1743/X                             10     11        (VIOLATED)
fanout1744/X                             10     11        (VIOLATED)
fanout1759/X                             10     11        (VIOLATED)
fanout1763/X                             10     11        (VIOLATED)
fanout1765/X                             10     11        (VIOLATED)
fanout1768/X                             10     11        (VIOLATED)
fanout321/X                              10     11        (VIOLATED)
fanout547/X                              10     11        (VIOLATED)
fanout560/X                              10     11        (VIOLATED)
fanout574/X                              10     11        (VIOLATED)
fanout628/X                              10     11        (VIOLATED)
fanout647/X                              10     11        (VIOLATED)
fanout660/X                              10     11        (VIOLATED)
fanout736/X                              10     11        (VIOLATED)
fanout770/X                              10     11        (VIOLATED)
fanout780/X                              10     11        (VIOLATED)
fanout802/X                              10     11        (VIOLATED)
fanout828/X                              10     11        (VIOLATED)
fanout859/X                              10     11        (VIOLATED)
fanout865/X                              10     11        (VIOLATED)
fanout891/X                              10     11        (VIOLATED)

max capacitance

Pin                                        Limit         Cap       Slack
------------------------------------------------------------------------
fanout1434/X                            0.200000    0.222060   -0.022060 (VIOLATED)
fanout1471/X                            0.200000    0.209191   -0.009191 (VIOLATED)
clkbuf_2_2_0_clk/X                      0.200000    0.201656   -0.001656 (VIOLATED)



===========================================================================
report_parasitic_annotation -report_unannotated
============================================================================
Found 245 unannotated drivers.
 clkload0/Y
 clkload1/Y
 clkload10/Y
 clkload100/Y
 clkload101/Y
 clkload102/Y
 clkload103/Y
 clkload104/Y
 clkload105/Y
 clkload106/Y
 clkload107/Y
 clkload108/Y
 clkload109/Y
 clkload11/Y
 clkload110/Y
 clkload111/Y
 clkload112/Y
 clkload113/X
 clkload114/Y
 clkload115/Y
 clkload116/Y
 clkload117/Y
 clkload118/Y
 clkload119/Y
 clkload12/Y
 clkload120/Y
 clkload121/Y
 clkload122/Y
 clkload123/Y
 clkload124/X
 clkload125/Y
 clkload126/Y
 clkload127/X
 clkload128/X
 clkload129/X
 clkload13/Y
 clkload130/X
 clkload131/Y
 clkload132/X
 clkload133/Y
 clkload134/Y
 clkload135/Y
 clkload136/Y
 clkload137/Y
 clkload138/Y
 clkload139/Y
 clkload14/Y
 clkload140/Y
 clkload141/Y
 clkload142/Y
 clkload143/Y
 clkload144/Y
 clkload145/Y
 clkload146/Y
 clkload147/Y
 clkload148/Y
 clkload149/X
 clkload15/Y
 clkload150/Y
 clkload151/Y
 clkload152/X
 clkload153/X
 clkload154/X
 clkload155/Y
 clkload156/Y
 clkload157/X
 clkload158/Y
 clkload159/Y
 clkload16/Y
 clkload160/Y
 clkload161/X
 clkload162/Y
 clkload163/Y
 clkload164/Y
 clkload165/X
 clkload166/X
 clkload167/Y
 clkload168/Y
 clkload169/Y
 clkload17/X
 clkload170/X
 clkload171/Y
 clkload172/Y
 clkload173/Y
 clkload174/Y
 clkload175/X
 clkload176/Y
 clkload177/Y
 clkload178/Y
 clkload179/Y
 clkload18/Y
 clkload180/Y
 clkload181/Y
 clkload182/X
 clkload183/Y
 clkload184/Y
 clkload185/X
 clkload186/Y
 clkload187/Y
 clkload188/Y
 clkload189/Y
 clkload19/Y
 clkload190/Y
 clkload191/Y
 clkload192/Y
 clkload193/Y
 clkload194/Y
 clkload195/X
 clkload196/Y
 clkload197/Y
 clkload198/Y
 clkload199/X
 clkload2/Y
 clkload20/Y
 clkload200/Y
 clkload201/X
 clkload202/Y
 clkload203/Y
 clkload204/Y
 clkload205/X
 clkload206/Y
 clkload207/X
 clkload208/Y
 clkload209/X
 clkload21/Y
 clkload210/Y
 clkload211/X
 clkload212/Y
 clkload213/X
 clkload214/Y
 clkload215/X
 clkload216/Y
 clkload217/X
 clkload218/Y
 clkload219/Y
 clkload22/Y
 clkload220/Y
 clkload221/Y
 clkload222/Y
 clkload223/Y
 clkload224/Y
 clkload225/Y
 clkload226/Y
 clkload227/Y
 clkload228/Y
 clkload229/X
 clkload23/X
 clkload230/X
 clkload231/Y
 clkload232/Y
 clkload233/X
 clkload234/X
 clkload235/Y
 clkload236/X
 clkload237/Y
 clkload238/Y
 clkload239/Y
 clkload24/Y
 clkload240/Y
 clkload241/Y
 clkload242/Y
 clkload243/Y
 clkload244/Y
 clkload25/Y
 clkload26/Y
 clkload27/Y
 clkload28/X
 clkload29/Y
 clkload3/Y
 clkload30/Y
 clkload31/Y
 clkload32/Y
 clkload33/Y
 clkload34/Y
 clkload35/Y
 clkload36/Y
 clkload37/Y
 clkload38/Y
 clkload39/Y
 clkload4/Y
 clkload40/Y
 clkload41/Y
 clkload42/X
 clkload43/X
 clkload44/Y
 clkload45/Y
 clkload46/Y
 clkload47/Y
 clkload48/Y
 clkload49/Y
 clkload5/Y
 clkload50/Y
 clkload51/Y
 clkload52/Y
 clkload53/Y
 clkload54/Y
 clkload55/Y
 clkload56/Y
 clkload57/X
 clkload58/Y
 clkload59/Y
 clkload6/Y
 clkload60/Y
 clkload61/Y
 clkload62/Y
 clkload63/Y
 clkload64/Y
 clkload65/Y
 clkload66/Y
 clkload67/Y
 clkload68/Y
 clkload69/Y
 clkload7/Y
 clkload70/Y
 clkload71/Y
 clkload72/Y
 clkload73/Y
 clkload74/Y
 clkload75/Y
 clkload76/Y
 clkload77/Y
 clkload78/X
 clkload79/Y
 clkload8/X
 clkload80/Y
 clkload81/Y
 clkload82/Y
 clkload83/Y
 clkload84/X
 clkload85/Y
 clkload86/Y
 clkload87/Y
 clkload88/Y
 clkload89/Y
 clkload9/X
 clkload90/Y
 clkload91/Y
 clkload92/Y
 clkload93/Y
 clkload94/Y
 clkload95/Y
 clkload96/Y
 clkload97/Y
 clkload98/Y
 clkload99/Y
Found 0 partially unannotated drivers.

===========================================================================
max slew violation count 12
max fanout violation count 199
max cap violation count 3
============================================================================

===========================================================================
check_setup -verbose -unconstrained_endpoints -multiple_clock -no_clock -no_input_delay -loops -generated_clocks
===========================================================================
