Clock: clk
Sources: clk 
Generated: no
Virtual: yes
Propagated: no
Period: 1000.000000

===========================================================================
report_clock_properties
============================================================================
Clock                   Period          Waveform
----------------------------------------------------
clk                 1000.000000    0.000000500.000000

===========================================================================
report_clock_latency
============================================================================
Clock clk
rise -> rise
    min     max
0.000000 0.000000 source latency
0.922774         network latency _46285_/CLK
        1.129298 network latency _46167_/CLK
---------------
0.922774 1.129298 latency
        0.206524 skew

fall -> fall
    min     max
0.000000 0.000000 source latency
0.733110         network latency _46285_/CLK
        0.915918 network latency _46167_/CLK
---------------
0.733110 0.915918 latency
        0.182808 skew



===========================================================================
report_clock_min_period
============================================================================
clk period_min = 107.48 fmax = 9.30
