Starting…
Running 'Verilator.Lint' at 'EE531/my_designs/FPU_32_Bit/runs/RUN_2026-03-12_00-49-12/01-verilator-lint'…
Logging subprocess to [repr.filename]'EE531/my_designs/FPU_32_Bit/runs/RUN_2026-03-12_00-49-12/01-verilator-lint/verilator-lint.log'[/repr.filename]…
Running 'Checker.LintTimingConstructs' at 'EE531/my_designs/FPU_32_Bit/runs/RUN_2026-03-12_00-49-12/02-checker-linttimingconstructs'…
Check for Lint Timing Errors clear.
Running 'Checker.LintErrors' at 'EE531/my_designs/FPU_32_Bit/runs/RUN_2026-03-12_00-49-12/03-checker-linterrors'…
Check for Lint errors clear.
Running 'Checker.LintWarnings' at 'EE531/my_designs/FPU_32_Bit/runs/RUN_2026-03-12_00-49-12/04-checker-lintwarnings'…
450 Lint warnings found.
Running 'Yosys.JsonHeader' at 'EE531/my_designs/FPU_32_Bit/runs/RUN_2026-03-12_00-49-12/05-yosys-jsonheader'…
Logging subprocess to [repr.filename]'EE531/my_designs/FPU_32_Bit/runs/RUN_2026-03-12_00-49-12/05-yosys-jsonheader/yosys-jsonheader.log'[/repr.filename]…
Running 'Yosys.Synthesis' at 'EE531/my_designs/FPU_32_Bit/runs/RUN_2026-03-12_00-49-12/06-yosys-synthesis'…
Logging subprocess to [repr.filename]'EE531/my_designs/FPU_32_Bit/runs/RUN_2026-03-12_00-49-12/06-yosys-synthesis/yosys-synthesis.log'[/repr.filename]…
Parsing synthesis checks…
Running 'Checker.YosysUnmappedCells' at 'EE531/my_designs/FPU_32_Bit/runs/RUN_2026-03-12_00-49-12/07-checker-yosysunmappedcells'…
Check for Unmapped Yosys instances clear.
Running 'Checker.YosysSynthChecks' at 'EE531/my_designs/FPU_32_Bit/runs/RUN_2026-03-12_00-49-12/08-checker-yosyssynthchecks'…
Check for Yosys check errors clear.
Running 'Checker.NetlistAssignStatements' at 'EE531/my_designs/FPU_32_Bit/runs/RUN_2026-03-12_00-49-12/09-checker-netlistassignstatements'…
Running 'OpenROAD.CheckSDCFiles' at 'EE531/my_designs/FPU_32_Bit/runs/RUN_2026-03-12_00-49-12/10-openroad-checksdcfiles'…
'PNR_SDC_FILE' is not defined. Using generic fallback SDC for OpenROAD PnR steps.
'SIGNOFF_SDC_FILE' is not defined. Using generic fallback SDC for OpenROAD PnR steps.
Running 'OpenROAD.CheckMacroInstances' at 'EE531/my_designs/FPU_32_Bit/runs/RUN_2026-03-12_00-49-12/11-openroad-checkmacroinstances'…
No macros found, skipping instance check…
Running 'OpenROAD.STAPrePNR' at 'EE531/my_designs/FPU_32_Bit/runs/RUN_2026-03-12_00-49-12/12-openroad-staprepnr'…
Starting STA for the nom_tt_025C_1v80 timing corner…
Starting STA for the nom_ss_100C_1v60 timing corner…
Starting STA for the nom_ff_n40C_1v95 timing corner…
Skipping corner min_tt_025C_1v80 for STA (identical to nom_tt_025C_1v80 at this stage)…
Logging subprocess to [repr.filename]'EE531/my_designs/FPU_32_Bit/runs/RUN_2026-03-12_00-49-12/12-openroad-staprepnr/nom_tt_025C_1v80/sta.log'[/repr.filename]…
Skipping corner min_ss_100C_1v60 for STA (identical to nom_ss_100C_1v60 at this stage)…
Logging subprocess to [repr.filename]'EE531/my_designs/FPU_32_Bit/runs/RUN_2026-03-12_00-49-12/12-openroad-staprepnr/nom_ss_100C_1v60/sta.log'[/repr.filename]…
Skipping corner min_ff_n40C_1v95 for STA (identical to nom_ff_n40C_1v95 at this stage)…
Logging subprocess to [repr.filename]'EE531/my_designs/FPU_32_Bit/runs/RUN_2026-03-12_00-49-12/12-openroad-staprepnr/nom_ff_n40C_1v95/sta.log'[/repr.filename]…
Skipping corner max_tt_025C_1v80 for STA (identical to nom_tt_025C_1v80 at this stage)…
Skipping corner max_ss_100C_1v60 for STA (identical to nom_ss_100C_1v60 at this stage)…
Skipping corner max_ff_n40C_1v95 for STA (identical to nom_ff_n40C_1v95 at this stage)…
Finished STA for the nom_ss_100C_1v60 timing corner.
Finished STA for the nom_tt_025C_1v80 timing corner.
Finished STA for the nom_ff_n40C_1v95 timing corner.
Running 'OpenROAD.Floorplan' at 'EE531/my_designs/FPU_32_Bit/runs/RUN_2026-03-12_00-49-12/13-openroad-floorplan'…
Logging subprocess to [repr.filename]'EE531/my_designs/FPU_32_Bit/runs/RUN_2026-03-12_00-49-12/13-openroad-floorplan/openroad-floorplan.log'[/repr.filename]…
Running 'Odb.CheckMacroAntennaProperties' at 'EE531/my_designs/FPU_32_Bit/runs/RUN_2026-03-12_00-49-12/14-odb-checkmacroantennaproperties'…
No cells provided, skipping…
Running 'Odb.SetPowerConnections' at 'EE531/my_designs/FPU_32_Bit/runs/RUN_2026-03-12_00-49-12/15-odb-setpowerconnections'…
Logging subprocess to [repr.filename]'EE531/my_designs/FPU_32_Bit/runs/RUN_2026-03-12_00-49-12/15-odb-setpowerconnections/odb-setpowerconnections.log'[/repr.filename]…
Running 'Odb.ManualMacroPlacement' at 'EE531/my_designs/FPU_32_Bit/runs/RUN_2026-03-12_00-49-12/16-odb-manualmacroplacement'…
No instances found, skipping 'Odb.ManualMacroPlacement'…
Running 'OpenROAD.CutRows' at 'EE531/my_designs/FPU_32_Bit/runs/RUN_2026-03-12_00-49-12/17-openroad-cutrows'…
Logging subprocess to [repr.filename]'EE531/my_designs/FPU_32_Bit/runs/RUN_2026-03-12_00-49-12/17-openroad-cutrows/openroad-cutrows.log'[/repr.filename]…
Running 'OpenROAD.TapEndcapInsertion' at 'EE531/my_designs/FPU_32_Bit/runs/RUN_2026-03-12_00-49-12/18-openroad-tapendcapinsertion'…
Logging subprocess to [repr.filename]'EE531/my_designs/FPU_32_Bit/runs/RUN_2026-03-12_00-49-12/18-openroad-tapendcapinsertion/openroad-tapendcapinsertion.log'[/repr.filename]…
Running 'Odb.AddPDNObstructions' at 'EE531/my_designs/FPU_32_Bit/runs/RUN_2026-03-12_00-49-12/19-odb-addpdnobstructions'…
'PDN_OBSTRUCTIONS' is not defined. Skipping 'Odb.AddPDNObstructions'…
Running 'OpenROAD.GeneratePDN' at 'EE531/my_designs/FPU_32_Bit/runs/RUN_2026-03-12_00-49-12/20-openroad-generatepdn'…
'FP_PDN_CFG' not explicitly set, setting it to /nix/store/svkrfkkpaij5qb9xjbcwfymcd4s8hczv-python3-3.11.9-env/lib/python3.11/site-packages/librelane/scripts/openroad/common/pdn_cfg.tcl…
Logging subprocess to [repr.filename]'EE531/my_designs/FPU_32_Bit/runs/RUN_2026-03-12_00-49-12/20-openroad-generatepdn/openroad-generatepdn.log'[/repr.filename]…
Running 'Odb.RemovePDNObstructions' at 'EE531/my_designs/FPU_32_Bit/runs/RUN_2026-03-12_00-49-12/21-odb-removepdnobstructions'…
'PDN_OBSTRUCTIONS' is not defined. Skipping 'Odb.RemovePDNObstructions'…
Running 'Odb.AddRoutingObstructions' at 'EE531/my_designs/FPU_32_Bit/runs/RUN_2026-03-12_00-49-12/22-odb-addroutingobstructions'…
'ROUTING_OBSTRUCTIONS' is not defined. Skipping 'Odb.AddRoutingObstructions'…
Running 'OpenROAD.GlobalPlacementSkipIO' at 'EE531/my_designs/FPU_32_Bit/runs/RUN_2026-03-12_00-49-12/23-openroad-globalplacementskipio'…
'PL_TARGET_DENSITY_PCT' not explicitly set, using dynamically calculated target density: 61.951900…
Logging subprocess to [repr.filename]'EE531/my_designs/FPU_32_Bit/runs/RUN_2026-03-12_00-49-12/23-openroad-globalplacementskipio/openroad-globalplacementskipio.log'[/repr.filename]…
Running 'OpenROAD.IOPlacement' at 'EE531/my_designs/FPU_32_Bit/runs/RUN_2026-03-12_00-49-12/24-openroad-ioplacement'…
Logging subprocess to [repr.filename]'EE531/my_designs/FPU_32_Bit/runs/RUN_2026-03-12_00-49-12/24-openroad-ioplacement/openroad-ioplacement.log'[/repr.filename]…
Running 'Odb.CustomIOPlacement' at 'EE531/my_designs/FPU_32_Bit/runs/RUN_2026-03-12_00-49-12/25-odb-customioplacement'…
No custom floorplan file configured, skipping…
Running 'Odb.ApplyDEFTemplate' at 'EE531/my_designs/FPU_32_Bit/runs/RUN_2026-03-12_00-49-12/26-odb-applydeftemplate'…
No DEF template provided, skipping…
Running 'OpenROAD.GlobalPlacement' at 'EE531/my_designs/FPU_32_Bit/runs/RUN_2026-03-12_00-49-12/27-openroad-globalplacement'…
'PL_TARGET_DENSITY_PCT' not explicitly set, using dynamically calculated target density: 61.951900…
Logging subprocess to [repr.filename]'EE531/my_designs/FPU_32_Bit/runs/RUN_2026-03-12_00-49-12/27-openroad-globalplacement/openroad-globalplacement.log'[/repr.filename]…
Running 'Odb.WriteVerilogHeader' at 'EE531/my_designs/FPU_32_Bit/runs/RUN_2026-03-12_00-49-12/28-odb-writeverilogheader'…
Logging subprocess to [repr.filename]'EE531/my_designs/FPU_32_Bit/runs/RUN_2026-03-12_00-49-12/28-odb-writeverilogheader/odb-writeverilogheader.log'[/repr.filename]…
Running 'Checker.PowerGridViolations' at 'EE531/my_designs/FPU_32_Bit/runs/RUN_2026-03-12_00-49-12/29-checker-powergridviolations'…
Check for power grid violations (as reported by OpenROAD PSM- you may ignore these if LVS passes) clear.
Running 'OpenROAD.STAMidPNR' at 'EE531/my_designs/FPU_32_Bit/runs/RUN_2026-03-12_00-49-12/30-openroad-stamidpnr'…
Logging subprocess to [repr.filename]'EE531/my_designs/FPU_32_Bit/runs/RUN_2026-03-12_00-49-12/30-openroad-stamidpnr/openroad-stamidpnr.log'[/repr.filename]…
[GRT-0097] No global routing found for nets.
Running 'OpenROAD.RepairDesignPostGPL' at 'EE531/my_designs/FPU_32_Bit/runs/RUN_2026-03-12_00-49-12/31-openroad-repairdesignpostgpl'…
Logging subprocess to [repr.filename]'EE531/my_designs/FPU_32_Bit/runs/RUN_2026-03-12_00-49-12/31-openroad-repairdesignpostgpl/openroad-repairdesignpostgpl.log'[/repr.filename]…
Running 'Odb.ManualGlobalPlacement' at 'EE531/my_designs/FPU_32_Bit/runs/RUN_2026-03-12_00-49-12/32-odb-manualglobalplacement'…
'MANUAL_GLOBAL_PLACEMENTS' not set, skipping…
Running 'OpenROAD.DetailedPlacement' at 'EE531/my_designs/FPU_32_Bit/runs/RUN_2026-03-12_00-49-12/33-openroad-detailedplacement'…
Logging subprocess to [repr.filename]'EE531/my_designs/FPU_32_Bit/runs/RUN_2026-03-12_00-49-12/33-openroad-detailedplacement/openroad-detailedplacement.log'[/repr.filename]…
Running 'OpenROAD.CTS' at 'EE531/my_designs/FPU_32_Bit/runs/RUN_2026-03-12_00-49-12/34-openroad-cts'…
Logging subprocess to [repr.filename]'EE531/my_designs/FPU_32_Bit/runs/RUN_2026-03-12_00-49-12/34-openroad-cts/openroad-cts.log'[/repr.filename]…
Running 'OpenROAD.STAMidPNR-1' at 'EE531/my_designs/FPU_32_Bit/runs/RUN_2026-03-12_00-49-12/35-openroad-stamidpnr-1'…
Logging subprocess to [repr.filename]'EE531/my_designs/FPU_32_Bit/runs/RUN_2026-03-12_00-49-12/35-openroad-stamidpnr-1/openroad-stamidpnr-1.log'[/repr.filename]…
[GRT-0097] No global routing found for nets.
Running 'OpenROAD.ResizerTimingPostCTS' at 'EE531/my_designs/FPU_32_Bit/runs/RUN_2026-03-12_00-49-12/36-openroad-resizertimingpostcts'…
Logging subprocess to [repr.filename]'EE531/my_designs/FPU_32_Bit/runs/RUN_2026-03-12_00-49-12/36-openroad-resizertimingpostcts/openroad-resizertimingpostcts.log'[/repr.filename]…
[RSZ-0062] Unable to repair all setup violations.
Running 'OpenROAD.STAMidPNR-2' at 'EE531/my_designs/FPU_32_Bit/runs/RUN_2026-03-12_00-49-12/37-openroad-stamidpnr-2'…
Logging subprocess to [repr.filename]'EE531/my_designs/FPU_32_Bit/runs/RUN_2026-03-12_00-49-12/37-openroad-stamidpnr-2/openroad-stamidpnr-2.log'[/repr.filename]…
[GRT-0097] No global routing found for nets.
Running 'OpenROAD.GlobalRouting' at 'EE531/my_designs/FPU_32_Bit/runs/RUN_2026-03-12_00-49-12/38-openroad-globalrouting'…
Logging subprocess to [repr.filename]'EE531/my_designs/FPU_32_Bit/runs/RUN_2026-03-12_00-49-12/38-openroad-globalrouting/openroad-globalrouting.log'[/repr.filename]…
Running 'OpenROAD.CheckAntennas' at 'EE531/my_designs/FPU_32_Bit/runs/RUN_2026-03-12_00-49-12/39-openroad-checkantennas'…
Logging subprocess to [repr.filename]'EE531/my_designs/FPU_32_Bit/runs/RUN_2026-03-12_00-49-12/39-openroad-checkantennas/openroad-checkantennas.log'[/repr.filename]…
Gating variable for step 'OpenROAD.RepairDesignPostGRT' set to 'False'- the step will be skipped.
Skipping step 'Repair Design (Post-Global Routing)'…
Running 'Odb.DiodesOnPorts' at 'EE531/my_designs/FPU_32_Bit/runs/RUN_2026-03-12_00-49-12/40-odb-diodesonports'…
'DIODE_ON_PORTS' is set to 'none': skipping…
Gating variable for step 'Odb.HeuristicDiodeInsertion' set to 'False'- the step will be skipped.
Skipping step 'Heuristic Diode Insertion'…
Running 'OpenROAD.RepairAntennas' at 'EE531/my_designs/FPU_32_Bit/runs/RUN_2026-03-12_00-49-12/41-openroad-repairantennas'…
Running 'OpenROAD.DiodeInsertion' at 'EE531/my_designs/FPU_32_Bit/runs/RUN_2026-03-12_00-49-12/41-openroad-repairantennas/1-openroad-diodeinsertion'…
Logging subprocess to [repr.filename]'EE531/my_designs/FPU_32_Bit/runs/RUN_2026-03-12_00-49-12/41-openroad-repairantennas/1-openroad-diodeinsertion/openroad-diodeinsertion.log'[/repr.filename]…
Running 'OpenROAD.CheckAntennas' at 'EE531/my_designs/FPU_32_Bit/runs/RUN_2026-03-12_00-49-12/41-openroad-repairantennas/2-openroad-checkantennas'…
Logging subprocess to [repr.filename]'EE531/my_designs/FPU_32_Bit/runs/RUN_2026-03-12_00-49-12/41-openroad-repairantennas/2-openroad-checkantennas/openroad-checkantennas.log'[/repr.filename]…
Gating variable for step 'OpenROAD.ResizerTimingPostGRT' set to 'False'- the step will be skipped.
Skipping step 'Resizer Timing Optimizations (Post-Global Routing)'…
Running 'OpenROAD.STAMidPNR-3' at 'EE531/my_designs/FPU_32_Bit/runs/RUN_2026-03-12_00-49-12/42-openroad-stamidpnr-3'…
Logging subprocess to [repr.filename]'EE531/my_designs/FPU_32_Bit/runs/RUN_2026-03-12_00-49-12/42-openroad-stamidpnr-3/openroad-stamidpnr-3.log'[/repr.filename]…
Running 'OpenROAD.DetailedRouting' at 'EE531/my_designs/FPU_32_Bit/runs/RUN_2026-03-12_00-49-12/43-openroad-detailedrouting'…
Running TritonRoute with 28 threads…
Logging subprocess to [repr.filename]'EE531/my_designs/FPU_32_Bit/runs/RUN_2026-03-12_00-49-12/43-openroad-detailedrouting/openroad-detailedrouting.log'[/repr.filename]…
[DRT-0349] LEF58_ENCLOSURE with no CUTCLASS is not supported. Skipping for layer mcon
[DRT-0349] LEF58_ENCLOSURE with no CUTCLASS is not supported. Skipping for layer mcon
[DRT-0349] LEF58_ENCLOSURE with no CUTCLASS is not supported. Skipping for layer via
[DRT-0349] LEF58_ENCLOSURE with no CUTCLASS is not supported. Skipping for layer via
[DRT-0349] LEF58_ENCLOSURE with no CUTCLASS is not supported. Skipping for layer via2
[DRT-0349] LEF58_ENCLOSURE with no CUTCLASS is not supported. Skipping for layer via2
[DRT-0349] LEF58_ENCLOSURE with no CUTCLASS is not supported. Skipping for layer via3
[DRT-0349] LEF58_ENCLOSURE with no CUTCLASS is not supported. Skipping for layer via3
[DRT-0349] LEF58_ENCLOSURE with no CUTCLASS is not supported. Skipping for layer via4
[DRT-0349] LEF58_ENCLOSURE with no CUTCLASS is not supported. Skipping for layer via4
Running 'Odb.RemoveRoutingObstructions' at 'EE531/my_designs/FPU_32_Bit/runs/RUN_2026-03-12_00-49-12/44-odb-removeroutingobstructions'…
'ROUTING_OBSTRUCTIONS' is not defined. Skipping 'Odb.RemoveRoutingObstructions'…
Running 'OpenROAD.CheckAntennas-1' at 'EE531/my_designs/FPU_32_Bit/runs/RUN_2026-03-12_00-49-12/45-openroad-checkantennas-1'…
Logging subprocess to [repr.filename]'EE531/my_designs/FPU_32_Bit/runs/RUN_2026-03-12_00-49-12/45-openroad-checkantennas-1/openroad-checkantennas-1.log'[/repr.filename]…
Running 'Checker.TrDRC' at 'EE531/my_designs/FPU_32_Bit/runs/RUN_2026-03-12_00-49-12/46-checker-trdrc'…
Check for Routing DRC errors clear.
Running 'Odb.ReportDisconnectedPins' at 'EE531/my_designs/FPU_32_Bit/runs/RUN_2026-03-12_00-49-12/47-odb-reportdisconnectedpins'…
Logging subprocess to [repr.filename]'EE531/my_designs/FPU_32_Bit/runs/RUN_2026-03-12_00-49-12/47-odb-reportdisconnectedpins/odb-reportdisconnectedpins.log'[/repr.filename]…
Running 'Checker.DisconnectedPins' at 'EE531/my_designs/FPU_32_Bit/runs/RUN_2026-03-12_00-49-12/48-checker-disconnectedpins'…
Check for critical disconnected pins clear.
Running 'Odb.ReportWireLength' at 'EE531/my_designs/FPU_32_Bit/runs/RUN_2026-03-12_00-49-12/49-odb-reportwirelength'…
Logging subprocess to [repr.filename]'EE531/my_designs/FPU_32_Bit/runs/RUN_2026-03-12_00-49-12/49-odb-reportwirelength/odb-reportwirelength.log'[/repr.filename]…
Running 'Checker.WireLength' at 'EE531/my_designs/FPU_32_Bit/runs/RUN_2026-03-12_00-49-12/50-checker-wirelength'…
Threshold for Threshold-surpassing long wires is not set. The checker will be skipped.
Running 'OpenROAD.FillInsertion' at 'EE531/my_designs/FPU_32_Bit/runs/RUN_2026-03-12_00-49-12/51-openroad-fillinsertion'…
Logging subprocess to [repr.filename]'EE531/my_designs/FPU_32_Bit/runs/RUN_2026-03-12_00-49-12/51-openroad-fillinsertion/openroad-fillinsertion.log'[/repr.filename]…
Running 'Odb.CellFrequencyTables' at 'EE531/my_designs/FPU_32_Bit/runs/RUN_2026-03-12_00-49-12/52-odb-cellfrequencytables'…
Logging subprocess to [repr.filename]'EE531/my_designs/FPU_32_Bit/runs/RUN_2026-03-12_00-49-12/52-odb-cellfrequencytables/buffer_list.txt'[/repr.filename]…
Logging subprocess to [repr.filename]'EE531/my_designs/FPU_32_Bit/runs/RUN_2026-03-12_00-49-12/52-odb-cellfrequencytables/odb-cellfrequencytables.log'[/repr.filename]…
Running 'OpenROAD.RCX' at 'EE531/my_designs/FPU_32_Bit/runs/RUN_2026-03-12_00-49-12/53-openroad-rcx'…
Running RCX for corners matching nom_* (/home/niko_tambornini/EE531/my_designs/FPU_32_Bit/runs/RUN_2026-03-12_00-49-12/53-openroad-rcx/nom/rcx.log)…
Running RCX for corners matching min_* (/home/niko_tambornini/EE531/my_designs/FPU_32_Bit/runs/RUN_2026-03-12_00-49-12/53-openroad-rcx/min/rcx.log)…
Running RCX for corners matching max_* (/home/niko_tambornini/EE531/my_designs/FPU_32_Bit/runs/RUN_2026-03-12_00-49-12/53-openroad-rcx/max/rcx.log)…
Logging subprocess to [repr.filename]'EE531/my_designs/FPU_32_Bit/runs/RUN_2026-03-12_00-49-12/53-openroad-rcx/nom/rcx.log'[/repr.filename]…
Logging subprocess to [repr.filename]'EE531/my_designs/FPU_32_Bit/runs/RUN_2026-03-12_00-49-12/53-openroad-rcx/min/rcx.log'[/repr.filename]…
Logging subprocess to [repr.filename]'EE531/my_designs/FPU_32_Bit/runs/RUN_2026-03-12_00-49-12/53-openroad-rcx/max/rcx.log'[/repr.filename]…
Finished RCX for corners matching max_*.
Finished RCX for corners matching min_*.
Finished RCX for corners matching nom_*.
Running 'OpenROAD.STAPostPNR' at 'EE531/my_designs/FPU_32_Bit/runs/RUN_2026-03-12_00-49-12/54-openroad-stapostpnr'…
Starting STA for the nom_tt_025C_1v80 timing corner…
Starting STA for the nom_ss_100C_1v60 timing corner…
Starting STA for the nom_ff_n40C_1v95 timing corner…
Starting STA for the min_tt_025C_1v80 timing corner…
Starting STA for the min_ss_100C_1v60 timing corner…
Starting STA for the min_ff_n40C_1v95 timing corner…
Starting STA for the max_tt_025C_1v80 timing corner…
Starting STA for the max_ss_100C_1v60 timing corner…
Logging subprocess to [repr.filename]'EE531/my_designs/FPU_32_Bit/runs/RUN_2026-03-12_00-49-12/54-openroad-stapostpnr/nom_ss_100C_1v60/sta.log'[/repr.filename]…
Logging subprocess to [repr.filename]'EE531/my_designs/FPU_32_Bit/runs/RUN_2026-03-12_00-49-12/54-openroad-stapostpnr/nom_tt_025C_1v80/sta.log'[/repr.filename]…
Starting STA for the max_ff_n40C_1v95 timing corner…
Logging subprocess to [repr.filename]'EE531/my_designs/FPU_32_Bit/runs/RUN_2026-03-12_00-49-12/54-openroad-stapostpnr/nom_ff_n40C_1v95/sta.log'[/repr.filename]…
Logging subprocess to [repr.filename]'EE531/my_designs/FPU_32_Bit/runs/RUN_2026-03-12_00-49-12/54-openroad-stapostpnr/min_tt_025C_1v80/sta.log'[/repr.filename]…
Logging subprocess to [repr.filename]'EE531/my_designs/FPU_32_Bit/runs/RUN_2026-03-12_00-49-12/54-openroad-stapostpnr/min_ff_n40C_1v95/sta.log'[/repr.filename]…
Logging subprocess to [repr.filename]'EE531/my_designs/FPU_32_Bit/runs/RUN_2026-03-12_00-49-12/54-openroad-stapostpnr/min_ss_100C_1v60/sta.log'[/repr.filename]…
Logging subprocess to [repr.filename]'EE531/my_designs/FPU_32_Bit/runs/RUN_2026-03-12_00-49-12/54-openroad-stapostpnr/max_tt_025C_1v80/sta.log'[/repr.filename]…
Logging subprocess to [repr.filename]'EE531/my_designs/FPU_32_Bit/runs/RUN_2026-03-12_00-49-12/54-openroad-stapostpnr/max_ss_100C_1v60/sta.log'[/repr.filename]…
Logging subprocess to [repr.filename]'EE531/my_designs/FPU_32_Bit/runs/RUN_2026-03-12_00-49-12/54-openroad-stapostpnr/max_ff_n40C_1v95/sta.log'[/repr.filename]…
Finished STA for the min_ss_100C_1v60 timing corner.
Logging subprocess to [repr.filename]'EE531/my_designs/FPU_32_Bit/runs/RUN_2026-03-12_00-49-12/54-openroad-stapostpnr/min_ss_100C_1v60/filter_unannotated.log'[/repr.filename]…
Finished STA for the min_ff_n40C_1v95 timing corner.
Logging subprocess to [repr.filename]'EE531/my_designs/FPU_32_Bit/runs/RUN_2026-03-12_00-49-12/54-openroad-stapostpnr/min_ff_n40C_1v95/filter_unannotated.log'[/repr.filename]…
Finished STA for the nom_tt_025C_1v80 timing corner.
Logging subprocess to [repr.filename]'EE531/my_designs/FPU_32_Bit/runs/RUN_2026-03-12_00-49-12/54-openroad-stapostpnr/nom_tt_025C_1v80/filter_unannotated.log'[/repr.filename]…
Finished STA for the min_tt_025C_1v80 timing corner.
Logging subprocess to [repr.filename]'EE531/my_designs/FPU_32_Bit/runs/RUN_2026-03-12_00-49-12/54-openroad-stapostpnr/min_tt_025C_1v80/filter_unannotated.log'[/repr.filename]…
Finished STA for the max_ff_n40C_1v95 timing corner.
Logging subprocess to [repr.filename]'EE531/my_designs/FPU_32_Bit/runs/RUN_2026-03-12_00-49-12/54-openroad-stapostpnr/max_ff_n40C_1v95/filter_unannotated.log'[/repr.filename]…
Finished STA for the nom_ss_100C_1v60 timing corner.
Finished STA for the max_ss_100C_1v60 timing corner.
Logging subprocess to [repr.filename]'EE531/my_designs/FPU_32_Bit/runs/RUN_2026-03-12_00-49-12/54-openroad-stapostpnr/nom_ss_100C_1v60/filter_unannotated.log'[/repr.filename]…
Logging subprocess to [repr.filename]'EE531/my_designs/FPU_32_Bit/runs/RUN_2026-03-12_00-49-12/54-openroad-stapostpnr/max_ss_100C_1v60/filter_unannotated.log'[/repr.filename]…
Finished STA for the nom_ff_n40C_1v95 timing corner.
Logging subprocess to [repr.filename]'EE531/my_designs/FPU_32_Bit/runs/RUN_2026-03-12_00-49-12/54-openroad-stapostpnr/nom_ff_n40C_1v95/filter_unannotated.log'[/repr.filename]…
Finished STA for the max_tt_025C_1v80 timing corner.
Logging subprocess to [repr.filename]'EE531/my_designs/FPU_32_Bit/runs/RUN_2026-03-12_00-49-12/54-openroad-stapostpnr/max_tt_025C_1v80/filter_unannotated.log'[/repr.filename]…
Running 'OpenROAD.IRDropReport' at 'EE531/my_designs/FPU_32_Bit/runs/RUN_2026-03-12_00-49-12/55-openroad-irdropreport'…
'VSRC_LOC_FILES' was not given a value, which may make the results of IR drop analysis inaccurate. If you are not integrating a top-level chip for manufacture, you may ignore this warning, otherwise, see the documentation for 'VSRC_LOC_FILES'.
Logging subprocess to [repr.filename]'EE531/my_designs/FPU_32_Bit/runs/RUN_2026-03-12_00-49-12/55-openroad-irdropreport/openroad-irdropreport.log'[/repr.filename]…
[INFO PSM-0040] All shapes on net VPWR are connected.
########## IR report #################
Net              : VPWR
Corner           : nom_tt_025C_1v80
Supply voltage   : 1.80e+00 V
Worstcase voltage: -1.34e+01 V
Average voltage  : 5.48e-01 V
Average IR drop  : 1.25e+00 V
Worstcase IR drop: 1.52e+01 V
Percentage drop  : 845.50 %
######################################
[INFO PSM-0040] All shapes on net VGND are connected.
########## IR report #################
Net              : VGND
Corner           : nom_tt_025C_1v80
Supply voltage   : 0.00e+00 V
Worstcase voltage: 1.53e+01 V
Average voltage  : 1.30e+00 V
Average IR drop  : 1.30e+00 V
Worstcase IR drop: 1.53e+01 V
Percentage drop  : 852.68 %
######################################

Running 'Magic.StreamOut' at 'EE531/my_designs/FPU_32_Bit/runs/RUN_2026-03-12_00-49-12/56-magic-streamout'…
Logging subprocess to [repr.filename]'EE531/my_designs/FPU_32_Bit/runs/RUN_2026-03-12_00-49-12/56-magic-streamout/magic-streamout.log'[/repr.filename]…
Running 'KLayout.StreamOut' at 'EE531/my_designs/FPU_32_Bit/runs/RUN_2026-03-12_00-49-12/57-klayout-streamout'…
Logging subprocess to [repr.filename]'EE531/my_designs/FPU_32_Bit/runs/RUN_2026-03-12_00-49-12/57-klayout-streamout/klayout-streamout.log'[/repr.filename]…
Running 'Magic.WriteLEF' at 'EE531/my_designs/FPU_32_Bit/runs/RUN_2026-03-12_00-49-12/58-magic-writelef'…
Logging subprocess to [repr.filename]'EE531/my_designs/FPU_32_Bit/runs/RUN_2026-03-12_00-49-12/58-magic-writelef/magic-writelef.log'[/repr.filename]…
Running 'Odb.CheckDesignAntennaProperties' at 'EE531/my_designs/FPU_32_Bit/runs/RUN_2026-03-12_00-49-12/59-odb-checkdesignantennaproperties'…
Logging subprocess to [repr.filename]'EE531/my_designs/FPU_32_Bit/runs/RUN_2026-03-12_00-49-12/59-odb-checkdesignantennaproperties/odb-checkdesignantennaproperties.log'[/repr.filename]…
Running 'KLayout.XOR' at 'EE531/my_designs/FPU_32_Bit/runs/RUN_2026-03-12_00-49-12/60-klayout-xor'…
Running XOR with 28 threads…
Logging subprocess to [repr.filename]'EE531/my_designs/FPU_32_Bit/runs/RUN_2026-03-12_00-49-12/60-klayout-xor/klayout-xor.log'[/repr.filename]…
Running 'Checker.XOR' at 'EE531/my_designs/FPU_32_Bit/runs/RUN_2026-03-12_00-49-12/61-checker-xor'…
Check for XOR differences clear.
Running 'Magic.DRC' at 'EE531/my_designs/FPU_32_Bit/runs/RUN_2026-03-12_00-49-12/62-magic-drc'…
Logging subprocess to [repr.filename]'EE531/my_designs/FPU_32_Bit/runs/RUN_2026-03-12_00-49-12/62-magic-drc/magic-drc.log'[/repr.filename]…
Running 'KLayout.DRC' at 'EE531/my_designs/FPU_32_Bit/runs/RUN_2026-03-12_00-49-12/63-klayout-drc'…
Running KLayout DRC with 28 threads…
Logging subprocess to [repr.filename]'EE531/my_designs/FPU_32_Bit/runs/RUN_2026-03-12_00-49-12/63-klayout-drc/klayout-drc.log'[/repr.filename]…
Logging subprocess to [repr.filename]'EE531/my_designs/FPU_32_Bit/runs/RUN_2026-03-12_00-49-12/63-klayout-drc/xml_drc_report_to_json.log'[/repr.filename]…
Running 'Checker.MagicDRC' at 'EE531/my_designs/FPU_32_Bit/runs/RUN_2026-03-12_00-49-12/64-checker-magicdrc'…
Check for Magic DRC errors clear.
Running 'Checker.KLayoutDRC' at 'EE531/my_designs/FPU_32_Bit/runs/RUN_2026-03-12_00-49-12/65-checker-klayoutdrc'…
Check for KLayout DRC errors clear.
Running 'Magic.SpiceExtraction' at 'EE531/my_designs/FPU_32_Bit/runs/RUN_2026-03-12_00-49-12/66-magic-spiceextraction'…
Logging subprocess to [repr.filename]'EE531/my_designs/FPU_32_Bit/runs/RUN_2026-03-12_00-49-12/66-magic-spiceextraction/magic-spiceextraction.log'[/repr.filename]…
Running 'Checker.IllegalOverlap' at 'EE531/my_designs/FPU_32_Bit/runs/RUN_2026-03-12_00-49-12/67-checker-illegaloverlap'…
Check for Magic Illegal Overlap errors clear.
Running 'Netgen.LVS' at 'EE531/my_designs/FPU_32_Bit/runs/RUN_2026-03-12_00-49-12/68-netgen-lvs'…
Logging subprocess to [repr.filename]'EE531/my_designs/FPU_32_Bit/runs/RUN_2026-03-12_00-49-12/68-netgen-lvs/netgen-lvs.log'[/repr.filename]…
Running 'Checker.LVS' at 'EE531/my_designs/FPU_32_Bit/runs/RUN_2026-03-12_00-49-12/69-checker-lvs'…
Check for LVS errors clear.
Gating variable for step 'Yosys.EQY' set to 'False'- the step will be skipped.
Skipping step 'Equivalence Check'…
Running 'Checker.SetupViolations' at 'EE531/my_designs/FPU_32_Bit/runs/RUN_2026-03-12_00-49-12/70-checker-setupviolations'…
Setup violations found in the following corners:
* max_ff_n40C_1v95
* max_ss_100C_1v60
* min_ff_n40C_1v95
* min_ss_100C_1v60
* nom_ff_n40C_1v95
* nom_ss_100C_1v60
Running 'Checker.HoldViolations' at 'EE531/my_designs/FPU_32_Bit/runs/RUN_2026-03-12_00-49-12/71-checker-holdviolations'…
No hold violations found
Running 'Checker.MaxSlewViolations' at 'EE531/my_designs/FPU_32_Bit/runs/RUN_2026-03-12_00-49-12/72-checker-maxslewviolations'…
Max Slew violations found in the following corners:
* max_ss_100C_1v60
* max_tt_025C_1v80
* min_ss_100C_1v60
* min_tt_025C_1v80
* nom_ss_100C_1v60
* nom_tt_025C_1v80
No max slew violations found
Running 'Checker.MaxCapViolations' at 'EE531/my_designs/FPU_32_Bit/runs/RUN_2026-03-12_00-49-12/73-checker-maxcapviolations'…
Max Cap violations found in the following corners:
* max_ff_n40C_1v95
* max_ss_100C_1v60
* max_tt_025C_1v80
* nom_ff_n40C_1v95
* nom_ss_100C_1v60
* nom_tt_025C_1v80
No max cap violations found
Running 'Misc.ReportManufacturability' at 'EE531/my_designs/FPU_32_Bit/runs/RUN_2026-03-12_00-49-12/74-misc-reportmanufacturability'…
