┏━━━━━━━━━━━━━━━━━━━━━━┳━━━━━━━━━━┳━━━━━━━━━━┳━━━━━━━━━━┳━━━━━━━━━━┳━━━━━━━━━━━┳━━━━━━━━━━┳━━━━━━━━━━━┳━━━━━━━━━━┳━━━━━━━━━━━┳━━━━━━━━━━┳━━━━━━━━━━━┳━━━━━━━━━━┓
┃                      ┃ Hold     ┃ Reg to   ┃          ┃          ┃ of which  ┃ Setup    ┃           ┃          ┃           ┃ of which ┃           ┃          ┃
┃                      ┃ Worst    ┃ Reg      ┃          ┃ Hold Vio ┃ reg to    ┃ Worst    ┃ Reg to    ┃ Setup    ┃ Setup Vio ┃ reg to   ┃ Max Cap   ┃ Max Slew ┃
┃ Corner/Group         ┃ Slack    ┃ Paths    ┃ Hold TNS ┃ Count    ┃ reg       ┃ Slack    ┃ Reg Paths ┃ TNS      ┃ Count     ┃ reg      ┃ Violatio… ┃ Violati… ┃
┡━━━━━━━━━━━━━━━━━━━━━━╇━━━━━━━━━━╇━━━━━━━━━━╇━━━━━━━━━━╇━━━━━━━━━━╇━━━━━━━━━━━╇━━━━━━━━━━╇━━━━━━━━━━━╇━━━━━━━━━━╇━━━━━━━━━━━╇━━━━━━━━━━╇━━━━━━━━━━━╇━━━━━━━━━━┩
│ Overall              │ 0.1093   │ 0.1093   │ 0.0000   │ 0        │ 0         │ 1.6167   │ 1.6167    │ 0.0000   │ 0         │ 0        │ 0         │ 48       │
│ nom_tt_025C_1v80     │ 0.3057   │ 0.3057   │ 0.0000   │ 0        │ 0         │ 14.4556  │ 14.4556   │ 0.0000   │ 0         │ 0        │ 0         │ 0        │
│ nom_ss_100C_1v60     │ 0.8336   │ 0.8336   │ 0.0000   │ 0        │ 0         │ 1.7416   │ 1.7416    │ 0.0000   │ 0         │ 0        │ 0         │ 38       │
│ nom_ff_n40C_1v95     │ 0.1112   │ 0.1112   │ 0.0000   │ 0        │ 0         │ 17.3424  │ 18.7508   │ 0.0000   │ 0         │ 0        │ 0         │ 0        │
│ min_tt_025C_1v80     │ 0.3029   │ 0.3029   │ 0.0000   │ 0        │ 0         │ 14.5167  │ 14.5167   │ 0.0000   │ 0         │ 0        │ 0         │ 0        │
│ min_ss_100C_1v60     │ 0.8284   │ 0.8284   │ 0.0000   │ 0        │ 0         │ 1.8601   │ 1.8601    │ 0.0000   │ 0         │ 0        │ 0         │ 27       │
│ min_ff_n40C_1v95     │ 0.1093   │ 0.1093   │ 0.0000   │ 0        │ 0         │ 17.3680  │ 18.8055   │ 0.0000   │ 0         │ 0        │ 0         │ 0        │
│ max_tt_025C_1v80     │ 0.3092   │ 0.3092   │ 0.0000   │ 0        │ 0         │ 14.3966  │ 14.3966   │ 0.0000   │ 0         │ 0        │ 0         │ 0        │
│ max_ss_100C_1v60     │ 0.8397   │ 0.8397   │ 0.0000   │ 0        │ 0         │ 1.6167   │ 1.6167    │ 0.0000   │ 0         │ 0        │ 0         │ 48       │
│ max_ff_n40C_1v95     │ 0.1135   │ 0.1135   │ 0.0000   │ 0        │ 0         │ 17.3145  │ 18.6548   │ 0.0000   │ 0         │ 0        │ 0         │ 0        │
└──────────────────────┴──────────┴──────────┴──────────┴──────────┴───────────┴──────────┴───────────┴──────────┴───────────┴──────────┴───────────┴──────────┘
