Clock: clk
Sources: clk 
Generated: no
Virtual: yes
Propagated: no
Period: 25.000000

===========================================================================
report_clock_properties
============================================================================
Clock                   Period          Waveform
----------------------------------------------------
clk                  25.000000    0.000000 12.500000

===========================================================================
report_clock_latency
============================================================================
Clock clk
rise -> rise
    min     max
0.000000 0.000000 source latency
2.407920         network latency _30410_/CLK
        2.495836 network latency _30319_/CLK
---------------
2.407920 2.495836 latency
        0.087916 skew

fall -> fall
    min     max
0.000000 0.000000 source latency
1.176222         network latency _30410_/CLK
        1.257591 network latency _30319_/CLK
---------------
1.176222 1.257591 latency
        0.081370 skew



===========================================================================
report_clock_min_period
============================================================================
clk period_min = 181.73 fmax = 5.50
