
===========================================================================
 report_power
============================================================================
======================= nom_tt_025C_1v80 Corner ===================================

Group                    Internal    Switching      Leakage        Total
                            Power        Power        Power        Power (Watts)
------------------------------------------------------------------------
Sequential           5.957863e-04 2.337140e-04 2.258270e-09 8.295026e-04   0.0%
Combinational        7.540141e+01 8.156871e+01 5.562216e-08 1.569701e+02 100.0%
Clock                0.000000e+00 0.000000e+00 1.283057e-09 1.283057e-09   0.0%
Macro                0.000000e+00 0.000000e+00 0.000000e+00 0.000000e+00   0.0%
Pad                  0.000000e+00 0.000000e+00 0.000000e+00 0.000000e+00   0.0%
------------------------------------------------------------------------
Total                7.540147e+01 8.156876e+01 5.916356e-08 1.569702e+02 100.0%
                            48.0%        52.0%         0.0%
Writing metric power__internal__total: 75.40147399902344
Writing metric power__switching__total: 81.56875610351562
Writing metric power__leakage__total: 5.916355760859915e-8
Writing metric power__total: 156.97023010253906

