
===========================================================================
Violator List
============================================================================
[setup reg-reg] _30418_/Q -> _30453_/D : -156.725937
[setup reg-reg] _30418_/Q -> _30454_/D : -154.605362
[setup reg-reg] _30418_/Q -> _30455_/D : -151.047195
[setup reg-reg] _30418_/Q -> _30456_/D : -147.120956
[setup reg-reg] _30418_/Q -> _30457_/D : -144.281143
[setup reg-reg] _30418_/Q -> _30458_/D : -140.627945
[setup reg-reg] _30418_/Q -> _30459_/D : -136.671402
[setup reg-reg] _30418_/Q -> _30460_/D : -133.586594
[setup reg-reg] _30418_/Q -> _30461_/D : -130.466400
[setup reg-reg] _30418_/Q -> _30462_/D : -127.483421
[setup reg-reg] _30418_/Q -> _30463_/D : -124.457703
[setup reg-reg] _30418_/Q -> _30464_/D : -121.745132
[setup reg-reg] _30418_/Q -> _30465_/D : -119.220123
[setup reg-reg] _30418_/Q -> _30466_/D : -115.874611
[setup reg-reg] _30418_/Q -> _30467_/D : -112.799019
[setup reg-reg] _30418_/Q -> _30468_/D : -109.701035
[setup reg-reg] _30418_/Q -> _30469_/D : -106.582634
[setup reg-reg] _30418_/Q -> _30470_/D : -104.159668
[setup reg-reg] _30418_/Q -> _30471_/D : -100.659157
[setup reg-reg] _30418_/Q -> _30472_/D : -97.298378
[setup reg-reg] _30418_/Q -> _30473_/D : -94.062576
[setup reg-reg] _30418_/Q -> _30474_/D : -91.145615
[setup reg-reg] _30418_/Q -> _30475_/D : -88.409874
[setup reg-reg] _30418_/Q -> _30476_/D : -85.160782
[setup reg-reg] _30418_/Q -> _30477_/D : -82.371605
[setup reg-reg] _30418_/Q -> _30478_/D : -79.487450
[setup reg-reg] _30418_/Q -> _30479_/D : -76.517792
[setup reg-reg] _30418_/Q -> _30480_/D : -73.910950
[setup reg-reg] _30418_/Q -> _30481_/D : -70.766876
[setup reg-reg] _30418_/Q -> _30482_/D : -67.308937
[setup reg-reg] _30418_/Q -> _30483_/D : -64.128632
[setup reg-reg] _30418_/Q -> _30484_/D : -61.857918
[setup reg-reg] _30418_/Q -> _30485_/D : -59.094509
[setup reg-reg] _30418_/Q -> _30486_/D : -56.007359
[setup reg-reg] _30418_/Q -> _30487_/D : -52.473469
[setup reg-reg] _30418_/Q -> _30488_/D : -48.847134
[setup reg-reg] _30418_/Q -> _30489_/D : -46.211826
[setup reg-reg] _30418_/Q -> _30490_/D : -43.347801
[setup reg-reg] _30418_/Q -> _30491_/D : -40.935135
[setup reg-reg] _30418_/Q -> _30492_/D : -37.931599
[setup reg-reg] _30418_/Q -> _30493_/D : -35.286194
[setup reg-reg] _30418_/Q -> _30494_/D : -32.996506
[setup reg-reg] _30418_/Q -> _30495_/D : -29.936260
[setup reg-reg] _30418_/Q -> _30496_/D : -26.910639
[setup reg-reg] _30418_/Q -> _30497_/D : -23.716372
[setup reg-reg] _30418_/Q -> _30498_/D : -20.111307
[setup reg-reg] _30418_/Q -> _30499_/D : -16.435326
[setup reg-reg] _30418_/Q -> _30500_/D : -13.160612
[setup reg-reg] _30418_/Q -> _30501_/D : -9.586979
[setup reg-reg] _30418_/Q -> _30502_/D : -6.699420
[setup reg-reg] _30418_/Q -> _30503_/D : -4.427214
[setup reg-reg] _30418_/Q -> _30504_/D : -1.755984
Writing metric timing__hold_vio__count__corner:nom_tt_025C_1v80: 0
Writing metric timing__hold_r2r__ws__corner:nom_tt_025C_1v80: 0.176116
Writing metric timing__hold_r2r_vio__count__corner:nom_tt_025C_1v80: 0
Writing metric timing__setup_vio__count__corner:nom_tt_025C_1v80: 52
Writing metric timing__setup_r2r__ws__corner:nom_tt_025C_1v80: -156.725937
Writing metric timing__setup_r2r_vio__count__corner:nom_tt_025C_1v80: 52
