┏━━━━━━━━━━━━━━━━━━━━━━┳━━━━━━━━━━┳━━━━━━━━━━┳━━━━━━━━━━┳━━━━━━━━━━┳━━━━━━━━━━┳━━━━━━━━━━━┳━━━━━━━━━━┳━━━━━━━━━━━┳━━━━━━━━━━┳━━━━━━━━━━━┳━━━━━━━━━━┳━━━━━━━━━━━┓
┃                      ┃ Hold     ┃ Reg to   ┃          ┃          ┃ of which ┃ Setup     ┃ Reg to   ┃           ┃ Setup    ┃ of which  ┃          ┃           ┃
┃                      ┃ Worst    ┃ Reg      ┃          ┃ Hold Vio ┃ reg to   ┃ Worst     ┃ Reg      ┃           ┃ Vio      ┃ reg to    ┃ Max Cap  ┃ Max Slew  ┃
┃ Corner/Group         ┃ Slack    ┃ Paths    ┃ Hold TNS ┃ Count    ┃ reg      ┃ Slack     ┃ Paths    ┃ Setup TNS ┃ Count    ┃ reg       ┃ Violati… ┃ Violatio… ┃
┡━━━━━━━━━━━━━━━━━━━━━━╇━━━━━━━━━━╇━━━━━━━━━━╇━━━━━━━━━━╇━━━━━━━━━━╇━━━━━━━━━━╇━━━━━━━━━━━╇━━━━━━━━━━╇━━━━━━━━━━━╇━━━━━━━━━━╇━━━━━━━━━━━╇━━━━━━━━━━╇━━━━━━━━━━━┩
│ Overall              │ 0.1190   │ 0.1190   │ 0.0000   │ 0        │ 0        │ -246.1074 │ -246.10… │ -6074.09… │ 353      │ 353       │ 1        │ 246       │
│ nom_tt_025C_1v80     │ 0.3293   │ 0.3293   │ 0.0000   │ 0        │ 0        │ -102.1678 │ -102.16… │ -2043.75… │ 40       │ 40        │ 0        │ 4         │
│ nom_ss_100C_1v60     │ 0.8988   │ 0.8988   │ 0.0000   │ 0        │ 0        │ -241.9448 │ -241.94… │ -5954.66… │ 50       │ 50        │ 0        │ 178       │
│ nom_ff_n40C_1v95     │ 0.1224   │ 0.1224   │ 0.0000   │ 0        │ 0        │ -45.7437  │ -45.7437 │ -665.8891 │ 28       │ 28        │ 0        │ 0         │
│ min_tt_025C_1v80     │ 0.3251   │ 0.3251   │ 0.0000   │ 0        │ 0        │ -100.3609 │ -100.36… │ -1994.59… │ 39       │ 39        │ 0        │ 0         │
│ min_ss_100C_1v60     │ 0.8911   │ 0.8911   │ 0.0000   │ 0        │ 0        │ -238.3288 │ -238.32… │ -5850.34… │ 49       │ 49        │ 0        │ 120       │
│ min_ff_n40C_1v95     │ 0.1190   │ 0.1190   │ 0.0000   │ 0        │ 0        │ -44.3942  │ -44.3942 │ -636.3541 │ 28       │ 28        │ 0        │ 0         │
│ max_tt_025C_1v80     │ 0.3339   │ 0.3339   │ 0.0000   │ 0        │ 0        │ -104.3012 │ -104.30… │ -2100.79… │ 40       │ 40        │ 1        │ 4         │
│ max_ss_100C_1v60     │ 0.9072   │ 0.9072   │ 0.0000   │ 0        │ 0        │ -246.1074 │ -246.10… │ -6074.09… │ 50       │ 50        │ 1        │ 246       │
│ max_ff_n40C_1v95     │ 0.1243   │ 0.1243   │ 0.0000   │ 0        │ 0        │ -47.3287  │ -47.3287 │ -700.1435 │ 29       │ 29        │ 1        │ 0         │
└──────────────────────┴──────────┴──────────┴──────────┴──────────┴──────────┴───────────┴──────────┴───────────┴──────────┴───────────┴──────────┴───────────┘
