Clock: clk
Sources: clk 
Generated: no
Virtual: yes
Propagated: no
Period: 1000.000000

===========================================================================
report_clock_properties
============================================================================
Clock                   Period          Waveform
----------------------------------------------------
clk                 1000.000000    0.000000500.000000

===========================================================================
report_clock_latency
============================================================================
Clock clk
rise -> rise
    min     max
0.000000 0.000000 source latency
0.974996         network latency _46285_/CLK
        1.190870 network latency _46167_/CLK
---------------
0.974996 1.190870 latency
        0.215874 skew

fall -> fall
    min     max
0.000000 0.000000 source latency
0.774605         network latency _46285_/CLK
        0.967702 network latency _45308_/CLK
---------------
0.774605 0.967702 latency
        0.193097 skew



===========================================================================
report_clock_min_period
============================================================================
clk period_min = 109.70 fmax = 9.12
