Clock: clk
Sources: clk 
Generated: no
Virtual: yes
Propagated: no
Period: 25.000000

===========================================================================
report_clock_properties
============================================================================
Clock                   Period          Waveform
----------------------------------------------------
clk                  25.000000    0.000000 12.500000

===========================================================================
report_clock_latency
============================================================================
Clock clk
rise -> rise
    min     max
0.000000 0.000000 source latency
1.115948         network latency _4823_/CLK
        1.453527 network latency _4347_/CLK
---------------
1.115948 1.453527 latency
        0.337578 skew

fall -> fall
    min     max
0.000000 0.000000 source latency
0.944611         network latency _4823_/CLK
        1.266726 network latency _4347_/CLK
---------------
0.944611 1.266726 latency
        0.322116 skew



===========================================================================
report_clock_min_period
============================================================================
clk period_min = 8.13 fmax = 123.03
