┏━━━━━━━┳━━━━━━━━━┳━━━━━━━━━━┳━━━━━━━━━━━━━━━━━━━━━━━━━━━━━━━━━━━━━┳━━━━━━━━━━━━━━┳━━━━━━━┓
┃ P / R ┃ Partial ┃ Required ┃ Net                                 ┃ Pin          ┃ Layer ┃
┡━━━━━━━╇━━━━━━━━━╇━━━━━━━━━━╇━━━━━━━━━━━━━━━━━━━━━━━━━━━━━━━━━━━━━╇━━━━━━━━━━━━━━╇━━━━━━━┩
│ 5.94  │ 2374.67 │ 400.00   │ _11217_                             │ _39670_/A1   │ met3  │
│ 5.35  │ 2140.92 │ 400.00   │ _17660_                             │ fanout783/A  │ met3  │
│ 4.92  │ 1967.35 │ 400.00   │ net1398                             │ fanout1393/A │ met3  │
│ 4.84  │ 1936.57 │ 400.00   │ multiplier_instance.PPG.B[20\]      │ _22654_/B    │ met3  │
│ 4.16  │ 1664.23 │ 400.00   │ net839                              │ fanout838/A  │ met3  │
│ 4.15  │ 1659.57 │ 400.00   │ net1151                             │ fanout1149/A │ met3  │
│ 3.80  │ 1521.16 │ 400.00   │ _16772_                             │ _41473_/B1   │ met3  │
│ 3.59  │ 1436.41 │ 400.00   │ add_mantisa[21\]                    │ _26066_/A1   │ met3  │
│ 3.53  │ 1410.86 │ 400.00   │ net240                              │ _39669_/A1   │ met3  │
│ 3.51  │ 1404.88 │ 400.00   │ divider_instance.mantisaBshift[23\] │ fanout1381/A │ met3  │
│ 3.49  │ 1396.03 │ 400.00   │ _17389_                             │ fanout795/A  │ met3  │
│ 3.41  │ 1363.61 │ 400.00   │ _17389_                             │ fanout794/A  │ met3  │
│ 3.41  │ 1363.42 │ 400.00   │ _02749_                             │ fanout949/A  │ met3  │
│ 3.40  │ 1358.79 │ 400.00   │ _17455_                             │ fanout597/A  │ met4  │
│ 3.31  │ 1323.24 │ 400.00   │ net25                               │ _26246_/A    │ met3  │
│ 3.25  │ 1301.56 │ 400.00   │ net1570                             │ fanout1560/A │ met3  │
│ 3.03  │ 1213.38 │ 400.00   │ add_mantisa[18\]                    │ _26060_/A1   │ met3  │
│ 3.02  │ 1208.92 │ 400.00   │ _16585_                             │ _41269_/B1   │ met3  │
│ 3.01  │ 1205.03 │ 400.00   │ _10341_                             │ _39438_/A_N  │ met1  │
│ 2.99  │ 1194.42 │ 400.00   │ _17725_                             │ fanout569/A  │ met3  │
│ 2.97  │ 1187.72 │ 400.00   │ _21639_                             │ fanout710/A  │ met3  │
│ 2.97  │ 1187.47 │ 400.00   │ net1398                             │ fanout1394/A │ met3  │
│ 2.92  │ 1169.36 │ 400.00   │ net1698                             │ _22581_/A    │ met1  │
│ 2.91  │ 1164.44 │ 400.00   │ divider_instance.mantisaBshift[8\]  │ fanout1527/A │ met3  │
│ 2.87  │ 1148.32 │ 400.00   │ net1209                             │ _39497_/A    │ met3  │
│ 2.80  │ 1118.04 │ 400.00   │ _17726_                             │ fanout565/A  │ met3  │
│ 2.71  │ 1083.78 │ 400.00   │ _09564_                             │ _38942_/A    │ met1  │
│ 2.69  │ 1075.10 │ 400.00   │ _16695_                             │ _41389_/B1   │ met3  │
│ 2.67  │ 1067.12 │ 400.00   │ net291                              │ _39604_/A    │ met3  │
│ 2.67  │ 1067.12 │ 400.00   │ net291                              │ _39643_/B1   │ met3  │
│ 2.64  │ 1055.14 │ 400.00   │ net1725                             │ _22649_/B    │ met1  │
│ 2.62  │ 1048.60 │ 400.00   │ net1632                             │ fanout1616/A │ met3  │
│ 2.53  │ 1013.43 │ 400.00   │ divider_instance.mantisaBshift[15\] │ fanout1459/A │ met3  │
│ 2.48  │ 990.08  │ 400.00   │ _17657_                             │ fanout576/A  │ met3  │
│ 2.46  │ 985.89  │ 400.00   │ add_mantisa[6\]                     │ _26036_/A1   │ met3  │
│ 2.42  │ 969.58  │ 400.00   │ mult_exp[1\]                        │ _26135_/A1   │ met2  │
│ 2.35  │ 941.28  │ 400.00   │ add_mantisa[5\]                     │ _26034_/A1   │ met3  │
│ 2.35  │ 938.25  │ 400.00   │ _17317_                             │ fanout621/A  │ met3  │
│ 2.35  │ 938.25  │ 400.00   │ _17523_                             │ fanout670/A  │ met3  │
│ 2.27  │ 909.74  │ 400.00   │ _17521_                             │ fanout591/A  │ met3  │
│ 2.26  │ 904.73  │ 400.00   │ multiplier_instance.PPG.A[2\]       │ _22697_/A    │ met1  │
│ 2.24  │ 896.97  │ 400.00   │ net725                              │ fanout723/A  │ met3  │
│ 2.24  │ 896.68  │ 400.00   │ divider_instance.mantisaBshift[13\] │ fanout1481/A │ met3  │
│ 2.24  │ 896.68  │ 400.00   │ net1200                             │ fanout1197/A │ met3  │
│ 2.23  │ 891.79  │ 400.00   │ _17385_                             │ fanout612/A  │ met3  │
│ 2.23  │ 891.61  │ 400.00   │ _02740_                             │ fanout858/A  │ met3  │
│ 2.22  │ 886.42  │ 400.00   │ _17659_                             │ fanout662/A  │ met3  │
│ 2.19  │ 875.09  │ 400.00   │ _21631_                             │ fanout777/A  │ met3  │
│ 2.19  │ 875.09  │ 400.00   │ _21631_                             │ fanout779/A  │ met3  │
│ 2.15  │ 859.69  │ 400.00   │ net1776                             │ _22252_/B    │ met1  │
│ 2.14  │ 857.18  │ 400.00   │ net13                               │ _27625_/A    │ met1  │
│ 2.13  │ 852.98  │ 400.00   │ net740                              │ fanout739/A  │ met4  │
│ 2.12  │ 847.50  │ 400.00   │ _02722_                             │ fanout864/A  │ met3  │
│ 2.10  │ 839.77  │ 400.00   │ _02751_                             │ fanout854/A  │ met3  │
│ 2.09  │ 834.59  │ 400.00   │ multiplier_instance.PPG.B[8\]       │ fanout1761/A │ met3  │
│ 1.99  │ 797.84  │ 400.00   │ net97                               │ _25993_/A    │ met3  │
│ 1.99  │ 797.52  │ 400.00   │ _03700_                             │ _39637_/B    │ met3  │
│ 1.99  │ 797.52  │ 400.00   │ mult_exp[4\]                        │ _26141_/A1   │ met3  │
│ 1.99  │ 797.52  │ 400.00   │ multiplier_instance.PPG.A[10\]      │ _22729_/A    │ met3  │
│ 1.99  │ 797.52  │ 400.00   │ net336                              │ _39689_/A1   │ met3  │
│ 1.99  │ 796.29  │ 400.00   │ net14                               │ _27624_/A    │ met1  │
│ 1.99  │ 796.04  │ 400.00   │ net1158                             │ fanout1154/A │ met3  │
│ 1.99  │ 796.04  │ 400.00   │ net1158                             │ fanout1156/A │ met3  │
│ 1.94  │ 777.36  │ 400.00   │ _02715_                             │ fanout868/A  │ met4  │
│ 1.94  │ 777.36  │ 400.00   │ _02715_                             │ fanout869/A  │ met4  │
│ 1.94  │ 777.36  │ 400.00   │ _02715_                             │ fanout870/A  │ met4  │
│ 1.93  │ 773.67  │ 400.00   │ net99                               │ _25994_/C_N  │ met1  │
│ 1.93  │ 771.44  │ 400.00   │ _17521_                             │ fanout590/A  │ met3  │
│ 1.93  │ 771.44  │ 400.00   │ _17521_                             │ fanout593/A  │ met3  │
│ 1.93  │ 770.92  │ 400.00   │ _03256_                             │ fanout813/A  │ met3  │
│ 1.93  │ 770.92  │ 400.00   │ _03256_                             │ fanout815/A  │ met3  │
│ 1.93  │ 770.87  │ 400.00   │ net1148                             │ fanout1147/A │ met3  │
│ 1.91  │ 762.86  │ 400.00   │ multiplier_instance.PPG.B[15\]      │ fanout1740/A │ met3  │
│ 1.89  │ 755.15  │ 400.00   │ _02792_                             │ fanout706/A  │ met4  │
│ 1.89  │ 755.15  │ 400.00   │ _17525_                             │ fanout790/A  │ met4  │
│ 1.83  │ 731.08  │ 400.00   │ net686                              │ fanout685/A  │ met3  │
│ 1.83  │ 730.93  │ 400.00   │ _17320_                             │ fanout799/A  │ met3  │
│ 1.83  │ 730.93  │ 400.00   │ _17387_                             │ fanout722/A  │ met3  │
│ 1.83  │ 730.93  │ 400.00   │ reorder_buf_instance.value0[31\]    │ fanout1921/A │ met3  │
│ 1.83  │ 730.93  │ 400.00   │ reorder_buf_instance.value2[19\]    │ fanout1817/A │ met3  │
│ 1.81  │ 722.81  │ 400.00   │ net682                              │ _27720_/A2   │ met3  │
│ 1.80  │ 718.42  │ 400.00   │ net9                                │ _26284_/B2   │ met3  │
│ 1.80  │ 718.25  │ 400.00   │ add_exp[4\]                         │ _26078_/A1   │ met3  │
│ 1.79  │ 714.25  │ 400.00   │ net98                               │ _25963_/A2_N │ met1  │
│ 1.79  │ 714.25  │ 400.00   │ net98                               │ _25993_/B    │ met1  │
│ 1.78  │ 713.81  │ 400.00   │ net1649                             │ _22381_/A    │ met1  │
│ 1.78  │ 710.16  │ 400.00   │ reorder_buf_instance.value1[30\]    │ fanout1859/A │ met3  │
│ 1.75  │ 701.92  │ 400.00   │ net1692                             │ _22535_/A    │ met1  │
│ 1.75  │ 701.64  │ 400.00   │ _02722_                             │ fanout866/A  │ met3  │
│ 1.74  │ 697.36  │ 400.00   │ mult_exp[5\]                        │ _26143_/A1   │ met2  │
│ 1.70  │ 678.40  │ 400.00   │ net698                              │ _26794_/C1   │ met3  │
│ 1.67  │ 666.58  │ 400.00   │ net1700                             │ _22580_/A    │ met1  │
│ 1.65  │ 659.03  │ 400.00   │ _11217_                             │ _39670_/A1   │ met2  │
│ 1.63  │ 652.25  │ 400.00   │ _21627_                             │ fanout877/A  │ met3  │
│ 1.63  │ 652.25  │ 400.00   │ _21627_                             │ fanout879/A  │ met3  │
│ 1.63  │ 651.49  │ 400.00   │ _03585_                             │ fanout629/A  │ met4  │
│ 1.62  │ 646.39  │ 400.00   │ _17455_                             │ fanout595/A  │ met3  │
│ 1.61  │ 643.76  │ 400.00   │ reorder_buf_instance.value1[17\]    │ fanout1885/A │ met2  │
│ 1.59  │ 637.78  │ 400.00   │ _03589_                             │ fanout807/A  │ met3  │
│ 1.59  │ 636.47  │ 400.00   │ net1725                             │ _22657_/B    │ met1  │
│ 1.58  │ 631.03  │ 400.00   │ net1753                             │ _22417_/B    │ met1  │
│ 1.57  │ 628.01  │ 400.00   │ net1516                             │ fanout1514/A │ met1  │
│ 1.57  │ 627.27  │ 400.00   │ net1384                             │ fanout1383/A │ met3  │
│ 1.56  │ 623.03  │ 400.00   │ net1734                             │ _22582_/B    │ met1  │
│ 1.56  │ 622.29  │ 400.00   │ _07190_                             │ _37478_/A_N  │ met3  │
│ 1.51  │ 605.96  │ 400.00   │ net1660                             │ _22353_/A    │ met1  │
│ 1.51  │ 605.61  │ 400.00   │ net1733                             │ _22595_/B    │ met1  │
│ 1.49  │ 597.81  │ 400.00   │ net1744                             │ _22497_/B    │ met1  │
│ 1.48  │ 592.69  │ 400.00   │ net1666                             │ _22447_/A    │ met1  │
│ 1.48  │ 592.36  │ 400.00   │ divider_instance.mantisaBshift[13\] │ fanout1473/A │ met1  │
│ 1.48  │ 592.03  │ 400.00   │ net1686                             │ _22585_/A    │ met1  │
│ 1.48  │ 590.03  │ 400.00   │ _10341_                             │ _35459_/A    │ met3  │
│ 1.48  │ 590.03  │ 400.00   │ _10341_                             │ _38837_/A    │ met3  │
│ 1.48  │ 590.03  │ 400.00   │ _10341_                             │ _39438_/A_N  │ met3  │
│ 1.46  │ 585.95  │ 400.00   │ _17727_                             │ fanout559/A  │ met3  │
│ 1.46  │ 584.60  │ 400.00   │ net780                              │ _42703_/B1   │ met3  │
│ 1.46  │ 584.44  │ 400.00   │ net865                              │ _42445_/A2   │ met3  │
│ 1.44  │ 575.77  │ 400.00   │ _17525_                             │ fanout790/A  │ met3  │
│ 1.44  │ 575.59  │ 400.00   │ net1398                             │ fanout1397/A │ met3  │
│ 1.44  │ 574.97  │ 400.00   │ multiplier_instance.PPG.B[18\]      │ fanout1731/A │ met1  │
│ 1.42  │ 567.03  │ 400.00   │ reorder_buf_instance.value1[10\]    │ fanout1898/A │ met3  │
│ 1.42  │ 567.03  │ 400.00   │ reorder_buf_instance.value1[10\]    │ fanout1899/A │ met3  │
│ 1.41  │ 562.77  │ 400.00   │ reorder_buf_instance.value0[14\]    │ fanout1954/A │ met3  │
│ 1.40  │ 558.18  │ 400.00   │ net39                               │ _27607_/A    │ met1  │
│ 1.39  │ 556.96  │ 400.00   │ net1671                             │ _22566_/A    │ met1  │
│ 1.39  │ 556.94  │ 400.00   │ mult_exp[2\]                        │ _26137_/A1   │ met1  │
│ 1.39  │ 555.14  │ 400.00   │ net1700                             │ _22755_/A    │ met1  │
│ 1.38  │ 552.62  │ 400.00   │ net1165                             │ fanout1164/A │ met1  │
│ 1.38  │ 551.56  │ 400.00   │ divider_instance.mantisaBshift[6\]  │ fanout1555/A │ met3  │
│ 1.38  │ 551.56  │ 400.00   │ divider_instance.mantisaBshift[6\]  │ fanout1558/A │ met3  │
│ 1.37  │ 549.70  │ 400.00   │ net1426                             │ _36477_/A1   │ met3  │
│ 1.37  │ 549.70  │ 400.00   │ net1426                             │ _36868_/A    │ met3  │
│ 1.37  │ 549.70  │ 400.00   │ net1426                             │ fanout1425/A │ met3  │
│ 1.36  │ 545.92  │ 400.00   │ net1129                             │ _28050_/B    │ met1  │
│ 1.36  │ 544.42  │ 400.00   │ net758                              │ _26821_/A2   │ met3  │
│ 1.36  │ 544.42  │ 400.00   │ net1759                             │ _22369_/B    │ met1  │
│ 1.36  │ 544.29  │ 400.00   │ _17453_                             │ fanout604/A  │ met3  │
│ 1.36  │ 544.03  │ 400.00   │ net1181                             │ _36383_/A    │ met2  │
│ 1.36  │ 543.49  │ 400.00   │ mult_exp[5\]                        │ _26143_/A1   │ met3  │
│ 1.36  │ 543.44  │ 400.00   │ reorder_buf_instance.value1[29\]    │ fanout1861/A │ met4  │
│ 1.35  │ 539.83  │ 400.00   │ net1423                             │ fanout1422/A │ met3  │
│ 1.34  │ 8.05    │ 6.00     │ _17455_                             │ fanout597/A  │ via4  │
│ 1.33  │ 530.19  │ 400.00   │ net1693                             │ _22342_/A    │ met3  │
│ 1.33  │ 530.19  │ 400.00   │ net1693                             │ _22366_/A    │ met3  │
│ 1.32  │ 528.35  │ 400.00   │ net702                              │ fanout701/A  │ met2  │
│ 1.32  │ 527.92  │ 400.00   │ _02715_                             │ fanout868/A  │ met3  │
│ 1.32  │ 527.92  │ 400.00   │ _02715_                             │ fanout870/A  │ met3  │
│ 1.31  │ 526.00  │ 400.00   │ mult_exp[1\]                        │ _26135_/A1   │ met1  │
│ 1.31  │ 524.75  │ 400.00   │ net1434                             │ _27910_/C    │ met1  │
│ 1.31  │ 523.61  │ 400.00   │ net694                              │ fanout693/A  │ met3  │
│ 1.31  │ 523.41  │ 400.00   │ net787                              │ _42630_/B1   │ met3  │
│ 1.31  │ 523.41  │ 400.00   │ net787                              │ _42660_/B1   │ met3  │
│ 1.31  │ 523.41  │ 400.00   │ net787                              │ _42663_/B1   │ met3  │
│ 1.31  │ 522.69  │ 400.00   │ net1695                             │ _22558_/A    │ met1  │
│ 1.31  │ 522.06  │ 400.00   │ net1584                             │ fanout1577/A │ met3  │
│ 1.31  │ 522.06  │ 400.00   │ net1584                             │ fanout1580/A │ met3  │
│ 1.31  │ 522.06  │ 400.00   │ net1584                             │ fanout1583/A │ met3  │
│ 1.30  │ 519.69  │ 400.00   │ net1718                             │ _22706_/B    │ met1  │
│ 1.30  │ 518.69  │ 400.00   │ _01480_                             │ _45442_/D    │ met1  │
│ 1.29  │ 517.56  │ 400.00   │ net645                              │ _26981_/C1   │ met3  │
│ 1.29  │ 517.56  │ 400.00   │ net645                              │ _26987_/C1   │ met3  │
│ 1.29  │ 515.28  │ 400.00   │ net1                                │ _26267_/B2   │ met3  │
│ 1.29  │ 515.28  │ 400.00   │ net1                                │ _26331_/B2   │ met3  │
│ 1.29  │ 514.24  │ 400.00   │ multiplier_instance.PPG.B[7\]       │ fanout1763/A │ met1  │
│ 1.28  │ 512.29  │ 400.00   │ net690                              │ fanout689/A  │ met4  │
│ 1.28  │ 512.04  │ 400.00   │ net1208                             │ _35286_/A    │ met1  │
│ 1.28  │ 511.47  │ 400.00   │ net1408                             │ _37910_/A    │ met1  │
│ 1.27  │ 508.69  │ 400.00   │ net1762                             │ _22340_/B    │ met1  │
│ 1.27  │ 508.69  │ 400.00   │ net1762                             │ _22348_/B    │ met1  │
│ 1.27  │ 507.27  │ 400.00   │ _17453_                             │ fanout605/A  │ met3  │
│ 1.27  │ 506.26  │ 400.00   │ net1500                             │ _39257_/A    │ met1  │
│ 1.26  │ 504.31  │ 400.00   │ net1728                             │ _22628_/B    │ met1  │
│ 1.25  │ 499.81  │ 400.00   │ net1434                             │ fanout1431/A │ met3  │
│ 1.24  │ 495.22  │ 400.00   │ add_exp[2\]                         │ _26074_/A1   │ met3  │
│ 1.23  │ 493.13  │ 400.00   │ _17522_                             │ fanout589/A  │ met3  │
│ 1.23  │ 492.98  │ 400.00   │ net26                               │ _26270_/B2   │ met3  │
│ 1.23  │ 492.98  │ 400.00   │ net26                               │ _26334_/B2   │ met3  │
│ 1.21  │ 483.00  │ 400.00   │ net1055                             │ fanout1051/A │ met2  │
│ 1.20  │ 481.23  │ 400.00   │ net1417                             │ fanout1414/A │ met1  │
│ 1.20  │ 478.75  │ 400.00   │ net1694                             │ _22462_/A    │ met1  │
│ 1.19  │ 477.87  │ 400.00   │ net1570                             │ fanout1565/A │ met3  │
│ 1.19  │ 477.87  │ 400.00   │ net1570                             │ fanout1567/A │ met3  │
│ 1.18  │ 472.03  │ 400.00   │ net1682                             │ _22682_/A    │ met1  │
│ 1.18  │ 471.81  │ 400.00   │ net1683                             │ _22346_/A    │ met1  │
│ 1.18  │ 470.64  │ 400.00   │ _07515_                             │ _31984_/A1   │ met3  │
│ 1.17  │ 469.97  │ 400.00   │ net1689                             │ _22584_/A    │ met1  │
│ 1.17  │ 467.75  │ 400.00   │ net1727                             │ _22635_/B    │ met1  │
│ 1.17  │ 467.58  │ 400.00   │ net1676                             │ _22588_/A    │ met1  │
│ 1.17  │ 467.36  │ 400.00   │ mult_mantisa[13\]                   │ _26113_/A1   │ met2  │
│ 1.17  │ 466.78  │ 400.00   │ net626                              │ _27798_/C1   │ met4  │
│ 1.17  │ 466.78  │ 400.00   │ net626                              │ _27804_/C1   │ met4  │
│ 1.17  │ 466.78  │ 400.00   │ net626                              │ _27852_/C1   │ met4  │
│ 1.16  │ 462.74  │ 400.00   │ _08618_                             │ fanout297/A  │ met1  │
│ 1.15  │ 461.44  │ 400.00   │ net1457                             │ fanout1456/A │ met1  │
│ 1.15  │ 461.43  │ 400.00   │ add_mantisa[15\]                    │ _26054_/A1   │ met2  │
│ 1.15  │ 461.43  │ 400.00   │ add_mantisa[15\]                    │ _26282_/A1   │ met2  │
│ 1.15  │ 459.54  │ 400.00   │ add_mantisa[17\]                    │ _26058_/A1   │ met3  │
│ 1.15  │ 458.75  │ 400.00   │ net1482                             │ _31501_/A1_N │ met1  │
│ 1.14  │ 3171.81 │ 2778.20  │ mult_exp[4\]                        │ _26141_/A1   │ met4  │
│ 1.14  │ 455.74  │ 400.00   │ net1710                             │ _22649_/A    │ met1  │
│ 1.14  │ 454.92  │ 400.00   │ net1741                             │ _22521_/B    │ met1  │
│ 1.14  │ 454.92  │ 400.00   │ net1741                             │ _22525_/B    │ met1  │
│ 1.14  │ 454.18  │ 400.00   │ net33                               │ _27622_/A    │ met1  │
│ 1.13  │ 450.78  │ 400.00   │ net758                              │ _26770_/A2   │ met3  │
│ 1.13  │ 450.62  │ 400.00   │ _17227_                             │ _42040_/B1   │ met3  │
│ 1.13  │ 450.62  │ 400.00   │ add_mantisa[11\]                    │ _26046_/A1   │ met3  │
│ 1.13  │ 450.62  │ 400.00   │ divider_instance.mantisaBshift[12\] │ fanout1491/A │ met3  │
│ 1.13  │ 450.62  │ 400.00   │ divider_instance.mantisaBshift[6\]  │ _35985_/A    │ met3  │
│ 1.13  │ 450.62  │ 400.00   │ net947                              │ _41242_/B2   │ met3  │
│ 1.13  │ 450.62  │ 400.00   │ net1389                             │ fanout1384/A │ met3  │
│ 1.12  │ 448.97  │ 400.00   │ net774                              │ fanout773/A  │ met1  │
│ 1.12  │ 448.78  │ 400.00   │ net769                              │ _41256_/A    │ met3  │
│ 1.12  │ 448.78  │ 400.00   │ net769                              │ _41448_/A    │ met3  │
│ 1.12  │ 448.78  │ 400.00   │ net769                              │ _41484_/A    │ met3  │
│ 1.11  │ 443.81  │ 400.00   │ net1601                             │ fanout1587/A │ met1  │
│ 1.11  │ 443.33  │ 400.00   │ net1756                             │ _22394_/B    │ met1  │
│ 1.10  │ 441.03  │ 400.00   │ net1696                             │ _22293_/A    │ met1  │
│ 1.10  │ 440.17  │ 400.00   │ net1485                             │ _27882_/A1   │ met1  │
│ 1.10  │ 440.10  │ 400.00   │ net27                               │ _27641_/A    │ met1  │
│ 1.10  │ 440.09  │ 400.00   │ _17657_                             │ fanout574/A  │ met3  │
│ 1.10  │ 440.09  │ 400.00   │ _17657_                             │ fanout575/A  │ met3  │
│ 1.10  │ 3425.90 │ 3115.20  │ _00843_                             │ _44805_/D    │ met3  │
│ 1.10  │ 438.03  │ 400.00   │ net1696                             │ _22221_/A    │ met1  │
│ 1.09  │ 437.01  │ 400.00   │ reorder_buf_instance.value1[17\]    │ fanout1885/A │ met1  │
│ 1.09  │ 436.48  │ 400.00   │ _16311_                             │ _40890_/A2   │ met3  │
│ 1.09  │ 436.48  │ 400.00   │ _16311_                             │ fanout514/A  │ met3  │
│ 1.09  │ 435.69  │ 400.00   │ net1763                             │ _22344_/B    │ met1  │
│ 1.09  │ 435.14  │ 400.00   │ net1674                             │ _22469_/A    │ met1  │
│ 1.08  │ 433.69  │ 400.00   │ net1676                             │ _22660_/A    │ met1  │
│ 1.08  │ 431.52  │ 400.00   │ _03256_                             │ fanout813/A  │ met2  │
│ 1.07  │ 429.14  │ 400.00   │ net1743                             │ _22506_/B    │ met1  │
│ 1.06  │ 424.15  │ 400.00   │ net1037                             │ fanout1034/A │ met3  │
│ 1.05  │ 420.29  │ 400.00   │ net92                               │ _27500_/A    │ met1  │
│ 1.05  │ 420.28  │ 400.00   │ _03585_                             │ fanout629/A  │ met3  │
│ 1.05  │ 420.13  │ 400.00   │ _02792_                             │ fanout706/A  │ met3  │
│ 1.05  │ 419.92  │ 400.00   │ net1158                             │ fanout1156/A │ met1  │
│ 1.05  │ 418.74  │ 400.00   │ net1669                             │ _22686_/A    │ met1  │
│ 1.04  │ 417.97  │ 400.00   │ net637                              │ _27090_/C1   │ met3  │
│ 1.04  │ 417.97  │ 400.00   │ net637                              │ _27096_/C1   │ met3  │
│ 1.04  │ 417.97  │ 400.00   │ net637                              │ _27114_/C1   │ met3  │
│ 1.04  │ 415.07  │ 400.00   │ net1692                             │ _22583_/A    │ met1  │
│ 1.03  │ 412.96  │ 400.00   │ net63                               │ _27614_/A    │ met1  │
│ 1.03  │ 411.85  │ 400.00   │ net64                               │ _27613_/A    │ met1  │
│ 1.02  │ 409.68  │ 400.00   │ net1542                             │ fanout1538/A │ met1  │
│ 1.02  │ 406.97  │ 400.00   │ net1465                             │ _28651_/B    │ met1  │
│ 1.02  │ 406.61  │ 400.00   │ net1756                             │ _22383_/B    │ met1  │
│ 1.02  │ 406.44  │ 400.00   │ net347                              │ _39692_/A1   │ met1  │
│ 1.02  │ 406.17  │ 400.00   │ _17522_                             │ fanout586/A  │ met3  │
│ 1.01  │ 404.03  │ 400.00   │ net1679                             │ _22683_/A    │ met1  │
│ 1.01  │ 403.83  │ 400.00   │ net647                              │ _26626_/A2   │ met3  │
│ 1.01  │ 403.83  │ 400.00   │ net647                              │ _26704_/A2   │ met3  │
│ 1.01  │ 402.29  │ 400.00   │ net47                               │ _27600_/A    │ met1  │
│ 1.00  │ 401.81  │ 400.00   │ net325                              │ _31783_/C_N  │ met1  │
│ 1.00  │ 401.38  │ 400.00   │ net547                              │ _31754_/A    │ met1  │
│ 1.00  │ 401.03  │ 400.00   │ net1647                             │ _22310_/A    │ met1  │
│ 1.00  │ 6.01    │ 6.00     │ _02792_                             │ fanout706/A  │ via4  │
│ 1.00  │ 6.01    │ 6.00     │ _03585_                             │ fanout629/A  │ via4  │
│ 1.00  │ 6.01    │ 6.00     │ _17525_                             │ fanout790/A  │ via4  │
└───────┴─────────┴──────────┴─────────────────────────────────────┴──────────────┴───────┘
