Clock: clk
Sources: clk 
Generated: no
Virtual: yes
Propagated: no
Period: 25.000000

===========================================================================
report_clock_properties
============================================================================
Clock                   Period          Waveform
----------------------------------------------------
clk                  25.000000    0.000000 12.500000

===========================================================================
report_clock_latency
============================================================================
Clock clk
rise -> rise
    min     max
0.000000 0.000000 source latency
0.455364         network latency _3978_/CLK
        0.681618 network latency _3954_/CLK
---------------
0.455364 0.681618 latency
        0.226254 skew

fall -> fall
    min     max
0.000000 0.000000 source latency
0.401553         network latency _3978_/CLK
        0.607864 network latency _3954_/CLK
---------------
0.401553 0.607864 latency
        0.206311 skew



===========================================================================
report_clock_min_period
============================================================================
clk period_min = 10.48 fmax = 95.39
