Clock: clk
Sources: clk 
Generated: no
Virtual: yes
Propagated: no
Period: 25.000000

===========================================================================
report_clock_properties
============================================================================
Clock                   Period          Waveform
----------------------------------------------------
clk                  25.000000    0.000000 12.500000

===========================================================================
report_clock_latency
============================================================================
Clock clk
rise -> rise
    min     max
0.000000 0.000000 source latency
0.497828         network latency _30435_/CLK
        0.676355 network latency _30402_/CLK
---------------
0.497828 0.676355 latency
        0.178527 skew

fall -> fall
    min     max
0.000000 0.000000 source latency
0.396998         network latency _30435_/CLK
        0.564336 network latency _30402_/CLK
---------------
0.396998 0.564336 latency
        0.167338 skew



===========================================================================
report_clock_min_period
============================================================================
clk period_min = 97.66 fmax = 10.24
