Clock: clk
Sources: clk 
Generated: no
Virtual: yes
Propagated: no
Period: 25.000000

===========================================================================
report_clock_properties
============================================================================
Clock                   Period          Waveform
----------------------------------------------------
clk                  25.000000    0.000000 12.500000

===========================================================================
report_clock_latency
============================================================================
Clock clk
rise -> rise
    min     max
0.000000 0.000000 source latency
0.663288         network latency _30435_/CLK
        0.898860 network latency _30402_/CLK
---------------
0.663288 0.898860 latency
        0.235572 skew

fall -> fall
    min     max
0.000000 0.000000 source latency
0.535086         network latency _30435_/CLK
        0.749256 network latency _30402_/CLK
---------------
0.535086 0.749256 latency
        0.214170 skew



===========================================================================
report_clock_min_period
============================================================================
clk period_min = 151.14 fmax = 6.62
