
===========================================================================
 report_power
============================================================================
======================= min_tt_025C_1v80 Corner ===================================

Group                    Internal    Switching      Leakage        Total
                            Power        Power        Power        Power (Watts)
------------------------------------------------------------------------
Sequential           5.490382e-04 1.533887e-04 2.255901e-09 7.024292e-04   0.0%
Combinational        6.107433e+01 8.643942e+01 5.458632e-08 1.475137e+02 100.0%
Clock                2.460693e-04 2.571699e-04 2.916892e-08 5.032683e-04   0.0%
Macro                0.000000e+00 0.000000e+00 0.000000e+00 0.000000e+00   0.0%
Pad                  0.000000e+00 0.000000e+00 0.000000e+00 0.000000e+00   0.0%
------------------------------------------------------------------------
Total                6.107490e+01 8.643987e+01 8.601028e-08 1.475148e+02 100.0%
                            41.4%        58.6%         0.0%

