Reading timing models for corner nom_tt_025C_1v80…
Reading timing library for the 'nom_tt_025C_1v80' corner at '/home/niko_tambornini/.ciel/ciel/sky130/versions/0fe599b2afb6708d281543108caf8310912f54af/sky130A/libs.ref/sky130_fd_sc_hd/lib/sky130_fd_sc_hd__tt_025C_1v80.lib'…
Reading timing models for corner nom_ff_n40C_1v95…
Reading timing library for the 'nom_ff_n40C_1v95' corner at '/home/niko_tambornini/.ciel/ciel/sky130/versions/0fe599b2afb6708d281543108caf8310912f54af/sky130A/libs.ref/sky130_fd_sc_hd/lib/sky130_fd_sc_hd__ff_n40C_1v95.lib'…
Reading timing models for corner nom_ss_100C_1v60…
Reading timing library for the 'nom_ss_100C_1v60' corner at '/home/niko_tambornini/.ciel/ciel/sky130/versions/0fe599b2afb6708d281543108caf8310912f54af/sky130A/libs.ref/sky130_fd_sc_hd/lib/sky130_fd_sc_hd__ss_100C_1v60.lib'…
Reading OpenROAD database at '/home/niko_tambornini/EE531/my_designs/FPU_32_Bit/runs/RUN_2026-03-12_00-49-12/34-openroad-cts/FP32_Div.odb'…
Reading design constraints file at '/nix/store/svkrfkkpaij5qb9xjbcwfymcd4s8hczv-python3-3.11.9-env/lib/python3.11/site-packages/librelane/scripts/base.sdc'…
[INFO] Using clock clk…
[INFO] Setting output delay to: 5
[INFO] Setting input delay to: 5
[INFO] Setting load to: 0.033442
[INFO] Setting clock uncertainty to: 0.25
[INFO] Setting clock transition to: 0.1499999999999999944488848768742172978818416595458984375
[INFO] Setting timing derate to: 5%
[INFO] Setting RC values…
[INFO RSZ-0094] Found 56 endpoints with setup violations.
[INFO RSZ-0099] Repairing 56 out of 56 (100.00%) violating endpoints...
   Iter   | Removed | Resized | Inserted | Cloned |  Pin  |    WNS   |   TNS      |  Viol  | Worst
          | Buffers |  Gates  | Buffers  |  Gates | Swaps |          |            | Endpts | Endpt
---------------------------------------------------------------------------------------------------
        0 |       0 |       0 |        0 |      0 |     0 | -307.075 |    -8302.7 |     56 | _30453_/D
       10 |       0 |       6 |        0 |      0 |     3 | -306.340 |    -8283.3 |     56 | _30453_/D
       20 |       0 |      16 |        0 |      0 |     3 | -305.613 |    -8274.0 |     56 | _30453_/D
       30 |       0 |      25 |        0 |      0 |     4 | -304.983 |    -8250.0 |     56 | _30453_/D
       40 |       0 |      35 |        0 |      0 |     4 | -302.844 |    -8210.2 |     56 | _30453_/D
       50 |       0 |      44 |        0 |      0 |     5 | -302.004 |    -8181.2 |     56 | _30453_/D
       60 |       0 |      54 |        0 |      0 |     5 | -300.614 |    -8146.0 |     56 | _30453_/D
       70 |       0 |      63 |        0 |      0 |     6 | -299.342 |    -8096.0 |     56 | _30453_/D
       80 |       0 |      72 |        0 |      0 |     7 | -298.939 |    -8083.4 |     56 | _30453_/D
       90 |       0 |      79 |        0 |      0 |    10 | -298.410 |    -8067.9 |     56 | _30453_/D
      100 |       0 |      88 |        0 |      0 |    11 | -297.425 |    -8056.3 |     56 | _30453_/D
      110 |       0 |      97 |        2 |      0 |    11 | -296.629 |    -8033.4 |     56 | _30453_/D
      120 |       0 |     106 |        2 |      0 |    12 | -296.262 |    -8028.4 |     56 | _30453_/D
      130 |       0 |     115 |        2 |      1 |    12 | -295.406 |    -8001.3 |     56 | _30453_/D
      140 |       0 |     124 |        2 |      1 |    13 | -294.622 |    -7974.9 |     56 | _30453_/D
      150 |       0 |     132 |        2 |      1 |    15 | -293.353 |    -7944.5 |     56 | _30453_/D
      160 |       0 |     142 |        2 |      1 |    15 | -292.414 |    -7924.7 |     56 | _30453_/D
      170 |       0 |     151 |        2 |      1 |    16 | -292.085 |    -7917.2 |     56 | _30453_/D
      180 |       0 |     160 |        2 |      1 |    17 | -291.734 |    -7906.6 |     56 | _30453_/D
      190 |       0 |     170 |        2 |      1 |    17 | -289.582 |    -7858.7 |     56 | _30453_/D
      200 |       0 |     178 |        2 |      1 |    19 | -288.194 |    -7820.0 |     56 | _30453_/D
      210 |       0 |     185 |        2 |      2 |    21 | -287.863 |    -7809.3 |     56 | _30453_/D
      220 |       0 |     193 |        2 |      2 |    23 | -287.317 |    -7795.8 |     56 | _30453_/D
      230 |       0 |     201 |        2 |      2 |    25 | -286.954 |    -7784.4 |     56 | _30453_/D
      240 |       0 |     207 |        2 |      3 |    28 | -286.613 |    -7775.5 |     56 | _30453_/D
      250 |       0 |     214 |        8 |      3 |    30 | -285.971 |    -7755.2 |     56 | _30453_/D
      260 |       0 |     221 |        8 |      3 |    33 | -285.529 |    -7741.9 |     56 | _30453_/D
      270 |       0 |     230 |        8 |      3 |    34 | -284.849 |    -7709.4 |     56 | _30453_/D
      280 |       0 |     239 |        8 |      3 |    35 | -284.557 |    -7700.3 |     56 | _30453_/D
      290 |       0 |     245 |        8 |      3 |    39 | -284.203 |    -7687.8 |     56 | _30453_/D
      300 |       0 |     251 |        8 |      3 |    43 | -283.818 |    -7677.8 |     56 | _30453_/D
      310 |       0 |     261 |        8 |      3 |    43 | -283.412 |    -7673.2 |     56 | _30453_/D
      320 |       0 |     270 |        8 |      3 |    44 | -282.667 |    -7669.6 |     56 | _30453_/D
      330 |       0 |     280 |        8 |      3 |    44 | -282.240 |    -7656.7 |     56 | _30453_/D
      340 |       0 |     287 |        8 |      4 |    46 | -282.048 |    -7652.4 |     56 | _30453_/D
      350 |       0 |     297 |        8 |      4 |    46 | -281.667 |    -7645.0 |     56 | _30453_/D
      360 |       0 |     305 |        8 |      4 |    48 | -281.191 |    -7632.1 |     56 | _30453_/D
      370 |       0 |     313 |        8 |      4 |    50 | -280.699 |    -7613.4 |     56 | _30453_/D
      380 |       0 |     322 |        8 |      4 |    51 | -280.489 |    -7612.3 |     56 | _30453_/D
      390 |       0 |     330 |        8 |      4 |    53 | -279.901 |    -7594.6 |     56 | _30453_/D
      400 |       0 |     339 |        8 |      4 |    54 | -279.448 |    -7583.3 |     56 | _30453_/D
      410 |       0 |     348 |        8 |      4 |    55 | -278.955 |    -7570.8 |     56 | _30453_/D
      420 |       0 |     356 |        8 |      4 |    57 | -278.768 |    -7563.7 |     56 | _30453_/D
      430 |       0 |     360 |        8 |      5 |    62 | -278.633 |    -7559.6 |     56 | _30453_/D
      440 |       0 |     368 |        8 |      5 |    64 | -278.471 |    -7559.1 |     56 | _30453_/D
      450 |       0 |     378 |        8 |      5 |    64 | -278.027 |    -7546.3 |     56 | _30453_/D
      460 |       0 |     387 |        8 |      5 |    65 | -277.805 |    -7535.6 |     56 | _30453_/D
      470 |       0 |     395 |        8 |      6 |    66 | -277.314 |    -7518.9 |     56 | _30453_/D
      480 |       0 |     403 |        8 |      6 |    68 | -277.117 |    -7508.4 |     56 | _30453_/D
      490 |       0 |     411 |        8 |      7 |    69 | -276.866 |    -7496.1 |     56 | _30453_/D
      500 |       0 |     420 |        8 |      7 |    70 | -276.510 |    -7486.3 |     56 | _30453_/D
      510 |       0 |     429 |        8 |      8 |    70 | -276.005 |    -7464.9 |     56 | _30453_/D
      520 |       0 |     437 |        8 |      9 |    71 | -275.681 |    -7449.3 |     56 | _30453_/D
      530 |       0 |     445 |        8 |     10 |    72 | -275.335 |    -7437.8 |     56 | _30453_/D
      540 |       0 |     454 |        8 |     10 |    73 | -274.831 |    -7432.3 |     56 | _30453_/D
      550 |       0 |     461 |        8 |     10 |    76 | -274.533 |    -7419.9 |     56 | _30453_/D
      560 |       0 |     466 |       11 |     10 |    80 | -274.358 |    -7417.2 |     56 | _30453_/D
      570 |       0 |     474 |       11 |     10 |    82 | -274.191 |    -7413.1 |     56 | _30453_/D
      580 |       0 |     481 |       11 |     10 |    85 | -274.093 |    -7412.0 |     56 | _30453_/D
      590 |       0 |     491 |       11 |     10 |    85 | -273.774 |    -7405.6 |     56 | _30453_/D
      600 |       0 |     499 |       11 |     10 |    87 | -273.616 |    -7397.0 |     56 | _30453_/D
      610 |       0 |     505 |       11 |     11 |    90 | -273.383 |    -7388.9 |     56 | _30453_/D
      620 |       0 |     513 |       11 |     12 |    91 | -272.534 |    -7361.3 |     56 | _30453_/D
      630 |       0 |     521 |       11 |     12 |    93 | -272.016 |    -7341.5 |     56 | _30453_/D
      640 |       0 |     530 |       11 |     13 |    93 | -271.836 |    -7334.1 |     56 | _30453_/D
      650 |       0 |     537 |       11 |     13 |    96 | -271.654 |    -7330.9 |     56 | _30453_/D
      660 |       0 |     542 |       11 |     13 |   101 | -271.717 |    -7334.2 |     56 | _30453_/D
      670 |       0 |     551 |       11 |     13 |   102 | -271.489 |    -7325.5 |     56 | _30453_/D
      680 |       0 |     560 |       11 |     13 |   103 | -271.237 |    -7318.8 |     56 | _30453_/D
      690 |       0 |     569 |       11 |     13 |   104 | -270.903 |    -7305.5 |     56 | _30453_/D
      700 |       0 |     575 |       13 |     13 |   107 | -270.754 |    -7302.8 |     56 | _30453_/D
      710 |       0 |     581 |       13 |     13 |   111 | -270.396 |    -7285.5 |     56 | _30453_/D
      720 |       0 |     590 |       13 |     13 |   112 | -270.028 |    -7278.1 |     56 | _30453_/D
      730 |       0 |     599 |       13 |     13 |   113 | -269.770 |    -7268.6 |     56 | _30453_/D
      740 |       0 |     609 |       13 |     13 |   113 | -269.452 |    -7260.6 |     56 | _30453_/D
      750 |       0 |     618 |       13 |     14 |   113 | -269.333 |    -7256.3 |     56 | _30453_/D
      760 |       0 |     625 |       13 |     15 |   115 | -269.131 |    -7254.7 |     56 | _30453_/D
      770 |       0 |     631 |       13 |     16 |   118 | -268.745 |    -7251.1 |     56 | _30453_/D
      780 |       0 |     638 |       13 |     16 |   121 | -268.603 |    -7245.2 |     56 | _30453_/D
      790 |       0 |     646 |       13 |     17 |   122 | -268.488 |    -7244.0 |     56 | _30453_/D
      800 |       0 |     655 |       13 |     17 |   123 | -268.163 |    -7234.1 |     56 | _30453_/D
      810 |       0 |     662 |       13 |     17 |   126 | -268.062 |    -7229.6 |     56 | _30453_/D
      820 |       0 |     672 |       13 |     17 |   126 | -267.823 |    -7220.9 |     56 | _30453_/D
      830 |       0 |     679 |       13 |     18 |   128 | -267.387 |    -7205.7 |     56 | _30453_/D
      840 |       0 |     687 |       13 |     18 |   130 | -267.090 |    -7199.9 |     56 | _30453_/D
      850 |       0 |     694 |       13 |     18 |   133 | -266.877 |    -7195.9 |     56 | _30453_/D
      860 |       0 |     699 |       13 |     18 |   138 | -266.661 |    -7191.6 |     56 | _30453_/D
      870 |       0 |     705 |       13 |     18 |   142 | -266.339 |    -7176.4 |     56 | _30453_/D
      880 |       0 |     709 |       13 |     19 |   147 | -266.270 |    -7170.7 |     56 | _30453_/D
      890 |       0 |     717 |       13 |     20 |   148 | -266.087 |    -7161.8 |     56 | _30453_/D
      900 |       0 |     722 |       13 |     20 |   153 | -265.910 |    -7158.3 |     56 | _30453_/D
      910 |       0 |     728 |       19 |     20 |   155 | -265.794 |    -7163.6 |     56 | _30453_/D
      920 |       0 |     733 |       19 |     20 |   160 | -265.524 |    -7151.7 |     56 | _30453_/D
      930 |       0 |     742 |       21 |     20 |   160 | -265.197 |    -7142.4 |     56 | _30453_/D
      940 |       0 |     750 |       21 |     20 |   162 | -265.038 |    -7136.0 |     56 | _30453_/D
      950 |       0 |     757 |       21 |     20 |   165 | -264.753 |    -7125.1 |     56 | _30453_/D
      960 |       0 |     762 |       23 |     20 |   169 | -264.383 |    -7111.7 |     56 | _30453_/D
      970 |       0 |     772 |       23 |     20 |   169 | -264.162 |    -7109.1 |     56 | _30453_/D
      980 |       0 |     777 |       23 |     20 |   174 | -264.114 |    -7107.4 |     56 | _30453_/D
      990 |       0 |     785 |       23 |     20 |   176 | -263.921 |    -7103.1 |     56 | _30453_/D
     1000 |       0 |     791 |       23 |     20 |   180 | -263.894 |    -7094.9 |     56 | _30453_/D
     1010 |       0 |     799 |       23 |     20 |   182 | -263.509 |    -7088.4 |     56 | _30453_/D
     1020 |       0 |     804 |       28 |     21 |   184 | -263.230 |    -7081.1 |     56 | _30453_/D
     1030 |       0 |     812 |       28 |     21 |   186 | -263.127 |    -7081.6 |     56 | _30453_/D
     1040 |       0 |     818 |       28 |     22 |   189 | -262.860 |    -7072.7 |     56 | _30453_/D
     1050 |       0 |     827 |       28 |     22 |   190 | -262.602 |    -7070.6 |     56 | _30453_/D
     1060 |       0 |     835 |       28 |     23 |   191 | -262.396 |    -7065.0 |     56 | _30453_/D
     1070 |       0 |     842 |       30 |     23 |   193 | -262.101 |    -7052.1 |     56 | _30453_/D
     1080 |       0 |     848 |       32 |     23 |   196 | -261.907 |    -7042.9 |     56 | _30453_/D
     1090 |       0 |     855 |       32 |     23 |   199 | -261.704 |    -7039.0 |     56 | _30453_/D
     1100 |       0 |     860 |       34 |     24 |   202 | -261.567 |    -7036.4 |     56 | _30453_/D
     1110 |       0 |     867 |       34 |     24 |   205 | -261.566 |    -7038.2 |     56 | _30453_/D
     1120 |       0 |     874 |       34 |     24 |   208 | -261.534 |    -7039.7 |     56 | _30453_/D
     1130 |       0 |     880 |       34 |     25 |   211 | -261.432 |    -7036.5 |     56 | _30453_/D
     1140 |       0 |     885 |       34 |     26 |   215 | -260.901 |    -7020.9 |     56 | _30453_/D
     1150 |       0 |     891 |       34 |     27 |   218 | -260.867 |    -7020.1 |     56 | _30453_/D
     1160 |       0 |     895 |       34 |     27 |   224 | -260.976 |    -7019.2 |     56 | _30453_/D
     1170 |       0 |     903 |       36 |     28 |   224 | -260.560 |    -7004.5 |     56 | _30453_/D
     1180 |       0 |     912 |       36 |     28 |   225 | -260.254 |    -6999.5 |     56 | _30453_/D
     1190 |       0 |     920 |       36 |     29 |   226 | -259.812 |    -6990.1 |     56 | _30453_/D
     1200 |       0 |     926 |       36 |     31 |   228 | -259.743 |    -6988.1 |     56 | _30453_/D
     1210 |       0 |     934 |       36 |     32 |   229 | -259.364 |    -6969.9 |     56 | _30453_/D
     1220 |       0 |     940 |       36 |     33 |   232 | -259.277 |    -6966.6 |     56 | _30453_/D
     1230 |       0 |     947 |       36 |     34 |   234 | -259.111 |    -6958.7 |     56 | _30453_/D
     1240 |       0 |     953 |       36 |     34 |   238 | -259.056 |    -6955.7 |     56 | _30453_/D
     1250 |       0 |     958 |       36 |     35 |   242 | -259.132 |    -6959.1 |     56 | _30453_/D
     1260 |       0 |     967 |       36 |     36 |   242 | -259.032 |    -6954.9 |     56 | _30453_/D
     1270 |       0 |     975 |       36 |     36 |   244 | -258.851 |    -6952.0 |     56 | _30453_/D
     1280 |       0 |     984 |       36 |     37 |   244 | -258.744 |    -6948.5 |     56 | _30453_/D
     1290 |       0 |     989 |       36 |     39 |   247 | -259.002 |    -6951.7 |     56 | _30453_/D
     1300 |       0 |     998 |       36 |     39 |   248 | -258.832 |    -6949.0 |     56 | _30453_/D
     1310 |       0 |    1005 |       36 |     39 |   251 | -258.797 |    -6948.0 |     56 | _30453_/D
     1320 |       0 |    1010 |       38 |     40 |   254 | -258.929 |    -6947.6 |     56 | _30453_/D
     1330 |       0 |    1020 |       38 |     40 |   254 | -258.640 |    -6946.0 |     56 | _30453_/D
     1340 |       0 |    1023 |       38 |     41 |   260 | -258.572 |    -6941.9 |     56 | _30453_/D
     1350 |       0 |    1032 |       38 |     41 |   261 | -258.546 |    -6940.9 |     56 | _30453_/D
     1360 |       0 |    1038 |       38 |     41 |   265 | -258.138 |    -6929.5 |     56 | _30453_/D
     1370 |       1 |    1045 |       38 |     43 |   265 | -257.917 |    -6925.7 |     56 | _30453_/D
     1380 |       1 |    1052 |       38 |     44 |   267 | -257.761 |    -6915.7 |     56 | _30453_/D
     1390 |       1 |    1057 |       38 |     45 |   271 | -257.722 |    -6914.2 |     56 | _30453_/D
     1400 |       1 |    1066 |       38 |     45 |   272 | -257.558 |    -6912.4 |     56 | _30453_/D
     1410 |       1 |    1072 |       38 |     46 |   275 | -257.405 |    -6909.2 |     56 | _30453_/D
     1420 |       1 |    1076 |       41 |     46 |   280 | -257.416 |    -6908.8 |     56 | _30453_/D
     1430 |       1 |    1083 |       41 |     46 |   283 | -257.488 |    -6912.1 |     56 | _30453_/D
     1440 |       1 |    1090 |       41 |     47 |   285 | -257.352 |    -6909.3 |     56 | _30453_/D
     1450 |       1 |    1098 |       41 |     48 |   286 | -257.165 |    -6906.6 |     56 | _30453_/D
     1460 |       1 |    1104 |       43 |     48 |   289 | -256.917 |    -6901.4 |     56 | _30453_/D
     1470 |       1 |    1112 |       43 |     48 |   291 | -256.843 |    -6902.6 |     56 | _30453_/D
     1480 |       1 |    1120 |       43 |     48 |   293 | -256.835 |    -6903.4 |     56 | _30453_/D
     1490 |       1 |    1126 |       43 |     49 |   296 | -256.950 |    -6904.5 |     56 | _30453_/D
     1500 |       1 |    1132 |       43 |     49 |   300 | -256.824 |    -6900.3 |     56 | _30453_/D
     1510 |       1 |    1139 |       43 |     49 |   303 | -256.662 |    -6898.2 |     56 | _30453_/D
     1520 |       1 |    1148 |       43 |     49 |   304 | -256.396 |    -6892.6 |     56 | _30453_/D
     1530 |       1 |    1151 |       43 |     49 |   311 | -256.545 |    -6896.6 |     56 | _30453_/D
     1540 |       1 |    1157 |       43 |     50 |   314 | -256.419 |    -6889.1 |     56 | _30453_/D
     1550 |       1 |    1162 |       43 |     50 |   319 | -256.223 |    -6884.3 |     56 | _30453_/D
     1560 |       1 |    1165 |       45 |     50 |   325 | -256.390 |    -6883.5 |     56 | _30453_/D
     1570 |       1 |    1170 |       45 |     51 |   329 | -256.241 |    -6883.3 |     56 | _30453_/D
     1580 |       1 |    1177 |       45 |     52 |   331 | -255.943 |    -6876.7 |     56 | _30453_/D
     1590 |       1 |    1184 |       45 |     53 |   333 | -255.828 |    -6874.1 |     56 | _30453_/D
     1600 |       1 |    1191 |       45 |     53 |   336 | -255.761 |    -6872.8 |     56 | _30453_/D
     1610 |       1 |    1197 |       45 |     53 |   340 | -255.803 |    -6873.3 |     56 | _30453_/D
     1620 |       1 |    1199 |       45 |     55 |   346 | -255.885 |    -6871.6 |     56 | _30453_/D
     1630 |       1 |    1208 |       45 |     55 |   347 | -255.769 |    -6867.9 |     56 | _30453_/D
     1640 |       1 |    1213 |       45 |     55 |   352 | -255.533 |    -6858.3 |     56 | _30453_/D
     1650 |       1 |    1217 |       45 |     57 |   356 | -255.414 |    -6856.1 |     56 | _30453_/D
     1660 |       1 |    1224 |       47 |     57 |   358 | -255.312 |    -6844.5 |     56 | _30453_/D
     1670 |       1 |    1232 |       49 |     57 |   359 | -255.309 |    -6842.2 |     56 | _30453_/D
     1680 |       1 |    1240 |       49 |     57 |   361 | -255.272 |    -6842.1 |     56 | _30453_/D
     1690 |       1 |    1243 |       61 |     57 |   362 | -255.159 |    -6841.9 |     56 | _30453_/D
     1700 |       1 |    1246 |       75 |     57 |   362 | -255.165 |    -6842.1 |     56 | _30453_/D
     1710 |       1 |    1254 |       75 |     57 |   364 | -254.966 |    -6838.6 |     56 | _30453_/D
     1720 |       1 |    1263 |       75 |     57 |   365 | -254.904 |    -6838.0 |     56 | _30453_/D
     1730 |       1 |    1268 |       75 |     58 |   369 | -255.102 |    -6839.1 |     56 | _30453_/D
     1740 |       1 |    1272 |       77 |     58 |   374 | -255.256 |    -6844.1 |     56 | _30453_/D
     1750 |       1 |    1276 |       77 |     58 |   380 | -255.194 |    -6841.6 |     56 | _30453_/D
     1760 |       1 |    1279 |       81 |     59 |   384 | -255.097 |    -6840.8 |     56 | _30453_/D
     1770 |       1 |    1288 |       81 |     59 |   385 | -255.066 |    -6834.2 |     56 | _30453_/D
     1777 |       1 |    1269 |       79 |     58 |   367 | -254.867 |    -6838.6 |     56 | _30453_/D
     1780 |       1 |    1270 |       79 |     58 |   368 | -254.867 |    -6838.5 |     56 | _30453_/D
     1790 |       1 |    1275 |       79 |     58 |   373 | -254.887 |    -6838.4 |     56 | _30453_/D
     1800 |       1 |    1282 |       81 |     59 |   374 | -254.790 |    -6836.5 |     56 | _30453_/D
     1810 |       1 |    1288 |       83 |     60 |   376 | -254.544 |    -6825.7 |     56 | _30453_/D
     1820 |       1 |    1293 |       83 |     61 |   380 | -254.546 |    -6826.9 |     56 | _30453_/D
     1830 |       1 |    1302 |       83 |     61 |   381 | -254.351 |    -6819.7 |     56 | _30453_/D
     1840 |       1 |    1308 |       83 |     64 |   382 | -254.420 |    -6820.2 |     56 | _30453_/D
     1850 |       1 |    1314 |       83 |     65 |   385 | -254.333 |    -6822.9 |     56 | _30453_/D
     1860 |       1 |    1317 |       83 |     65 |   392 | -254.466 |    -6827.3 |     56 | _30453_/D
     1870 |       1 |    1322 |       83 |     65 |   397 | -254.473 |    -6830.2 |     56 | _30453_/D
     1880 |       1 |    1330 |       83 |     67 |   397 | -254.280 |    -6823.2 |     56 | _30453_/D
     1890 |       1 |    1334 |       83 |     67 |   403 | -254.258 |    -6822.4 |     56 | _30453_/D
     1900 |       1 |    1340 |       83 |     67 |   407 | -254.273 |    -6822.5 |     56 | _30453_/D
     1907 |       1 |    1320 |       84 |     65 |   390 | -254.319 |    -6821.9 |     56 | _30453_/D
     1910 |       1 |    1322 |       84 |     65 |   390 | -254.319 |    -6821.7 |     56 | _30453_/D
     1920 |       1 |    1325 |       84 |     65 |   397 | -254.475 |    -6822.2 |     56 | _30453_/D
     1930 |       1 |    1331 |       84 |     65 |   401 | -254.376 |    -6821.4 |     56 | _30453_/D
     1940 |       1 |    1338 |       86 |     65 |   403 | -254.223 |    -6818.8 |     56 | _30453_/D
     1950 |       1 |    1346 |       86 |     67 |   403 | -254.054 |    -6812.3 |     56 | _30453_/D
     1960 |       1 |    1351 |       91 |     67 |   406 | -254.153 |    -6814.3 |     56 | _30453_/D
     1970 |       1 |    1354 |       91 |     68 |   412 | -254.139 |    -6815.8 |     56 | _30453_/D
     1980 |       1 |    1358 |       93 |     68 |   417 | -254.132 |    -6816.1 |     56 | _30453_/D
     1990 |       1 |    1363 |       93 |     68 |   422 | -254.218 |    -6820.2 |     56 | _30453_/D
     1999 |       1 |    1347 |       89 |     67 |   403 | -254.068 |    -6812.5 |     56 | _30453_/D
     2000 |       1 |    1347 |       89 |     67 |   403 | -254.068 |    -6812.5 |     56 | _30453_/D
     2010 |       1 |    1355 |       94 |     67 |   403 | -254.193 |    -6814.8 |     56 | _30453_/D
     2020 |       1 |    1357 |       94 |     69 |   409 | -254.360 |    -6822.7 |     56 | _30453_/D
     2029 |       1 |    1352 |       95 |     67 |   403 | -254.049 |    -6812.1 |     56 | _30453_/D
     2030 |       1 |    1352 |       95 |     67 |   403 | -254.049 |    -6812.1 |     56 | _30453_/D
     2040 |       1 |    1362 |       95 |     67 |   403 | -254.066 |    -6811.7 |     56 | _30453_/D
     2050 |       1 |    1370 |       97 |     68 |   403 | -254.172 |    -6814.0 |     56 | _30453_/D
     2059 |       1 |    1363 |       98 |     67 |   403 | -254.054 |    -6812.0 |     56 | _30453_/D
     2060 |       1 |    1363 |       98 |     67 |   403 | -254.054 |    -6812.0 |     56 | _30453_/D
     2070 |       1 |    1370 |      104 |     67 |   403 | -254.086 |    -6811.8 |     56 | _30453_/D
     2080 |       1 |    1374 |      110 |     67 |   406 | -254.063 |    -6811.8 |     56 | _30453_/D
     2090 |       1 |    1382 |      113 |     67 |   407 | -254.066 |    -6812.1 |     56 | _30453_/D
     2100 |       1 |    1390 |      115 |     68 |   407 | -254.176 |    -6814.4 |     56 | _30453_/D
     2100 |       1 |    1390 |      115 |     68 |   407 | -254.176 |    -6814.4 |     56 | _30453_/D
     2110 |       1 |    1397 |      117 |     68 |   408 | -254.176 |    -6814.2 |     56 | _30453_/D
     2120 |       1 |    1404 |      117 |     68 |   411 | -254.172 |    -6814.0 |     56 | _30453_/D
     2121 |       1 |    1404 |      117 |     69 |   411 | -254.151 |    -6813.9 |     56 | _30453_/D
     2130 |       1 |    1410 |      117 |     70 |   412 | -254.167 |    -6813.7 |     56 | _30453_/D
     2139 |       1 |    1411 |      117 |     69 |   412 | -254.151 |    -6813.7 |     56 | _30453_/D
     2140 |       1 |    1411 |      117 |     69 |   412 | -254.151 |    -6813.7 |     56 | _30453_/D
     2150 |       1 |    1420 |      117 |     70 |   412 | -254.184 |    -6813.9 |     56 | _30453_/D
     2151 |       1 |    1417 |      117 |     69 |   412 | -254.151 |    -6813.7 |     56 | _30453_/D
     2160 |       1 |    1424 |      117 |     69 |   413 | -254.151 |    -6813.4 |     56 | _30453_/D
     2170 |       1 |    1433 |      117 |     70 |   413 | -254.165 |    -6813.4 |     56 | _30453_/D
     2176 |       1 |    1431 |      117 |     69 |   413 | -254.151 |    -6813.4 |     56 | _30453_/D
     2179 |       1 |    1432 |      117 |     69 |   413 | -254.151 |    -6813.3 |     56 | _30453_/D
     2180 |       1 |    1432 |      117 |     69 |   413 | -254.151 |    -6813.3 |     56 | _30453_/D
     2185 |       1 |    1437 |      117 |     69 |   413 | -254.151 |    -6813.1 |     56 | _30453_/D
     2189 |       1 |    1438 |      117 |     69 |   413 | -254.151 |    -6813.1 |     56 | _30453_/D
     2190 |       1 |    1438 |      117 |     69 |   413 | -254.151 |    -6813.1 |     56 | _30453_/D
     2200 |       1 |    1448 |      117 |     69 |   413 | -254.187 |    -6813.1 |     56 | _30453_/D
     2200 |       1 |    1448 |      117 |     69 |   413 | -254.187 |    -6813.1 |     56 | _30453_/D
    2200* |       1 |    1448 |      117 |     69 |   413 | -254.187 |    -6813.1 |     55 | _30453_/D
    2201* |       1 |    1448 |      117 |     69 |   413 | -254.187 |    -6813.1 |     55 | _30453_/D
    2203* |       1 |    1449 |      117 |     69 |   413 | -254.187 |    -6813.0 |     55 | _30453_/D
    2205* |       1 |    1450 |      117 |     69 |   413 | -254.187 |    -6812.9 |     55 | _30453_/D
    2206* |       1 |    1450 |      117 |     69 |   413 | -254.187 |    -6812.9 |     55 | _30453_/D
    2207* |       1 |    1450 |      117 |     69 |   413 | -254.187 |    -6812.9 |     55 | _30453_/D
    2208* |       1 |    1450 |      117 |     69 |   413 | -254.187 |    -6812.9 |     55 | _30453_/D
    2209* |       1 |    1450 |      117 |     69 |   413 | -254.187 |    -6812.9 |     55 | _30453_/D
    2210* |       1 |    1450 |      117 |     69 |   413 | -254.187 |    -6812.9 |     55 | _30453_/D
    2210* |       1 |    1450 |      117 |     69 |   413 | -254.187 |    -6812.9 |     55 | _30453_/D
    2211* |       1 |    1450 |      117 |     69 |   413 | -254.187 |    -6812.9 |     55 | _30453_/D
    2212* |       1 |    1450 |      117 |     69 |   413 | -254.187 |    -6812.9 |     55 | _30453_/D
    2213* |       1 |    1450 |      117 |     69 |   413 | -254.187 |    -6812.9 |     55 | _30453_/D
    2214* |       1 |    1450 |      117 |     69 |   413 | -254.187 |    -6812.9 |     55 | _30453_/D
    2215* |       1 |    1450 |      117 |     69 |   413 | -254.187 |    -6812.9 |     55 | _30453_/D
    2218* |       1 |    1452 |      117 |     69 |   413 | -254.187 |    -6812.9 |     55 | _30453_/D
    2220* |       1 |    1453 |      117 |     69 |   413 | -254.187 |    -6812.8 |     55 | _30453_/D
    2225* |       1 |    1458 |      117 |     69 |   413 | -254.187 |    -6812.7 |     55 | _30453_/D
    2229* |       1 |    1461 |      117 |     69 |   413 | -254.187 |    -6812.6 |     55 | _30453_/D
    2230* |       1 |    1461 |      117 |     69 |   413 | -254.187 |    -6812.6 |     55 | _30453_/D
    2232* |       1 |    1463 |      117 |     69 |   413 | -254.187 |    -6812.6 |     55 | _30453_/D
    2233* |       1 |    1463 |      117 |     69 |   413 | -254.197 |    -6812.7 |     55 | _30453_/D
    2234* |       1 |    1463 |      117 |     69 |   413 | -254.197 |    -6812.7 |     55 | _30453_/D
    2235* |       1 |    1463 |      117 |     69 |   413 | -254.197 |    -6812.7 |     55 | _30453_/D
    2236* |       1 |    1463 |      117 |     69 |   413 | -254.197 |    -6812.7 |     55 | _30453_/D
    2237* |       1 |    1463 |      117 |     69 |   413 | -254.197 |    -6812.7 |     55 | _30453_/D
    2238* |       1 |    1463 |      117 |     69 |   413 | -254.197 |    -6812.7 |     55 | _30453_/D
    2239* |       1 |    1463 |      117 |     69 |   413 | -254.197 |    -6812.7 |     55 | _30453_/D
    2240* |       1 |    1463 |      117 |     69 |   413 | -254.197 |    -6812.7 |     55 | _30453_/D
    2240* |       1 |    1463 |      117 |     69 |   413 | -254.197 |    -6812.7 |     55 | _30453_/D
    2241* |       1 |    1463 |      117 |     69 |   413 | -254.197 |    -6812.7 |     55 | _30453_/D
    2242* |       1 |    1463 |      117 |     69 |   413 | -254.197 |    -6812.7 |     55 | _30453_/D
    2243* |       1 |    1463 |      117 |     69 |   413 | -254.197 |    -6812.7 |     55 | _30453_/D
    2244* |       1 |    1463 |      117 |     69 |   413 | -254.197 |    -6812.7 |     55 | _30453_/D
    2245* |       1 |    1463 |      117 |     69 |   413 | -254.197 |    -6812.7 |     55 | _30453_/D
    2246* |       1 |    1463 |      117 |     69 |   413 | -254.197 |    -6812.7 |     55 | _30453_/D
    2247* |       1 |    1463 |      117 |     69 |   413 | -254.197 |    -6812.7 |     55 | _30453_/D
    2248* |       1 |    1463 |      117 |     69 |   413 | -254.197 |    -6812.7 |     55 | _30453_/D
    2249* |       1 |    1463 |      117 |     69 |   413 | -254.197 |    -6812.7 |     55 | _30453_/D
    2250* |       1 |    1463 |      117 |     69 |   413 | -254.197 |    -6812.7 |     55 | _30453_/D
    2250* |       1 |    1463 |      117 |     69 |   413 | -254.197 |    -6812.7 |     55 | _30453_/D
    2251* |       1 |    1463 |      117 |     69 |   413 | -254.197 |    -6812.7 |     55 | _30453_/D
    2252* |       1 |    1463 |      117 |     69 |   413 | -254.197 |    -6812.7 |     55 | _30453_/D
    2253* |       1 |    1463 |      117 |     69 |   413 | -254.197 |    -6812.8 |     55 | _30453_/D
    2254* |       1 |    1463 |      117 |     69 |   413 | -254.197 |    -6812.8 |     55 | _30453_/D
    2255* |       1 |    1463 |      117 |     69 |   413 | -254.197 |    -6812.8 |     55 | _30453_/D
    2256* |       1 |    1463 |      117 |     69 |   413 | -254.197 |    -6812.8 |     55 | _30453_/D
    2257* |       1 |    1463 |      117 |     69 |   413 | -254.197 |    -6812.8 |     55 | _30453_/D
    2258* |       1 |    1463 |      117 |     69 |   413 | -254.197 |    -6812.8 |     55 | _30453_/D
    2259* |       1 |    1463 |      117 |     69 |   413 | -254.197 |    -6812.8 |     55 | _30453_/D
    2260* |       1 |    1463 |      117 |     69 |   413 | -254.197 |    -6812.8 |     55 | _30453_/D
    2260* |       1 |    1463 |      117 |     69 |   413 | -254.197 |    -6812.8 |     55 | _30453_/D
    2261* |       1 |    1463 |      117 |     69 |   413 | -254.197 |    -6812.8 |     55 | _30453_/D
    2262* |       1 |    1463 |      117 |     69 |   413 | -254.197 |    -6812.8 |     55 | _30453_/D
    2263* |       1 |    1463 |      117 |     69 |   413 | -254.197 |    -6812.8 |     55 | _30453_/D
    2264* |       1 |    1463 |      117 |     69 |   413 | -254.197 |    -6812.8 |     55 | _30453_/D
    2265* |       1 |    1463 |      117 |     69 |   413 | -254.197 |    -6812.8 |     55 | _30453_/D
    2266* |       1 |    1463 |      117 |     69 |   413 | -254.197 |    -6812.8 |     55 | _30453_/D
    2267* |       1 |    1463 |      117 |     69 |   413 | -254.197 |    -6812.8 |     55 | _30453_/D
    2268* |       1 |    1463 |      117 |     69 |   413 | -254.197 |    -6812.8 |     55 | _30453_/D
    2269* |       1 |    1463 |      117 |     69 |   413 | -254.197 |    -6812.8 |     55 | _30453_/D
    2270* |       1 |    1463 |      117 |     69 |   413 | -254.197 |    -6812.8 |     55 | _30453_/D
    2270* |       1 |    1463 |      117 |     69 |   413 | -254.197 |    -6812.8 |     55 | _30453_/D
    final |       1 |    1463 |      117 |     69 |   413 | -254.197 |    -6812.8 |     55 | _30453_/D
---------------------------------------------------------------------------------------------------
[INFO RSZ-0059] Removed 1 buffers.
[INFO RSZ-0040] Inserted 57 buffers.
[INFO RSZ-0041] Resized 1463 instances.
[INFO RSZ-0043] Swapped pins on 413 instances.
[INFO RSZ-0049] Cloned 69 instances.
[WARNING RSZ-0062] Unable to repair all setup violations.
[INFO RSZ-0046] Found 142 endpoints with hold violations.
Iteration | Resized | Buffers | Cloned Gates |   WNS   |   TNS   | Endpoint
---------------------------------------------------------------------------
        0 |       0 |       0 |            0 |   0.017 |  -0.328 | _30430_/D
    final |       0 |     135 |            0 |   0.101 |   0.000 | _30505_/D
---------------------------------------------------------------------------
[INFO RSZ-0032] Inserted 135 hold buffers.
Placement Analysis
---------------------------------
total displacement       3935.0 u
average displacement        0.2 u
max displacement           16.6 u
original HPWL          462664.6 u
legalized HPWL         476691.4 u
delta HPWL                    3 %

[INFO DPL-0020] Mirrored 7135 instances
[INFO DPL-0021] HPWL before          476691.4 u
[INFO DPL-0022] HPWL after           464933.4 u
[INFO DPL-0023] HPWL delta               -2.5 %
[INFO] Setting RC values…
Setting global connections for newly added cells…
[INFO] Setting global connections...
Updating metrics…
Cell type report:                       Count       Area
  Fill cell                               396    1486.43
  Tap cell                               4100    5129.92
  Buffer                                   46     172.67
  Clock buffer                             56     764.48
  Timing Repair Buffer                   1185    9421.54
  Inverter                                689    2621.26
  Clock inverter                           26     397.88
  Sequential cell                         271    5579.10
  Multi-Input combinational cell        14412  114049.38
  Total                                 21181  139622.66
Writing OpenROAD database to '/home/niko_tambornini/EE531/my_designs/FPU_32_Bit/runs/RUN_2026-03-12_00-49-12/36-openroad-resizertimingpostcts/FP32_Div.odb'…
Writing netlist to '/home/niko_tambornini/EE531/my_designs/FPU_32_Bit/runs/RUN_2026-03-12_00-49-12/36-openroad-resizertimingpostcts/FP32_Div.nl.v'…
Writing powered netlist to '/home/niko_tambornini/EE531/my_designs/FPU_32_Bit/runs/RUN_2026-03-12_00-49-12/36-openroad-resizertimingpostcts/FP32_Div.pnl.v'…
Writing layout to '/home/niko_tambornini/EE531/my_designs/FPU_32_Bit/runs/RUN_2026-03-12_00-49-12/36-openroad-resizertimingpostcts/FP32_Div.def'…
Writing timing constraints to '/home/niko_tambornini/EE531/my_designs/FPU_32_Bit/runs/RUN_2026-03-12_00-49-12/36-openroad-resizertimingpostcts/FP32_Div.sdc'…
