Clock: clk
Sources: clk 
Generated: no
Virtual: yes
Propagated: no
Period: 25.000000

===========================================================================
report_clock_properties
============================================================================
Clock                   Period          Waveform
----------------------------------------------------
clk                  25.000000    0.000000 12.500000

===========================================================================
report_clock_latency
============================================================================
Clock clk
rise -> rise
    min     max
0.000000 0.000000 source latency
0.330204         network latency _3978_/CLK
        0.492084 network latency _3954_/CLK
---------------
0.330204 0.492084 latency
        0.161879 skew

fall -> fall
    min     max
0.000000 0.000000 source latency
0.284767         network latency _3978_/CLK
        0.430759 network latency _3954_/CLK
---------------
0.284767 0.430759 latency
        0.145992 skew



===========================================================================
report_clock_min_period
============================================================================
clk period_min = 6.25 fmax = 160.02
