
===========================================================================
report_checks -unconstrained
===========================================================================
======================= nom_tt_025C_1v80 Corner ===================================

Startpoint: reset (input port clocked by clk)
Endpoint: _44479_ (recovery check against rising-edge clock clk)
Path Group: asynchronous
Path Type: max

Fanout         Cap        Slew       Delay        Time   Description
---------------------------------------------------------------------------------------------
                                  0.000000    0.000000   clock clk (rise edge)
                                  0.000000    0.000000   clock network delay (propagated)
                                200.000000  200.000000 v input external delay
     1    0.002462    0.007852    0.003851  200.003845 v reset (in)
                                                         reset (net)
                      0.007852    0.000000  200.003845 v input101/A (sky130_fd_sc_hd__buf_2)
     3    0.029801    0.080183    0.155595  200.159439 v input101/X (sky130_fd_sc_hd__buf_2)
                                                         net101 (net)
                      0.080183    0.000099  200.159546 v fanout2075/A (sky130_fd_sc_hd__clkbuf_4)
     7    0.044060    0.097231    0.212992  200.372528 v fanout2075/X (sky130_fd_sc_hd__clkbuf_4)
                                                         net2075 (net)
                      0.097258    0.001577  200.374115 v fanout2074/A (sky130_fd_sc_hd__clkbuf_4)
     7    0.033524    0.078093    0.205119  200.579224 v fanout2074/X (sky130_fd_sc_hd__clkbuf_4)
                                                         net2074 (net)
                      0.078093    0.000085  200.579315 v fanout2063/A (sky130_fd_sc_hd__buf_4)
    10    0.051044    0.078294    0.201098  200.780411 v fanout2063/X (sky130_fd_sc_hd__buf_4)
                                                         net2063 (net)
                      0.078294    0.000199  200.780609 v fanout2062/A (sky130_fd_sc_hd__clkbuf_4)
     8    0.039819    0.089466    0.205972  200.986588 v fanout2062/X (sky130_fd_sc_hd__clkbuf_4)
                                                         net2062 (net)
                      0.089466    0.000028  200.986618 v fanout2061/A (sky130_fd_sc_hd__buf_4)
    10    0.050141    0.077111    0.205461  201.192078 v fanout2061/X (sky130_fd_sc_hd__buf_4)
                                                         net2061 (net)
                      0.077112    0.000455  201.192520 v _43658_/A (sky130_fd_sc_hd__inv_2)
     1    0.004329    0.034034    0.058066  201.250595 ^ _43658_/Y (sky130_fd_sc_hd__inv_2)
                                                         _00321_ (net)
                      0.034034    0.000014  201.250610 ^ _44479_/RESET_B (sky130_fd_sc_hd__dfrtp_1)
                                            201.250610   data arrival time

                               1000.000000 1000.000000   clock clk (rise edge)
                                  0.000000 1000.000000   clock source latency
     1    0.064310    0.291838    0.208956 1000.208984 ^ clk (in)
                                                         clk (net)
                      0.292457    0.000000 1000.208984 ^ clkbuf_0_clk/A (sky130_fd_sc_hd__clkbuf_16)
     4    0.079863    0.098832    0.249656 1000.458618 ^ clkbuf_0_clk/X (sky130_fd_sc_hd__clkbuf_16)
                                                         clknet_0_clk (net)
                      0.099136    0.003865 1000.462524 ^ clkbuf_2_1_0_clk/A (sky130_fd_sc_hd__clkbuf_8)
     8    0.116200    0.204057    0.265914 1000.728394 ^ clkbuf_2_1_0_clk/X (sky130_fd_sc_hd__clkbuf_8)
                                                         clknet_2_1_0_clk (net)
                      0.204156    0.003752 1000.732178 ^ clkbuf_5_11__f_clk/A (sky130_fd_sc_hd__clkbuf_16)
    13    0.083250    0.100847    0.227487 1000.959656 ^ clkbuf_5_11__f_clk/X (sky130_fd_sc_hd__clkbuf_16)
                                                         clknet_5_11__leaf_clk (net)
                      0.100851    0.000796 1000.960449 ^ clkbuf_leaf_157_clk/A (sky130_fd_sc_hd__clkbuf_8)
    10    0.024988    0.058676    0.159162 1001.119629 ^ clkbuf_leaf_157_clk/X (sky130_fd_sc_hd__clkbuf_8)
                                                         clknet_leaf_157_clk (net)
                      0.058676    0.000114 1001.119751 ^ _44479_/CLK (sky130_fd_sc_hd__dfrtp_1)
                                 -0.250000 1000.869751   clock uncertainty
                                  0.000000 1000.869751   clock reconvergence pessimism
                                  0.237358 1001.107117   library recovery time
                                           1001.107117   data required time
---------------------------------------------------------------------------------------------
                                           1001.107117   data required time
                                           -201.250610   data arrival time
---------------------------------------------------------------------------------------------
                                            799.856506   slack (MET)


Startpoint: reset (input port clocked by clk)
Endpoint: _45097_ (rising edge-triggered flip-flop clocked by clk)
Path Group: clk
Path Type: max

Fanout         Cap        Slew       Delay        Time   Description
---------------------------------------------------------------------------------------------
                                  0.000000    0.000000   clock clk (rise edge)
                                  0.000000    0.000000   clock network delay (propagated)
                                200.000000  200.000000 v input external delay
     1    0.002462    0.007852    0.003851  200.003845 v reset (in)
                                                         reset (net)
                      0.007852    0.000000  200.003845 v input101/A (sky130_fd_sc_hd__buf_2)
     3    0.029801    0.080183    0.155595  200.159439 v input101/X (sky130_fd_sc_hd__buf_2)
                                                         net101 (net)
                      0.080317    0.002260  200.161697 v fanout2097/A (sky130_fd_sc_hd__clkbuf_4)
     5    0.032299    0.076036    0.195399  200.357101 v fanout2097/X (sky130_fd_sc_hd__clkbuf_4)
                                                         net2097 (net)
                      0.076036    0.000355  200.357452 v fanout2082/A (sky130_fd_sc_hd__clkbuf_2)
     5    0.023934    0.095725    0.173941  200.531387 v fanout2082/X (sky130_fd_sc_hd__clkbuf_2)
                                                         net2082 (net)
                      0.095725    0.000000  200.531387 v fanout2079/A (sky130_fd_sc_hd__buf_4)
    10    0.046239    0.072485    0.204139  200.735535 v fanout2079/X (sky130_fd_sc_hd__buf_4)
                                                         net2079 (net)
                      0.072485    0.000313  200.735840 v fanout2078/A (sky130_fd_sc_hd__buf_4)
    10    0.048808    0.075389    0.196550  200.932404 v fanout2078/X (sky130_fd_sc_hd__buf_4)
                                                         net2078 (net)
                      0.075389    0.000227  200.932617 v _21825_/A (sky130_fd_sc_hd__inv_2)
     3    0.028473    0.133776    0.134477  201.067108 ^ _21825_/Y (sky130_fd_sc_hd__inv_2)
                                                         _00071_ (net)
                      0.133776    0.000142  201.067245 ^ fanout2014/A (sky130_fd_sc_hd__clkbuf_4)
     5    0.052057    0.161444    0.253806  201.321045 ^ fanout2014/X (sky130_fd_sc_hd__clkbuf_4)
                                                         net2014 (net)
                      0.161448    0.000668  201.321716 ^ fanout2009/A (sky130_fd_sc_hd__clkbuf_2)
     5    0.023232    0.131896    0.205489  201.527206 ^ fanout2009/X (sky130_fd_sc_hd__clkbuf_2)
                                                         net2009 (net)
                      0.131896    0.000028  201.527237 ^ fanout2004/A (sky130_fd_sc_hd__clkbuf_2)
    10    0.023316    0.132049    0.198213  201.725449 ^ fanout2004/X (sky130_fd_sc_hd__clkbuf_2)
                                                         net2004 (net)
                      0.132049    0.000014  201.725464 ^ _25820_/A (sky130_fd_sc_hd__and2_2)
     6    0.024522    0.135731    0.236781  201.962250 ^ _25820_/X (sky130_fd_sc_hd__and2_2)
                                                         _21623_ (net)
                      0.135731    0.000057  201.962296 ^ _25821_/B (sky130_fd_sc_hd__nand2_1)
     3    0.007546    0.069349    0.098595  202.060898 v _25821_/Y (sky130_fd_sc_hd__nand2_1)
                                                         _21624_ (net)
                      0.069349    0.000014  202.060913 v _26429_/A (sky130_fd_sc_hd__or3b_4)
     7    0.025019    0.099094    0.450143  202.511047 v _26429_/X (sky130_fd_sc_hd__or3b_4)
                                                         _02729_ (net)
                      0.099094    0.000256  202.511307 v _26606_/B (sky130_fd_sc_hd__nor2_1)
     1    0.002858    0.083187    0.102972  202.614273 ^ _26606_/Y (sky130_fd_sc_hd__nor2_1)
                                                         _02860_ (net)
                      0.083187    0.000000  202.614273 ^ fanout839/A (sky130_fd_sc_hd__buf_4)
     7    0.049971    0.143229    0.197716  202.811996 ^ fanout839/X (sky130_fd_sc_hd__buf_4)
                                                         net839 (net)
                      0.143229    0.000000  202.811996 ^ fanout837/A (sky130_fd_sc_hd__clkbuf_4)
    10    0.045075    0.142763    0.243318  203.055313 ^ fanout837/X (sky130_fd_sc_hd__clkbuf_4)
                                                         net837 (net)
                      0.142763    0.000028  203.055344 ^ _26607_/B1 (sky130_fd_sc_hd__a31o_1)
     2    0.005752    0.072506    0.135358  203.190704 ^ _26607_/X (sky130_fd_sc_hd__a31o_1)
                                                         _02861_ (net)
                      0.072506    0.000014  203.190720 ^ _26608_/B1 (sky130_fd_sc_hd__a31o_1)
     3    0.010245    0.109156    0.146287  203.337006 ^ _26608_/X (sky130_fd_sc_hd__a31o_1)
                                                         _02862_ (net)
                      0.109156    0.000043  203.337036 ^ _26611_/B (sky130_fd_sc_hd__nor2_1)
     1    0.003762    0.047506    0.055906  203.392944 v _26611_/Y (sky130_fd_sc_hd__nor2_1)
                                                         _02864_ (net)
                      0.047506    0.000028  203.392975 v fanout653/A (sky130_fd_sc_hd__clkbuf_4)
     6    0.043444    0.096748    0.196110  203.589081 v fanout653/X (sky130_fd_sc_hd__clkbuf_4)
                                                         net653 (net)
                      0.096748    0.000469  203.589554 v fanout651/A (sky130_fd_sc_hd__clkbuf_4)
     9    0.043115    0.095201    0.219615  203.809174 v fanout651/X (sky130_fd_sc_hd__clkbuf_4)
                                                         net651 (net)
                      0.095202    0.000497  203.809662 v fanout650/A (sky130_fd_sc_hd__clkbuf_4)
    10    0.038344    0.086737    0.211443  204.021118 v fanout650/X (sky130_fd_sc_hd__clkbuf_4)
                                                         net650 (net)
                      0.086738    0.000398  204.021515 v _26616_/C1 (sky130_fd_sc_hd__a221o_1)
     1    0.003048    0.054796    0.270447  204.291962 v _26616_/X (sky130_fd_sc_hd__a221o_1)
                                                         _02869_ (net)
                      0.054796    0.000014  204.291977 v _26617_/B2 (sky130_fd_sc_hd__o22a_1)
     1    0.002464    0.040804    0.152099  204.444077 v _26617_/X (sky130_fd_sc_hd__o22a_1)
                                                         _01135_ (net)
                      0.040804    0.000014  204.444077 v _45097_/D (sky130_fd_sc_hd__dfxtp_1)
                                            204.444077   data arrival time

                               1000.000000 1000.000000   clock clk (rise edge)
                                  0.000000 1000.000000   clock source latency
     1    0.064310    0.291838    0.208956 1000.208984 ^ clk (in)
                                                         clk (net)
                      0.292457    0.000000 1000.208984 ^ clkbuf_0_clk/A (sky130_fd_sc_hd__clkbuf_16)
     4    0.079863    0.098832    0.249656 1000.458618 ^ clkbuf_0_clk/X (sky130_fd_sc_hd__clkbuf_16)
                                                         clknet_0_clk (net)
                      0.098902    0.002501 1000.461121 ^ clkbuf_2_3_0_clk/A (sky130_fd_sc_hd__clkbuf_8)
     8    0.112893    0.198612    0.262276 1000.723389 ^ clkbuf_2_3_0_clk/X (sky130_fd_sc_hd__clkbuf_8)
                                                         clknet_2_3_0_clk (net)
                      0.198676    0.002956 1000.726379 ^ clkbuf_5_25__f_clk/A (sky130_fd_sc_hd__clkbuf_16)
     9    0.054629    0.074443    0.204409 1000.930786 ^ clkbuf_5_25__f_clk/X (sky130_fd_sc_hd__clkbuf_16)
                                                         clknet_5_25__leaf_clk (net)
                      0.074443    0.000227 1000.931030 ^ clkbuf_leaf_62_clk/A (sky130_fd_sc_hd__clkbuf_8)
     7    0.025316    0.059113    0.149839 1001.080872 ^ clkbuf_leaf_62_clk/X (sky130_fd_sc_hd__clkbuf_8)
                                                         clknet_leaf_62_clk (net)
                      0.059113    0.000000 1001.080872 ^ _45097_/CLK (sky130_fd_sc_hd__dfxtp_1)
                                 -0.250000 1000.830872   clock uncertainty
                                  0.000000 1000.830872   clock reconvergence pessimism
                                 -0.105392 1000.725464   library setup time
                                           1000.725464   data required time
---------------------------------------------------------------------------------------------
                                           1000.725464   data required time
                                           -204.444077   data arrival time
---------------------------------------------------------------------------------------------
                                            796.281372   slack (MET)




===========================================================================
report_checks --slack_max -0.01
============================================================================
======================= nom_tt_025C_1v80 Corner ===================================

No paths found.


===========================================================================
 report_check_types -max_slew -max_cap -max_fanout -violators
============================================================================
======================= nom_tt_025C_1v80 Corner ===================================

max fanout

Pin                                   Limit Fanout  Slack
---------------------------------------------------------
clkbuf_leaf_217_clk/X                    10     23    -13 (VIOLATED)
clkbuf_leaf_227_clk/X                    10     23    -13 (VIOLATED)
clkbuf_leaf_223_clk/X                    10     22    -12 (VIOLATED)
clkbuf_leaf_234_clk/X                    10     22    -12 (VIOLATED)
clkbuf_leaf_180_clk/X                    10     21    -11 (VIOLATED)
clkbuf_leaf_181_clk/X                    10     21    -11 (VIOLATED)
clkbuf_leaf_188_clk/X                    10     21    -11 (VIOLATED)
clkbuf_leaf_200_clk/X                    10     21    -11 (VIOLATED)
clkbuf_leaf_177_clk/X                    10     20    -10 (VIOLATED)
clkbuf_leaf_184_clk/X                    10     20    -10 (VIOLATED)
clkbuf_leaf_201_clk/X                    10     20    -10 (VIOLATED)
clkbuf_leaf_230_clk/X                    10     20    -10 (VIOLATED)
clkbuf_leaf_173_clk/X                    10     18     -8 (VIOLATED)
clkbuf_leaf_179_clk/X                    10     18     -8 (VIOLATED)
clkbuf_leaf_183_clk/X                    10     18     -8 (VIOLATED)
clkbuf_leaf_186_clk/X                    10     18     -8 (VIOLATED)
clkbuf_leaf_189_clk/X                    10     18     -8 (VIOLATED)
clkbuf_leaf_203_clk/X                    10     18     -8 (VIOLATED)
clkbuf_leaf_218_clk/X                    10     18     -8 (VIOLATED)
clkbuf_leaf_233_clk/X                    10     18     -8 (VIOLATED)
clkbuf_leaf_205_clk/X                    10     17     -7 (VIOLATED)
clkbuf_leaf_21_clk/X                     10     17     -7 (VIOLATED)
clkbuf_leaf_88_clk/X                     10     17     -7 (VIOLATED)
clkbuf_5_0__f_clk/X                      10     16     -6 (VIOLATED)
clkbuf_leaf_206_clk/X                    10     16     -6 (VIOLATED)
clkbuf_leaf_229_clk/X                    10     16     -6 (VIOLATED)
clkbuf_leaf_241_clk/X                    10     16     -6 (VIOLATED)
clkbuf_leaf_244_clk/X                    10     16     -6 (VIOLATED)
clkbuf_leaf_14_clk/X                     10     15     -5 (VIOLATED)
clkbuf_leaf_187_clk/X                    10     15     -5 (VIOLATED)
clkbuf_leaf_18_clk/X                     10     15     -5 (VIOLATED)
clkbuf_leaf_192_clk/X                    10     15     -5 (VIOLATED)
clkbuf_leaf_232_clk/X                    10     15     -5 (VIOLATED)
clkbuf_leaf_23_clk/X                     10     15     -5 (VIOLATED)
clkbuf_leaf_245_clk/X                    10     15     -5 (VIOLATED)
clkbuf_leaf_24_clk/X                     10     15     -5 (VIOLATED)
clkbuf_leaf_4_clk/X                      10     15     -5 (VIOLATED)
clkbuf_leaf_93_clk/X                     10     15     -5 (VIOLATED)
clkbuf_leaf_99_clk/X                     10     15     -5 (VIOLATED)
clkbuf_leaf_110_clk/X                    10     14     -4 (VIOLATED)
clkbuf_leaf_172_clk/X                    10     14     -4 (VIOLATED)
clkbuf_leaf_17_clk/X                     10     14     -4 (VIOLATED)
clkbuf_leaf_191_clk/X                    10     14     -4 (VIOLATED)
clkbuf_leaf_197_clk/X                    10     14     -4 (VIOLATED)
clkbuf_leaf_202_clk/X                    10     14     -4 (VIOLATED)
clkbuf_leaf_207_clk/X                    10     14     -4 (VIOLATED)
clkbuf_leaf_216_clk/X                    10     14     -4 (VIOLATED)
clkbuf_leaf_228_clk/X                    10     14     -4 (VIOLATED)
clkbuf_leaf_231_clk/X                    10     14     -4 (VIOLATED)
clkbuf_leaf_246_clk/X                    10     14     -4 (VIOLATED)
clkbuf_leaf_254_clk/X                    10     14     -4 (VIOLATED)
clkbuf_leaf_94_clk/X                     10     14     -4 (VIOLATED)
clkbuf_5_10__f_clk/X                     10     13     -3 (VIOLATED)
clkbuf_5_11__f_clk/X                     10     13     -3 (VIOLATED)
clkbuf_5_8__f_clk/X                      10     13     -3 (VIOLATED)
clkbuf_leaf_176_clk/X                    10     13     -3 (VIOLATED)
clkbuf_leaf_185_clk/X                    10     13     -3 (VIOLATED)
clkbuf_leaf_199_clk/X                    10     13     -3 (VIOLATED)
clkbuf_leaf_1_clk/X                      10     13     -3 (VIOLATED)
clkbuf_leaf_219_clk/X                    10     13     -3 (VIOLATED)
clkbuf_leaf_224_clk/X                    10     13     -3 (VIOLATED)
clkbuf_leaf_237_clk/X                    10     13     -3 (VIOLATED)
clkbuf_leaf_243_clk/X                    10     13     -3 (VIOLATED)
clkbuf_leaf_27_clk/X                     10     13     -3 (VIOLATED)
clkbuf_leaf_42_clk/X                     10     13     -3 (VIOLATED)
clkbuf_leaf_44_clk/X                     10     13     -3 (VIOLATED)
clkbuf_leaf_57_clk/X                     10     13     -3 (VIOLATED)
clkbuf_leaf_74_clk/X                     10     13     -3 (VIOLATED)
clkbuf_leaf_75_clk/X                     10     13     -3 (VIOLATED)
clkbuf_leaf_77_clk/X                     10     13     -3 (VIOLATED)
clkbuf_leaf_90_clk/X                     10     13     -3 (VIOLATED)
clkbuf_leaf_96_clk/X                     10     13     -3 (VIOLATED)
clkbuf_leaf_105_clk/X                    10     12     -2 (VIOLATED)
clkbuf_leaf_10_clk/X                     10     12     -2 (VIOLATED)
clkbuf_leaf_111_clk/X                    10     12     -2 (VIOLATED)
clkbuf_leaf_122_clk/X                    10     12     -2 (VIOLATED)
clkbuf_leaf_127_clk/X                    10     12     -2 (VIOLATED)
clkbuf_leaf_12_clk/X                     10     12     -2 (VIOLATED)
clkbuf_leaf_130_clk/X                    10     12     -2 (VIOLATED)
clkbuf_leaf_158_clk/X                    10     12     -2 (VIOLATED)
clkbuf_leaf_160_clk/X                    10     12     -2 (VIOLATED)
clkbuf_leaf_16_clk/X                     10     12     -2 (VIOLATED)
clkbuf_leaf_170_clk/X                    10     12     -2 (VIOLATED)
clkbuf_leaf_175_clk/X                    10     12     -2 (VIOLATED)
clkbuf_leaf_196_clk/X                    10     12     -2 (VIOLATED)
clkbuf_leaf_19_clk/X                     10     12     -2 (VIOLATED)
clkbuf_leaf_22_clk/X                     10     12     -2 (VIOLATED)
clkbuf_leaf_242_clk/X                    10     12     -2 (VIOLATED)
clkbuf_leaf_260_clk/X                    10     12     -2 (VIOLATED)
clkbuf_leaf_45_clk/X                     10     12     -2 (VIOLATED)
clkbuf_leaf_49_clk/X                     10     12     -2 (VIOLATED)
clkbuf_leaf_53_clk/X                     10     12     -2 (VIOLATED)
clkbuf_leaf_6_clk/X                      10     12     -2 (VIOLATED)
clkbuf_leaf_85_clk/X                     10     12     -2 (VIOLATED)
clkbuf_leaf_91_clk/X                     10     12     -2 (VIOLATED)
clkbuf_leaf_92_clk/X                     10     12     -2 (VIOLATED)
clkbuf_leaf_97_clk/X                     10     12     -2 (VIOLATED)
clkbuf_5_12__f_clk/X                     10     11        (VIOLATED)
clkbuf_5_6__f_clk/X                      10     11        (VIOLATED)
clkbuf_5_7__f_clk/X                      10     11        (VIOLATED)
clkbuf_5_9__f_clk/X                      10     11        (VIOLATED)
clkbuf_leaf_103_clk/X                    10     11        (VIOLATED)
clkbuf_leaf_106_clk/X                    10     11        (VIOLATED)
clkbuf_leaf_112_clk/X                    10     11        (VIOLATED)
clkbuf_leaf_116_clk/X                    10     11        (VIOLATED)
clkbuf_leaf_123_clk/X                    10     11        (VIOLATED)
clkbuf_leaf_131_clk/X                    10     11        (VIOLATED)
clkbuf_leaf_142_clk/X                    10     11        (VIOLATED)
clkbuf_leaf_146_clk/X                    10     11        (VIOLATED)
clkbuf_leaf_149_clk/X                    10     11        (VIOLATED)
clkbuf_leaf_155_clk/X                    10     11        (VIOLATED)
clkbuf_leaf_178_clk/X                    10     11        (VIOLATED)
clkbuf_leaf_195_clk/X                    10     11        (VIOLATED)
clkbuf_leaf_20_clk/X                     10     11        (VIOLATED)
clkbuf_leaf_220_clk/X                    10     11        (VIOLATED)
clkbuf_leaf_256_clk/X                    10     11        (VIOLATED)
clkbuf_leaf_257_clk/X                    10     11        (VIOLATED)
clkbuf_leaf_25_clk/X                     10     11        (VIOLATED)
clkbuf_leaf_28_clk/X                     10     11        (VIOLATED)
clkbuf_leaf_30_clk/X                     10     11        (VIOLATED)
clkbuf_leaf_32_clk/X                     10     11        (VIOLATED)
clkbuf_leaf_33_clk/X                     10     11        (VIOLATED)
clkbuf_leaf_34_clk/X                     10     11        (VIOLATED)
clkbuf_leaf_36_clk/X                     10     11        (VIOLATED)
clkbuf_leaf_47_clk/X                     10     11        (VIOLATED)
clkbuf_leaf_63_clk/X                     10     11        (VIOLATED)
clkbuf_leaf_65_clk/X                     10     11        (VIOLATED)
clkbuf_leaf_66_clk/X                     10     11        (VIOLATED)
clkbuf_leaf_68_clk/X                     10     11        (VIOLATED)
clkbuf_leaf_78_clk/X                     10     11        (VIOLATED)
clkbuf_leaf_79_clk/X                     10     11        (VIOLATED)
clkbuf_leaf_82_clk/X                     10     11        (VIOLATED)
clkbuf_leaf_84_clk/X                     10     11        (VIOLATED)
clkbuf_leaf_98_clk/X                     10     11        (VIOLATED)



===========================================================================
report_parasitic_annotation -report_unannotated
============================================================================
Found 245 unannotated drivers.
 clkload0/Y
 clkload1/Y
 clkload10/Y
 clkload100/Y
 clkload101/Y
 clkload102/Y
 clkload103/Y
 clkload104/Y
 clkload105/Y
 clkload106/Y
 clkload107/Y
 clkload108/Y
 clkload109/Y
 clkload11/Y
 clkload110/Y
 clkload111/Y
 clkload112/Y
 clkload113/X
 clkload114/Y
 clkload115/Y
 clkload116/Y
 clkload117/Y
 clkload118/Y
 clkload119/Y
 clkload12/Y
 clkload120/Y
 clkload121/Y
 clkload122/Y
 clkload123/Y
 clkload124/X
 clkload125/Y
 clkload126/Y
 clkload127/X
 clkload128/X
 clkload129/X
 clkload13/Y
 clkload130/X
 clkload131/Y
 clkload132/X
 clkload133/Y
 clkload134/Y
 clkload135/Y
 clkload136/Y
 clkload137/Y
 clkload138/Y
 clkload139/Y
 clkload14/Y
 clkload140/Y
 clkload141/Y
 clkload142/Y
 clkload143/Y
 clkload144/Y
 clkload145/Y
 clkload146/Y
 clkload147/Y
 clkload148/Y
 clkload149/X
 clkload15/Y
 clkload150/Y
 clkload151/Y
 clkload152/X
 clkload153/X
 clkload154/X
 clkload155/Y
 clkload156/Y
 clkload157/X
 clkload158/Y
 clkload159/Y
 clkload16/Y
 clkload160/Y
 clkload161/X
 clkload162/Y
 clkload163/Y
 clkload164/Y
 clkload165/X
 clkload166/X
 clkload167/Y
 clkload168/Y
 clkload169/Y
 clkload17/X
 clkload170/X
 clkload171/Y
 clkload172/Y
 clkload173/Y
 clkload174/Y
 clkload175/X
 clkload176/Y
 clkload177/Y
 clkload178/Y
 clkload179/Y
 clkload18/Y
 clkload180/Y
 clkload181/Y
 clkload182/X
 clkload183/Y
 clkload184/Y
 clkload185/X
 clkload186/Y
 clkload187/Y
 clkload188/Y
 clkload189/Y
 clkload19/Y
 clkload190/Y
 clkload191/Y
 clkload192/Y
 clkload193/Y
 clkload194/Y
 clkload195/X
 clkload196/Y
 clkload197/Y
 clkload198/Y
 clkload199/X
 clkload2/Y
 clkload20/Y
 clkload200/Y
 clkload201/X
 clkload202/Y
 clkload203/Y
 clkload204/Y
 clkload205/X
 clkload206/Y
 clkload207/X
 clkload208/Y
 clkload209/X
 clkload21/Y
 clkload210/Y
 clkload211/X
 clkload212/Y
 clkload213/X
 clkload214/Y
 clkload215/X
 clkload216/Y
 clkload217/X
 clkload218/Y
 clkload219/Y
 clkload22/Y
 clkload220/Y
 clkload221/Y
 clkload222/Y
 clkload223/Y
 clkload224/Y
 clkload225/Y
 clkload226/Y
 clkload227/Y
 clkload228/Y
 clkload229/X
 clkload23/X
 clkload230/X
 clkload231/Y
 clkload232/Y
 clkload233/X
 clkload234/X
 clkload235/Y
 clkload236/X
 clkload237/Y
 clkload238/Y
 clkload239/Y
 clkload24/Y
 clkload240/Y
 clkload241/Y
 clkload242/Y
 clkload243/Y
 clkload244/Y
 clkload25/Y
 clkload26/Y
 clkload27/Y
 clkload28/X
 clkload29/Y
 clkload3/Y
 clkload30/Y
 clkload31/Y
 clkload32/Y
 clkload33/Y
 clkload34/Y
 clkload35/Y
 clkload36/Y
 clkload37/Y
 clkload38/Y
 clkload39/Y
 clkload4/Y
 clkload40/Y
 clkload41/Y
 clkload42/X
 clkload43/X
 clkload44/Y
 clkload45/Y
 clkload46/Y
 clkload47/Y
 clkload48/Y
 clkload49/Y
 clkload5/Y
 clkload50/Y
 clkload51/Y
 clkload52/Y
 clkload53/Y
 clkload54/Y
 clkload55/Y
 clkload56/Y
 clkload57/X
 clkload58/Y
 clkload59/Y
 clkload6/Y
 clkload60/Y
 clkload61/Y
 clkload62/Y
 clkload63/Y
 clkload64/Y
 clkload65/Y
 clkload66/Y
 clkload67/Y
 clkload68/Y
 clkload69/Y
 clkload7/Y
 clkload70/Y
 clkload71/Y
 clkload72/Y
 clkload73/Y
 clkload74/Y
 clkload75/Y
 clkload76/Y
 clkload77/Y
 clkload78/X
 clkload79/Y
 clkload8/X
 clkload80/Y
 clkload81/Y
 clkload82/Y
 clkload83/Y
 clkload84/X
 clkload85/Y
 clkload86/Y
 clkload87/Y
 clkload88/Y
 clkload89/Y
 clkload9/X
 clkload90/Y
 clkload91/Y
 clkload92/Y
 clkload93/Y
 clkload94/Y
 clkload95/Y
 clkload96/Y
 clkload97/Y
 clkload98/Y
 clkload99/Y
Found 0 partially unannotated drivers.

===========================================================================
max slew violation count 0
Writing metric design__max_slew_violation__count__corner:nom_tt_025C_1v80: 0
max fanout violation count 134
Writing metric design__max_fanout_violation__count__corner:nom_tt_025C_1v80: 134
max cap violation count 0
Writing metric design__max_cap_violation__count__corner:nom_tt_025C_1v80: 0
============================================================================

===========================================================================
check_setup -verbose -unconstrained_endpoints -multiple_clock -no_clock -no_input_delay -loops -generated_clocks
===========================================================================
