Clock: clk
Sources: clk 
Generated: no
Virtual: yes
Propagated: no
Period: 25.000000

===========================================================================
report_clock_properties
============================================================================
Clock                   Period          Waveform
----------------------------------------------------
clk                  25.000000    0.000000 12.500000

===========================================================================
report_clock_latency
============================================================================
Clock clk
rise -> rise
    min     max
0.000000 0.000000 source latency
1.173425         network latency _30435_/CLK
        1.601905 network latency _30402_/CLK
---------------
1.173425 1.601905 latency
        0.428480 skew

fall -> fall
    min     max
0.000000 0.000000 source latency
0.983631         network latency _30435_/CLK
        1.372864 network latency _30402_/CLK
---------------
0.983631 1.372864 latency
        0.389233 skew



===========================================================================
report_clock_min_period
============================================================================
clk period_min = 294.74 fmax = 3.39
