Clock: clk
Sources: clk 
Generated: no
Virtual: yes
Propagated: no
Period: 1000.000000

===========================================================================
report_clock_properties
============================================================================
Clock                   Period          Waveform
----------------------------------------------------
clk                 1000.000000    0.000000500.000000

===========================================================================
report_clock_latency
============================================================================
Clock clk
rise -> rise
    min     max
0.000000 0.000000 source latency
2.384896         network latency _46285_/CLK
        2.868779 network latency _46167_/CLK
---------------
2.384896 2.868779 latency
        0.483883 skew

fall -> fall
    min     max
0.000000 0.000000 source latency
1.913236         network latency _46285_/CLK
        2.339789 network latency _46167_/CLK
---------------
1.913236 2.339789 latency
        0.426553 skew



===========================================================================
report_clock_min_period
============================================================================
clk period_min = 350.66 fmax = 2.85
