
===========================================================================
 report_power
============================================================================
======================= nom_ss_100C_1v60 Corner ===================================

Group                    Internal    Switching      Leakage        Total
                            Power        Power        Power        Power (Watts)
------------------------------------------------------------------------
Sequential           2.108669e-03 1.156099e-05 3.850304e-05 2.158733e-03   0.0%
Combinational        8.004769e+03 1.095920e+04 1.147022e-04 1.896397e+04 100.0%
Clock                2.900954e-05 3.622477e-05 5.923947e-06 7.115825e-05   0.0%
Macro                0.000000e+00 0.000000e+00 0.000000e+00 0.000000e+00   0.0%
Pad                  0.000000e+00 0.000000e+00 0.000000e+00 0.000000e+00   0.0%
------------------------------------------------------------------------
Total                8.004769e+03 1.095920e+04 1.591332e-04 1.896397e+04 100.0%
                            42.2%        57.8%         0.0%

