Reading OpenROAD database at '/home/niko_tambornini/EE531/my_designs/FPU_32_Bit/runs/RUN_2026-03-12_00-49-12/41-openroad-repairantennas/1-openroad-diodeinsertion/FP32_Div.odb'…
Reading library file at '/home/niko_tambornini/.ciel/ciel/sky130/versions/0fe599b2afb6708d281543108caf8310912f54af/sky130A/libs.ref/sky130_fd_sc_hd/lib/sky130_fd_sc_hd__tt_025C_1v80.lib'…
Reading design constraints file at '/nix/store/svkrfkkpaij5qb9xjbcwfymcd4s8hczv-python3-3.11.9-env/lib/python3.11/site-packages/librelane/scripts/base.sdc'…
[INFO] Using clock clk…
[INFO] Setting output delay to: 5
[INFO] Setting input delay to: 5
[INFO] Setting load to: 0.033442
[INFO] Setting clock uncertainty to: 0.25
[INFO] Setting clock transition to: 0.1499999999999999944488848768742172978818416595458984375
[INFO] Setting timing derate to: 5%
[INFO ORD-0030] Using 28 thread(s).
[INFO DRT-0149] Reading tech and libs.
[WARNING DRT-0349] LEF58_ENCLOSURE with no CUTCLASS is not supported. Skipping for layer mcon
[WARNING DRT-0349] LEF58_ENCLOSURE with no CUTCLASS is not supported. Skipping for layer mcon
[WARNING DRT-0349] LEF58_ENCLOSURE with no CUTCLASS is not supported. Skipping for layer via
[WARNING DRT-0349] LEF58_ENCLOSURE with no CUTCLASS is not supported. Skipping for layer via
[WARNING DRT-0349] LEF58_ENCLOSURE with no CUTCLASS is not supported. Skipping for layer via2
[WARNING DRT-0349] LEF58_ENCLOSURE with no CUTCLASS is not supported. Skipping for layer via2
[WARNING DRT-0349] LEF58_ENCLOSURE with no CUTCLASS is not supported. Skipping for layer via3
[WARNING DRT-0349] LEF58_ENCLOSURE with no CUTCLASS is not supported. Skipping for layer via3
[WARNING DRT-0349] LEF58_ENCLOSURE with no CUTCLASS is not supported. Skipping for layer via4
[WARNING DRT-0349] LEF58_ENCLOSURE with no CUTCLASS is not supported. Skipping for layer via4

Units:                1000
Number of layers:     13
Number of macros:     441
Number of vias:       29
Number of viarulegen: 25

[INFO DRT-0150] Reading design.

Design:                   FP32_Div
Die area:                 ( 0 0 ) ( 551590 562310 )
Number of track patterns: 12
Number of DEF vias:       0
Number of components:     21297
Number of terminals:      99
Number of snets:          2
Number of nets:           16712

[INFO DRT-0167] List of default vias:
  Layer via
    default via: M1M2_PR
  Layer via2
    default via: M2M3_PR
  Layer via3
    default via: M3M4_PR
  Layer via4
    default via: M4M5_PR
[INFO DRT-0162] Library cell analysis.
[INFO DRT-0163] Instance analysis.
[INFO DRT-0164] Number of unique instances = 749.
[INFO DRT-0168] Init region query.
[INFO DRT-0024]   Complete FR_MASTERSLICE.
[INFO DRT-0024]   Complete licon.
[INFO DRT-0024]   Complete li1.
[INFO DRT-0024]   Complete mcon.
[INFO DRT-0024]   Complete met1.
[INFO DRT-0024]   Complete via.
[INFO DRT-0024]   Complete met2.
[INFO DRT-0024]   Complete via2.
[INFO DRT-0024]   Complete met3.
[INFO DRT-0024]   Complete via3.
[INFO DRT-0024]   Complete met4.
[INFO DRT-0024]   Complete via4.
[INFO DRT-0024]   Complete met5.
[INFO DRT-0033] FR_MASTERSLICE shape region query size = 0.
[INFO DRT-0033] licon shape region query size = 0.
[INFO DRT-0033] li1 shape region query size = 513697.
[INFO DRT-0033] mcon shape region query size = 0.
[INFO DRT-0033] met1 shape region query size = 47644.
[INFO DRT-0033] via shape region query size = 3980.
[INFO DRT-0033] met2 shape region query size = 2425.
[INFO DRT-0033] via2 shape region query size = 3184.
[INFO DRT-0033] met3 shape region query size = 2448.
[INFO DRT-0033] via3 shape region query size = 3184.
[INFO DRT-0033] met4 shape region query size = 844.
[INFO DRT-0033] via4 shape region query size = 32.
[INFO DRT-0033] met5 shape region query size = 48.
[INFO DRT-0165] Start pin access.
[INFO DRT-0076]   Complete 1000 pins.
[INFO DRT-0076]   Complete 2000 pins.
[INFO DRT-0076]   Complete 3000 pins.
[INFO DRT-0078]   Complete 3203 pins.
[INFO DRT-0079]   Complete 100 unique inst patterns.
[INFO DRT-0079]   Complete 200 unique inst patterns.
[INFO DRT-0079]   Complete 300 unique inst patterns.
[INFO DRT-0079]   Complete 400 unique inst patterns.
[INFO DRT-0079]   Complete 500 unique inst patterns.
[INFO DRT-0079]   Complete 600 unique inst patterns.
[INFO DRT-0079]   Complete 700 unique inst patterns.
[INFO DRT-0081]   Complete 743 unique inst patterns.
[INFO DRT-0082]   Complete 10000 groups.
[INFO DRT-0084]   Complete 10280 groups.
#scanned instances     = 21297
#unique  instances     = 749
#stdCellGenAp          = 23201
#stdCellValidPlanarAp  = 64
#stdCellValidViaAp     = 17829
#stdCellPinNoAp        = 0
#stdCellPinCnt         = 58977
#instTermValidViaApCnt = 0
#macroGenAp            = 0
#macroValidPlanarAp    = 0
#macroValidViaAp       = 0
#macroNoAp             = 0
[INFO DRT-0166] Complete pin access.
[INFO DRT-0267] cpu time = 00:02:26, elapsed time = 00:00:05, memory = 254.34 (MB), peak = 256.57 (MB)
[INFO DRT-0156] guideIn read 100000 guides.

[INFO DRT-0157] Number of guides:     121389

[INFO DRT-0169] Post process guides.
[INFO DRT-0176] GCELLGRID X 0 DO 79 STEP 6900 ;
[INFO DRT-0177] GCELLGRID Y 0 DO 81 STEP 6900 ;
[INFO DRT-0026]   Complete 100000 origin guides.
[INFO DRT-0028]   Complete FR_MASTERSLICE.
[INFO DRT-0028]   Complete licon.
[INFO DRT-0028]   Complete li1.
[INFO DRT-0028]   Complete mcon.
[INFO DRT-0028]   Complete met1.
[INFO DRT-0028]   Complete via.
[INFO DRT-0028]   Complete met2.
[INFO DRT-0028]   Complete via2.
[INFO DRT-0028]   Complete met3.
[INFO DRT-0028]   Complete via3.
[INFO DRT-0028]   Complete met4.
[INFO DRT-0028]   Complete via4.
[INFO DRT-0028]   Complete met5.
[INFO DRT-0178] Init guide query.
[INFO DRT-0035]   Complete FR_MASTERSLICE (guide).
[INFO DRT-0035]   Complete licon (guide).
[INFO DRT-0035]   Complete li1 (guide).
[INFO DRT-0035]   Complete mcon (guide).
[INFO DRT-0035]   Complete met1 (guide).
[INFO DRT-0035]   Complete via (guide).
[INFO DRT-0035]   Complete met2 (guide).
[INFO DRT-0035]   Complete via2 (guide).
[INFO DRT-0035]   Complete met3 (guide).
[INFO DRT-0035]   Complete via3 (guide).
[INFO DRT-0035]   Complete met4 (guide).
[INFO DRT-0035]   Complete via4 (guide).
[INFO DRT-0035]   Complete met5 (guide).
[INFO DRT-0036] FR_MASTERSLICE guide region query size = 0.
[INFO DRT-0036] licon guide region query size = 0.
[INFO DRT-0036] li1 guide region query size = 44026.
[INFO DRT-0036] mcon guide region query size = 0.
[INFO DRT-0036] met1 guide region query size = 33279.
[INFO DRT-0036] via guide region query size = 0.
[INFO DRT-0036] met2 guide region query size = 17184.
[INFO DRT-0036] via2 guide region query size = 0.
[INFO DRT-0036] met3 guide region query size = 1128.
[INFO DRT-0036] via3 guide region query size = 0.
[INFO DRT-0036] met4 guide region query size = 463.
[INFO DRT-0036] via4 guide region query size = 0.
[INFO DRT-0036] met5 guide region query size = 0.
[INFO DRT-0179] Init gr pin query.
[INFO DRT-0245] skipped writing guide updates to database.
[INFO DRT-0185] Post process initialize RPin region query.
[INFO DRT-0181] Start track assignment.
[INFO DRT-0184] Done with 61673 vertical wires in 2 frboxes and 34407 horizontal wires in 2 frboxes.
[INFO DRT-0186] Done with 6002 vertical wires in 2 frboxes and 10776 horizontal wires in 2 frboxes.
[INFO DRT-0182] Complete track assignment.
[INFO DRT-0267] cpu time = 00:00:09, elapsed time = 00:00:02, memory = 476.59 (MB), peak = 476.59 (MB)
[INFO DRT-0187] Start routing data preparation.
[INFO DRT-0267] cpu time = 00:00:00, elapsed time = 00:00:00, memory = 476.59 (MB), peak = 476.59 (MB)
[INFO DRT-0194] Start detail routing.
[INFO DRT-0195] Start 0th optimization iteration.
    Completing 10% with 0 violations.
    elapsed time = 00:00:01, memory = 1434.36 (MB).
    Completing 20% with 0 violations.
    elapsed time = 00:00:02, memory = 1143.34 (MB).
    Completing 30% with 1757 violations.
    elapsed time = 00:00:04, memory = 1636.29 (MB).
    Completing 40% with 1757 violations.
    elapsed time = 00:00:06, memory = 1671.28 (MB).
    Completing 50% with 1757 violations.
    elapsed time = 00:00:08, memory = 1363.70 (MB).
    Completing 60% with 3715 violations.
    elapsed time = 00:00:10, memory = 1806.89 (MB).
    Completing 70% with 3715 violations.
    elapsed time = 00:00:11, memory = 1802.01 (MB).
    Completing 80% with 5585 violations.
    elapsed time = 00:00:14, memory = 2218.05 (MB).
    Completing 90% with 5585 violations.
    elapsed time = 00:00:17, memory = 2201.24 (MB).
    Completing 100% with 7399 violations.
    elapsed time = 00:00:19, memory = 1740.61 (MB).
[INFO DRT-0199]   Number of violations = 8265.
Viol/Layer         li1   mcon   met1    via   met2   met3   met4
Cut Spacing          0      8      0      0      0      0      0
Metal Spacing      206      0   1582      0    264      2      2
Min Hole             0      0      8      0      0      0      0
NS Metal             1      0      0      0      0      0      0
Recheck              4      0    607      0    241      1     13
Short                0      1   4938      1    386      0      0
[INFO DRT-0267] cpu time = 00:05:22, elapsed time = 00:00:20, memory = 2076.83 (MB), peak = 2260.48 (MB)
Total wire length = 528339 um.
Total wire length on LAYER li1 = 0 um.
Total wire length on LAYER met1 = 237072 um.
Total wire length on LAYER met2 = 219312 um.
Total wire length on LAYER met3 = 40916 um.
Total wire length on LAYER met4 = 31036 um.
Total wire length on LAYER met5 = 0 um.
Total number of vias = 121909.
Up-via summary (total 121909):

-------------------------
 FR_MASTERSLICE         0
            li1     59037
           met1     60211
           met2      1786
           met3       875
           met4         0
-------------------------
                   121909


[INFO DRT-0195] Start 1st optimization iteration.
    Completing 10% with 8265 violations.
    elapsed time = 00:00:01, memory = 2532.48 (MB).
    Completing 20% with 8265 violations.
    elapsed time = 00:00:03, memory = 2326.15 (MB).
    Completing 30% with 7132 violations.
    elapsed time = 00:00:05, memory = 2401.65 (MB).
    Completing 40% with 7132 violations.
    elapsed time = 00:00:06, memory = 2382.75 (MB).
    Completing 50% with 7132 violations.
    elapsed time = 00:00:09, memory = 2119.18 (MB).
    Completing 60% with 6239 violations.
    elapsed time = 00:00:10, memory = 2459.77 (MB).
    Completing 70% with 6239 violations.
    elapsed time = 00:00:12, memory = 2284.56 (MB).
    Completing 80% with 5109 violations.
    elapsed time = 00:00:14, memory = 2504.20 (MB).
    Completing 90% with 5109 violations.
    elapsed time = 00:00:16, memory = 2503.11 (MB).
    Completing 100% with 4184 violations.
    elapsed time = 03:38:53, memory = 2143.40 (MB).
[INFO DRT-0199]   Number of violations = 4184.
Viol/Layer        mcon   met1   met2
Cut Spacing          8      0      0
Metal Spacing        0    755    135
Short                0   3169    117
[INFO DRT-0267] cpu time = 00:04:53, elapsed time = 03:38:54, memory = 2146.25 (MB), peak = 2532.92 (MB)
Total wire length = 524334 um.
Total wire length on LAYER li1 = 0 um.
Total wire length on LAYER met1 = 234845 um.
Total wire length on LAYER met2 = 217114 um.
Total wire length on LAYER met3 = 41278 um.
Total wire length on LAYER met4 = 31096 um.
Total wire length on LAYER met5 = 0 um.
Total number of vias = 121028.
Up-via summary (total 121028):

-------------------------
 FR_MASTERSLICE         0
            li1     58980
           met1     59376
           met2      1801
           met3       871
           met4         0
-------------------------
                   121028


[INFO DRT-0195] Start 2nd optimization iteration.
    Completing 10% with 4184 violations.
    elapsed time = 00:00:00, memory = 2166.59 (MB).
    Completing 20% with 4184 violations.
    elapsed time = 00:00:04, memory = 2345.90 (MB).
    Completing 30% with 4032 violations.
    elapsed time = 00:00:06, memory = 2153.69 (MB).
    Completing 40% with 4032 violations.
    elapsed time = 00:00:09, memory = 2427.12 (MB).
    Completing 50% with 4032 violations.
    elapsed time = 00:00:12, memory = 2168.07 (MB).
    Completing 60% with 4029 violations.
    elapsed time = 00:00:12, memory = 2395.79 (MB).
    Completing 70% with 4029 violations.
    elapsed time = 00:00:15, memory = 2412.20 (MB).
    Completing 80% with 3707 violations.
    elapsed time = 00:00:16, memory = 2343.23 (MB).
    Completing 90% with 3707 violations.
    elapsed time = 00:00:18, memory = 2446.05 (MB).
    Completing 100% with 3567 violations.
    elapsed time = 00:00:20, memory = 2212.59 (MB).
[INFO DRT-0199]   Number of violations = 3567.
Viol/Layer        mcon   met1    via   met2   met3
Cut Spacing         10      0      1      0      0
Metal Spacing        0    622      0    119      1
Min Hole             0      1      0      0      0
Short                0   2719      0     94      0
[INFO DRT-0267] cpu time = 00:05:38, elapsed time = 00:00:20, memory = 2215.65 (MB), peak = 2556.18 (MB)
Total wire length = 523600 um.
Total wire length on LAYER li1 = 0 um.
Total wire length on LAYER met1 = 234382 um.
Total wire length on LAYER met2 = 216954 um.
Total wire length on LAYER met3 = 41241 um.
Total wire length on LAYER met4 = 31022 um.
Total wire length on LAYER met5 = 0 um.
Total number of vias = 120791.
Up-via summary (total 120791):

-------------------------
 FR_MASTERSLICE         0
            li1     58979
           met1     59127
           met2      1821
           met3       864
           met4         0
-------------------------
                   120791


[INFO DRT-0195] Start 3rd optimization iteration.
    Completing 10% with 3567 violations.
    elapsed time = 00:00:00, memory = 2478.37 (MB).
    Completing 20% with 3567 violations.
    elapsed time = 00:00:01, memory = 2447.27 (MB).
    Completing 30% with 2680 violations.
    elapsed time = 00:00:02, memory = 2239.99 (MB).
    Completing 40% with 2680 violations.
    elapsed time = 00:00:03, memory = 2446.18 (MB).
    Completing 50% with 2680 violations.
    elapsed time = 00:00:05, memory = 2236.75 (MB).
    Completing 60% with 1871 violations.
    elapsed time = 00:00:06, memory = 2532.50 (MB).
    Completing 70% with 1871 violations.
    elapsed time = 00:00:07, memory = 2361.18 (MB).
    Completing 80% with 1101 violations.
    elapsed time = 00:00:13, memory = 2247.52 (MB).
    Completing 90% with 1101 violations.
    elapsed time = 00:00:14, memory = 2476.33 (MB).
    Completing 100% with 326 violations.
    elapsed time = 00:00:16, memory = 2248.91 (MB).
[INFO DRT-0199]   Number of violations = 326.
Viol/Layer        met1   met2
Metal Spacing      124     34
Short              163      5
[INFO DRT-0267] cpu time = 00:02:43, elapsed time = 00:00:16, memory = 2248.91 (MB), peak = 2563.96 (MB)
Total wire length = 523102 um.
Total wire length on LAYER li1 = 0 um.
Total wire length on LAYER met1 = 223508 um.
Total wire length on LAYER met2 = 217008 um.
Total wire length on LAYER met3 = 51187 um.
Total wire length on LAYER met4 = 31398 um.
Total wire length on LAYER met5 = 0 um.
Total number of vias = 123010.
Up-via summary (total 123010):

-------------------------
 FR_MASTERSLICE         0
            li1     58979
           met1     59862
           met2      3253
           met3       916
           met4         0
-------------------------
                   123010


[INFO DRT-0195] Start 4th optimization iteration.
    Completing 10% with 326 violations.
    elapsed time = 00:00:00, memory = 2248.91 (MB).
    Completing 20% with 326 violations.
    elapsed time = 00:00:00, memory = 2248.91 (MB).
    Completing 30% with 267 violations.
    elapsed time = 00:00:00, memory = 2248.80 (MB).
    Completing 40% with 267 violations.
    elapsed time = 00:00:00, memory = 2248.80 (MB).
    Completing 50% with 267 violations.
    elapsed time = 00:00:01, memory = 2252.00 (MB).
    Completing 60% with 211 violations.
    elapsed time = 00:00:01, memory = 2252.00 (MB).
    Completing 70% with 211 violations.
    elapsed time = 00:00:01, memory = 2398.09 (MB).
    Completing 80% with 77 violations.
    elapsed time = 00:00:02, memory = 2251.61 (MB).
    Completing 90% with 77 violations.
    elapsed time = 00:00:02, memory = 2251.61 (MB).
    Completing 100% with 9 violations.
    elapsed time = 00:00:03, memory = 2251.61 (MB).
[INFO DRT-0199]   Number of violations = 9.
Viol/Layer        met1   met2
Metal Spacing        5      2
Short                2      0
[INFO DRT-0267] cpu time = 00:00:36, elapsed time = 00:00:03, memory = 2251.61 (MB), peak = 2563.96 (MB)
Total wire length = 523065 um.
Total wire length on LAYER li1 = 0 um.
Total wire length on LAYER met1 = 223193 um.
Total wire length on LAYER met2 = 217033 um.
Total wire length on LAYER met3 = 51458 um.
Total wire length on LAYER met4 = 31379 um.
Total wire length on LAYER met5 = 0 um.
Total number of vias = 123028.
Up-via summary (total 123028):

-------------------------
 FR_MASTERSLICE         0
            li1     58979
           met1     59857
           met2      3283
           met3       909
           met4         0
-------------------------
                   123028


[INFO DRT-0195] Start 5th optimization iteration.
    Completing 10% with 9 violations.
    elapsed time = 00:00:00, memory = 2251.61 (MB).
    Completing 20% with 9 violations.
    elapsed time = 00:00:00, memory = 2251.61 (MB).
    Completing 30% with 9 violations.
    elapsed time = 00:00:00, memory = 2251.61 (MB).
    Completing 40% with 9 violations.
    elapsed time = 00:00:00, memory = 2251.61 (MB).
    Completing 50% with 9 violations.
    elapsed time = 00:00:00, memory = 2251.61 (MB).
    Completing 60% with 7 violations.
    elapsed time = 00:00:00, memory = 2251.61 (MB).
    Completing 70% with 7 violations.
    elapsed time = 00:00:00, memory = 2251.61 (MB).
    Completing 80% with 7 violations.
    elapsed time = 00:00:00, memory = 2251.61 (MB).
    Completing 90% with 7 violations.
    elapsed time = 00:00:00, memory = 2251.61 (MB).
    Completing 100% with 0 violations.
    elapsed time = 00:00:00, memory = 2251.61 (MB).
[INFO DRT-0199]   Number of violations = 0.
[INFO DRT-0267] cpu time = 00:00:13, elapsed time = 00:00:00, memory = 2251.61 (MB), peak = 2563.96 (MB)
Total wire length = 523062 um.
Total wire length on LAYER li1 = 0 um.
Total wire length on LAYER met1 = 223195 um.
Total wire length on LAYER met2 = 217035 um.
Total wire length on LAYER met3 = 51452 um.
Total wire length on LAYER met4 = 31379 um.
Total wire length on LAYER met5 = 0 um.
Total number of vias = 123025.
Up-via summary (total 123025):

-------------------------
 FR_MASTERSLICE         0
            li1     58979
           met1     59857
           met2      3280
           met3       909
           met4         0
-------------------------
                   123025


[INFO DRT-0198] Complete detail routing.
Total wire length = 523062 um.
Total wire length on LAYER li1 = 0 um.
Total wire length on LAYER met1 = 223195 um.
Total wire length on LAYER met2 = 217035 um.
Total wire length on LAYER met3 = 51452 um.
Total wire length on LAYER met4 = 31379 um.
Total wire length on LAYER met5 = 0 um.
Total number of vias = 123025.
Up-via summary (total 123025):

-------------------------
 FR_MASTERSLICE         0
            li1     58979
           met1     59857
           met2      3280
           met3       909
           met4         0
-------------------------
                   123025


[INFO DRT-0267] cpu time = 00:19:30, elapsed time = 03:39:56, memory = 2251.61 (MB), peak = 2563.96 (MB)

[INFO DRT-0180] Post processing.
Setting global connections for newly added cells…
[INFO] Setting global connections...
Updating metrics…
Cell type report:                       Count       Area
  Fill cell                               396    1486.43
  Tap cell                               4100    5129.92
  Antenna cell                            116     290.28
  Buffer                                   46     172.67
  Clock buffer                             56     764.48
  Timing Repair Buffer                   1185    9421.54
  Inverter                                689    2621.26
  Clock inverter                           26     397.88
  Sequential cell                         271    5579.10
  Multi-Input combinational cell        14412  114049.38
  Total                                 21297  139912.94
Writing OpenROAD database to '/home/niko_tambornini/EE531/my_designs/FPU_32_Bit/runs/RUN_2026-03-12_00-49-12/43-openroad-detailedrouting/FP32_Div.odb'…
Writing netlist to '/home/niko_tambornini/EE531/my_designs/FPU_32_Bit/runs/RUN_2026-03-12_00-49-12/43-openroad-detailedrouting/FP32_Div.nl.v'…
Writing powered netlist to '/home/niko_tambornini/EE531/my_designs/FPU_32_Bit/runs/RUN_2026-03-12_00-49-12/43-openroad-detailedrouting/FP32_Div.pnl.v'…
Writing layout to '/home/niko_tambornini/EE531/my_designs/FPU_32_Bit/runs/RUN_2026-03-12_00-49-12/43-openroad-detailedrouting/FP32_Div.def'…
Writing timing constraints to '/home/niko_tambornini/EE531/my_designs/FPU_32_Bit/runs/RUN_2026-03-12_00-49-12/43-openroad-detailedrouting/FP32_Div.sdc'…
