
===========================================================================
 report_power
============================================================================
======================= max_ff_n40C_1v95 Corner ===================================

Group                    Internal    Switching      Leakage        Total
                            Power        Power        Power        Power (Watts)
------------------------------------------------------------------------
Sequential           1.166482e-03 4.850343e-05 8.418579e-09 1.214994e-03  42.2%
Combinational        2.985022e-04 3.856405e-04 3.834299e-08 6.841811e-04  23.7%
Clock                4.645218e-04 5.182468e-04 9.585176e-09 9.827781e-04  34.1%
Macro                0.000000e+00 0.000000e+00 0.000000e+00 0.000000e+00   0.0%
Pad                  0.000000e+00 0.000000e+00 0.000000e+00 0.000000e+00   0.0%
------------------------------------------------------------------------
Total                1.929506e-03 9.523904e-04 5.634703e-08 2.881953e-03 100.0%
                            67.0%        33.0%         0.0%

