
===========================================================================
 report_power
============================================================================
======================= nom_ff_n40C_1v95 Corner ===================================

Group                    Internal    Switching      Leakage        Total
                            Power        Power        Power        Power (Watts)
------------------------------------------------------------------------
Sequential           1.199675e-03 1.048862e-04 1.111554e-08 1.304573e-03  84.7%
Combinational        1.656453e-04 7.049047e-05 2.295899e-08 2.361588e-04  15.3%
Clock                0.000000e+00 0.000000e+00 0.000000e+00 0.000000e+00   0.0%
Macro                0.000000e+00 0.000000e+00 0.000000e+00 0.000000e+00   0.0%
Pad                  0.000000e+00 0.000000e+00 0.000000e+00 0.000000e+00   0.0%
------------------------------------------------------------------------
Total                1.365322e-03 1.753766e-04 3.407488e-08 1.540732e-03 100.0%
                            88.6%        11.4%         0.0%

