
===========================================================================
 report_power
============================================================================
======================= nom_tt_025C_1v80 Corner ===================================

Group                    Internal    Switching      Leakage        Total
                            Power        Power        Power        Power (Watts)
------------------------------------------------------------------------
Sequential           1.006843e-03 3.105044e-05 4.816320e-09 1.037898e-03  46.1%
Combinational        2.703178e-04 2.211192e-04 1.501470e-08 4.914521e-04  21.8%
Clock                4.058758e-04 3.183169e-04 1.475270e-09 7.241942e-04  32.1%
Macro                0.000000e+00 0.000000e+00 0.000000e+00 0.000000e+00   0.0%
Pad                  0.000000e+00 0.000000e+00 0.000000e+00 0.000000e+00   0.0%
------------------------------------------------------------------------
Total                1.683038e-03 5.704872e-04 2.130634e-08 2.253547e-03 100.0%
                            74.7%        25.3%         0.0%
Writing metric power__internal__total: 0.0016830379609018564
Writing metric power__switching__total: 0.0005704872310161591
Writing metric power__leakage__total: 2.130634335628656e-8
Writing metric power__total: 0.0022535466123372316

