                                                                       Cells by Function                                                                        
┏━━━━━━━━━━━━━━━━━━━━━━━━━━━━━━━━━━━━━━━━━━━━━━━━━━━━━━━━━━━━━━━━━━━━━━━━━━━━━━━━━━━━━━━━━━━━━━━━━━━━━━━━━━━━━━━━━━━━━━━━━━━━━━━━━┳━━━━━━━━━━━━━━━━━━━━━━━━━━━━┓
┃ Cell Function                                                                                                                   ┃ Count                      ┃
┡━━━━━━━━━━━━━━━━━━━━━━━━━━━━━━━━━━━━━━━━━━━━━━━━━━━━━━━━━━━━━━━━━━━━━━━━━━━━━━━━━━━━━━━━━━━━━━━━━━━━━━━━━━━━━━━━━━━━━━━━━━━━━━━━━╇━━━━━━━━━━━━━━━━━━━━━━━━━━━━┩
│ sky130_ef_sc_hd__decap                                                                                                          │ 5473                       │
│ sky130_fd_sc_hd__a2111o                                                                                                         │ 68                         │
│ sky130_fd_sc_hd__a2111oi                                                                                                        │ 15                         │
│ sky130_fd_sc_hd__a211o                                                                                                          │ 221                        │
│ sky130_fd_sc_hd__a211oi                                                                                                         │ 63                         │
│ sky130_fd_sc_hd__a21bo                                                                                                          │ 94                         │
│ sky130_fd_sc_hd__a21boi                                                                                                         │ 71                         │
│ sky130_fd_sc_hd__a21o                                                                                                           │ 676                        │
│ sky130_fd_sc_hd__a21oi                                                                                                          │ 800                        │
│ sky130_fd_sc_hd__a221o                                                                                                          │ 41                         │
│ sky130_fd_sc_hd__a221oi                                                                                                         │ 7                          │
│ sky130_fd_sc_hd__a22o                                                                                                           │ 95                         │
│ sky130_fd_sc_hd__a22oi                                                                                                          │ 22                         │
│ sky130_fd_sc_hd__a2bb2o                                                                                                         │ 57                         │
│ sky130_fd_sc_hd__a311o                                                                                                          │ 56                         │
│ sky130_fd_sc_hd__a311oi                                                                                                         │ 22                         │
│ sky130_fd_sc_hd__a31o                                                                                                           │ 221                        │
│ sky130_fd_sc_hd__a31oi                                                                                                          │ 61                         │
│ sky130_fd_sc_hd__a32o                                                                                                           │ 20                         │
│ sky130_fd_sc_hd__a32oi                                                                                                          │ 7                          │
│ sky130_fd_sc_hd__a41o                                                                                                           │ 28                         │
│ sky130_fd_sc_hd__a41oi                                                                                                          │ 5                          │
│ sky130_fd_sc_hd__and2                                                                                                           │ 840                        │
│ sky130_fd_sc_hd__and2b                                                                                                          │ 265                        │
│ sky130_fd_sc_hd__and3                                                                                                           │ 587                        │
│ sky130_fd_sc_hd__and3b                                                                                                          │ 83                         │
│ sky130_fd_sc_hd__and4                                                                                                           │ 238                        │
│ sky130_fd_sc_hd__and4b                                                                                                          │ 67                         │
│ sky130_fd_sc_hd__and4bb                                                                                                         │ 46                         │
│ sky130_fd_sc_hd__buf                                                                                                            │ 581                        │
│ sky130_fd_sc_hd__bufinv                                                                                                         │ 3                          │
│ sky130_fd_sc_hd__clkbuf                                                                                                         │ 518                        │
│ sky130_fd_sc_hd__clkinv                                                                                                         │ 14                         │
│ sky130_fd_sc_hd__clkinvlp                                                                                                       │ 1                          │
│ sky130_fd_sc_hd__decap                                                                                                          │ 8346                       │
│ sky130_fd_sc_hd__dfxtp                                                                                                          │ 271                        │
│ sky130_fd_sc_hd__diode                                                                                                          │ 76                         │
│ sky130_fd_sc_hd__dlygate4sd1                                                                                                    │ 41                         │
│ sky130_fd_sc_hd__dlygate4sd3                                                                                                    │ 142                        │
│ sky130_fd_sc_hd__dlymetal6s2s                                                                                                   │ 28                         │
│ sky130_fd_sc_hd__dlymetal6s4s                                                                                                   │ 2                          │
│ sky130_fd_sc_hd__fill                                                                                                           │ 6878                       │
│ sky130_fd_sc_hd__inv                                                                                                            │ 668                        │
│ sky130_fd_sc_hd__mux2                                                                                                           │ 1046                       │
│ sky130_fd_sc_hd__nand2                                                                                                          │ 1189                       │
│ sky130_fd_sc_hd__nand2b                                                                                                         │ 133                        │
│ sky130_fd_sc_hd__nand3                                                                                                          │ 124                        │
│ sky130_fd_sc_hd__nand3b                                                                                                         │ 22                         │
│ sky130_fd_sc_hd__nand4                                                                                                          │ 62                         │
│ sky130_fd_sc_hd__nand4b                                                                                                         │ 6                          │
│ sky130_fd_sc_hd__nor2                                                                                                           │ 1465                       │
│ sky130_fd_sc_hd__nor3                                                                                                           │ 70                         │
│ sky130_fd_sc_hd__nor3b                                                                                                          │ 26                         │
│ sky130_fd_sc_hd__nor4                                                                                                           │ 26                         │
│ sky130_fd_sc_hd__nor4b                                                                                                          │ 16                         │
│ sky130_fd_sc_hd__o2111a                                                                                                         │ 32                         │
│ sky130_fd_sc_hd__o2111ai                                                                                                        │ 12                         │
│ sky130_fd_sc_hd__o211a                                                                                                          │ 107                        │
│ sky130_fd_sc_hd__o211ai                                                                                                         │ 47                         │
│ sky130_fd_sc_hd__o21a                                                                                                           │ 287                        │
│ sky130_fd_sc_hd__o21ai                                                                                                          │ 263                        │
│ sky130_fd_sc_hd__o21ba                                                                                                          │ 139                        │
│ sky130_fd_sc_hd__o21bai                                                                                                         │ 50                         │
│ sky130_fd_sc_hd__o221a                                                                                                          │ 48                         │
│ sky130_fd_sc_hd__o221ai                                                                                                         │ 15                         │
│ sky130_fd_sc_hd__o22a                                                                                                           │ 105                        │
│ sky130_fd_sc_hd__o22ai                                                                                                          │ 16                         │
│ sky130_fd_sc_hd__o2bb2a                                                                                                         │ 94                         │
│ sky130_fd_sc_hd__o2bb2ai                                                                                                        │ 1                          │
│ sky130_fd_sc_hd__o311a                                                                                                          │ 40                         │
│ sky130_fd_sc_hd__o311ai                                                                                                         │ 16                         │
│ sky130_fd_sc_hd__o31a                                                                                                           │ 171                        │
│ sky130_fd_sc_hd__o31ai                                                                                                          │ 31                         │
│ sky130_fd_sc_hd__o32a                                                                                                           │ 21                         │
│ sky130_fd_sc_hd__o32ai                                                                                                          │ 3                          │
│ sky130_fd_sc_hd__o41a                                                                                                           │ 23                         │
│ sky130_fd_sc_hd__o41ai                                                                                                          │ 6                          │
│ sky130_fd_sc_hd__or2                                                                                                            │ 924                        │
│ sky130_fd_sc_hd__or3                                                                                                            │ 278                        │
│ sky130_fd_sc_hd__or3b                                                                                                           │ 98                         │
│ sky130_fd_sc_hd__or4                                                                                                            │ 277                        │
│ sky130_fd_sc_hd__or4b                                                                                                           │ 103                        │
│ sky130_fd_sc_hd__or4bb                                                                                                          │ 25                         │
│ sky130_fd_sc_hd__tapvpwrvgnd                                                                                                    │ 4059                       │
│ sky130_fd_sc_hd__xnor2                                                                                                          │ 1448                       │
│ sky130_fd_sc_hd__xor2                                                                                                           │ 371                        │
└─────────────────────────────────────────────────────────────────────────────────────────────────────────────────────────────────┴────────────────────────────┘
