Clock: clk
Sources: clk 
Generated: no
Virtual: yes
Propagated: no
Period: 1000.000000

===========================================================================
report_clock_properties
============================================================================
Clock                   Period          Waveform
----------------------------------------------------
clk                 1000.000000    0.000000500.000000

===========================================================================
report_clock_latency
============================================================================
Clock clk
rise -> rise
    min     max
0.000000 0.000000 source latency
2.240544         network latency _46285_/CLK
        2.712571 network latency _46167_/CLK
---------------
2.240544 2.712571 latency
        0.472027 skew

fall -> fall
    min     max
0.000000 0.000000 source latency
1.806143         network latency _46285_/CLK
        2.224567 network latency _46167_/CLK
---------------
1.806143 2.224567 latency
        0.418424 skew



===========================================================================
report_clock_min_period
============================================================================
clk period_min = 345.40 fmax = 2.90
