
===========================================================================
 report_power
============================================================================
======================= min_ss_100C_1v60 Corner ===================================

Group                    Internal    Switching      Leakage        Total
                            Power        Power        Power        Power (Watts)
------------------------------------------------------------------------
Sequential           2.109336e-03 1.077638e-05 3.850304e-05 2.158616e-03   0.0%
Combinational        8.004053e+03 1.055907e+04 1.147022e-04 1.856312e+04 100.0%
Clock                2.948383e-05 3.480510e-05 5.923947e-06 7.021287e-05   0.0%
Macro                0.000000e+00 0.000000e+00 0.000000e+00 0.000000e+00   0.0%
Pad                  0.000000e+00 0.000000e+00 0.000000e+00 0.000000e+00   0.0%
------------------------------------------------------------------------
Total                8.004053e+03 1.055907e+04 1.591332e-04 1.856312e+04 100.0%
                            43.1%        56.9%         0.0%

