┏━━━━━━━┳━━━━━━━━━┳━━━━━━━━━━┳━━━━━━━━━━━━━━━━━━━━┳━━━━━━━━━━━━━━┳━━━━━━━┓
┃ P / R ┃ Partial ┃ Required ┃ Net                ┃ Pin          ┃ Layer ┃
┡━━━━━━━╇━━━━━━━━━╇━━━━━━━━━━╇━━━━━━━━━━━━━━━━━━━━╇━━━━━━━━━━━━━━╇━━━━━━━┩
│ 4.94  │ 1974.87 │ 400.00   │ net559             │ fanout558/A  │ met3  │
│ 4.03  │ 1610.38 │ 400.00   │ _10445_            │ fanout609/A  │ met3  │
│ 2.71  │ 1084.75 │ 400.00   │ net717             │ fanout716/A  │ met1  │
│ 2.62  │ 1048.60 │ 400.00   │ net754             │ fanout752/A  │ met3  │
│ 2.59  │ 1035.05 │ 400.00   │ net684             │ fanout682/A  │ met3  │
│ 2.48  │ 990.08  │ 400.00   │ mantisaBshift[4\]  │ fanout870/A  │ met3  │
│ 2.24  │ 894.16  │ 400.00   │ net479             │ _20499_/A    │ met3  │
│ 2.21  │ 882.67  │ 400.00   │ net825             │ _19332_/A    │ met3  │
│ 2.21  │ 882.67  │ 400.00   │ net825             │ fanout822/A  │ met3  │
│ 2.13  │ 850.94  │ 400.00   │ _08772_            │ _23210_/A    │ met2  │
│ 1.96  │ 782.76  │ 400.00   │ _10555_            │ fanout535/A  │ met3  │
│ 1.92  │ 768.12  │ 400.00   │ _13024_            │ _27507_/A    │ met1  │
│ 1.91  │ 763.26  │ 400.00   │ net733             │ fanout731/A  │ met3  │
│ 1.91  │ 763.26  │ 400.00   │ net733             │ fanout732/A  │ met3  │
│ 1.83  │ 731.12  │ 400.00   │ _10500_            │ fanout569/A  │ met3  │
│ 1.80  │ 718.42  │ 400.00   │ net796             │ _20422_/A    │ met3  │
│ 1.77  │ 709.90  │ 400.00   │ net481             │ _28049_/D    │ met3  │
│ 1.71  │ 685.96  │ 400.00   │ mantisaresult[17\] │ _30158_/A0   │ met1  │
│ 1.70  │ 681.03  │ 400.00   │ _05267_            │ _29295_/B    │ met1  │
│ 1.68  │ 673.65  │ 400.00   │ net649             │ fanout647/A  │ met3  │
│ 1.68  │ 673.65  │ 400.00   │ net790             │ _28997_/A1   │ met3  │
│ 1.68  │ 672.75  │ 400.00   │ _06277_            │ _30125_/A    │ met1  │
│ 1.68  │ 671.07  │ 400.00   │ net662             │ _19681_/A    │ met1  │
│ 1.62  │ 649.75  │ 400.00   │ net521             │ fanout520/A  │ met1  │
│ 1.58  │ 633.22  │ 400.00   │ net782             │ fanout780/A  │ met1  │
│ 1.57  │ 629.20  │ 400.00   │ _10324_            │ fanout693/A  │ met3  │
│ 1.54  │ 614.42  │ 400.00   │ mantisaresult[2\]  │ _30141_/A0   │ met1  │
│ 1.49  │ 594.48  │ 400.00   │ mantisaBshift[7\]  │ fanout840/A  │ met1  │
│ 1.48  │ 590.39  │ 400.00   │ net824             │ _20153_/A1_N │ met1  │
│ 1.47  │ 588.53  │ 400.00   │ _11039_            │ _15208_/C    │ met1  │
│ 1.46  │ 584.60  │ 400.00   │ net770             │ _16161_/A    │ met3  │
│ 1.46  │ 584.44  │ 400.00   │ net943             │ _30142_/A1   │ met3  │
│ 1.36  │ 544.03  │ 400.00   │ net481             │ _28049_/D    │ met2  │
│ 1.34  │ 534.67  │ 400.00   │ net521             │ _24897_/A    │ met3  │
│ 1.34  │ 534.67  │ 400.00   │ net923             │ _27227_/A    │ met3  │
│ 1.30  │ 519.72  │ 400.00   │ net524             │ fanout523/A  │ met1  │
│ 1.28  │ 511.41  │ 400.00   │ net875             │ _16169_/A    │ met3  │
│ 1.28  │ 511.41  │ 400.00   │ net875             │ fanout874/A  │ met3  │
│ 1.26  │ 505.69  │ 400.00   │ _10665_            │ _30058_/B    │ met2  │
│ 1.26  │ 502.60  │ 400.00   │ net798             │ fanout797/A  │ met1  │
│ 1.24  │ 495.26  │ 400.00   │ net634             │ _24290_/A    │ met3  │
│ 1.21  │ 482.63  │ 400.00   │ net778             │ _17409_/A    │ met1  │
│ 1.19  │ 476.06  │ 400.00   │ net640             │ _20096_/A    │ met3  │
│ 1.19  │ 476.06  │ 400.00   │ net640             │ _20120_/A    │ met3  │
│ 1.18  │ 471.77  │ 400.00   │ net765             │ fanout760/A  │ met3  │
│ 1.17  │ 467.36  │ 400.00   │ net196             │ _28393_/A    │ met1  │
│ 1.11  │ 445.50  │ 400.00   │ net756             │ _28111_/A    │ met1  │
│ 1.11  │ 443.23  │ 400.00   │ net773             │ fanout771/A  │ met3  │
│ 1.11  │ 443.23  │ 400.00   │ net773             │ fanout772/A  │ met3  │
│ 1.09  │ 435.44  │ 400.00   │ net637             │ fanout636/A  │ met1  │
│ 1.09  │ 435.11  │ 400.00   │ net750             │ _19399_/A    │ met1  │
│ 1.08  │ 433.62  │ 400.00   │ net575             │ _19565_/A1   │ met1  │
│ 1.08  │ 430.33  │ 400.00   │ _02142_            │ _26298_/C    │ met1  │
│ 1.07  │ 3172.00 │ 2956.40  │ mantisaresult[28\] │ _30169_/A0   │ met3  │
│ 1.07  │ 426.04  │ 400.00   │ net773             │ _27659_/A    │ met3  │
│ 1.05  │ 420.13  │ 400.00   │ _10555_            │ fanout532/A  │ met3  │
│ 1.05  │ 419.94  │ 400.00   │ mantisaBshift[22\] │ fanout710/A  │ met3  │
│ 1.04  │ 416.82  │ 400.00   │ net669             │ _24283_/A    │ met1  │
│ 1.04  │ 3075.62 │ 2956.40  │ mantisaresult[37\] │ _30178_/A0   │ met3  │
│ 1.04  │ 415.31  │ 400.00   │ _02598_            │ _26771_/C    │ met1  │
│ 1.03  │ 411.35  │ 400.00   │ net924             │ fanout915/A  │ met1  │
│ 1.03  │ 411.28  │ 400.00   │ _00747_            │ _25027_/B    │ met1  │
│ 1.02  │ 406.01  │ 400.00   │ _10401_            │ fanout644/A  │ met3  │
│ 1.00  │ 401.63  │ 400.00   │ net482             │ _20722_/A    │ met1  │
│ 1.00  │ 401.63  │ 400.00   │ net482             │ _23575_/A    │ met1  │
└───────┴─────────┴──────────┴────────────────────┴──────────────┴───────┘
