
===========================================================================
 report_power
============================================================================
======================= max_ff_n40C_1v95 Corner ===================================

Group                    Internal    Switching      Leakage        Total
                            Power        Power        Power        Power (Watts)
------------------------------------------------------------------------
Sequential           3.217653e-04 8.334929e-05 4.017897e-09 4.051186e-04   0.0%
Combinational        4.105511e+01 6.575774e+01 1.101726e-07 1.068129e+02 100.0%
Clock                1.478267e-04 1.603108e-04 3.454774e-08 3.081720e-04   0.0%
Macro                0.000000e+00 0.000000e+00 0.000000e+00 0.000000e+00   0.0%
Pad                  0.000000e+00 0.000000e+00 0.000000e+00 0.000000e+00   0.0%
------------------------------------------------------------------------
Total                4.105535e+01 6.575787e+01 1.487363e-07 1.068132e+02 100.0%
                            38.4%        61.6%         0.0%

