
===========================================================================
 report_power
============================================================================
======================= max_tt_025C_1v80 Corner ===================================

Group                    Internal    Switching      Leakage        Total
                            Power        Power        Power        Power (Watts)
------------------------------------------------------------------------
Sequential           1.006228e-03 4.035368e-05 4.816320e-09 1.046586e-03  42.1%
Combinational        2.717240e-04 3.261509e-04 1.501470e-08 5.978899e-04  24.0%
Clock                4.068385e-04 4.361872e-04 5.655830e-09 8.430313e-04  33.9%
Macro                0.000000e+00 0.000000e+00 0.000000e+00 0.000000e+00   0.0%
Pad                  0.000000e+00 0.000000e+00 0.000000e+00 0.000000e+00   0.0%
------------------------------------------------------------------------
Total                1.684791e-03 8.026931e-04 2.548695e-08 2.487510e-03 100.0%
                            67.7%        32.3%         0.0%

