Clock: clk
Sources: clk 
Generated: no
Virtual: yes
Propagated: no
Period: 25.000000

===========================================================================
report_clock_properties
============================================================================
Clock                   Period          Waveform
----------------------------------------------------
clk                  25.000000    0.000000 12.500000

===========================================================================
report_clock_latency
============================================================================
Clock clk
rise -> rise
    min     max
0.000000 0.000000 source latency
0.690108         network latency _30435_/CLK
        0.936030 network latency _30402_/CLK
---------------
0.690108 0.936030 latency
        0.245923 skew

fall -> fall
    min     max
0.000000 0.000000 source latency
0.553306         network latency _30435_/CLK
        0.775870 network latency _30402_/CLK
---------------
0.553306 0.775870 latency
        0.222564 skew



===========================================================================
report_clock_min_period
============================================================================
clk period_min = 153.04 fmax = 6.53
