[INFO PSM-0040] All shapes on net VPWR are connected.
########## IR report #################
Net              : VPWR
Corner           : nom_tt_025C_1v80
Supply voltage   : 1.80e+00 V
Worstcase voltage: -6.74e+03 V
Average voltage  : -1.04e+02 V
Average IR drop  : 1.06e+02 V
Worstcase IR drop: 6.74e+03 V
Percentage drop  : 374406.22 %
######################################
[INFO PSM-0040] All shapes on net VGND are connected.
########## IR report #################
Net              : VGND
Corner           : nom_tt_025C_1v80
Supply voltage   : 0.00e+00 V
Worstcase voltage: 6.17e+03 V
Average voltage  : 1.08e+02 V
Average IR drop  : 1.08e+02 V
Worstcase IR drop: 6.17e+03 V
Percentage drop  : 342989.62 %
######################################
