┏━━━━━━━━━━━━━━━━━━━━━━┳━━━━━━━━━━┳━━━━━━━━━━┳━━━━━━━━━━┳━━━━━━━━━━┳━━━━━━━━━━━┳━━━━━━━━━━┳━━━━━━━━━━━┳━━━━━━━━━━┳━━━━━━━━━━━┳━━━━━━━━━━┳━━━━━━━━━━━┳━━━━━━━━━━┓
┃                      ┃ Hold     ┃ Reg to   ┃          ┃          ┃ of which  ┃ Setup    ┃           ┃          ┃           ┃ of which ┃           ┃          ┃
┃                      ┃ Worst    ┃ Reg      ┃          ┃ Hold Vio ┃ reg to    ┃ Worst    ┃ Reg to    ┃ Setup    ┃ Setup Vio ┃ reg to   ┃ Max Cap   ┃ Max Slew ┃
┃ Corner/Group         ┃ Slack    ┃ Paths    ┃ Hold TNS ┃ Count    ┃ reg       ┃ Slack    ┃ Reg Paths ┃ TNS      ┃ Count     ┃ reg      ┃ Violatio… ┃ Violati… ┃
┡━━━━━━━━━━━━━━━━━━━━━━╇━━━━━━━━━━╇━━━━━━━━━━╇━━━━━━━━━━╇━━━━━━━━━━╇━━━━━━━━━━━╇━━━━━━━━━━╇━━━━━━━━━━━╇━━━━━━━━━━╇━━━━━━━━━━━╇━━━━━━━━━━╇━━━━━━━━━━━╇━━━━━━━━━━┩
│ Overall              │ -0.0245  │ -0.0245  │ -0.5441  │ 73       │ 73        │ 651.1647 │ 651.1647  │ 0.0000   │ 0         │ 0        │ 87        │ 11706    │
│ nom_tt_025C_1v80     │ 0.0972   │ 0.0972   │ 0.0000   │ 0        │ 0         │ 776.4534 │ 834.4111  │ 0.0000   │ 0         │ 0        │ 58        │ 9414     │
│ nom_ss_100C_1v60     │ 0.4318   │ 0.4318   │ 0.0000   │ 0        │ 0         │ 651.1647 │ 651.1647  │ 0.0000   │ 0         │ 0        │ 87        │ 11706    │
│ nom_ff_n40C_1v95     │ -0.0245  │ -0.0245  │ -0.5441  │ 73       │ 73        │ 784.5694 │ 899.8156  │ 0.0000   │ 0         │ 0        │ 56        │ 8002     │
└──────────────────────┴──────────┴──────────┴──────────┴──────────┴───────────┴──────────┴───────────┴──────────┴───────────┴──────────┴───────────┴──────────┘
