Reading OpenROAD database at '/home/niko_tambornini/EE531/my_designs/FPU_32_Bit/runs/RUN_2026-03-12_00-49-12/24-openroad-ioplacement/FP32_Div.odb'…
Reading library file at '/home/niko_tambornini/.ciel/ciel/sky130/versions/0fe599b2afb6708d281543108caf8310912f54af/sky130A/libs.ref/sky130_fd_sc_hd/lib/sky130_fd_sc_hd__tt_025C_1v80.lib'…
Reading design constraints file at '/nix/store/svkrfkkpaij5qb9xjbcwfymcd4s8hczv-python3-3.11.9-env/lib/python3.11/site-packages/librelane/scripts/base.sdc'…
[INFO] Using clock clk…
[INFO] Setting output delay to: 5
[INFO] Setting input delay to: 5
[INFO] Setting load to: 0.033442
[INFO] Setting clock uncertainty to: 0.25
[INFO] Setting clock transition to: 0.1499999999999999944488848768742172978818416595458984375
[INFO] Setting timing derate to: 5%
[INFO] Setting RC values…
[INFO] Setting signal min routing layer to: met1 and clock min routing layer to met1. 
[INFO] Setting signal max routing layer to: met5 and clock max routing layer to met5. 
+ global_placement -density 0.619519 -timing_driven -routability_driven -pad_right 0 -pad_left 0 -init_wirelength_coef 0.25
[INFO GPL-0002] DBU: 1000
[INFO GPL-0003] SiteSize: (  0.460  2.720 ) um
[INFO GPL-0004] CoreBBox: (  5.520 10.880 ) ( 546.020 549.440 ) um
[INFO GPL-0006] NumInstances:             19906
[INFO GPL-0007] NumPlaceInstances:        15410
[INFO GPL-0008] NumFixedInstances:         4496
[INFO GPL-0009] NumDummyInstances:            0
[INFO GPL-0010] NumNets:                  15475
[INFO GPL-0011] NumPins:                  56538
[INFO GPL-0012] DieBBox:  (  0.000  0.000 ) ( 551.590 562.310 ) um
[INFO GPL-0013] CoreBBox: (  5.520 10.880 ) ( 546.020 549.440 ) um
[INFO GPL-0016] CoreArea:            291091.680 um^2
[INFO GPL-0017] NonPlaceInstsArea:     6616.346 um^2
[INFO GPL-0018] PlaceInstsArea:      146097.619 um^2
[INFO GPL-0019] Util:                    51.357 %
[INFO GPL-0020] StdInstsArea:        146097.619 um^2
[INFO GPL-0021] MacroInstsArea:           0.000 um^2
[InitialPlace]  Iter: 1 CG residual: 0.00294703 HPWL: 425832373
[InitialPlace]  Iter: 2 CG residual: 0.00034678 HPWL: 156171599
[InitialPlace]  Iter: 3 CG residual: 0.00159207 HPWL: 150016363
[InitialPlace]  Iter: 4 CG residual: 0.00070482 HPWL: 147752360
[InitialPlace]  Iter: 5 CG residual: 0.00079681 HPWL: 145397603
[InitialPlace]  Iter: 6 CG residual: 0.00048451 HPWL: 144701504
[InitialPlace]  Iter: 7 CG residual: 0.00014903 HPWL: 144028017
[InitialPlace]  Iter: 8 CG residual: 0.00158583 HPWL: 143614318
[InitialPlace]  Iter: 9 CG residual: 0.00021135 HPWL: 142467142
[InitialPlace]  Iter: 10 CG residual: 0.00011214 HPWL: 141430688
[InitialPlace]  Iter: 11 CG residual: 0.00002195 HPWL: 140839100
[InitialPlace]  Iter: 12 CG residual: 0.00011351 HPWL: 141008279
[InitialPlace]  Iter: 13 CG residual: 0.00001684 HPWL: 140686454
[InitialPlace]  Iter: 14 CG residual: 0.00007650 HPWL: 140878925
[InitialPlace]  Iter: 15 CG residual: 0.00002606 HPWL: 140620327
[InitialPlace]  Iter: 16 CG residual: 0.00003705 HPWL: 140832287
[InitialPlace]  Iter: 17 CG residual: 0.00004199 HPWL: 140586178
[InitialPlace]  Iter: 18 CG residual: 0.00004078 HPWL: 140804830
[InitialPlace]  Iter: 19 CG residual: 0.00014134 HPWL: 140543103
[InitialPlace]  Iter: 20 CG residual: 0.00000324 HPWL: 140790682
[INFO GPL-0031] FillerInit:NumGCells:     18645
[INFO GPL-0032] FillerInit:NumGNets:      15475
[INFO GPL-0033] FillerInit:NumGPins:      56538
[INFO GPL-0023] TargetDensity:            0.620
[INFO GPL-0024] AvrgPlaceInstArea:        9.481 um^2
[INFO GPL-0025] IdealBinArea:            15.303 um^2
[INFO GPL-0026] IdealBinCnt:              19021
[INFO GPL-0027] TotalBinArea:        291091.680 um^2
[INFO GPL-0028] BinCnt:       128    128
[INFO GPL-0029] BinSize: (  4.223  4.208 )
[INFO GPL-0030] NumBins: 16384
[NesterovSolve] Iter:    1 overflow: 0.993 HPWL: 47366261
[NesterovSolve] Iter:   10 overflow: 0.981 HPWL: 50897405
[NesterovSolve] Iter:   20 overflow: 0.977 HPWL: 51404445
[NesterovSolve] Iter:   30 overflow: 0.976 HPWL: 52017827
[NesterovSolve] Iter:   40 overflow: 0.975 HPWL: 52192235
[NesterovSolve] Iter:   50 overflow: 0.975 HPWL: 52634347
[NesterovSolve] Iter:   60 overflow: 0.974 HPWL: 53029423
[NesterovSolve] Iter:   70 overflow: 0.974 HPWL: 53183881
[NesterovSolve] Iter:   80 overflow: 0.974 HPWL: 53165683
[NesterovSolve] Iter:   90 overflow: 0.973 HPWL: 53054589
[NesterovSolve] Iter:  100 overflow: 0.973 HPWL: 52949663
[NesterovSolve] Iter:  110 overflow: 0.973 HPWL: 52958931
[NesterovSolve] Iter:  120 overflow: 0.972 HPWL: 53157227
[NesterovSolve] Iter:  130 overflow: 0.971 HPWL: 53627457
[NesterovSolve] Iter:  140 overflow: 0.971 HPWL: 54506330
[NesterovSolve] Iter:  150 overflow: 0.969 HPWL: 56061773
[NesterovSolve] Iter:  160 overflow: 0.968 HPWL: 58760363
[NesterovSolve] Iter:  170 overflow: 0.964 HPWL: 63208278
[NesterovSolve] Iter:  180 overflow: 0.959 HPWL: 69575990
[NesterovSolve] Iter:  190 overflow: 0.953 HPWL: 77476451
[NesterovSolve] Iter:  200 overflow: 0.944 HPWL: 86914215
[NesterovSolve] Iter:  210 overflow: 0.932 HPWL: 98477344
[NesterovSolve] Iter:  220 overflow: 0.916 HPWL: 113382305
[NesterovSolve] Iter:  230 overflow: 0.894 HPWL: 133213457
[NesterovSolve] Iter:  240 overflow: 0.866 HPWL: 160150275
[NesterovSolve] Iter:  250 overflow: 0.835 HPWL: 186149191
[NesterovSolve] Iter:  260 overflow: 0.801 HPWL: 206707969
[INFO GPL-0100] Timing-driven: executing resizer for reweighting nets.
[INFO GPL-0101] Timing-driven: worst slack -1.35e-07
[INFO GPL-0103] Timing-driven: weighted 1545 nets.
[NesterovSolve] Iter:  270 overflow: 0.769 HPWL: 223359654
[NesterovSolve] Iter:  280 overflow: 0.743 HPWL: 236418291
[NesterovSolve] Iter:  290 overflow: 0.699 HPWL: 265433852
[NesterovSolve] Iter:  300 overflow: 0.656 HPWL: 285272477
[INFO GPL-0100] Timing-driven: executing resizer for reweighting nets.
[INFO GPL-0101] Timing-driven: worst slack -1.38e-07
[INFO GPL-0103] Timing-driven: weighted 1544 nets.
[NesterovSolve] Iter:  310 overflow: 0.627 HPWL: 295498735
[NesterovSolve] Snapshot saved at iter = 317
[NesterovSolve] Iter:  320 overflow: 0.589 HPWL: 299958673
[NesterovSolve] Iter:  330 overflow: 0.550 HPWL: 310092883
[NesterovSolve] Iter:  340 overflow: 0.510 HPWL: 309890828
[INFO GPL-0100] Timing-driven: executing resizer for reweighting nets.
[INFO GPL-0101] Timing-driven: worst slack -1.34e-07
[INFO GPL-0103] Timing-driven: weighted 1547 nets.
[NesterovSolve] Iter:  350 overflow: 0.472 HPWL: 320105264
[NesterovSolve] Iter:  360 overflow: 0.437 HPWL: 315785170
[NesterovSolve] Iter:  370 overflow: 0.401 HPWL: 318776287
[NesterovSolve] Iter:  380 overflow: 0.366 HPWL: 320380548
[NesterovSolve] Iter:  390 overflow: 0.334 HPWL: 320115818
[NesterovSolve] Iter:  400 overflow: 0.308 HPWL: 319886639
[INFO GPL-0075] Routability numCall: 1 inflationIterCnt: 1 bloatIterCnt: 0
[INFO GPL-0036] TileBBox: (    0    0 ) ( 6900 6900 ) DBU
[INFO GPL-0038] TileCnt:      79   81
[INFO GPL-0040] NumTiles: 6399
[INFO GPL-0081] TotalRouteOverflow: 0.2570708990097046
[INFO GPL-0082] OverflowTileCnt: 8
[INFO GPL-0083] 0.5%RC: 0.9662611037492752
[INFO GPL-0084] 1.0%RC: 0.9297923995181918
[INFO GPL-0085] 2.0%RC: 0.8950016866438091
[INFO GPL-0086] 5.0%RC: 0.8470487721264363
[INFO GPL-0087] FinalRC: 0.9480268
[INFO GPL-0077] FinalRC lower than targetRC(1.01), routability not needed.
[INFO GPL-0100] Timing-driven: executing resizer for reweighting nets.
[INFO GPL-0101] Timing-driven: worst slack -1.32e-07
[INFO GPL-0103] Timing-driven: weighted 1547 nets.
[NesterovSolve] Iter:  410 overflow: 0.280 HPWL: 320877791
[NesterovSolve] Iter:  420 overflow: 0.252 HPWL: 322239298
[NesterovSolve] Iter:  430 overflow: 0.224 HPWL: 323717854
[INFO GPL-0100] Timing-driven: executing resizer for reweighting nets.
[INFO GPL-0101] Timing-driven: worst slack -1.32e-07
[INFO GPL-0103] Timing-driven: weighted 1545 nets.
[NesterovSolve] Iter:  440 overflow: 0.197 HPWL: 325165085
[NesterovSolve] Iter:  450 overflow: 0.171 HPWL: 327042963
[NesterovSolve] Iter:  460 overflow: 0.147 HPWL: 328664679
[INFO GPL-0100] Timing-driven: executing resizer for reweighting nets.
[INFO GPL-0101] Timing-driven: worst slack -1.32e-07
[INFO GPL-0103] Timing-driven: weighted 1546 nets.
[NesterovSolve] Iter:  470 overflow: 0.126 HPWL: 330333152
[NesterovSolve] Iter:  480 overflow: 0.107 HPWL: 331736985
[NesterovSolve] Finished with Overflow: 0.099291
[INFO] Setting RC values…
Setting global connections for newly added cells…
[INFO] Setting global connections...
Updating metrics…
Cell type report:                       Count       Area
  Fill cell                               396    1486.43
  Tap cell                               4100    5129.92
  Buffer                                   46     172.67
  Inverter                                689    2586.23
  Sequential cell                         271    5764.28
  Multi-Input combinational cell        14404  137574.44
  Total                                 19906  152713.96
Writing OpenROAD database to '/home/niko_tambornini/EE531/my_designs/FPU_32_Bit/runs/RUN_2026-03-12_00-49-12/27-openroad-globalplacement/FP32_Div.odb'…
Writing netlist to '/home/niko_tambornini/EE531/my_designs/FPU_32_Bit/runs/RUN_2026-03-12_00-49-12/27-openroad-globalplacement/FP32_Div.nl.v'…
Writing powered netlist to '/home/niko_tambornini/EE531/my_designs/FPU_32_Bit/runs/RUN_2026-03-12_00-49-12/27-openroad-globalplacement/FP32_Div.pnl.v'…
Writing layout to '/home/niko_tambornini/EE531/my_designs/FPU_32_Bit/runs/RUN_2026-03-12_00-49-12/27-openroad-globalplacement/FP32_Div.def'…
Writing timing constraints to '/home/niko_tambornini/EE531/my_designs/FPU_32_Bit/runs/RUN_2026-03-12_00-49-12/27-openroad-globalplacement/FP32_Div.sdc'…
