
===========================================================================
 report_power
============================================================================
======================= nom_tt_025C_1v80 Corner ===================================

Group                    Internal    Switching      Leakage        Total
                            Power        Power        Power        Power (Watts)
------------------------------------------------------------------------
Sequential           6.520197e-04 1.260701e-04 2.608948e-09 7.780925e-04  29.6%
Combinational        7.325524e-04 7.143910e-04 7.323175e-09 1.446951e-03  55.1%
Clock                1.896989e-04 2.099683e-04 9.719086e-10 3.996681e-04  15.2%
Macro                0.000000e+00 0.000000e+00 0.000000e+00 0.000000e+00   0.0%
Pad                  0.000000e+00 0.000000e+00 0.000000e+00 0.000000e+00   0.0%
------------------------------------------------------------------------
Total                1.574271e-03 1.050429e-03 1.090408e-08 2.624710e-03 100.0%
                            60.0%        40.0%         0.0%
Writing metric power__internal__total: 0.001574270543642342
Writing metric power__switching__total: 0.0010504289530217648
Writing metric power__leakage__total: 1.0904080305351727e-8
Writing metric power__total: 0.0026247103232890368

