┏━━━━━━━━━━━━━━━━━━━━━━┳━━━━━━━━━━┳━━━━━━━━━━┳━━━━━━━━━━┳━━━━━━━━━━┳━━━━━━━━━━━┳━━━━━━━━━━┳━━━━━━━━━━━┳━━━━━━━━━━┳━━━━━━━━━━━┳━━━━━━━━━━┳━━━━━━━━━━━┳━━━━━━━━━━┓
┃                      ┃ Hold     ┃ Reg to   ┃          ┃          ┃ of which  ┃ Setup    ┃           ┃          ┃           ┃ of which ┃           ┃          ┃
┃                      ┃ Worst    ┃ Reg      ┃          ┃ Hold Vio ┃ reg to    ┃ Worst    ┃ Reg to    ┃ Setup    ┃ Setup Vio ┃ reg to   ┃ Max Cap   ┃ Max Slew ┃
┃ Corner/Group         ┃ Slack    ┃ Paths    ┃ Hold TNS ┃ Count    ┃ reg       ┃ Slack    ┃ Reg Paths ┃ TNS      ┃ Count     ┃ reg      ┃ Violatio… ┃ Violati… ┃
┡━━━━━━━━━━━━━━━━━━━━━━╇━━━━━━━━━━╇━━━━━━━━━━╇━━━━━━━━━━╇━━━━━━━━━━╇━━━━━━━━━━━╇━━━━━━━━━━╇━━━━━━━━━━━╇━━━━━━━━━━╇━━━━━━━━━━━╇━━━━━━━━━━╇━━━━━━━━━━━╇━━━━━━━━━━┩
│ Overall              │ 0.0884   │ 0.0884   │ 0.0000   │ 0        │ 0         │ 643.6933 │ 643.6933  │ 0.0000   │ 0         │ 0        │ 18        │ 485      │
│ nom_tt_025C_1v80     │ 0.3015   │ 0.3015   │ 0.0000   │ 0        │ 0         │ 794.9683 │ 826.9487  │ 0.0000   │ 0         │ 0        │ 3         │ 145      │
│ nom_ss_100C_1v60     │ 0.8700   │ 0.8700   │ 0.0000   │ 0        │ 0         │ 649.3437 │ 649.3436  │ 0.0000   │ 0         │ 0        │ 11        │ 382      │
│ nom_ff_n40C_1v95     │ 0.0930   │ 0.0930   │ 0.0000   │ 0        │ 0         │ 796.7011 │ 892.5207  │ 0.0000   │ 0         │ 0        │ 3         │ 12       │
│ min_tt_025C_1v80     │ 0.3053   │ 0.3053   │ 0.0000   │ 0        │ 0         │ 795.1710 │ 830.0950  │ 0.0000   │ 0         │ 0        │ 1         │ 107      │
│ min_ss_100C_1v60     │ 0.8601   │ 0.8601   │ 0.0000   │ 0        │ 0         │ 654.6034 │ 654.6034  │ 0.0000   │ 0         │ 0        │ 4         │ 350      │
│ min_ff_n40C_1v95     │ 0.0963   │ 0.0963   │ 0.0000   │ 0        │ 0         │ 796.8468 │ 894.5894  │ 0.0000   │ 0         │ 0        │ 1         │ 0        │
│ max_tt_025C_1v80     │ 0.2963   │ 0.2963   │ 0.0000   │ 0        │ 0         │ 794.7832 │ 823.6100  │ 0.0000   │ 0         │ 0        │ 4         │ 179      │
│ max_ss_100C_1v60     │ 0.8762   │ 0.8762   │ 0.0000   │ 0        │ 0         │ 643.6933 │ 643.6933  │ 0.0000   │ 0         │ 0        │ 18        │ 485      │
│ max_ff_n40C_1v95     │ 0.0884   │ 0.0884   │ 0.0000   │ 0        │ 0         │ 796.5769 │ 890.3021  │ 0.0000   │ 0         │ 0        │ 4         │ 41       │
└──────────────────────┴──────────┴──────────┴──────────┴──────────┴───────────┴──────────┴───────────┴──────────┴───────────┴──────────┴───────────┴──────────┘
