
===========================================================================
report_checks -unconstrained
===========================================================================
======================= min_ss_100C_1v60 Corner ===================================

Startpoint: _4104_ (rising edge-triggered flip-flop clocked by clk)
Endpoint: _4062_ (rising edge-triggered flip-flop clocked by clk)
Path Group: clk
Path Type: max

Fanout         Cap        Slew       Delay        Time   Description
---------------------------------------------------------------------------------------------
                                  0.000000    0.000000   clock clk (rise edge)
                                  0.000000    0.000000   clock source latency
     1    0.024965    0.184745    0.127173    0.127173 ^ clk (in)
                                                         clk (net)
                      0.184765    0.000000    0.127173 ^ clkbuf_0_clk/A (sky130_fd_sc_hd__clkbuf_16)
     4    0.073740    0.139416    0.339374    0.466547 ^ clkbuf_0_clk/X (sky130_fd_sc_hd__clkbuf_16)
                                                         clknet_0_clk (net)
                      0.139446    0.001995    0.468542 ^ clkbuf_2_0__f_clk/A (sky130_fd_sc_hd__clkbuf_16)
     9    0.073795    0.139710    0.318865    0.787407 ^ clkbuf_2_0__f_clk/X (sky130_fd_sc_hd__clkbuf_16)
                                                         clknet_2_0__leaf_clk (net)
                      0.139719    0.001326    0.788733 ^ clkbuf_leaf_26_clk/A (sky130_fd_sc_hd__clkbuf_8)
    25    0.063270    0.186317    0.352506    1.141239 ^ clkbuf_leaf_26_clk/X (sky130_fd_sc_hd__clkbuf_8)
                                                         clknet_leaf_26_clk (net)
                      0.186317    0.000385    1.141624 ^ _4104_/CLK (sky130_fd_sc_hd__dfxtp_1)
     5    0.014017    0.136472    0.707435    1.849059 v _4104_/Q (sky130_fd_sc_hd__dfxtp_1)
                                                         mantisaBshift[0] (net)
                      0.136472    0.000124    1.849182 v _2962_/A (sky130_fd_sc_hd__or4_2)
     5    0.013626    0.292892    1.722645    3.571827 v _2962_/X (sky130_fd_sc_hd__or4_2)
                                                         _0893_ (net)
                      0.292892    0.000160    3.571987 v _2973_/D (sky130_fd_sc_hd__or4_2)
     5    0.013226    0.289455    1.512151    5.084138 v _2973_/X (sky130_fd_sc_hd__or4_2)
                                                         _0901_ (net)
                      0.289455    0.000115    5.084252 v _2984_/D (sky130_fd_sc_hd__or4_2)
     5    0.013431    0.291365    1.513444    6.597696 v _2984_/X (sky130_fd_sc_hd__or4_2)
                                                         _0909_ (net)
                      0.291365    0.000172    6.597868 v _2995_/D (sky130_fd_sc_hd__or4_2)
     5    0.013183    0.289453    1.511059    8.108927 v _2995_/X (sky130_fd_sc_hd__or4_2)
                                                         _0917_ (net)
                      0.289453    0.000154    8.109080 v _3032_/D (sky130_fd_sc_hd__or4_2)
     6    0.016409    0.315742    1.550743    9.659823 v _3032_/X (sky130_fd_sc_hd__or4_2)
                                                         _0950_ (net)
                      0.315742    0.000266    9.660089 v _3047_/C (sky130_fd_sc_hd__or4_2)
     5    0.013588    0.293995    1.676347   11.336436 v _3047_/X (sky130_fd_sc_hd__or4_2)
                                                         _0961_ (net)
                      0.293995    0.000228   11.336664 v _3058_/D (sky130_fd_sc_hd__or4_2)
     5    0.011576    0.277738    1.491852   12.828516 v _3058_/X (sky130_fd_sc_hd__or4_2)
                                                         _0969_ (net)
                      0.277738    0.000156   12.828672 v _3082_/D (sky130_fd_sc_hd__or4_2)
     5    0.012896    0.287066    1.502437   14.331110 v _3082_/X (sky130_fd_sc_hd__or4_2)
                                                         _0989_ (net)
                      0.287066    0.000115   14.331224 v _3093_/D (sky130_fd_sc_hd__or4_2)
     5    0.012301    0.293345    1.498471   15.829696 v _3093_/X (sky130_fd_sc_hd__or4_2)
                                                         _0997_ (net)
                      0.293345    0.000096   15.829791 v _3104_/D (sky130_fd_sc_hd__or4_4)
     7    0.020303    0.206405    1.006574   16.836365 v _3104_/X (sky130_fd_sc_hd__or4_4)
                                                         _1005_ (net)
                      0.206405    0.000387   16.836754 v _3153_/A1 (sky130_fd_sc_hd__o32a_1)
     2    0.007083    0.159125    0.743825   17.580578 v _3153_/X (sky130_fd_sc_hd__o32a_1)
                                                         _1045_ (net)
                      0.159125    0.000115   17.580692 v _3162_/A2 (sky130_fd_sc_hd__o21ai_1)
     2    0.005523    0.247419    0.286972   17.867664 ^ _3162_/Y (sky130_fd_sc_hd__o21ai_1)
                                                         _1053_ (net)
                      0.247419    0.000057   17.867722 ^ _3171_/A2 (sky130_fd_sc_hd__a21o_1)
     2    0.005292    0.094284    0.304446   18.172169 ^ _3171_/X (sky130_fd_sc_hd__a21o_1)
                                                         _1061_ (net)
                      0.094284    0.000048   18.172216 ^ _3181_/A2 (sky130_fd_sc_hd__a21o_1)
     2    0.005977    0.102589    0.252834   18.425051 ^ _3181_/X (sky130_fd_sc_hd__a21o_1)
                                                         _1070_ (net)
                      0.102589    0.000044   18.425095 ^ _3205_/A2 (sky130_fd_sc_hd__a21o_1)
     2    0.005862    0.101168    0.254936   18.680031 ^ _3205_/X (sky130_fd_sc_hd__a21o_1)
                                                         _1092_ (net)
                      0.101168    0.000060   18.680090 ^ _3216_/A2 (sky130_fd_sc_hd__a21o_1)
     2    0.005814    0.102315    0.253907   18.933998 ^ _3216_/X (sky130_fd_sc_hd__a21o_1)
                                                         _1102_ (net)
                      0.102315    0.000083   18.934082 ^ _3225_/A2 (sky130_fd_sc_hd__a21o_1)
     2    0.006049    0.107108    0.256673   19.190754 ^ _3225_/X (sky130_fd_sc_hd__a21o_1)
                                                         _1110_ (net)
                      0.107108    0.000034   19.190788 ^ _3235_/A2 (sky130_fd_sc_hd__a21o_1)
     2    0.006387    0.107643    0.261771   19.452559 ^ _3235_/X (sky130_fd_sc_hd__a21o_1)
                                                         _1119_ (net)
                      0.107643    0.000060   19.452620 ^ _3244_/A2 (sky130_fd_sc_hd__a21o_1)
     4    0.013358    0.194979    0.329401   19.782021 ^ _3244_/X (sky130_fd_sc_hd__a21o_1)
                                                         _1127_ (net)
                      0.194979    0.000194   19.782213 ^ _3291_/A1 (sky130_fd_sc_hd__a21o_1)
     2    0.006353    0.107280    0.288381   20.070595 ^ _3291_/X (sky130_fd_sc_hd__a21o_1)
                                                         _1170_ (net)
                      0.107280    0.000117   20.070711 ^ _3348_/D_N (sky130_fd_sc_hd__or4bb_1)
     2    0.007691    0.236083    1.029024   21.099735 v _3348_/X (sky130_fd_sc_hd__or4bb_1)
                                                         _1222_ (net)
                      0.236083    0.000078   21.099813 v _3392_/A1 (sky130_fd_sc_hd__a211o_1)
     2    0.006641    0.119402    0.593909   21.693724 v _3392_/X (sky130_fd_sc_hd__a211o_1)
                                                         _1262_ (net)
                      0.119402    0.000082   21.693804 v _3402_/A1 (sky130_fd_sc_hd__a21o_1)
     2    0.006448    0.088449    0.336968   22.030773 v _3402_/X (sky130_fd_sc_hd__a21o_1)
                                                         _1271_ (net)
                      0.088449    0.000071   22.030844 v _3411_/A1 (sky130_fd_sc_hd__a21o_1)
     2    0.007169    0.094029    0.329019   22.359861 v _3411_/X (sky130_fd_sc_hd__a21o_1)
                                                         _1279_ (net)
                      0.094029    0.000089   22.359951 v _3414_/A3 (sky130_fd_sc_hd__a32o_1)
     1    0.005685    0.095492    0.491788   22.851738 v _3414_/X (sky130_fd_sc_hd__a32o_1)
                                                         _1282_ (net)
                      0.095492    0.000075   22.851814 v _3415_/B (sky130_fd_sc_hd__xor2_1)
     1    0.002747    0.096313    0.271099   23.122911 v _3415_/X (sky130_fd_sc_hd__xor2_1)
                                                         _1283_ (net)
                      0.096313    0.000032   23.122944 v _3416_/A1 (sky130_fd_sc_hd__mux2_1)
     1    0.002009    0.104436    0.645803   23.768747 v _3416_/X (sky130_fd_sc_hd__mux2_1)
                                                         _0173_ (net)
                      0.104436    0.000018   23.768764 v _4062_/D (sky130_fd_sc_hd__dfxtp_1)
                                             23.768764   data arrival time

                                 25.000000   25.000000   clock clk (rise edge)
                                  0.000000   25.000000   clock source latency
     1    0.024965    0.184745    0.127173   25.127172 ^ clk (in)
                                                         clk (net)
                      0.184765    0.000000   25.127172 ^ clkbuf_0_clk/A (sky130_fd_sc_hd__clkbuf_16)
     4    0.073740    0.139416    0.339375   25.466547 ^ clkbuf_0_clk/X (sky130_fd_sc_hd__clkbuf_16)
                                                         clknet_0_clk (net)
                      0.139427    0.001366   25.467913 ^ clkbuf_2_1__f_clk/A (sky130_fd_sc_hd__clkbuf_16)
    10    0.082631    0.151980    0.328482   25.796394 ^ clkbuf_2_1__f_clk/X (sky130_fd_sc_hd__clkbuf_16)
                                                         clknet_2_1__leaf_clk (net)
                      0.151982    0.000867   25.797262 ^ clkbuf_leaf_11_clk/A (sky130_fd_sc_hd__clkbuf_8)
    10    0.053178    0.161627    0.339806   26.137068 ^ clkbuf_leaf_11_clk/X (sky130_fd_sc_hd__clkbuf_8)
                                                         clknet_leaf_11_clk (net)
                      0.161627    0.000419   26.137487 ^ _4062_/CLK (sky130_fd_sc_hd__dfxtp_1)
                                 -0.250000   25.887489   clock uncertainty
                                  0.000000   25.887489   clock reconvergence pessimism
                                 -0.258592   25.628897   library setup time
                                             25.628897   data required time
---------------------------------------------------------------------------------------------
                                             25.628897   data required time
                                            -23.768764   data arrival time
---------------------------------------------------------------------------------------------
                                              1.860132   slack (MET)




===========================================================================
report_checks --slack_max -0.01
============================================================================
======================= min_ss_100C_1v60 Corner ===================================

No paths found.


===========================================================================
 report_check_types -max_slew -max_cap -max_fanout -violators
============================================================================
======================= min_ss_100C_1v60 Corner ===================================

max slew

Pin                                        Limit        Slew       Slack
------------------------------------------------------------------------
fanout110/A                             0.750000    0.823802   -0.073802 (VIOLATED)
_2748_/B1                               0.750000    0.823801   -0.073801 (VIOLATED)
_2672_/Y                                0.750000    0.823800   -0.073800 (VIOLATED)
fanout108/A                             0.750000    0.823800   -0.073800 (VIOLATED)
_3555_/B                                0.750000    0.791212   -0.041212 (VIOLATED)
_3583_/A2                               0.750000    0.791212   -0.041212 (VIOLATED)
_3537_/A2_N                             0.750000    0.791212   -0.041212 (VIOLATED)
_3515_/A2                               0.750000    0.791211   -0.041212 (VIOLATED)
_3015_/Y                                0.750000    0.791211   -0.041211 (VIOLATED)
_3197_/A3                               0.750000    0.791211   -0.041211 (VIOLATED)
_3454_/C                                0.750000    0.791211   -0.041211 (VIOLATED)
_3526_/A2                               0.750000    0.791211   -0.041211 (VIOLATED)
_3549_/A2                               0.750000    0.791211   -0.041211 (VIOLATED)
_3572_/A2                               0.750000    0.791211   -0.041211 (VIOLATED)
_2488_/A                                0.750000    0.774760   -0.024761 (VIOLATED)
_2551_/B                                0.750000    0.774760   -0.024760 (VIOLATED)
_2451_/B                                0.750000    0.774760   -0.024760 (VIOLATED)
_2404_/Y                                0.750000    0.774759   -0.024759 (VIOLATED)
_2457_/A3                               0.750000    0.774759   -0.024759 (VIOLATED)
_2628_/Y                                0.750000    0.767806   -0.017806 (VIOLATED)
_2632_/B                                0.750000    0.767806   -0.017806 (VIOLATED)
_2633_/D_N                              0.750000    0.767806   -0.017806 (VIOLATED)
_2820_/B1                               0.750000    0.767806   -0.017806 (VIOLATED)
_3463_/A2                               0.750000    0.767806   -0.017806 (VIOLATED)
_2018_/Y                                0.750000    0.756096   -0.006097 (VIOLATED)
_2019_/C                                0.750000    0.756096   -0.006097 (VIOLATED)
_2099_/C                                0.750000    0.756096   -0.006097 (VIOLATED)

max fanout

Pin                                   Limit Fanout  Slack
---------------------------------------------------------
clkbuf_leaf_26_clk/X                     10     25    -15 (VIOLATED)
clkbuf_leaf_6_clk/X                      10     25    -15 (VIOLATED)
clkbuf_leaf_24_clk/X                     10     19     -9 (VIOLATED)
clkbuf_leaf_16_clk/X                     10     17     -7 (VIOLATED)
clkbuf_leaf_9_clk/X                      10     16     -6 (VIOLATED)
clkbuf_leaf_17_clk/X                     10     15     -5 (VIOLATED)
clkbuf_leaf_8_clk/X                      10     15     -5 (VIOLATED)
clkbuf_leaf_14_clk/X                     10     14     -4 (VIOLATED)
clkbuf_leaf_20_clk/X                     10     14     -4 (VIOLATED)
clkbuf_leaf_29_clk/X                     10     14     -4 (VIOLATED)
clkbuf_leaf_2_clk/X                      10     14     -4 (VIOLATED)
clkbuf_leaf_15_clk/X                     10     13     -3 (VIOLATED)
clkbuf_leaf_21_clk/X                     10     13     -3 (VIOLATED)
clkbuf_leaf_12_clk/X                     10     12     -2 (VIOLATED)
clkbuf_leaf_1_clk/X                      10     12     -2 (VIOLATED)
clkbuf_leaf_25_clk/X                     10     11        (VIOLATED)



===========================================================================
report_parasitic_annotation -report_unannotated
============================================================================
Found 27 unannotated drivers.
 clkload0/Y
 clkload1/Y
 clkload10/Y
 clkload11/Y
 clkload12/Y
 clkload13/Y
 clkload14/Y
 clkload15/Y
 clkload16/Y
 clkload17/Y
 clkload18/Y
 clkload19/Y
 clkload2/Y
 clkload20/Y
 clkload21/X
 clkload22/X
 clkload23/Y
 clkload24/Y
 clkload25/Y
 clkload26/Y
 clkload3/Y
 clkload4/Y
 clkload5/Y
 clkload6/Y
 clkload7/Y
 clkload8/Y
 clkload9/Y
Found 0 partially unannotated drivers.

===========================================================================
max slew violation count 27
max fanout violation count 16
max cap violation count 0
============================================================================

===========================================================================
check_setup -verbose -unconstrained_endpoints -multiple_clock -no_clock -no_input_delay -loops -generated_clocks
===========================================================================
