Clock: clk
Sources: clk 
Generated: no
Virtual: yes
Propagated: no
Period: 25.000000

===========================================================================
report_clock_properties
============================================================================
Clock                   Period          Waveform
----------------------------------------------------
clk                  25.000000    0.000000 12.500000

===========================================================================
report_clock_latency
============================================================================
Clock clk
rise -> rise
    min     max
0.000000 0.000000 source latency
0.779738         network latency _3978_/CLK
        1.161839 network latency _3954_/CLK
---------------
0.779738 1.161839 latency
        0.382102 skew

fall -> fall
    min     max
0.000000 0.000000 source latency
0.714522         network latency _3978_/CLK
        1.068754 network latency _3954_/CLK
---------------
0.714522 1.068754 latency
        0.354232 skew



===========================================================================
report_clock_min_period
============================================================================
clk period_min = 23.14 fmax = 43.22
