Clock: clk
Sources: clk 
Generated: no
Virtual: yes
Propagated: no
Period: 1000.000000

===========================================================================
report_clock_properties
============================================================================
Clock                   Period          Waveform
----------------------------------------------------
clk                 1000.000000    0.000000500.000000

===========================================================================
report_clock_latency
============================================================================
Clock clk
rise -> rise
    min     max
0.000000 0.000000 source latency
0.867890         network latency _46285_/CLK
        1.066735 network latency _46167_/CLK
---------------
0.867890 1.066735 latency
        0.198846 skew

fall -> fall
    min     max
0.000000 0.000000 source latency
0.690818         network latency _46285_/CLK
        0.866407 network latency _45275_/CLK
---------------
0.690818 0.866407 latency
        0.175589 skew



===========================================================================
report_clock_min_period
============================================================================
clk period_min = 105.41 fmax = 9.49
