Clock: clk
Sources: clk 
Generated: no
Virtual: yes
Propagated: no
Period: 25.000000

===========================================================================
report_clock_properties
============================================================================
Clock                   Period          Waveform
----------------------------------------------------
clk                  25.000000    0.000000 12.500000

===========================================================================
report_clock_latency
============================================================================
Clock clk
rise -> rise
    min     max
0.000000 0.000000 source latency
0.461188         network latency _30435_/CLK
        0.622351 network latency _30402_/CLK
---------------
0.461188 0.622351 latency
        0.161163 skew

fall -> fall
    min     max
0.000000 0.000000 source latency
0.370599         network latency _30435_/CLK
        0.519806 network latency _30402_/CLK
---------------
0.370599 0.519806 latency
        0.149207 skew



===========================================================================
report_clock_min_period
============================================================================
clk period_min = 94.79 fmax = 10.55
