[WARNING ORD-0039] .openroad ignored with -python
Unannotated report:
['report_parasitic_annotation -report_unannotated\n',
 '============================================================================\n',
 'Found 38 unannotated drivers.\n',
 ' clkload0/Y\n',
 ' clkload1/Y\n',
 ' clkload10/X\n',
 ' clkload11/X\n',
 ' clkload12/X\n',
 ' clkload13/X\n',
 ' clkload14/X\n',
 ' clkload15/X\n',
 ' clkload16/Y\n',
 ' clkload17/Y\n',
 ' clkload18/Y\n',
 ' clkload19/X\n',
 ' clkload2/Y\n',
 ' clkload20/X\n',
 ' clkload21/Y\n',
 ' clkload22/Y\n',
 ' clkload23/Y\n',
 ' clkload24/Y\n',
 ' clkload25/Y\n',
 ' clkload26/X\n',
 ' clkload27/X\n',
 ' clkload28/Y\n',
 ' clkload29/Y\n',
 ' clkload3/Y\n',
 ' clkload30/Y\n',
 ' clkload31/Y\n',
 ' clkload32/Y\n',
 ' clkload33/Y\n',
 ' clkload34/Y\n',
 ' clkload35/Y\n',
 ' clkload36/Y\n',
 ' clkload37/Y\n',
 ' clkload4/Y\n',
 ' clkload5/X\n',
 ' clkload6/Y\n',
 ' clkload7/Y\n',
 ' clkload8/Y\n',
 ' clkload9/X\n',
 'Found 0 partially unannotated drivers.\n',
 '\n']
Reported nets:
['clkload0/Y',
 'clkload1/Y',
 'clkload10/X',
 'clkload11/X',
 'clkload12/X',
 'clkload13/X',
 'clkload14/X',
 'clkload15/X',
 'clkload16/Y',
 'clkload17/Y',
 'clkload18/Y',
 'clkload19/X',
 'clkload2/Y',
 'clkload20/X',
 'clkload21/Y',
 'clkload22/Y',
 'clkload23/Y',
 'clkload24/Y',
 'clkload25/Y',
 'clkload26/X',
 'clkload27/X',
 'clkload28/Y',
 'clkload29/Y',
 'clkload3/Y',
 'clkload30/Y',
 'clkload31/Y',
 'clkload32/Y',
 'clkload33/Y',
 'clkload34/Y',
 'clkload35/Y',
 'clkload36/Y',
 'clkload37/Y',
 'clkload4/Y',
 'clkload5/X',
 'clkload6/Y',
 'clkload7/Y',
 'clkload8/Y',
 'clkload9/X']
Filtered nets:
[]
done
