
===========================================================================
 report_power
============================================================================
======================= min_ff_n40C_1v95 Corner ===================================

Group                    Internal    Switching      Leakage        Total
                            Power        Power        Power        Power (Watts)
------------------------------------------------------------------------
Sequential           6.343758e-04 1.814806e-04 4.147114e-09 8.158606e-04   0.0%
Combinational        6.788182e+01 1.025238e+02 1.103953e-07 1.704056e+02 100.0%
Clock                2.765846e-04 3.051656e-04 3.625380e-08 5.817864e-04   0.0%
Macro                0.000000e+00 0.000000e+00 0.000000e+00 0.000000e+00   0.0%
Pad                  0.000000e+00 0.000000e+00 0.000000e+00 0.000000e+00   0.0%
------------------------------------------------------------------------
Total                6.788229e+01 1.025243e+02 1.507937e-07 1.704066e+02 100.0%
                            39.8%        60.2%         0.0%

