Clock: clk
Sources: clk 
Generated: no
Virtual: no
Propagated: no
Period: 50.000000

===========================================================================
report_clock_properties
============================================================================
Clock                   Period          Waveform
----------------------------------------------------
clk                  50.000000    0.000000 25.000000

===========================================================================
report_clock_latency
============================================================================
Clock clk
rise -> rise
    min     max
0.000000 0.000000 source latency
1.557722         network latency _29402_/CLK
        1.557722 network latency _29402_/CLK
---------------
1.557722 1.557722 latency
        0.000000 skew

fall -> fall
    min     max
0.000000 0.000000 source latency
0.746180         network latency _29402_/CLK
        0.746180 network latency _29402_/CLK
---------------
0.746180 0.746180 latency
        0.000000 skew



===========================================================================
report_clock_min_period
============================================================================
clk period_min = 168.51 fmax = 5.93
