
===========================================================================
 report_power
============================================================================
======================= nom_tt_025C_1v80 Corner ===================================

Group                    Internal    Switching      Leakage        Total
                            Power        Power        Power        Power (Watts)
------------------------------------------------------------------------
Sequential           2.855090e-04 8.308419e-05 2.258106e-09 3.685954e-04   0.0%
Combinational        4.597290e+01 4.116435e+01 5.426597e-08 8.713725e+01 100.0%
Clock                0.000000e+00 0.000000e+00 0.000000e+00 0.000000e+00   0.0%
Macro                0.000000e+00 0.000000e+00 0.000000e+00 0.000000e+00   0.0%
Pad                  0.000000e+00 0.000000e+00 0.000000e+00 0.000000e+00   0.0%
------------------------------------------------------------------------
Total                4.597294e+01 4.116435e+01 5.652415e-08 8.713729e+01 100.0%
                            52.8%        47.2%         0.0%

