
===========================================================================
report_checks -unconstrained
===========================================================================
======================= nom_tt_025C_1v80 Corner ===================================

Startpoint: reset (input port clocked by clk)
Endpoint: _44479_ (recovery check against rising-edge clock clk)
Path Group: asynchronous
Path Type: max

Fanout         Cap        Slew       Delay        Time   Description
---------------------------------------------------------------------------------------------
                                  0.000000    0.000000   clock clk (rise edge)
                                  0.000000    0.000000   clock network delay (propagated)
                                200.000000  200.000000 v input external delay
     1    0.002715    0.008429    0.004292  200.004288 v reset (in)
                                                         reset (net)
                      0.008429    0.000000  200.004288 v input101/A (sky130_fd_sc_hd__buf_2)
     3    0.030522    0.082278    0.155964  200.160248 v input101/X (sky130_fd_sc_hd__buf_2)
                                                         net101 (net)
                      0.082286    0.000682  200.160934 v fanout2075/A (sky130_fd_sc_hd__clkbuf_4)
     7    0.046753    0.102749    0.216417  200.377350 v fanout2075/X (sky130_fd_sc_hd__clkbuf_4)
                                                         net2075 (net)
                      0.103066    0.004363  200.381714 v fanout2074/A (sky130_fd_sc_hd__clkbuf_4)
     7    0.034569    0.080231    0.208701  200.590408 v fanout2074/X (sky130_fd_sc_hd__clkbuf_4)
                                                         net2074 (net)
                      0.080234    0.000639  200.591049 v fanout2063/A (sky130_fd_sc_hd__buf_4)
    10    0.055808    0.080446    0.205986  200.797043 v fanout2063/X (sky130_fd_sc_hd__buf_4)
                                                         net2063 (net)
                      0.080456    0.001052  200.798096 v fanout2062/A (sky130_fd_sc_hd__clkbuf_4)
     8    0.042344    0.094060    0.209653  201.007736 v fanout2062/X (sky130_fd_sc_hd__clkbuf_4)
                                                         net2062 (net)
                      0.094060    0.000469  201.008209 v fanout2061/A (sky130_fd_sc_hd__buf_4)
    10    0.053567    0.078987    0.210548  201.218765 v fanout2061/X (sky130_fd_sc_hd__buf_4)
                                                         net2061 (net)
                      0.079013    0.001364  201.220123 v _43658_/A (sky130_fd_sc_hd__inv_2)
     1    0.004779    0.036017    0.060311  201.280441 ^ _43658_/Y (sky130_fd_sc_hd__inv_2)
                                                         _00321_ (net)
                      0.036017    0.000099  201.280533 ^ _44479_/RESET_B (sky130_fd_sc_hd__dfrtp_1)
                                            201.280533   data arrival time

                               1000.000000 1000.000000   clock clk (rise edge)
                                  0.000000 1000.000000   clock source latency
     2    0.066348    0.302978    0.216346 1000.216370 ^ clk (in)
                                                         clk (net)
                      0.304310    0.000000 1000.216370 ^ clkbuf_0_clk/A (sky130_fd_sc_hd__clkbuf_16)
     4    0.095879    0.114727    0.261593 1000.477966 ^ clkbuf_0_clk/X (sky130_fd_sc_hd__clkbuf_16)
                                                         clknet_0_clk (net)
                      0.116049    0.009891 1000.487854 ^ clkbuf_2_1_0_clk/A (sky130_fd_sc_hd__clkbuf_8)
     8    0.119681    0.210069    0.273303 1000.761169 ^ clkbuf_2_1_0_clk/X (sky130_fd_sc_hd__clkbuf_8)
                                                         clknet_2_1_0_clk (net)
                      0.210928    0.010800 1000.771973 ^ clkbuf_5_11__f_clk/A (sky130_fd_sc_hd__clkbuf_16)
    13    0.086489    0.103942    0.230557 1001.002502 ^ clkbuf_5_11__f_clk/X (sky130_fd_sc_hd__clkbuf_16)
                                                         clknet_5_11__leaf_clk (net)
                      0.104122    0.003865 1001.006409 ^ clkbuf_leaf_157_clk/A (sky130_fd_sc_hd__clkbuf_8)
    10    0.028144    0.063436    0.163936 1001.170288 ^ clkbuf_leaf_157_clk/X (sky130_fd_sc_hd__clkbuf_8)
                                                         clknet_leaf_157_clk (net)
                      0.063446    0.000796 1001.171143 ^ _44479_/CLK (sky130_fd_sc_hd__dfrtp_1)
                                 -0.250000 1000.921143   clock uncertainty
                                  0.000000 1000.921143   clock reconvergence pessimism
                                  0.238306 1001.159424   library recovery time
                                           1001.159424   data required time
---------------------------------------------------------------------------------------------
                                           1001.159424   data required time
                                           -201.280533   data arrival time
---------------------------------------------------------------------------------------------
                                            799.878906   slack (MET)


Startpoint: reset (input port clocked by clk)
Endpoint: _44209_ (rising edge-triggered flip-flop clocked by clk)
Path Group: clk
Path Type: max

Fanout         Cap        Slew       Delay        Time   Description
---------------------------------------------------------------------------------------------
                                  0.000000    0.000000   clock clk (rise edge)
                                  0.000000    0.000000   clock network delay (propagated)
                                200.000000  200.000000 v input external delay
     1    0.002715    0.008429    0.004292  200.004288 v reset (in)
                                                         reset (net)
                      0.008429    0.000000  200.004288 v input101/A (sky130_fd_sc_hd__buf_2)
     3    0.030522    0.082278    0.155964  200.160248 v input101/X (sky130_fd_sc_hd__buf_2)
                                                         net101 (net)
                      0.082662    0.004604  200.164856 v fanout2097/A (sky130_fd_sc_hd__clkbuf_4)
     5    0.036186    0.082949    0.201581  200.366440 v fanout2097/X (sky130_fd_sc_hd__clkbuf_4)
                                                         net2097 (net)
                      0.082963    0.001180  200.367615 v fanout2082/A (sky130_fd_sc_hd__clkbuf_2)
     5    0.025223    0.100482    0.180137  200.547745 v fanout2082/X (sky130_fd_sc_hd__clkbuf_2)
                                                         net2082 (net)
                      0.100482    0.000384  200.548141 v fanout2079/A (sky130_fd_sc_hd__buf_4)
    10    0.049233    0.076500    0.208743  200.756882 v fanout2079/X (sky130_fd_sc_hd__buf_4)
                                                         net2079 (net)
                      0.076537    0.001549  200.758423 v fanout2078/A (sky130_fd_sc_hd__buf_4)
    10    0.052809    0.080639    0.201879  200.960312 v fanout2078/X (sky130_fd_sc_hd__buf_4)
                                                         net2078 (net)
                      0.080663    0.001293  200.961594 v _21825_/A (sky130_fd_sc_hd__inv_2)
     3    0.028780    0.135463    0.137007  201.098602 ^ _21825_/Y (sky130_fd_sc_hd__inv_2)
                                                         _00071_ (net)
                      0.135469    0.000711  201.099319 ^ fanout2014/A (sky130_fd_sc_hd__clkbuf_4)
     5    0.063440    0.194188    0.275108  201.374420 ^ fanout2014/X (sky130_fd_sc_hd__clkbuf_4)
                                                         net2014 (net)
                      0.194218    0.002032  201.376450 ^ fanout2009/A (sky130_fd_sc_hd__clkbuf_2)
     5    0.024823    0.140520    0.219288  201.595749 ^ fanout2009/X (sky130_fd_sc_hd__clkbuf_2)
                                                         net2009 (net)
                      0.140520    0.000327  201.596069 ^ fanout2004/A (sky130_fd_sc_hd__clkbuf_2)
    10    0.025889    0.145569    0.209482  201.805557 ^ fanout2004/X (sky130_fd_sc_hd__clkbuf_2)
                                                         net2004 (net)
                      0.145569    0.000341  201.805893 ^ _25820_/A (sky130_fd_sc_hd__and2_2)
     6    0.026704    0.146242    0.248164  202.054062 ^ _25820_/X (sky130_fd_sc_hd__and2_2)
                                                         _21623_ (net)
                      0.146243    0.000625  202.054688 ^ _25821_/B (sky130_fd_sc_hd__nand2_1)
     3    0.008789    0.076347    0.108429  202.163116 v _25821_/Y (sky130_fd_sc_hd__nand2_1)
                                                         _21624_ (net)
                      0.076347    0.000185  202.163300 v _25822_/B (sky130_fd_sc_hd__or3b_4)
     6    0.045959    0.133503    0.471999  202.635300 v _25822_/X (sky130_fd_sc_hd__or3b_4)
                                                         _21625_ (net)
                      0.133533    0.001918  202.637222 v _25824_/A (sky130_fd_sc_hd__nor2_4)
     6    0.061741    0.384912    0.367393  203.004608 ^ _25824_/Y (sky130_fd_sc_hd__nor2_4)
                                                         _21627_ (net)
                      0.384918    0.001265  203.005875 ^ fanout876/A (sky130_fd_sc_hd__buf_4)
    10    0.068855    0.193217    0.307736  203.313614 ^ fanout876/X (sky130_fd_sc_hd__buf_4)
                                                         net876 (net)
                      0.193229    0.001748  203.315353 ^ _25828_/B1 (sky130_fd_sc_hd__a21o_4)
     6    0.060027    0.167930    0.218634  203.533997 ^ _25828_/X (sky130_fd_sc_hd__a21o_4)
                                                         _21631_ (net)
                      0.167945    0.001734  203.535721 ^ fanout776/A (sky130_fd_sc_hd__buf_4)
    10    0.061872    0.173784    0.246729  203.782455 ^ fanout776/X (sky130_fd_sc_hd__buf_4)
                                                         net776 (net)
                      0.173788    0.000711  203.783173 ^ _25836_/A_N (sky130_fd_sc_hd__and3b_4)
     6    0.049745    0.085747    0.290655  204.073822 v _25836_/X (sky130_fd_sc_hd__and3b_4)
                                                         _21639_ (net)
                      0.085867    0.002785  204.076599 v fanout712/A (sky130_fd_sc_hd__buf_2)
     7    0.043963    0.107932    0.212879  204.289490 v fanout712/X (sky130_fd_sc_hd__buf_2)
                                                         net712 (net)
                      0.108339    0.005016  204.294495 v _25873_/A2 (sky130_fd_sc_hd__a22o_1)
     1    0.004075    0.046208    0.255724  204.550232 v _25873_/X (sky130_fd_sc_hd__a22o_1)
                                                         _21664_ (net)
                      0.046210    0.000142  204.550369 v _25874_/A1 (sky130_fd_sc_hd__mux2_1)
     1    0.002921    0.055752    0.288892  204.839264 v _25874_/X (sky130_fd_sc_hd__mux2_1)
                                                         _00822_ (net)
                      0.055752    0.000099  204.839355 v _44209_/D (sky130_fd_sc_hd__dfxtp_1)
                                            204.839355   data arrival time

                               1000.000000 1000.000000   clock clk (rise edge)
                                  0.000000 1000.000000   clock source latency
     2    0.066348    0.302978    0.216346 1000.216370 ^ clk (in)
                                                         clk (net)
                      0.304310    0.000000 1000.216370 ^ clkbuf_0_clk/A (sky130_fd_sc_hd__clkbuf_16)
     4    0.095879    0.114727    0.261593 1000.477966 ^ clkbuf_0_clk/X (sky130_fd_sc_hd__clkbuf_16)
                                                         clknet_0_clk (net)
                      0.115287    0.006480 1000.484436 ^ clkbuf_2_3_0_clk/A (sky130_fd_sc_hd__clkbuf_8)
     8    0.120632    0.212026    0.272735 1000.757202 ^ clkbuf_2_3_0_clk/X (sky130_fd_sc_hd__clkbuf_8)
                                                         clknet_2_3_0_clk (net)
                      0.212202    0.005116 1000.762268 ^ clkbuf_5_30__f_clk/A (sky130_fd_sc_hd__clkbuf_16)
     7    0.053739    0.073810    0.207478 1000.969788 ^ clkbuf_5_30__f_clk/X (sky130_fd_sc_hd__clkbuf_16)
                                                         clknet_5_30__leaf_clk (net)
                      0.073838    0.001364 1000.971130 ^ clkbuf_leaf_53_clk/A (sky130_fd_sc_hd__clkbuf_8)
    12    0.033169    0.071148    0.158821 1001.129944 ^ clkbuf_leaf_53_clk/X (sky130_fd_sc_hd__clkbuf_8)
                                                         clknet_leaf_53_clk (net)
                      0.071149    0.000455 1001.130432 ^ _44209_/CLK (sky130_fd_sc_hd__dfxtp_1)
                                 -0.250000 1000.880432   clock uncertainty
                                  0.000000 1000.880432   clock reconvergence pessimism
                                 -0.109136 1000.771301   library setup time
                                           1000.771301   data required time
---------------------------------------------------------------------------------------------
                                           1000.771301   data required time
                                           -204.839355   data arrival time
---------------------------------------------------------------------------------------------
                                            795.931946   slack (MET)




===========================================================================
report_checks --slack_max -0.01
============================================================================
======================= nom_tt_025C_1v80 Corner ===================================

No paths found.


===========================================================================
 report_check_types -max_slew -max_cap -max_fanout -violators
============================================================================
======================= nom_tt_025C_1v80 Corner ===================================

max fanout

Pin                                   Limit Fanout  Slack
---------------------------------------------------------
clkbuf_leaf_217_clk/X                    10     23    -13 (VIOLATED)
clkbuf_leaf_227_clk/X                    10     23    -13 (VIOLATED)
clkbuf_leaf_223_clk/X                    10     22    -12 (VIOLATED)
clkbuf_leaf_234_clk/X                    10     22    -12 (VIOLATED)
clkbuf_leaf_180_clk/X                    10     21    -11 (VIOLATED)
clkbuf_leaf_181_clk/X                    10     21    -11 (VIOLATED)
clkbuf_leaf_188_clk/X                    10     21    -11 (VIOLATED)
clkbuf_leaf_200_clk/X                    10     21    -11 (VIOLATED)
clkbuf_leaf_177_clk/X                    10     20    -10 (VIOLATED)
clkbuf_leaf_184_clk/X                    10     20    -10 (VIOLATED)
clkbuf_leaf_201_clk/X                    10     20    -10 (VIOLATED)
clkbuf_leaf_230_clk/X                    10     20    -10 (VIOLATED)
clkbuf_leaf_173_clk/X                    10     18     -8 (VIOLATED)
clkbuf_leaf_179_clk/X                    10     18     -8 (VIOLATED)
clkbuf_leaf_183_clk/X                    10     18     -8 (VIOLATED)
clkbuf_leaf_186_clk/X                    10     18     -8 (VIOLATED)
clkbuf_leaf_189_clk/X                    10     18     -8 (VIOLATED)
clkbuf_leaf_203_clk/X                    10     18     -8 (VIOLATED)
clkbuf_leaf_218_clk/X                    10     18     -8 (VIOLATED)
clkbuf_leaf_233_clk/X                    10     18     -8 (VIOLATED)
clkbuf_leaf_205_clk/X                    10     17     -7 (VIOLATED)
clkbuf_leaf_21_clk/X                     10     17     -7 (VIOLATED)
clkbuf_leaf_88_clk/X                     10     17     -7 (VIOLATED)
clkbuf_5_0__f_clk/X                      10     16     -6 (VIOLATED)
clkbuf_leaf_206_clk/X                    10     16     -6 (VIOLATED)
clkbuf_leaf_229_clk/X                    10     16     -6 (VIOLATED)
clkbuf_leaf_241_clk/X                    10     16     -6 (VIOLATED)
clkbuf_leaf_244_clk/X                    10     16     -6 (VIOLATED)
clkbuf_leaf_14_clk/X                     10     15     -5 (VIOLATED)
clkbuf_leaf_187_clk/X                    10     15     -5 (VIOLATED)
clkbuf_leaf_18_clk/X                     10     15     -5 (VIOLATED)
clkbuf_leaf_192_clk/X                    10     15     -5 (VIOLATED)
clkbuf_leaf_232_clk/X                    10     15     -5 (VIOLATED)
clkbuf_leaf_23_clk/X                     10     15     -5 (VIOLATED)
clkbuf_leaf_245_clk/X                    10     15     -5 (VIOLATED)
clkbuf_leaf_24_clk/X                     10     15     -5 (VIOLATED)
clkbuf_leaf_4_clk/X                      10     15     -5 (VIOLATED)
clkbuf_leaf_93_clk/X                     10     15     -5 (VIOLATED)
clkbuf_leaf_99_clk/X                     10     15     -5 (VIOLATED)
fanout769/X                              10     15     -5 (VIOLATED)
clkbuf_leaf_110_clk/X                    10     14     -4 (VIOLATED)
clkbuf_leaf_172_clk/X                    10     14     -4 (VIOLATED)
clkbuf_leaf_17_clk/X                     10     14     -4 (VIOLATED)
clkbuf_leaf_191_clk/X                    10     14     -4 (VIOLATED)
clkbuf_leaf_197_clk/X                    10     14     -4 (VIOLATED)
clkbuf_leaf_202_clk/X                    10     14     -4 (VIOLATED)
clkbuf_leaf_207_clk/X                    10     14     -4 (VIOLATED)
clkbuf_leaf_216_clk/X                    10     14     -4 (VIOLATED)
clkbuf_leaf_228_clk/X                    10     14     -4 (VIOLATED)
clkbuf_leaf_231_clk/X                    10     14     -4 (VIOLATED)
clkbuf_leaf_246_clk/X                    10     14     -4 (VIOLATED)
clkbuf_leaf_254_clk/X                    10     14     -4 (VIOLATED)
clkbuf_leaf_94_clk/X                     10     14     -4 (VIOLATED)
clkbuf_5_10__f_clk/X                     10     13     -3 (VIOLATED)
clkbuf_5_11__f_clk/X                     10     13     -3 (VIOLATED)
clkbuf_5_8__f_clk/X                      10     13     -3 (VIOLATED)
clkbuf_leaf_176_clk/X                    10     13     -3 (VIOLATED)
clkbuf_leaf_185_clk/X                    10     13     -3 (VIOLATED)
clkbuf_leaf_199_clk/X                    10     13     -3 (VIOLATED)
clkbuf_leaf_1_clk/X                      10     13     -3 (VIOLATED)
clkbuf_leaf_219_clk/X                    10     13     -3 (VIOLATED)
clkbuf_leaf_224_clk/X                    10     13     -3 (VIOLATED)
clkbuf_leaf_237_clk/X                    10     13     -3 (VIOLATED)
clkbuf_leaf_243_clk/X                    10     13     -3 (VIOLATED)
clkbuf_leaf_27_clk/X                     10     13     -3 (VIOLATED)
clkbuf_leaf_42_clk/X                     10     13     -3 (VIOLATED)
clkbuf_leaf_44_clk/X                     10     13     -3 (VIOLATED)
clkbuf_leaf_57_clk/X                     10     13     -3 (VIOLATED)
clkbuf_leaf_74_clk/X                     10     13     -3 (VIOLATED)
clkbuf_leaf_75_clk/X                     10     13     -3 (VIOLATED)
clkbuf_leaf_77_clk/X                     10     13     -3 (VIOLATED)
clkbuf_leaf_90_clk/X                     10     13     -3 (VIOLATED)
clkbuf_leaf_96_clk/X                     10     13     -3 (VIOLATED)
fanout1465/X                             10     13     -3 (VIOLATED)
fanout1753/X                             10     13     -3 (VIOLATED)
fanout626/X                              10     13     -3 (VIOLATED)
fanout695/X                              10     13     -3 (VIOLATED)
clkbuf_leaf_105_clk/X                    10     12     -2 (VIOLATED)
clkbuf_leaf_10_clk/X                     10     12     -2 (VIOLATED)
clkbuf_leaf_111_clk/X                    10     12     -2 (VIOLATED)
clkbuf_leaf_122_clk/X                    10     12     -2 (VIOLATED)
clkbuf_leaf_127_clk/X                    10     12     -2 (VIOLATED)
clkbuf_leaf_12_clk/X                     10     12     -2 (VIOLATED)
clkbuf_leaf_130_clk/X                    10     12     -2 (VIOLATED)
clkbuf_leaf_158_clk/X                    10     12     -2 (VIOLATED)
clkbuf_leaf_160_clk/X                    10     12     -2 (VIOLATED)
clkbuf_leaf_16_clk/X                     10     12     -2 (VIOLATED)
clkbuf_leaf_170_clk/X                    10     12     -2 (VIOLATED)
clkbuf_leaf_175_clk/X                    10     12     -2 (VIOLATED)
clkbuf_leaf_196_clk/X                    10     12     -2 (VIOLATED)
clkbuf_leaf_19_clk/X                     10     12     -2 (VIOLATED)
clkbuf_leaf_22_clk/X                     10     12     -2 (VIOLATED)
clkbuf_leaf_242_clk/X                    10     12     -2 (VIOLATED)
clkbuf_leaf_260_clk/X                    10     12     -2 (VIOLATED)
clkbuf_leaf_45_clk/X                     10     12     -2 (VIOLATED)
clkbuf_leaf_49_clk/X                     10     12     -2 (VIOLATED)
clkbuf_leaf_53_clk/X                     10     12     -2 (VIOLATED)
clkbuf_leaf_6_clk/X                      10     12     -2 (VIOLATED)
clkbuf_leaf_85_clk/X                     10     12     -2 (VIOLATED)
clkbuf_leaf_91_clk/X                     10     12     -2 (VIOLATED)
clkbuf_leaf_92_clk/X                     10     12     -2 (VIOLATED)
clkbuf_leaf_97_clk/X                     10     12     -2 (VIOLATED)
fanout1037/X                             10     12     -2 (VIOLATED)
fanout1209/X                             10     12     -2 (VIOLATED)
fanout1475/X                             10     12     -2 (VIOLATED)
fanout1669/X                             10     12     -2 (VIOLATED)
fanout1676/X                             10     12     -2 (VIOLATED)
fanout1692/X                             10     12     -2 (VIOLATED)
fanout1693/X                             10     12     -2 (VIOLATED)
fanout1696/X                             10     12     -2 (VIOLATED)
fanout1700/X                             10     12     -2 (VIOLATED)
fanout1710/X                             10     12     -2 (VIOLATED)
fanout1725/X                             10     12     -2 (VIOLATED)
fanout1741/X                             10     12     -2 (VIOLATED)
fanout1756/X                             10     12     -2 (VIOLATED)
fanout1762/X                             10     12     -2 (VIOLATED)
clkbuf_5_12__f_clk/X                     10     11        (VIOLATED)
clkbuf_5_6__f_clk/X                      10     11        (VIOLATED)
clkbuf_5_7__f_clk/X                      10     11        (VIOLATED)
clkbuf_5_9__f_clk/X                      10     11        (VIOLATED)
clkbuf_leaf_103_clk/X                    10     11        (VIOLATED)
clkbuf_leaf_106_clk/X                    10     11        (VIOLATED)
clkbuf_leaf_112_clk/X                    10     11        (VIOLATED)
clkbuf_leaf_116_clk/X                    10     11        (VIOLATED)
clkbuf_leaf_123_clk/X                    10     11        (VIOLATED)
clkbuf_leaf_131_clk/X                    10     11        (VIOLATED)
clkbuf_leaf_142_clk/X                    10     11        (VIOLATED)
clkbuf_leaf_146_clk/X                    10     11        (VIOLATED)
clkbuf_leaf_149_clk/X                    10     11        (VIOLATED)
clkbuf_leaf_155_clk/X                    10     11        (VIOLATED)
clkbuf_leaf_178_clk/X                    10     11        (VIOLATED)
clkbuf_leaf_195_clk/X                    10     11        (VIOLATED)
clkbuf_leaf_20_clk/X                     10     11        (VIOLATED)
clkbuf_leaf_220_clk/X                    10     11        (VIOLATED)
clkbuf_leaf_256_clk/X                    10     11        (VIOLATED)
clkbuf_leaf_257_clk/X                    10     11        (VIOLATED)
clkbuf_leaf_25_clk/X                     10     11        (VIOLATED)
clkbuf_leaf_28_clk/X                     10     11        (VIOLATED)
clkbuf_leaf_30_clk/X                     10     11        (VIOLATED)
clkbuf_leaf_32_clk/X                     10     11        (VIOLATED)
clkbuf_leaf_33_clk/X                     10     11        (VIOLATED)
clkbuf_leaf_34_clk/X                     10     11        (VIOLATED)
clkbuf_leaf_36_clk/X                     10     11        (VIOLATED)
clkbuf_leaf_47_clk/X                     10     11        (VIOLATED)
clkbuf_leaf_63_clk/X                     10     11        (VIOLATED)
clkbuf_leaf_65_clk/X                     10     11        (VIOLATED)
clkbuf_leaf_66_clk/X                     10     11        (VIOLATED)
clkbuf_leaf_68_clk/X                     10     11        (VIOLATED)
clkbuf_leaf_78_clk/X                     10     11        (VIOLATED)
clkbuf_leaf_79_clk/X                     10     11        (VIOLATED)
clkbuf_leaf_82_clk/X                     10     11        (VIOLATED)
clkbuf_leaf_84_clk/X                     10     11        (VIOLATED)
clkbuf_leaf_98_clk/X                     10     11        (VIOLATED)
fanout1148/X                             10     11        (VIOLATED)
fanout1382/X                             10     11        (VIOLATED)
fanout1384/X                             10     11        (VIOLATED)
fanout1423/X                             10     11        (VIOLATED)
fanout1434/X                             10     11        (VIOLATED)
fanout1482/X                             10     11        (VIOLATED)
fanout1500/X                             10     11        (VIOLATED)
fanout1509/X                             10     11        (VIOLATED)
fanout1516/X                             10     11        (VIOLATED)
fanout1644/X                             10     11        (VIOLATED)
fanout1649/X                             10     11        (VIOLATED)
fanout1660/X                             10     11        (VIOLATED)
fanout1665/X                             10     11        (VIOLATED)
fanout1666/X                             10     11        (VIOLATED)
fanout1672/X                             10     11        (VIOLATED)
fanout1679/X                             10     11        (VIOLATED)
fanout1682/X                             10     11        (VIOLATED)
fanout1686/X                             10     11        (VIOLATED)
fanout1689/X                             10     11        (VIOLATED)
fanout1695/X                             10     11        (VIOLATED)
fanout1707/X                             10     11        (VIOLATED)
fanout1728/X                             10     11        (VIOLATED)
fanout1732/X                             10     11        (VIOLATED)
fanout1735/X                             10     11        (VIOLATED)
fanout1738/X                             10     11        (VIOLATED)
fanout1743/X                             10     11        (VIOLATED)
fanout1744/X                             10     11        (VIOLATED)
fanout1759/X                             10     11        (VIOLATED)
fanout1763/X                             10     11        (VIOLATED)
fanout1765/X                             10     11        (VIOLATED)
fanout1768/X                             10     11        (VIOLATED)
fanout321/X                              10     11        (VIOLATED)
fanout547/X                              10     11        (VIOLATED)
fanout560/X                              10     11        (VIOLATED)
fanout574/X                              10     11        (VIOLATED)
fanout628/X                              10     11        (VIOLATED)
fanout647/X                              10     11        (VIOLATED)
fanout660/X                              10     11        (VIOLATED)
fanout736/X                              10     11        (VIOLATED)
fanout770/X                              10     11        (VIOLATED)
fanout780/X                              10     11        (VIOLATED)
fanout802/X                              10     11        (VIOLATED)
fanout828/X                              10     11        (VIOLATED)
fanout859/X                              10     11        (VIOLATED)
fanout865/X                              10     11        (VIOLATED)
fanout891/X                              10     11        (VIOLATED)



===========================================================================
report_parasitic_annotation -report_unannotated
============================================================================
Found 245 unannotated drivers.
 clkload0/Y
 clkload1/Y
 clkload10/Y
 clkload100/Y
 clkload101/Y
 clkload102/Y
 clkload103/Y
 clkload104/Y
 clkload105/Y
 clkload106/Y
 clkload107/Y
 clkload108/Y
 clkload109/Y
 clkload11/Y
 clkload110/Y
 clkload111/Y
 clkload112/Y
 clkload113/X
 clkload114/Y
 clkload115/Y
 clkload116/Y
 clkload117/Y
 clkload118/Y
 clkload119/Y
 clkload12/Y
 clkload120/Y
 clkload121/Y
 clkload122/Y
 clkload123/Y
 clkload124/X
 clkload125/Y
 clkload126/Y
 clkload127/X
 clkload128/X
 clkload129/X
 clkload13/Y
 clkload130/X
 clkload131/Y
 clkload132/X
 clkload133/Y
 clkload134/Y
 clkload135/Y
 clkload136/Y
 clkload137/Y
 clkload138/Y
 clkload139/Y
 clkload14/Y
 clkload140/Y
 clkload141/Y
 clkload142/Y
 clkload143/Y
 clkload144/Y
 clkload145/Y
 clkload146/Y
 clkload147/Y
 clkload148/Y
 clkload149/X
 clkload15/Y
 clkload150/Y
 clkload151/Y
 clkload152/X
 clkload153/X
 clkload154/X
 clkload155/Y
 clkload156/Y
 clkload157/X
 clkload158/Y
 clkload159/Y
 clkload16/Y
 clkload160/Y
 clkload161/X
 clkload162/Y
 clkload163/Y
 clkload164/Y
 clkload165/X
 clkload166/X
 clkload167/Y
 clkload168/Y
 clkload169/Y
 clkload17/X
 clkload170/X
 clkload171/Y
 clkload172/Y
 clkload173/Y
 clkload174/Y
 clkload175/X
 clkload176/Y
 clkload177/Y
 clkload178/Y
 clkload179/Y
 clkload18/Y
 clkload180/Y
 clkload181/Y
 clkload182/X
 clkload183/Y
 clkload184/Y
 clkload185/X
 clkload186/Y
 clkload187/Y
 clkload188/Y
 clkload189/Y
 clkload19/Y
 clkload190/Y
 clkload191/Y
 clkload192/Y
 clkload193/Y
 clkload194/Y
 clkload195/X
 clkload196/Y
 clkload197/Y
 clkload198/Y
 clkload199/X
 clkload2/Y
 clkload20/Y
 clkload200/Y
 clkload201/X
 clkload202/Y
 clkload203/Y
 clkload204/Y
 clkload205/X
 clkload206/Y
 clkload207/X
 clkload208/Y
 clkload209/X
 clkload21/Y
 clkload210/Y
 clkload211/X
 clkload212/Y
 clkload213/X
 clkload214/Y
 clkload215/X
 clkload216/Y
 clkload217/X
 clkload218/Y
 clkload219/Y
 clkload22/Y
 clkload220/Y
 clkload221/Y
 clkload222/Y
 clkload223/Y
 clkload224/Y
 clkload225/Y
 clkload226/Y
 clkload227/Y
 clkload228/Y
 clkload229/X
 clkload23/X
 clkload230/X
 clkload231/Y
 clkload232/Y
 clkload233/X
 clkload234/X
 clkload235/Y
 clkload236/X
 clkload237/Y
 clkload238/Y
 clkload239/Y
 clkload24/Y
 clkload240/Y
 clkload241/Y
 clkload242/Y
 clkload243/Y
 clkload244/Y
 clkload25/Y
 clkload26/Y
 clkload27/Y
 clkload28/X
 clkload29/Y
 clkload3/Y
 clkload30/Y
 clkload31/Y
 clkload32/Y
 clkload33/Y
 clkload34/Y
 clkload35/Y
 clkload36/Y
 clkload37/Y
 clkload38/Y
 clkload39/Y
 clkload4/Y
 clkload40/Y
 clkload41/Y
 clkload42/X
 clkload43/X
 clkload44/Y
 clkload45/Y
 clkload46/Y
 clkload47/Y
 clkload48/Y
 clkload49/Y
 clkload5/Y
 clkload50/Y
 clkload51/Y
 clkload52/Y
 clkload53/Y
 clkload54/Y
 clkload55/Y
 clkload56/Y
 clkload57/X
 clkload58/Y
 clkload59/Y
 clkload6/Y
 clkload60/Y
 clkload61/Y
 clkload62/Y
 clkload63/Y
 clkload64/Y
 clkload65/Y
 clkload66/Y
 clkload67/Y
 clkload68/Y
 clkload69/Y
 clkload7/Y
 clkload70/Y
 clkload71/Y
 clkload72/Y
 clkload73/Y
 clkload74/Y
 clkload75/Y
 clkload76/Y
 clkload77/Y
 clkload78/X
 clkload79/Y
 clkload8/X
 clkload80/Y
 clkload81/Y
 clkload82/Y
 clkload83/Y
 clkload84/X
 clkload85/Y
 clkload86/Y
 clkload87/Y
 clkload88/Y
 clkload89/Y
 clkload9/X
 clkload90/Y
 clkload91/Y
 clkload92/Y
 clkload93/Y
 clkload94/Y
 clkload95/Y
 clkload96/Y
 clkload97/Y
 clkload98/Y
 clkload99/Y
Found 0 partially unannotated drivers.

===========================================================================
max slew violation count 0
Writing metric design__max_slew_violation__count__corner:nom_tt_025C_1v80: 0
max fanout violation count 199
Writing metric design__max_fanout_violation__count__corner:nom_tt_025C_1v80: 199
max cap violation count 0
Writing metric design__max_cap_violation__count__corner:nom_tt_025C_1v80: 0
============================================================================

===========================================================================
check_setup -verbose -unconstrained_endpoints -multiple_clock -no_clock -no_input_delay -loops -generated_clocks
===========================================================================
