Clock: clk
Sources: clk 
Generated: no
Virtual: yes
Propagated: no
Period: 1000.000000

===========================================================================
report_clock_properties
============================================================================
Clock                   Period          Waveform
----------------------------------------------------
clk                 1000.000000    0.000000500.000000

===========================================================================
report_clock_latency
============================================================================
Clock clk
rise -> rise
    min     max
0.000000 0.000000 source latency
0.963228         network latency _46695_/CLK
        1.217673 network latency _45946_/CLK
---------------
0.963228 1.217673 latency
        0.254446 skew

fall -> fall
    min     max
0.000000 0.000000 source latency
0.785121         network latency _46695_/CLK
        1.013461 network latency _44973_/CLK
---------------
0.785121 1.013461 latency
        0.228340 skew



===========================================================================
report_clock_min_period
============================================================================
clk period_min = 162.49 fmax = 6.15
