
===========================================================================
 report_power
============================================================================
======================= nom_tt_025C_1v80 Corner ===================================

Group                    Internal    Switching      Leakage        Total
                            Power        Power        Power        Power (Watts)
------------------------------------------------------------------------
Sequential           2.813956e-03 1.017691e-05 2.485424e-08 2.824158e-03   0.0%
Combinational        1.006422e+04 1.283820e+04 9.350170e-08 2.290242e+04 100.0%
Clock                6.053047e-05 4.115292e-05 5.527809e-09 1.016889e-04   0.0%
Macro                0.000000e+00 0.000000e+00 0.000000e+00 0.000000e+00   0.0%
Pad                  0.000000e+00 0.000000e+00 0.000000e+00 0.000000e+00   0.0%
------------------------------------------------------------------------
Total                1.006422e+04 1.283820e+04 1.238815e-07 2.290242e+04 100.0%
                            43.9%        56.1%         0.0%
Writing metric power__internal__total: 10064.22265625
Writing metric power__switching__total: 12838.1982421875
Writing metric power__leakage__total: 1.2388154857490008e-7
Writing metric power__total: 22902.421875

