┏━━━━━━━━━━━━━━━━━━━━━━┳━━━━━━━━━━┳━━━━━━━━━━┳━━━━━━━━━━┳━━━━━━━━━━┳━━━━━━━━━━┳━━━━━━━━━━━┳━━━━━━━━━━┳━━━━━━━━━━━┳━━━━━━━━━━┳━━━━━━━━━━━┳━━━━━━━━━━┳━━━━━━━━━━━┓
┃                      ┃ Hold     ┃ Reg to   ┃          ┃          ┃ of which ┃ Setup     ┃ Reg to   ┃           ┃ Setup    ┃ of which  ┃          ┃           ┃
┃                      ┃ Worst    ┃ Reg      ┃          ┃ Hold Vio ┃ reg to   ┃ Worst     ┃ Reg      ┃           ┃ Vio      ┃ reg to    ┃ Max Cap  ┃ Max Slew  ┃
┃ Corner/Group         ┃ Slack    ┃ Paths    ┃ Hold TNS ┃ Count    ┃ reg      ┃ Slack     ┃ Paths    ┃ Setup TNS ┃ Count    ┃ reg       ┃ Violati… ┃ Violatio… ┃
┡━━━━━━━━━━━━━━━━━━━━━━╇━━━━━━━━━━╇━━━━━━━━━━╇━━━━━━━━━━╇━━━━━━━━━━╇━━━━━━━━━━╇━━━━━━━━━━━╇━━━━━━━━━━╇━━━━━━━━━━━╇━━━━━━━━━━╇━━━━━━━━━━━╇━━━━━━━━━━╇━━━━━━━━━━━┩
│ Overall              │ -0.0245  │ -0.0245  │ -0.1807  │ 13       │ 13       │ -305.5947 │ -305.59… │ -7919.45… │ 126      │ 126       │ 57       │ 4582      │
│ nom_tt_025C_1v80     │ 0.0972   │ 0.0972   │ 0.0000   │ 0        │ 0        │ -118.5134 │ -118.51… │ -2540.15… │ 43       │ 43        │ 47       │ 3883      │
│ nom_ss_100C_1v60     │ 0.4318   │ 0.4318   │ 0.0000   │ 0        │ 0        │ -305.5947 │ -305.59… │ -7919.45… │ 52       │ 52        │ 57       │ 4582      │
│ nom_ff_n40C_1v95     │ -0.0245  │ -0.0245  │ -0.1807  │ 13       │ 13       │ -51.9055  │ -51.9055 │ -817.7019 │ 31       │ 31        │ 46       │ 3423      │
└──────────────────────┴──────────┴──────────┴──────────┴──────────┴──────────┴───────────┴──────────┴───────────┴──────────┴───────────┴──────────┴───────────┘
