
===========================================================================
 report_power
============================================================================
======================= nom_tt_025C_1v80 Corner ===================================

Group                    Internal    Switching      Leakage        Total
                            Power        Power        Power        Power (Watts)
------------------------------------------------------------------------
Sequential           1.024413e-03 8.920613e-05 4.969886e-09 1.113624e-03  84.0%
Combinational        1.533606e-04 5.841874e-05 8.600557e-09 2.117880e-04  16.0%
Clock                0.000000e+00 0.000000e+00 0.000000e+00 0.000000e+00   0.0%
Macro                0.000000e+00 0.000000e+00 0.000000e+00 0.000000e+00   0.0%
Pad                  0.000000e+00 0.000000e+00 0.000000e+00 0.000000e+00   0.0%
------------------------------------------------------------------------
Total                1.177772e-03 1.476249e-04 1.357030e-08 1.325410e-03 100.0%
                            88.9%        11.1%         0.0%

