
===========================================================================
 report_power
============================================================================
======================= nom_tt_025C_1v80 Corner ===================================

Group                    Internal    Switching      Leakage        Total
                            Power        Power        Power        Power (Watts)
------------------------------------------------------------------------
Sequential           6.515105e-04 1.636487e-04 2.608948e-09 8.151619e-04  27.4%
Combinational        7.877468e-04 9.393952e-04 7.830032e-09 1.727150e-03  58.0%
Clock                1.902682e-04 2.450140e-04 4.545706e-09 4.352868e-04  14.6%
Macro                0.000000e+00 0.000000e+00 0.000000e+00 0.000000e+00   0.0%
Pad                  0.000000e+00 0.000000e+00 0.000000e+00 0.000000e+00   0.0%
------------------------------------------------------------------------
Total                1.629525e-03 1.348058e-03 1.498467e-08 2.977598e-03 100.0%
                            54.7%        45.3%         0.0%

