                                                                     Buffers by Cell Master                                                                     
┏━━━━━━━━━━━━━━━━━━━━━━━━━━━━━━━━━━━━━━━━━━━━━━━━━━━━━━━━━━━━━━━━━━━━━━━━━━━━━━━━━━━━━━━━━━━━━━━━━━━━━━━━━━━━━━━━━━━━━━━━━━━━━━━━━━┳━━━━━━━━━━━━━━━━━━━━━━━━━━━┓
┃ Buffer                                                                                                                           ┃ Count                     ┃
┡━━━━━━━━━━━━━━━━━━━━━━━━━━━━━━━━━━━━━━━━━━━━━━━━━━━━━━━━━━━━━━━━━━━━━━━━━━━━━━━━━━━━━━━━━━━━━━━━━━━━━━━━━━━━━━━━━━━━━━━━━━━━━━━━━━╇━━━━━━━━━━━━━━━━━━━━━━━━━━━┩
│ sky130_fd_sc_hd__buf_1                                                                                                           │ 94                        │
│ sky130_fd_sc_hd__buf_2                                                                                                           │ 198                       │
│ sky130_fd_sc_hd__buf_4                                                                                                           │ 104                       │
│ sky130_fd_sc_hd__clkbuf_1                                                                                                        │ 22                        │
│ sky130_fd_sc_hd__clkbuf_16                                                                                                       │ 9                         │
│ sky130_fd_sc_hd__clkbuf_2                                                                                                        │ 103                       │
│ sky130_fd_sc_hd__clkbuf_4                                                                                                        │ 185                       │
│ sky130_fd_sc_hd__clkbuf_8                                                                                                        │ 89                        │
│ sky130_fd_sc_hd__dlygate4sd3_1                                                                                                   │ 555                       │
│ sky130_fd_sc_hd__dlymetal6s2s_1                                                                                                  │ 56                        │
└──────────────────────────────────────────────────────────────────────────────────────────────────────────────────────────────────┴───────────────────────────┘
