                                                                       Cells by Function                                                                        
┏━━━━━━━━━━━━━━━━━━━━━━━━━━━━━━━━━━━━━━━━━━━━━━━━━━━━━━━━━━━━━━━━━━━━━━━━━━━━━━━━━━━━━━━━━━━━━━━━━━━━━━━━━━━━━━━━━━━━━━━━━━━━━━━━━┳━━━━━━━━━━━━━━━━━━━━━━━━━━━━┓
┃ Cell Function                                                                                                                   ┃ Count                      ┃
┡━━━━━━━━━━━━━━━━━━━━━━━━━━━━━━━━━━━━━━━━━━━━━━━━━━━━━━━━━━━━━━━━━━━━━━━━━━━━━━━━━━━━━━━━━━━━━━━━━━━━━━━━━━━━━━━━━━━━━━━━━━━━━━━━━╇━━━━━━━━━━━━━━━━━━━━━━━━━━━━┩
│ sky130_ef_sc_hd__decap                                                                                                          │ 771                        │
│ sky130_fd_sc_hd__a211o                                                                                                          │ 84                         │
│ sky130_fd_sc_hd__a21boi                                                                                                         │ 1                          │
│ sky130_fd_sc_hd__a21o                                                                                                           │ 5                          │
│ sky130_fd_sc_hd__a21oi                                                                                                          │ 12                         │
│ sky130_fd_sc_hd__a221o                                                                                                          │ 512                        │
│ sky130_fd_sc_hd__a22o                                                                                                           │ 357                        │
│ sky130_fd_sc_hd__a2bb2o                                                                                                         │ 1                          │
│ sky130_fd_sc_hd__a311o                                                                                                          │ 3                          │
│ sky130_fd_sc_hd__a311oi                                                                                                         │ 1                          │
│ sky130_fd_sc_hd__a31o                                                                                                           │ 16                         │
│ sky130_fd_sc_hd__a32o                                                                                                           │ 1                          │
│ sky130_fd_sc_hd__and2                                                                                                           │ 169                        │
│ sky130_fd_sc_hd__and2b                                                                                                          │ 11                         │
│ sky130_fd_sc_hd__and3                                                                                                           │ 77                         │
│ sky130_fd_sc_hd__and3b                                                                                                          │ 13                         │
│ sky130_fd_sc_hd__and4                                                                                                           │ 3                          │
│ sky130_fd_sc_hd__and4b                                                                                                          │ 10                         │
│ sky130_fd_sc_hd__and4bb                                                                                                         │ 2                          │
│ sky130_fd_sc_hd__buf                                                                                                            │ 396                        │
│ sky130_fd_sc_hd__bufinv                                                                                                         │ 3                          │
│ sky130_fd_sc_hd__clkbuf                                                                                                         │ 408                        │
│ sky130_fd_sc_hd__clkinv                                                                                                         │ 11                         │
│ sky130_fd_sc_hd__clkinvlp                                                                                                       │ 9                          │
│ sky130_fd_sc_hd__decap                                                                                                          │ 1480                       │
│ sky130_fd_sc_hd__dfxtp                                                                                                          │ 580                        │
│ sky130_fd_sc_hd__diode                                                                                                          │ 181                        │
│ sky130_fd_sc_hd__dlygate4sd3                                                                                                    │ 555                        │
│ sky130_fd_sc_hd__dlymetal6s2s                                                                                                   │ 56                         │
│ sky130_fd_sc_hd__fill                                                                                                           │ 1374                       │
│ sky130_fd_sc_hd__inv                                                                                                            │ 22                         │
│ sky130_fd_sc_hd__mux2                                                                                                           │ 301                        │
│ sky130_fd_sc_hd__mux4                                                                                                           │ 4                          │
│ sky130_fd_sc_hd__nand2                                                                                                          │ 30                         │
│ sky130_fd_sc_hd__nand2b                                                                                                         │ 8                          │
│ sky130_fd_sc_hd__nand3                                                                                                          │ 1                          │
│ sky130_fd_sc_hd__nand3b                                                                                                         │ 2                          │
│ sky130_fd_sc_hd__nand4b                                                                                                         │ 1                          │
│ sky130_fd_sc_hd__nor2                                                                                                           │ 32                         │
│ sky130_fd_sc_hd__nor3b                                                                                                          │ 1                          │
│ sky130_fd_sc_hd__nor4                                                                                                           │ 1                          │
│ sky130_fd_sc_hd__o211a                                                                                                          │ 7                          │
│ sky130_fd_sc_hd__o211ai                                                                                                         │ 1                          │
│ sky130_fd_sc_hd__o21a                                                                                                           │ 219                        │
│ sky130_fd_sc_hd__o21ai                                                                                                          │ 6                          │
│ sky130_fd_sc_hd__o221a                                                                                                          │ 1                          │
│ sky130_fd_sc_hd__o22a                                                                                                           │ 196                        │
│ sky130_fd_sc_hd__o2bb2a                                                                                                         │ 1                          │
│ sky130_fd_sc_hd__o311a                                                                                                          │ 2                          │
│ sky130_fd_sc_hd__o31a                                                                                                           │ 10                         │
│ sky130_fd_sc_hd__o32a                                                                                                           │ 6                          │
│ sky130_fd_sc_hd__or2                                                                                                            │ 16                         │
│ sky130_fd_sc_hd__or3                                                                                                            │ 19                         │
│ sky130_fd_sc_hd__or3b                                                                                                           │ 6                          │
│ sky130_fd_sc_hd__or4b                                                                                                           │ 2                          │
│ sky130_fd_sc_hd__or4bb                                                                                                          │ 2                          │
│ sky130_fd_sc_hd__tapvpwrvgnd                                                                                                    │ 970                        │
│ sky130_fd_sc_hd__xnor2                                                                                                          │ 5                          │
│ sky130_fd_sc_hd__xor2                                                                                                           │ 2                          │
└─────────────────────────────────────────────────────────────────────────────────────────────────────────────────────────────────┴────────────────────────────┘
