┏━━━━━━━━━━━━━━━━━━━━━━┳━━━━━━━━━━┳━━━━━━━━━━┳━━━━━━━━━━┳━━━━━━━━━━┳━━━━━━━━━━┳━━━━━━━━━━━┳━━━━━━━━━━┳━━━━━━━━━━━┳━━━━━━━━━━┳━━━━━━━━━━━┳━━━━━━━━━━┳━━━━━━━━━━━┓
┃                      ┃ Hold     ┃ Reg to   ┃          ┃          ┃ of which ┃ Setup     ┃ Reg to   ┃           ┃ Setup    ┃ of which  ┃          ┃           ┃
┃                      ┃ Worst    ┃ Reg      ┃          ┃ Hold Vio ┃ reg to   ┃ Worst     ┃ Reg      ┃           ┃ Vio      ┃ reg to    ┃ Max Cap  ┃ Max Slew  ┃
┃ Corner/Group         ┃ Slack    ┃ Paths    ┃ Hold TNS ┃ Count    ┃ reg      ┃ Slack     ┃ Paths    ┃ Setup TNS ┃ Count    ┃ reg       ┃ Violati… ┃ Violatio… ┃
┡━━━━━━━━━━━━━━━━━━━━━━╇━━━━━━━━━━╇━━━━━━━━━━╇━━━━━━━━━━╇━━━━━━━━━━╇━━━━━━━━━━╇━━━━━━━━━━━╇━━━━━━━━━━╇━━━━━━━━━━━╇━━━━━━━━━━╇━━━━━━━━━━━╇━━━━━━━━━━╇━━━━━━━━━━━┩
│ Overall              │ 0.1108   │ 0.1108   │ 0.0000   │ 0        │ 0        │ -273.6389 │ -273.63… │ -7359.72… │ 451      │ 451       │ 5        │ 216       │
│ nom_tt_025C_1v80     │ 0.3228   │ 0.3228   │ 0.0000   │ 0        │ 0        │ -128.0390 │ -128.03… │ -3153.38… │ 50       │ 50        │ 3        │ 3         │
│ nom_ss_100C_1v60     │ 0.9003   │ 0.9003   │ 0.0000   │ 0        │ 0        │ -269.7411 │ -269.74… │ -7251.97… │ 56       │ 56        │ 4        │ 158       │
│ nom_ff_n40C_1v95     │ 0.1143   │ 0.1143   │ 0.0000   │ 0        │ 0        │ -71.1292  │ -71.1292 │ -1547.61… │ 44       │ 44        │ 3        │ 0         │
│ min_tt_025C_1v80     │ 0.3177   │ 0.3177   │ 0.0000   │ 0        │ 0        │ -126.1430 │ -126.14… │ -3104.62… │ 50       │ 50        │ 0        │ 3         │
│ min_ss_100C_1v60     │ 0.8910   │ 0.8910   │ 0.0000   │ 0        │ 0        │ -266.2586 │ -266.25… │ -7156.72… │ 55       │ 55        │ 0        │ 122       │
│ min_ff_n40C_1v95     │ 0.1108   │ 0.1108   │ 0.0000   │ 0        │ 0        │ -69.7920  │ -69.7920 │ -1514.73… │ 44       │ 44        │ 0        │ 0         │
│ max_tt_025C_1v80     │ 0.3270   │ 0.3270   │ 0.0000   │ 0        │ 0        │ -130.1190 │ -130.11… │ -3208.43… │ 50       │ 50        │ 4        │ 3         │
│ max_ss_100C_1v60     │ 0.9079   │ 0.9079   │ 0.0000   │ 0        │ 0        │ -273.6389 │ -273.63… │ -7359.72… │ 58       │ 58        │ 5        │ 216       │
│ max_ff_n40C_1v95     │ 0.1173   │ 0.1173   │ 0.0000   │ 0        │ 0        │ -72.6620  │ -72.6620 │ -1586.63… │ 44       │ 44        │ 4        │ 0         │
└──────────────────────┴──────────┴──────────┴──────────┴──────────┴──────────┴───────────┴──────────┴───────────┴──────────┴───────────┴──────────┴───────────┘
