201. Printing statistics.

=== FPU_32_controller ===

   Number of wires:              36948
   Number of wire bits:          41899
   Number of public wires:         230
   Number of public wire bits:    4590
   Number of ports:                  9
   Number of port bits:            136
   Number of memories:               0
   Number of memory bits:            0
   Number of processes:              0
   Number of cells:              40094
     $_ANDNOT_                   11431
     $_AND_                        958
     $_MUX_                       7810
     $_NAND_                       702
     $_NOR_                       2896
     $_NOT_                       2078
     $_ORNOT_                     2164
     $_OR_                        5550
     $_XNOR_                       456
     $_XOR_                       3538
     sky130_fd_sc_hd__dfrtp_2      739
     sky130_fd_sc_hd__dfxtp_2     1772

   Area for cell type $_NOT_ is unknown!
   Area for cell type $_AND_ is unknown!
   Area for cell type $_NAND_ is unknown!
   Area for cell type $_OR_ is unknown!
   Area for cell type $_NOR_ is unknown!
   Area for cell type $_XOR_ is unknown!
   Area for cell type $_XNOR_ is unknown!
   Area for cell type $_ANDNOT_ is unknown!
   Area for cell type $_ORNOT_ is unknown!
   Area for cell type $_MUX_ is unknown!

   Chip area for module '\FPU_32_controller': 57108.521600
     of which used for sequential elements: 57108.521600 (100.00%)

