195. Printing statistics.

=== FPU_32_controller ===

   Number of wires:              34114
   Number of wire bits:          39065
   Number of public wires:         230
   Number of public wire bits:    4590
   Number of ports:                  9
   Number of port bits:            136
   Number of memories:               0
   Number of memory bits:            0
   Number of processes:              0
   Number of cells:              37260
     $_ANDNOT_                   11431
     $_AND_                        958
     $_DFFE_PN_                    193
     $_DFFE_PP_                    793
     $_DFF_PP0_                    739
     $_DFF_P_                       36
     $_MUX_                       5715
     $_NAND_                       702
     $_NOR_                       2896
     $_NOT_                       1339
     $_ORNOT_                     2164
     $_OR_                        5550
     $_SDFFCE_PN0N_                 32
     $_SDFFCE_PN0P_                147
     $_SDFFCE_PP0N_                 63
     $_SDFFE_PP0P_                 117
     $_SDFF_PN0_                    46
     $_SDFF_PN1_                    31
     $_SDFF_PP0_                   304
     $_SDFF_PP1_                    10
     $_XNOR_                       456
     $_XOR_                       3538

   Area for cell type $_NOT_ is unknown!
   Area for cell type $_AND_ is unknown!
   Area for cell type $_NAND_ is unknown!
   Area for cell type $_OR_ is unknown!
   Area for cell type $_NOR_ is unknown!
   Area for cell type $_XOR_ is unknown!
   Area for cell type $_XNOR_ is unknown!
   Area for cell type $_ANDNOT_ is unknown!
   Area for cell type $_ORNOT_ is unknown!
   Area for cell type $_MUX_ is unknown!
   Area for cell type $_DFF_P_ is unknown!
   Area for cell type $_DFFE_PN_ is unknown!
   Area for cell type $_DFFE_PP_ is unknown!
   Area for cell type $_DFF_PP0_ is unknown!
   Area for cell type $_SDFF_PN0_ is unknown!
   Area for cell type $_SDFF_PN1_ is unknown!
   Area for cell type $_SDFF_PP0_ is unknown!
   Area for cell type $_SDFF_PP1_ is unknown!
   Area for cell type $_SDFFE_PP0P_ is unknown!
   Area for cell type $_SDFFCE_PN0N_ is unknown!
   Area for cell type $_SDFFCE_PN0P_ is unknown!
   Area for cell type $_SDFFCE_PP0N_ is unknown!

