209. Printing statistics.

=== FPU_32_controller ===

   Number of wires:              24882
   Number of wire bits:          25009
   Number of public wires:        3081
   Number of public wire bits:    3208
   Number of ports:                  9
   Number of port bits:            136
   Number of memories:               0
   Number of memory bits:            0
   Number of processes:              0
   Number of cells:              24907
     sky130_fd_sc_hd__a2111o_2      59
     sky130_fd_sc_hd__a2111oi_2     17
     sky130_fd_sc_hd__a211o_2      682
     sky130_fd_sc_hd__a211oi_2      66
     sky130_fd_sc_hd__a21bo_2      201
     sky130_fd_sc_hd__a21boi_2     135
     sky130_fd_sc_hd__a21o_2       847
     sky130_fd_sc_hd__a21oi_2      837
     sky130_fd_sc_hd__a221o_2      238
     sky130_fd_sc_hd__a221oi_2      17
     sky130_fd_sc_hd__a22o_2      1177
     sky130_fd_sc_hd__a22oi_2       36
     sky130_fd_sc_hd__a2bb2o_2      85
     sky130_fd_sc_hd__a2bb2oi_2      3
     sky130_fd_sc_hd__a311o_2       75
     sky130_fd_sc_hd__a311oi_2      22
     sky130_fd_sc_hd__a31o_2       355
     sky130_fd_sc_hd__a31oi_2       52
     sky130_fd_sc_hd__a32o_2        31
     sky130_fd_sc_hd__a32oi_2        8
     sky130_fd_sc_hd__a41o_2        27
     sky130_fd_sc_hd__a41oi_2        8
     sky130_fd_sc_hd__and2_2      1827
     sky130_fd_sc_hd__and2b_2      314
     sky130_fd_sc_hd__and3_2       599
     sky130_fd_sc_hd__and3b_2       64
     sky130_fd_sc_hd__and4_2       192
     sky130_fd_sc_hd__and4b_2       61
     sky130_fd_sc_hd__and4bb_2      49
     sky130_fd_sc_hd__buf_1         46
     sky130_fd_sc_hd__dfrtp_2      739
     sky130_fd_sc_hd__dfxtp_2     1772
     sky130_fd_sc_hd__inv_2       1536
     sky130_fd_sc_hd__mux2_1      1649
     sky130_fd_sc_hd__mux4_2        49
     sky130_fd_sc_hd__nand2_2     1867
     sky130_fd_sc_hd__nand2b_2     230
     sky130_fd_sc_hd__nand3_2      198
     sky130_fd_sc_hd__nand3b_2      33
     sky130_fd_sc_hd__nand4_2       44
     sky130_fd_sc_hd__nand4b_2       5
     sky130_fd_sc_hd__nor2_2      1852
     sky130_fd_sc_hd__nor3_2        74
     sky130_fd_sc_hd__nor3b_2       14
     sky130_fd_sc_hd__nor4_2        35
     sky130_fd_sc_hd__nor4b_2       12
     sky130_fd_sc_hd__o2111a_2      25
     sky130_fd_sc_hd__o2111ai_2     14
     sky130_fd_sc_hd__o211a_2      190
     sky130_fd_sc_hd__o211ai_2      50
     sky130_fd_sc_hd__o21a_2       831
     sky130_fd_sc_hd__o21ai_2      339
     sky130_fd_sc_hd__o21ba_2      134
     sky130_fd_sc_hd__o21bai_2      62
     sky130_fd_sc_hd__o221a_2       57
     sky130_fd_sc_hd__o221ai_2      11
     sky130_fd_sc_hd__o22a_2       183
     sky130_fd_sc_hd__o22ai_2       19
     sky130_fd_sc_hd__o2bb2a_2      83
     sky130_fd_sc_hd__o2bb2ai_2      3
     sky130_fd_sc_hd__o311a_2       52
     sky130_fd_sc_hd__o311ai_2      20
     sky130_fd_sc_hd__o31a_2       147
     sky130_fd_sc_hd__o31ai_2       35
     sky130_fd_sc_hd__o32a_2        42
     sky130_fd_sc_hd__o41a_2        18
     sky130_fd_sc_hd__o41ai_2        6
     sky130_fd_sc_hd__or2_2       1315
     sky130_fd_sc_hd__or3_2        347
     sky130_fd_sc_hd__or3b_2       117
     sky130_fd_sc_hd__or4_2        298
     sky130_fd_sc_hd__or4b_2        97
     sky130_fd_sc_hd__or4bb_2       27
     sky130_fd_sc_hd__xnor2_2     1628
     sky130_fd_sc_hd__xor2_2       518

   Chip area for module '\FPU_32_controller': 259772.892800
     of which used for sequential elements: 57108.521600 (21.98%)

