┏━━━━━━━┳━━━━━━━━━┳━━━━━━━━━━┳━━━━━━━━━━━━━━━━━━━━━━━━━━━━━━━━━━━━━┳━━━━━━━━━━━━━━┳━━━━━━━┓
┃ P / R ┃ Partial ┃ Required ┃ Net                                 ┃ Pin          ┃ Layer ┃
┡━━━━━━━╇━━━━━━━━━╇━━━━━━━━━━╇━━━━━━━━━━━━━━━━━━━━━━━━━━━━━━━━━━━━━╇━━━━━━━━━━━━━━╇━━━━━━━┩
│ 4.82  │ 1928.34 │ 400.00   │ net1471                             │ fanout1463/A │ met3  │
│ 4.56  │ 1824.56 │ 400.00   │ net1513                             │ fanout1511/A │ met3  │
│ 3.71  │ 1484.83 │ 400.00   │ _17525_                             │ fanout789/A  │ met4  │
│ 3.49  │ 1395.77 │ 400.00   │ _21638_                             │ fanout657/A  │ met3  │
│ 3.26  │ 1302.59 │ 400.00   │ add_mantisa[19\]                    │ _26062_/A1   │ met3  │
│ 3.25  │ 1298.13 │ 400.00   │ divider_instance.mantisaBshift[16\] │ fanout1445/A │ met3  │
│ 3.16  │ 1263.85 │ 400.00   │ _17727_                             │ fanout561/A  │ met3  │
│ 3.12  │ 1249.24 │ 400.00   │ reorder_buf_instance.value2[0\]     │ fanout1855/A │ met3  │
│ 3.02  │ 1208.92 │ 400.00   │ _16552_                             │ _41233_/B1   │ met3  │
│ 2.37  │ 948.62  │ 400.00   │ reorder_buf_instance.value2[3\]     │ fanout1849/A │ met3  │
│ 2.22  │ 886.42  │ 400.00   │ reorder_buf_instance.value0[12\]    │ fanout1959/A │ met3  │
│ 2.07  │ 826.96  │ 400.00   │ net15                               │ _27623_/A    │ met1  │
│ 1.81  │ 722.84  │ 400.00   │ net823                              │ _26986_/B1   │ met3  │
│ 1.79  │ 714.48  │ 400.00   │ net770                              │ _41220_/A    │ met3  │
│ 1.79  │ 714.48  │ 400.00   │ net770                              │ _41292_/A    │ met3  │
│ 1.77  │ 709.90  │ 400.00   │ _03655_                             │ _39637_/A    │ met3  │
│ 1.77  │ 708.38  │ 400.00   │ _02730_                             │ fanout862/A  │ met3  │
│ 1.72  │ 688.56  │ 400.00   │ reorder_buf_instance.value0[9\]     │ fanout1965/A │ met4  │
│ 1.71  │ 684.28  │ 400.00   │ net891                              │ fanout890/A  │ met3  │
│ 1.71  │ 682.88  │ 400.00   │ net1144                             │ _35376_/A    │ met1  │
│ 1.68  │ 673.65  │ 400.00   │ add_mantisa[9\]                     │ _26042_/A1   │ met3  │
│ 1.63  │ 650.12  │ 400.00   │ _02701_                             │ fanout874/A  │ met2  │
│ 1.58  │ 632.60  │ 400.00   │ net1055                             │ fanout1050/A │ met3  │
│ 1.58  │ 631.24  │ 400.00   │ net1632                             │ _39047_/A    │ met3  │
│ 1.57  │ 629.33  │ 400.00   │ net602                              │ _42395_/C1   │ met3  │
│ 1.57  │ 628.23  │ 400.00   │ _18380_                             │ fanout1226/A │ met2  │
│ 1.55  │ 619.32  │ 400.00   │ _02675_                             │ fanout1085/A │ met2  │
│ 1.46  │ 582.36  │ 400.00   │ _04567_                             │ _39703_/A1   │ met2  │
│ 1.42  │ 566.30  │ 400.00   │ net1112                             │ fanout1107/A │ met4  │
│ 1.42  │ 566.30  │ 400.00   │ net1112                             │ fanout1109/A │ met4  │
│ 1.42  │ 566.30  │ 400.00   │ net1112                             │ fanout1110/A │ met4  │
│ 1.42  │ 566.30  │ 400.00   │ net1112                             │ fanout1111/A │ met4  │
│ 1.38  │ 550.80  │ 400.00   │ _17728_                             │ fanout716/A  │ met4  │
│ 1.37  │ 548.78  │ 400.00   │ _21638_                             │ fanout656/A  │ met3  │
│ 1.36  │ 544.39  │ 400.00   │ _17725_                             │ fanout566/A  │ met3  │
│ 1.36  │ 544.39  │ 400.00   │ net850                              │ _26950_/A2   │ met3  │
│ 1.27  │ 506.26  │ 400.00   │ net1500                             │ _39257_/A    │ met1  │
│ 1.24  │ 495.35  │ 400.00   │ _17727_                             │ fanout558/A  │ met3  │
│ 1.24  │ 495.22  │ 400.00   │ _16805_                             │ _41509_/B1   │ met3  │
│ 1.18  │ 472.24  │ 400.00   │ add_mantisa[12\]                    │ _26279_/A1   │ met2  │
│ 1.18  │ 472.11  │ 400.00   │ reorder_buf_instance.value0[16\]    │ fanout1950/A │ met3  │
│ 1.18  │ 471.92  │ 400.00   │ reorder_buf_instance.value0[17\]    │ fanout1948/A │ met3  │
│ 1.17  │ 468.14  │ 400.00   │ net770                              │ _41220_/A    │ met2  │
│ 1.14  │ 455.56  │ 400.00   │ net823                              │ fanout820/A  │ met3  │
│ 1.14  │ 455.37  │ 400.00   │ net1471                             │ fanout1468/A │ met3  │
│ 1.13  │ 452.95  │ 400.00   │ _03010_                             │ _26855_/A2   │ met3  │
│ 1.13  │ 452.95  │ 400.00   │ _03010_                             │ _26888_/A2   │ met3  │
│ 1.13  │ 451.54  │ 400.00   │ add_mantisa[8\]                     │ _26040_/A1   │ met2  │
│ 1.13  │ 451.54  │ 400.00   │ add_mantisa[8\]                     │ _26275_/A1   │ met2  │
│ 1.13  │ 451.23  │ 400.00   │ net1138                             │ fanout1134/A │ met3  │
│ 1.13  │ 451.23  │ 400.00   │ net1138                             │ fanout1136/A │ met3  │
│ 1.12  │ 448.44  │ 400.00   │ net601                              │ _42438_/A2   │ met3  │
│ 1.12  │ 448.44  │ 400.00   │ net601                              │ fanout600/A  │ met3  │
│ 1.12  │ 447.05  │ 400.00   │ mult_mantisa[16\]                   │ _26119_/A1   │ met3  │
│ 1.12  │ 447.05  │ 400.00   │ net9                                │ _27628_/A    │ met3  │
│ 1.11  │ 444.67  │ 400.00   │ net1639                             │ _39047_/B    │ met1  │
│ 1.08  │ 430.03  │ 400.00   │ net1773                             │ _22281_/B    │ met1  │
│ 1.07  │ 426.13  │ 400.00   │ net895                              │ _26784_/A2   │ met3  │
│ 1.07  │ 426.13  │ 400.00   │ net895                              │ fanout894/A  │ met3  │
│ 1.06  │ 423.90  │ 400.00   │ _17318_                             │ fanout615/A  │ met3  │
│ 1.05  │ 419.94  │ 400.00   │ reorder_buf_instance.value0[7\]     │ fanout1969/A │ met3  │
│ 1.04  │ 414.97  │ 400.00   │ net1046                             │ fanout1044/A │ met2  │
│ 1.03  │ 410.60  │ 400.00   │ net25                               │ _26313_/B2   │ met3  │
│ 1.02  │ 406.01  │ 400.00   │ _16497_                             │ _41173_/B1   │ met3  │
│ 1.02  │ 406.01  │ 400.00   │ add_mantisa[13\]                    │ _26050_/A1   │ met3  │
│ 1.00  │ 6.01    │ 6.00     │ _17728_                             │ fanout716/A  │ via4  │
└───────┴─────────┴──────────┴─────────────────────────────────────┴──────────────┴───────┘
