
===========================================================================
report_checks -unconstrained
===========================================================================
======================= nom_ss_100C_1v60 Corner ===================================

Startpoint: _4104_ (rising edge-triggered flip-flop clocked by clk)
Endpoint: _4062_ (rising edge-triggered flip-flop clocked by clk)
Path Group: clk
Path Type: max

Fanout         Cap        Slew       Delay        Time   Description
---------------------------------------------------------------------------------------------
                                  0.000000    0.000000   clock clk (rise edge)
                                  0.000000    0.000000   clock source latency
     1    0.027057    0.199440    0.137802    0.137802 ^ clk (in)
                                                         clk (net)
                      0.199476    0.000000    0.137802 ^ clkbuf_0_clk/A (sky130_fd_sc_hd__clkbuf_16)
     4    0.078212    0.145571    0.350132    0.487935 ^ clkbuf_0_clk/X (sky130_fd_sc_hd__clkbuf_16)
                                                         clknet_0_clk (net)
                      0.145666    0.003366    0.491300 ^ clkbuf_2_0__f_clk/A (sky130_fd_sc_hd__clkbuf_16)
     9    0.077305    0.144349    0.325022    0.816323 ^ clkbuf_2_0__f_clk/X (sky130_fd_sc_hd__clkbuf_16)
                                                         clknet_2_0__leaf_clk (net)
                      0.144390    0.002359    0.818681 ^ clkbuf_leaf_26_clk/A (sky130_fd_sc_hd__clkbuf_8)
    25    0.065405    0.191723    0.357992    1.176673 ^ clkbuf_leaf_26_clk/X (sky130_fd_sc_hd__clkbuf_8)
                                                         clknet_leaf_26_clk (net)
                      0.191726    0.001142    1.177815 ^ _4104_/CLK (sky130_fd_sc_hd__dfxtp_1)
     5    0.014539    0.140894    0.713100    1.890915 v _4104_/Q (sky130_fd_sc_hd__dfxtp_1)
                                                         mantisaBshift[0] (net)
                      0.140894    0.000305    1.891220 v _2962_/A (sky130_fd_sc_hd__or4_2)
     5    0.014031    0.296155    1.729187    3.620407 v _2962_/X (sky130_fd_sc_hd__or4_2)
                                                         _0893_ (net)
                      0.296155    0.000338    3.620746 v _2973_/D (sky130_fd_sc_hd__or4_2)
     5    0.013644    0.292728    1.518485    5.139231 v _2973_/X (sky130_fd_sc_hd__or4_2)
                                                         _0901_ (net)
                      0.292728    0.000294    5.139524 v _2984_/D (sky130_fd_sc_hd__or4_2)
     5    0.013961    0.295601    1.521175    6.660699 v _2984_/X (sky130_fd_sc_hd__or4_2)
                                                         _0909_ (net)
                      0.295601    0.000417    6.661116 v _2995_/D (sky130_fd_sc_hd__or4_2)
     5    0.013646    0.293068    1.518332    8.179447 v _2995_/X (sky130_fd_sc_hd__or4_2)
                                                         _0917_ (net)
                      0.293068    0.000341    8.179789 v _3032_/D (sky130_fd_sc_hd__or4_2)
     6    0.016947    0.320750    1.558644    9.738433 v _3032_/X (sky130_fd_sc_hd__or4_2)
                                                         _0950_ (net)
                      0.320750    0.000557    9.738990 v _3047_/C (sky130_fd_sc_hd__or4_2)
     5    0.013960    0.297037    1.682760   11.421749 v _3047_/X (sky130_fd_sc_hd__or4_2)
                                                         _0961_ (net)
                      0.297037    0.000458   11.422208 v _3058_/D (sky130_fd_sc_hd__or4_2)
     5    0.011841    0.279599    1.496204   12.918411 v _3058_/X (sky130_fd_sc_hd__or4_2)
                                                         _0969_ (net)
                      0.279599    0.000355   12.918767 v _3082_/D (sky130_fd_sc_hd__or4_2)
     5    0.013330    0.290662    1.508476   14.427243 v _3082_/X (sky130_fd_sc_hd__or4_2)
                                                         _0989_ (net)
                      0.290662    0.000285   14.427528 v _3093_/D (sky130_fd_sc_hd__or4_2)
     5    0.012536    0.284602    1.502617   15.930144 v _3093_/X (sky130_fd_sc_hd__or4_2)
                                                         _0997_ (net)
                      0.284602    0.000254   15.930399 v _3104_/D (sky130_fd_sc_hd__or4_4)
     7    0.020915    0.208886    1.006942   16.937342 v _3104_/X (sky130_fd_sc_hd__or4_4)
                                                         _1005_ (net)
                      0.208886    0.000739   16.938080 v _3153_/A1 (sky130_fd_sc_hd__o32a_1)
     2    0.007444    0.162902    0.749461   17.687540 v _3153_/X (sky130_fd_sc_hd__o32a_1)
                                                         _1045_ (net)
                      0.162902    0.000238   17.687778 v _3162_/A2 (sky130_fd_sc_hd__o21ai_1)
     2    0.005658    0.242496    0.291509   17.979288 ^ _3162_/Y (sky130_fd_sc_hd__o21ai_1)
                                                         _1053_ (net)
                      0.242496    0.000149   17.979437 ^ _3171_/A2 (sky130_fd_sc_hd__a21o_1)
     2    0.005413    0.095723    0.303920   18.283358 ^ _3171_/X (sky130_fd_sc_hd__a21o_1)
                                                         _1061_ (net)
                      0.095723    0.000135   18.283493 ^ _3181_/A2 (sky130_fd_sc_hd__a21o_1)
     2    0.006167    0.104944    0.255184   18.538677 ^ _3181_/X (sky130_fd_sc_hd__a21o_1)
                                                         _1070_ (net)
                      0.104944    0.000135   18.538813 ^ _3205_/A2 (sky130_fd_sc_hd__a21o_1)
     2    0.005988    0.102732    0.257023   18.795835 ^ _3205_/X (sky130_fd_sc_hd__a21o_1)
                                                         _1092_ (net)
                      0.102732    0.000160   18.795994 ^ _3216_/A2 (sky130_fd_sc_hd__a21o_1)
     2    0.005989    0.104403    0.256154   19.052149 ^ _3216_/X (sky130_fd_sc_hd__a21o_1)
                                                         _1102_ (net)
                      0.104403    0.000211   19.052361 ^ _3225_/A2 (sky130_fd_sc_hd__a21o_1)
     2    0.006176    0.105066    0.258648   19.311008 ^ _3225_/X (sky130_fd_sc_hd__a21o_1)
                                                         _1110_ (net)
                      0.105066    0.000123   19.311131 ^ _3235_/A2 (sky130_fd_sc_hd__a21o_1)
     2    0.006643    0.110833    0.263402   19.574533 ^ _3235_/X (sky130_fd_sc_hd__a21o_1)
                                                         _1119_ (net)
                      0.110833    0.000162   19.574694 ^ _3244_/A2 (sky130_fd_sc_hd__a21o_1)
     4    0.013845    0.200610    0.335223   19.909918 ^ _3244_/X (sky130_fd_sc_hd__a21o_1)
                                                         _1127_ (net)
                      0.200610    0.000391   19.910309 ^ _3291_/A1 (sky130_fd_sc_hd__a21o_1)
     2    0.006772    0.112484    0.294701   20.205009 ^ _3291_/X (sky130_fd_sc_hd__a21o_1)
                                                         _1170_ (net)
                      0.112484    0.000218   20.205229 ^ _3348_/D_N (sky130_fd_sc_hd__or4bb_1)
     2    0.008092    0.232293    1.037181   21.242409 v _3348_/X (sky130_fd_sc_hd__or4bb_1)
                                                         _1222_ (net)
                      0.232293    0.000192   21.242601 v _3392_/A1 (sky130_fd_sc_hd__a211o_1)
     2    0.006997    0.122414    0.595895   21.838495 v _3392_/X (sky130_fd_sc_hd__a211o_1)
                                                         _1262_ (net)
                      0.122414    0.000192   21.838688 v _3402_/A1 (sky130_fd_sc_hd__a21o_1)
     2    0.006677    0.090219    0.339961   22.178648 v _3402_/X (sky130_fd_sc_hd__a21o_1)
                                                         _1271_ (net)
                      0.090219    0.000179   22.178829 v _3411_/A1 (sky130_fd_sc_hd__a21o_1)
     2    0.007481    0.096462    0.332083   22.510912 v _3411_/X (sky130_fd_sc_hd__a21o_1)
                                                         _1279_ (net)
                      0.096462    0.000199   22.511110 v _3414_/A3 (sky130_fd_sc_hd__a32o_1)
     1    0.005881    0.096998    0.494573   23.005684 v _3414_/X (sky130_fd_sc_hd__a32o_1)
                                                         _1282_ (net)
                      0.096998    0.000194   23.005877 v _3415_/B (sky130_fd_sc_hd__xor2_1)
     1    0.002834    0.097747    0.272605   23.278482 v _3415_/X (sky130_fd_sc_hd__xor2_1)
                                                         _1283_ (net)
                      0.097747    0.000085   23.278566 v _3416_/A1 (sky130_fd_sc_hd__mux2_1)
     1    0.002050    0.102964    0.647070   23.925638 v _3416_/X (sky130_fd_sc_hd__mux2_1)
                                                         _0173_ (net)
                      0.102964    0.000059   23.925695 v _4062_/D (sky130_fd_sc_hd__dfxtp_1)
                                             23.925695   data arrival time

                                 25.000000   25.000000   clock clk (rise edge)
                                  0.000000   25.000000   clock source latency
     1    0.027057    0.199440    0.137803   25.137802 ^ clk (in)
                                                         clk (net)
                      0.199476    0.000000   25.137802 ^ clkbuf_0_clk/A (sky130_fd_sc_hd__clkbuf_16)
     4    0.078212    0.145571    0.350132   25.487934 ^ clkbuf_0_clk/X (sky130_fd_sc_hd__clkbuf_16)
                                                         clknet_0_clk (net)
                      0.145651    0.003121   25.491055 ^ clkbuf_2_1__f_clk/A (sky130_fd_sc_hd__clkbuf_16)
    10    0.087364    0.158340    0.335913   25.826967 ^ clkbuf_2_1__f_clk/X (sky130_fd_sc_hd__clkbuf_16)
                                                         clknet_2_1__leaf_clk (net)
                      0.158361    0.001878   25.828846 ^ clkbuf_leaf_11_clk/A (sky130_fd_sc_hd__clkbuf_8)
    10    0.054377    0.164680    0.344516   26.173361 ^ clkbuf_leaf_11_clk/X (sky130_fd_sc_hd__clkbuf_8)
                                                         clknet_leaf_11_clk (net)
                      0.164684    0.001123   26.174484 ^ _4062_/CLK (sky130_fd_sc_hd__dfxtp_1)
                                 -0.250000   25.924484   clock uncertainty
                                  0.000000   25.924484   clock reconvergence pessimism
                                 -0.257156   25.667328   library setup time
                                             25.667328   data required time
---------------------------------------------------------------------------------------------
                                             25.667328   data required time
                                            -23.925695   data arrival time
---------------------------------------------------------------------------------------------
                                              1.741633   slack (MET)




===========================================================================
report_checks --slack_max -0.01
============================================================================
======================= nom_ss_100C_1v60 Corner ===================================

No paths found.


===========================================================================
 report_check_types -max_slew -max_cap -max_fanout -violators
============================================================================
======================= nom_ss_100C_1v60 Corner ===================================

max slew

Pin                                        Limit        Slew       Slack
------------------------------------------------------------------------
fanout110/A                             0.750000    0.876926   -0.126926 (VIOLATED)
_2748_/B1                               0.750000    0.876925   -0.126925 (VIOLATED)
_2672_/Y                                0.750000    0.876921   -0.126921 (VIOLATED)
fanout108/A                             0.750000    0.876921   -0.126921 (VIOLATED)
_3555_/B                                0.750000    0.842820   -0.092820 (VIOLATED)
_3583_/A2                               0.750000    0.842820   -0.092820 (VIOLATED)
_3515_/A2                               0.750000    0.842819   -0.092819 (VIOLATED)
_3537_/A2_N                             0.750000    0.842819   -0.092819 (VIOLATED)
_3197_/A3                               0.750000    0.842817   -0.092817 (VIOLATED)
_3454_/C                                0.750000    0.842817   -0.092817 (VIOLATED)
_3572_/A2                               0.750000    0.842816   -0.092816 (VIOLATED)
_3526_/A2                               0.750000    0.842816   -0.092816 (VIOLATED)
_3549_/A2                               0.750000    0.842816   -0.092816 (VIOLATED)
_3015_/Y                                0.750000    0.842815   -0.092815 (VIOLATED)
_2019_/C                                0.750000    0.810431   -0.060431 (VIOLATED)
_2099_/C                                0.750000    0.810431   -0.060431 (VIOLATED)
_2018_/Y                                0.750000    0.810429   -0.060429 (VIOLATED)
_2488_/A                                0.750000    0.801272   -0.051272 (VIOLATED)
_2551_/B                                0.750000    0.801272   -0.051272 (VIOLATED)
_2451_/B                                0.750000    0.801270   -0.051270 (VIOLATED)
_2457_/A3                               0.750000    0.801268   -0.051268 (VIOLATED)
_2404_/Y                                0.750000    0.801267   -0.051267 (VIOLATED)
_2628_/Y                                0.750000    0.783809   -0.033809 (VIOLATED)
_2632_/B                                0.750000    0.783809   -0.033809 (VIOLATED)
_2633_/D_N                              0.750000    0.783809   -0.033809 (VIOLATED)
_2820_/B1                               0.750000    0.783809   -0.033809 (VIOLATED)
_3463_/A2                               0.750000    0.783809   -0.033809 (VIOLATED)
_2902_/A1                               0.750000    0.767290   -0.017290 (VIOLATED)
_3560_/C1                               0.750000    0.767290   -0.017290 (VIOLATED)
_2800_/A                                0.750000    0.767289   -0.017289 (VIOLATED)
_3583_/B2                               0.750000    0.767287   -0.017287 (VIOLATED)
_3515_/B2                               0.750000    0.767287   -0.017287 (VIOLATED)
_2846_/A                                0.750000    0.767287   -0.017287 (VIOLATED)
_2689_/Y                                0.750000    0.767285   -0.017285 (VIOLATED)
_3549_/B2                               0.750000    0.767285   -0.017285 (VIOLATED)
_3572_/B2                               0.750000    0.767285   -0.017285 (VIOLATED)
_3125_/B1                               0.750000    0.750415   -0.000415 (VIOLATED)
_3122_/Y                                0.750000    0.750413   -0.000414 (VIOLATED)

max fanout

Pin                                   Limit Fanout  Slack
---------------------------------------------------------
clkbuf_leaf_26_clk/X                     10     25    -15 (VIOLATED)
clkbuf_leaf_6_clk/X                      10     25    -15 (VIOLATED)
clkbuf_leaf_24_clk/X                     10     19     -9 (VIOLATED)
clkbuf_leaf_16_clk/X                     10     17     -7 (VIOLATED)
clkbuf_leaf_9_clk/X                      10     16     -6 (VIOLATED)
clkbuf_leaf_17_clk/X                     10     15     -5 (VIOLATED)
clkbuf_leaf_8_clk/X                      10     15     -5 (VIOLATED)
clkbuf_leaf_14_clk/X                     10     14     -4 (VIOLATED)
clkbuf_leaf_20_clk/X                     10     14     -4 (VIOLATED)
clkbuf_leaf_29_clk/X                     10     14     -4 (VIOLATED)
clkbuf_leaf_2_clk/X                      10     14     -4 (VIOLATED)
clkbuf_leaf_15_clk/X                     10     13     -3 (VIOLATED)
clkbuf_leaf_21_clk/X                     10     13     -3 (VIOLATED)
clkbuf_leaf_12_clk/X                     10     12     -2 (VIOLATED)
clkbuf_leaf_1_clk/X                      10     12     -2 (VIOLATED)
clkbuf_leaf_25_clk/X                     10     11        (VIOLATED)



===========================================================================
report_parasitic_annotation -report_unannotated
============================================================================
Found 27 unannotated drivers.
 clkload0/Y
 clkload1/Y
 clkload10/Y
 clkload11/Y
 clkload12/Y
 clkload13/Y
 clkload14/Y
 clkload15/Y
 clkload16/Y
 clkload17/Y
 clkload18/Y
 clkload19/Y
 clkload2/Y
 clkload20/Y
 clkload21/X
 clkload22/X
 clkload23/Y
 clkload24/Y
 clkload25/Y
 clkload26/Y
 clkload3/Y
 clkload4/Y
 clkload5/Y
 clkload6/Y
 clkload7/Y
 clkload8/Y
 clkload9/Y
Found 0 partially unannotated drivers.

===========================================================================
max slew violation count 38
max fanout violation count 16
max cap violation count 0
============================================================================

===========================================================================
check_setup -verbose -unconstrained_endpoints -multiple_clock -no_clock -no_input_delay -loops -generated_clocks
===========================================================================
