Clock: clk
Sources: clk 
Generated: no
Virtual: yes
Propagated: no
Period: 25.000000

===========================================================================
report_clock_properties
============================================================================
Clock                   Period          Waveform
----------------------------------------------------
clk                  25.000000    0.000000 12.500000

===========================================================================
report_clock_latency
============================================================================
Clock clk
rise -> rise
    min     max
0.000000 0.000000 source latency
0.809644         network latency _3978_/CLK
        1.201321 network latency _3954_/CLK
---------------
0.809644 1.201321 latency
        0.391677 skew

fall -> fall
    min     max
0.000000 0.000000 source latency
0.735130         network latency _3978_/CLK
        1.096387 network latency _3954_/CLK
---------------
0.735130 1.096387 latency
        0.361257 skew



===========================================================================
report_clock_min_period
============================================================================
clk period_min = 23.26 fmax = 43.00
